Archive member included because of file (symbol)

.\ARM_GCC_493\Debug\Eddie_DP0.a(cyfitter_cfg.o)
                              .\ARM_GCC_493\Debug\Cm0plusStart.o (cyfitter_cfg)
.\ARM_GCC_493\Debug\Eddie_DP0.a(CapSense_Control.o)
                              .\ARM_GCC_493\Debug\main.o (CapSense_Start)
.\ARM_GCC_493\Debug\Eddie_DP0.a(CapSense_Processing.o)
                              .\ARM_GCC_493\Debug\Eddie_DP0.a(CapSense_Control.o) (CapSense_DpInitialize)
.\ARM_GCC_493\Debug\Eddie_DP0.a(CapSense_Structure.o)
                              .\ARM_GCC_493\Debug\Eddie_DP0.a(CapSense_Control.o) (CapSense_DsInitialize)
.\ARM_GCC_493\Debug\Eddie_DP0.a(CapSense_Tuner.o)
                              .\ARM_GCC_493\Debug\Eddie_DP0.a(CapSense_Control.o) (CapSense_TuInitialize)
.\ARM_GCC_493\Debug\Eddie_DP0.a(CapSense_Filter.o)
                              .\ARM_GCC_493\Debug\Eddie_DP0.a(CapSense_Control.o) (CapSense_InitializeAllBaselines)
.\ARM_GCC_493\Debug\Eddie_DP0.a(CapSense_Sensing.o)
                              .\ARM_GCC_493\Debug\main.o (CapSense_IsBusy)
.\ARM_GCC_493\Debug\Eddie_DP0.a(CapSense_SensingCSD_LL.o)
                              .\ARM_GCC_493\Debug\Eddie_DP0.a(CapSense_Sensing.o) (CapSense_SsCSDInitialize)
.\ARM_GCC_493\Debug\Eddie_DP0.a(CapSense_Centroid_LL.o)
                              .\ARM_GCC_493\Debug\Eddie_DP0.a(CapSense_Processing.o) (CapSense_DpFindLocalMaxSd)
.\ARM_GCC_493\Debug\Eddie_DP0.a(CapSense_SensingCSX_LL.o)
                              .\ARM_GCC_493\Debug\Eddie_DP0.a(CapSense_Sensing.o) (CapSense_CSXInitialize)
.\ARM_GCC_493\Debug\Eddie_DP0.a(CapSense_ISR.o)
                              .\ARM_GCC_493\Debug\main.o (CapSense_ISR_Enable)
.\ARM_GCC_493\Debug\Eddie_DP0.a(CyLib.o)
                              .\ARM_GCC_493\Debug\Eddie_DP0.a(CapSense_SensingCSD_LL.o) (CyIntEnable)
.\ARM_GCC_493\Debug\Eddie_DP0.a(cyPm.o)
                              .\ARM_GCC_493\Debug\Eddie_DP0.a(CapSense_Control.o) (CySysPmSleep)
.\ARM_GCC_493\Debug\Eddie_DP0.a(CyLFClk.o)
                              .\ARM_GCC_493\Debug\Eddie_DP0.a(CyLib.o) (CySysClkWcoEnabled)
.\ARM_GCC_493\Debug\Eddie_DP0.a(Timer_1.o)
                              .\ARM_GCC_493\Debug\main.o (Timer_1_WriteCounter)
.\ARM_GCC_493\Debug\Eddie_DP0.a(CyBootAsmGnu.o)
                              .\ARM_GCC_493\Debug\Eddie_DP0.a(CapSense_SensingCSD_LL.o) (CyDelayCycles)
.\ARM_GCC_493\Debug\Eddie_DP0.a(CapSense_INT.o)
                              .\ARM_GCC_493\Debug\Eddie_DP0.a(CapSense_SensingCSD_LL.o) (CapSense_CSDPostSingleScan)
.\ARM_GCC_493\Debug\Eddie_DP0.a(CyFlash.o)
                              .\ARM_GCC_493\Debug\Eddie_DP0.a(CyLib.o) (CySysFlashSetWaitCycles)
C:\Program Files (x86)\Cypress\PSoC Creator\4.0\PSoC Creator\psoc\content\cycomponentlibrary\CyComponentLibrary.cylib\CapSense_P4_v3_10\PSoC4\Library\Capsense_P4Library_GCCp.a(CapSense_SmartSense_LL_v3_10.o)
                              .\ARM_GCC_493\Debug\Eddie_DP0.a(CapSense_Sensing.o) (SmartSense_TunePrescalers)
C:\Program Files (x86)\Cypress\PSoC Creator\4.0\PSoC Creator\psoc\content\cycomponentlibrary\CyComponentLibrary.cylib\CapSense_P4_v3_10\PSoC4\Library\Capsense_P4Library_GCCp.a(CapSense_SmartSense_SL_v3_10.o)
                              .\ARM_GCC_493\Debug\Eddie_DP0.a(CapSense_Processing.o) (SmartSense_UpdateThresholds)
c:/program files (x86)/cypress/psoc creator/4.0/psoc creator/import/gnu/arm/4.9.3/bin/../lib/gcc/arm-none-eabi/4.9.3/armv6-m\libgcc.a(_udivsi3.o)
                              .\ARM_GCC_493\Debug\main.o (__aeabi_uidiv)
c:/program files (x86)/cypress/psoc creator/4.0/psoc creator/import/gnu/arm/4.9.3/bin/../lib/gcc/arm-none-eabi/4.9.3/armv6-m\libgcc.a(_divsi3.o)
                              .\ARM_GCC_493\Debug\main.o (__aeabi_idiv)
c:/program files (x86)/cypress/psoc creator/4.0/psoc creator/import/gnu/arm/4.9.3/bin/../lib/gcc/arm-none-eabi/4.9.3/armv6-m\libgcc.a(_dvmd_tls.o)
                              c:/program files (x86)/cypress/psoc creator/4.0/psoc creator/import/gnu/arm/4.9.3/bin/../lib/gcc/arm-none-eabi/4.9.3/armv6-m\libgcc.a(_udivsi3.o) (__aeabi_idiv0)
c:/program files (x86)/cypress/psoc creator/4.0/psoc creator/import/gnu/arm/4.9.3/bin/../lib/gcc/arm-none-eabi/4.9.3/armv6-m\libgcc.a(_aeabi_ldivmod.o)
                              .\ARM_GCC_493\Debug\util.o (__aeabi_ldivmod)
c:/program files (x86)/cypress/psoc creator/4.0/psoc creator/import/gnu/arm/4.9.3/bin/../lib/gcc/arm-none-eabi/4.9.3/armv6-m\libgcc.a(bpabi.o)
                              c:/program files (x86)/cypress/psoc creator/4.0/psoc creator/import/gnu/arm/4.9.3/bin/../lib/gcc/arm-none-eabi/4.9.3/armv6-m\libgcc.a(_aeabi_ldivmod.o) (__gnu_ldivmod_helper)
c:/program files (x86)/cypress/psoc creator/4.0/psoc creator/import/gnu/arm/4.9.3/bin/../lib/gcc/arm-none-eabi/4.9.3/armv6-m\libgcc.a(_muldi3.o)
[...]
Memory Configuration

Name             Origin             Length             Attributes
rom              0x00000000         0x00008000         xr
ram              0x20000000         0x00001000         xrw
*default*        0x00000000         0xffffffff

Linker script and memory map

LOAD c:/program files (x86)/cypress/psoc creator/4.0/psoc creator/import/gnu/arm/4.9.3/bin/../lib/gcc/arm-none-eabi/4.9.3/armv6-m/crti.o
LOAD c:/program files (x86)/cypress/psoc creator/4.0/psoc creator/import/gnu/arm/4.9.3/bin/../lib/gcc/arm-none-eabi/4.9.3/armv6-m/crtbegin.o
LOAD c:/program files (x86)/cypress/psoc creator/4.0/psoc creator/import/gnu/arm/4.9.3/bin/../lib/gcc/arm-none-eabi/4.9.3/../../../../arm-none-eabi/lib/armv6-m/crt0.o
START GROUP
LOAD .\ARM_GCC_493\Debug\main.o
LOAD .\ARM_GCC_493\Debug\animation.o
LOAD .\ARM_GCC_493\Debug\led.o
LOAD .\ARM_GCC_493\Debug\util.o
LOAD .\ARM_GCC_493\Debug\command_telemetry.o
LOAD .\ARM_GCC_493\Debug\cymetadata.o
LOAD .\ARM_GCC_493\Debug\Cm0plusStart.o
LOAD .\ARM_GCC_493\Debug\Eddie_DP0.a
LOAD C:\Program Files (x86)\Cypress\PSoC Creator\4.0\PSoC Creator\psoc\content\cycomponentlibrary\CyComponentLibrary.cylib\CapSense_P4_v3_10\PSoC4\Library\Capsense_P4Library_GCCp.a
LOAD c:/program files (x86)/cypress/psoc creator/4.0/psoc creator/import/gnu/arm/4.9.3/bin/../lib/gcc/arm-none-eabi/4.9.3/../../../../arm-none-eabi/lib/armv6-m\libm.a
END GROUP
START GROUP
LOAD c:/program files (x86)/cypress/psoc creator/4.0/psoc creator/import/gnu/arm/4.9.3/bin/../lib/gcc/arm-none-eabi/4.9.3/armv6-m\libgcc.a
LOAD c:/program files (x86)/cypress/psoc creator/4.0/psoc creator/import/gnu/arm/4.9.3/bin/../lib/gcc/arm-none-eabi/4.9.3/../../../../arm-none-eabi/lib/armv6-m\libg_nano.a
LOAD c:/program files (x86)/cypress/psoc creator/4.0/psoc creator/import/gnu/arm/4.9.3/bin/../lib/gcc/arm-none-eabi/4.9.3/../../../../arm-none-eabi/lib/armv6-m\libc_nano.a
END GROUP
START GROUP
LOAD c:/program files (x86)/cypress/psoc creator/4.0/psoc creator/import/gnu/arm/4.9.3/bin/../lib/gcc/arm-none-eabi/4.9.3/armv6-m\libgcc.a
LOAD c:/program files (x86)/cypress/psoc creator/4.0/psoc creator/import/gnu/arm/4.9.3/bin/../lib/gcc/arm-none-eabi/4.9.3/../../../../arm-none-eabi/lib/armv6-m\libc_nano.a
END GROUP
LOAD c:/program files (x86)/cypress/psoc creator/4.0/psoc creator/import/gnu/arm/4.9.3/bin/../lib/gcc/arm-none-eabi/4.9.3/armv6-m/crtend.o
LOAD c:/program files (x86)/cypress/psoc creator/4.0/psoc creator/import/gnu/arm/4.9.3/bin/../lib/gcc/arm-none-eabi/4.9.3/armv6-m/crtn.o
START GROUP
LOAD c:/program files (x86)/cypress/psoc creator/4.0/psoc creator/import/gnu/arm/4.9.3/bin/../lib/gcc/arm-none-eabi/4.9.3/armv6-m\libgcc.a
LOAD c:/program files (x86)/cypress/psoc creator/4.0/psoc creator/import/gnu/arm/4.9.3/bin/../lib/gcc/arm-none-eabi/4.9.3/../../../../arm-none-eabi/lib/armv6-m\libc.a
LOAD c:/program files (x86)/cypress/psoc creator/4.0/psoc creator/import/gnu/arm/4.9.3/bin/../lib/gcc/arm-none-eabi/4.9.3/../../../../arm-none-eabi/lib/armv6-m\libnosys.a
END GROUP
                0x00000000                CY_APPL_ORIGIN = 0x0
                0x00000080                CY_FLASH_ROW_SIZE = 0x80
                0x00000001                CY_APPL_NUM = 0x1
                0x00000001                CY_APPL_MAX = 0x1
                0x00000040                CY_METADATA_SIZE = 0x40
                0x00000000                CY_APPL_LOADABLE = 0x0
                0x00000000                CY_CHECKSUM_EXCLUDE_SIZE = ALIGN (0x0, CY_FLASH_ROW_SIZE)
                0x00000000                CY_APP_FOR_STACK_AND_COPIER = 0x0
                0x20000920                PROVIDE (__cy_heap_start, _end)
                0x00000001                PROVIDE (__cy_region_num, ((__cy_regions_end - __cy_regions) / 0x10))
                0x20001000                PROVIDE (__cy_stack, (ORIGIN (ram) + 0x1000))
                0x20000e00                PROVIDE (__cy_heap_end, (__cy_stack - 0x200))

.cybootloader   0x00000000        0x0
 *(.cybootloader)
                0x00000000                appl1_start = CY_APPL_ORIGIN?CY_APPL_ORIGIN:ALIGN (CY_FLASH_ROW_SIZE)
                0x00003f80                appl2_start = (appl1_start + ALIGN ((((0x8000 - appl1_start) - (0x2 * CY_FLASH_ROW_SIZE)) / 0x2), CY_FLASH_ROW_SIZE))
                0x00000000                appl_start = (CY_APPL_NUM == 0x1)?appl1_start:appl2_start
                0x00000001                cy_project_type_bootloader = (appl_start == 0x0)?0x1:0x0
                0x00000000                cy_project_type_app_for_stack_and_copier = (CY_APP_FOR_STACK_AND_COPIER == 0x1)?0x1:0x0

.text           0x00000000     0x4e00
 CREATE_OBJECT_SYMBOLS
                0x00000000                PROVIDE (__cy_interrupt_vector, RomVectors)
 *(.romvectors)
 .romvectors    0x00000000       0x10 .\ARM_GCC_493\Debug\Cm0plusStart.o
                0x00000000                RomVectors
                0x00000001                ASSERT ((. != __cy_interrupt_vector), No interrupt vector)
                0x00000001                ASSERT (CY_APPL_ORIGIN?(SIZEOF (.cybootloader) <= CY_APPL_ORIGIN):0x1, Wrong image location)
                0x00000010                PROVIDE (__cy_reset, Reset)
 *(.text.Reset)
 .text.Reset    0x00000010        0xc .\ARM_GCC_493\Debug\Cm0plusStart.o
                0x00000010                Reset
                0x00000001                ASSERT ((. != __cy_reset), No reset code)
 *(.psocinit)
 .psocinit      0x0000001c      0x14c .\ARM_GCC_493\Debug\Eddie_DP0.a(cyfitter_cfg.o)
                0x000000b8                cyfitter_cfg
                0x00000168                . = MAX (., 0x100)
 *(.text .text.* .gnu.linkonce.t.*)
 .text          0x00000168       0x60 c:/program files (x86)/cypress/psoc creator/4.0/psoc creator/import/gnu/arm/4.9.3/bin/../lib/gcc/arm-none-eabi/4.9.3/armv6-m/crtbegin.o
 .text.display_button
                0x000001c8       0xb0 .\ARM_GCC_493\Debug\main.o
                0x000001c8                display_button
 .text.get_button_pos
                0x00000278       0xa0 .\ARM_GCC_493\Debug\main.o
                0x00000278                get_button_pos
 .text.get_led_pos
                0x00000318       0x24 .\ARM_GCC_493\Debug\main.o
                0x00000318                get_led_pos
 .text.display_finger_tracker
                0x0000033c       0x6c .\ARM_GCC_493\Debug\main.o
                0x0000033c                display_finger_tracker
 .text.reset_timer
                0x000003a8       0x20 .\ARM_GCC_493\Debug\main.o
                0x000003a8                reset_timer
 .text.push_button_scan
                0x000003c8       0x4c .\ARM_GCC_493\Debug\main.o
                0x000003c8                push_button_scan
 .text.main     0x00000414      0x2f4 .\ARM_GCC_493\Debug\main.o
                0x00000414                main
 .text.animate_all_colors
                0x00000708       0xe8 .\ARM_GCC_493\Debug\animation.o
                0x00000708                animate_all_colors
 .text.animate_fix_white
                0x000007f0       0x2c .\ARM_GCC_493\Debug\animation.o
                0x000007f0                animate_fix_white
 .text.animate_red_intensity
                0x0000081c       0x3c .\ARM_GCC_493\Debug\animation.o
                0x0000081c                animate_red_intensity
 .text.animate_green_intensity
                0x00000858       0x3c .\ARM_GCC_493\Debug\animation.o
                0x00000858                animate_green_intensity
 .text.animate_blue_intensity
                0x00000894       0x3c .\ARM_GCC_493\Debug\animation.o
                0x00000894                animate_blue_intensity
 .text.animate_rainbow_colors
                0x000008d0       0xa0 .\ARM_GCC_493\Debug\animation.o
                0x000008d0                animate_rainbow_colors
 .text.animate_left_right
                0x00000970       0x44 .\ARM_GCC_493\Debug\animation.o
                0x00000970                animate_left_right
 .text.animate_intensity
                0x000009b4       0x80 .\ARM_GCC_493\Debug\animation.o
                0x000009b4                animate_intensity
 .text.animate_red_white_intensity
                0x00000a34       0x48 .\ARM_GCC_493\Debug\animation.o
                0x00000a34                animate_red_white_intensity
 .text.animate_green_white_intensity
                0x00000a7c       0x48 .\ARM_GCC_493\Debug\animation.o
                0x00000a7c                animate_green_white_intensity
 .text.animate_blue_white_intensity
                0x00000ac4       0x48 .\ARM_GCC_493\Debug\animation.o
                0x00000ac4                animate_blue_white_intensity
 .text.animate_2_leds
                0x00000b0c       0xd8 .\ARM_GCC_493\Debug\animation.o
                0x00000b0c                animate_2_leds
 .text.animate_button_smooth
                0x00000be4       0xb4 .\ARM_GCC_493\Debug\animation.o
                0x00000be4                animate_button_smooth
 .text.animate_button_smooth_slow
                0x00000c98       0x1c .\ARM_GCC_493\Debug\animation.o
                0x00000c98                animate_button_smooth_slow
 .text.animate_button_smooth_fast
                0x00000cb4       0x1c .\ARM_GCC_493\Debug\animation.o
                0x00000cb4                animate_button_smooth_fast
 .text.get_animation
                0x00000cd0       0x30 .\ARM_GCC_493\Debug\animation.o
                0x00000cd0                get_animation
 .text.get_is_auto_anim_rotation_enable
                0x00000d00        0xc .\ARM_GCC_493\Debug\animation.o
                0x00000d00                get_is_auto_anim_rotation_enable
 .text.set_is_auto_anim_rotation_enable
                0x00000d0c        0xc .\ARM_GCC_493\Debug\animation.o
                0x00000d0c                set_is_auto_anim_rotation_enable
 .text.get_is_anim_on_button_up_enable
                0x00000d18        0xc .\ARM_GCC_493\Debug\animation.o
                0x00000d18                get_is_anim_on_button_up_enable
 .text.set_is_anim_on_button_up_enable
                0x00000d24       0x40 .\ARM_GCC_493\Debug\animation.o
                0x00000d24                set_is_anim_on_button_up_enable
 .text.get_current_callback_anim
                0x00000d64        0xc .\ARM_GCC_493\Debug\animation.o
                0x00000d64                get_current_callback_anim
 .text.set_current_callback_anim
                0x00000d70       0x60 .\ARM_GCC_493\Debug\animation.o
                0x00000d70                set_current_callback_anim
 .text.run_current_animation
                0x00000dd0       0x64 .\ARM_GCC_493\Debug\animation.o
                0x00000dd0                run_current_animation
 .text.set_led_buffer
                0x00000e34      0x1d0 .\ARM_GCC_493\Debug\led.o
 .text.set_led_strip
                0x00001004      0x188 .\ARM_GCC_493\Debug\led.o
                0x00001004                set_led_strip
 .text.set_led  0x0000118c        0x8 .\ARM_GCC_493\Debug\led.o
                0x0000118c                set_led
 .text.set_led_pair
                0x00001194       0x18 .\ARM_GCC_493\Debug\led.o
                0x00001194                set_led_pair
 .text.set_all_leds_intensity
                0x000011ac       0x18 .\ARM_GCC_493\Debug\led.o
                0x000011ac                set_all_leds_intensity
 .text.set_all_white_leds
                0x000011c4       0x18 .\ARM_GCC_493\Debug\led.o
                0x000011c4                set_all_white_leds
 .text.set_all_colored_leds
                0x000011dc       0x18 .\ARM_GCC_493\Debug\led.o
                0x000011dc                set_all_colored_leds
 .text.initialize_leds
                0x000011f4        0x4 .\ARM_GCC_493\Debug\led.o
                0x000011f4                initialize_leds
 .text.atoi     0x000011f8       0x44 .\ARM_GCC_493\Debug\util.o
                0x000011f8                atoi
 .text.itoa     0x0000123c       0x48 .\ARM_GCC_493\Debug\util.o
                0x0000123c                itoa
 .text.get_is_tracker_enable
                0x00001284        0xc .\ARM_GCC_493\Debug\util.o
                0x00001284                get_is_tracker_enable
 .text.set_is_tracker_enable
                0x00001290        0xc .\ARM_GCC_493\Debug\util.o
                0x00001290                set_is_tracker_enable
 .text.get_number_of_buttons
                0x0000129c        0x4 .\ARM_GCC_493\Debug\util.o
                0x0000129c                get_number_of_buttons
 .text.set_number_of_buttons
                0x000012a0        0x4 .\ARM_GCC_493\Debug\util.o
                0x000012a0                set_number_of_buttons
 .text.get_timer_interrrupt_count
                0x000012a4        0xc .\ARM_GCC_493\Debug\util.o
                0x000012a4                get_timer_interrrupt_count
 .text.set_timer_interrrupt_count
                0x000012b0        0xc .\ARM_GCC_493\Debug\util.o
                0x000012b0                set_timer_interrrupt_count
 .text.get_software_version
                0x000012bc        0x8 .\ARM_GCC_493\Debug\util.o
                0x000012bc                get_software_version
 .text.get_cmd_id_from_cmd_string
                0x000012c4       0x38 .\ARM_GCC_493\Debug\command_telemetry.o
                0x000012c4                get_cmd_id_from_cmd_string
 .text.get_sensor_cmd_id_from_cmd_string
                0x000012fc       0x3c .\ARM_GCC_493\Debug\command_telemetry.o
                0x000012fc                get_sensor_cmd_id_from_cmd_string
 .text.get_telemetry_cmd_id_from_cmd_string
                0x00001338       0x3c .\ARM_GCC_493\Debug\command_telemetry.o
                0x00001338                get_telemetry_cmd_id_from_cmd_string
 .text.get_tracker_cmd_id_from_cmd_string
                0x00001374       0x3c .\ARM_GCC_493\Debug\command_telemetry.o
                0x00001374                get_tracker_cmd_id_from_cmd_string
 .text.get_anim_cmd_id_from_cmd_string
                0x000013b0       0x3c .\ARM_GCC_493\Debug\command_telemetry.o
                0x000013b0                get_anim_cmd_id_from_cmd_string
 .text.get_anim_id_from_cmd_string
                0x000013ec       0x30 .\ARM_GCC_493\Debug\command_telemetry.o
                0x000013ec                get_anim_id_from_cmd_string
 .text.get_boot_cmd_id_from_cmd_string
                0x0000141c       0x3c .\ARM_GCC_493\Debug\command_telemetry.o
                0x0000141c                get_boot_cmd_id_from_cmd_string
 .text.get_led_cmd_id_from_cmd_string
                0x00001458       0x3c .\ARM_GCC_493\Debug\command_telemetry.o
                0x00001458                get_led_cmd_id_from_cmd_string
 .text.get_is_telemetry_enable
                0x00001494        0xc .\ARM_GCC_493\Debug\command_telemetry.o
                0x00001494                get_is_telemetry_enable
 .text.send_telemetry
                0x000014a0       0x1c .\ARM_GCC_493\Debug\command_telemetry.o
                0x000014a0                send_telemetry
 .text.send_alarm_telemetry
                0x000014bc       0xb8 .\ARM_GCC_493\Debug\command_telemetry.o
                0x000014bc                send_alarm_telemetry
 .text.send_animation_telemetry
                0x00001574       0x80 .\ARM_GCC_493\Debug\command_telemetry.o
                0x00001574                send_animation_telemetry
 .text.send_telemetry_capsense
                0x000015f4      0x178 .\ARM_GCC_493\Debug\command_telemetry.o
                0x000015f4                send_telemetry_capsense
 .text.send_push_button_telemetry
                0x0000176c       0xa8 .\ARM_GCC_493\Debug\command_telemetry.o
                0x0000176c                send_push_button_telemetry
 .text.set_is_telemetry_enable
                0x00001814        0xc .\ARM_GCC_493\Debug\command_telemetry.o
                0x00001814                set_is_telemetry_enable
 .text.get_is_sensor_telemetry_enable
                0x00001820        0xc .\ARM_GCC_493\Debug\command_telemetry.o
                0x00001820                get_is_sensor_telemetry_enable
 .text.send_button_telemetry
                0x0000182c       0xd4 .\ARM_GCC_493\Debug\command_telemetry.o
                0x0000182c                send_button_telemetry
 .text.set_is_sensor_telemetry_enable
                0x00001900        0xc .\ARM_GCC_493\Debug\command_telemetry.o
                0x00001900                set_is_sensor_telemetry_enable
 .text.parse_and_execute_command
                0x0000190c      0x71c .\ARM_GCC_493\Debug\command_telemetry.o
                0x0000190c                parse_and_execute_command
 .text.IntDefaultHandler
                0x00002028       0x10 .\ARM_GCC_493\Debug\Cm0plusStart.o
                0x00002028                IntDefaultHandler
 .text.Start_c  0x00002038       0x48 .\ARM_GCC_493\Debug\Cm0plusStart.o
                0x00002038                Start_c
 .text.initialize_psoc
                0x00002080       0x48 .\ARM_GCC_493\Debug\Cm0plusStart.o
                0x00002080                initialize_psoc
 .text.SetAnalogRoutingPumps
                0x000020c8       0x38 .\ARM_GCC_493\Debug\Eddie_DP0.a(cyfitter_cfg.o)
                0x000020c8                SetAnalogRoutingPumps
 .text.AnalogSetDefault
                0x00002100       0x20 .\ARM_GCC_493\Debug\Eddie_DP0.a(cyfitter_cfg.o)
 .text.CapSense_Initialize
                0x00002120       0x28 .\ARM_GCC_493\Debug\Eddie_DP0.a(CapSense_Control.o)
                0x00002120                CapSense_Initialize
 .text.CapSense_Start
                0x00002148       0x5c .\ARM_GCC_493\Debug\Eddie_DP0.a(CapSense_Control.o)
                0x00002148                CapSense_Start
 .text.CapSense_ProcessAllWidgets
                0x000021a4       0x6c .\ARM_GCC_493\Debug\Eddie_DP0.a(CapSense_Control.o)
                0x000021a4                CapSense_ProcessAllWidgets
 .text.CapSense_DpInitialize
                0x00002210       0x8c .\ARM_GCC_493\Debug\Eddie_DP0.a(CapSense_Processing.o)
                0x00002210                CapSense_DpInitialize
 .text.CapSense_DpUpdateThresholds
                0x0000229c       0x34 .\ARM_GCC_493\Debug\Eddie_DP0.a(CapSense_Processing.o)
                0x0000229c                CapSense_DpUpdateThresholds
 .text.CapSense_DpUpdateDifferences
                0x000022d0       0x14 .\ARM_GCC_493\Debug\Eddie_DP0.a(CapSense_Processing.o)
                0x000022d0                CapSense_DpUpdateDifferences
 .text.CapSense_DpProcessCsxWidgetRawCounts
                0x000022e4       0x48 .\ARM_GCC_493\Debug\Eddie_DP0.a(CapSense_Processing.o)
                0x000022e4                CapSense_DpProcessCsxWidgetRawCounts
 .text.CapSense_DpProcessCsdWidgetRawCounts
                0x0000232c       0x90 .\ARM_GCC_493\Debug\Eddie_DP0.a(CapSense_Processing.o)
                0x0000232c                CapSense_DpProcessCsdWidgetRawCounts
 .text.CapSense_DpProcessButton
                0x000023bc       0x64 .\ARM_GCC_493\Debug\Eddie_DP0.a(CapSense_Processing.o)
                0x000023bc                CapSense_DpProcessButton
 .text.CapSense_DpProcessCsxWidgetStatus
                0x00002420       0x58 .\ARM_GCC_493\Debug\Eddie_DP0.a(CapSense_Processing.o)
                0x00002420                CapSense_DpProcessCsxWidgetStatus
 .text.CapSense_DpProcessSlider
                0x00002478       0xdc .\ARM_GCC_493\Debug\Eddie_DP0.a(CapSense_Processing.o)
                0x00002478                CapSense_DpProcessSlider
 .text.CapSense_DpProcessCsdWidgetStatus
                0x00002554       0x6c .\ARM_GCC_493\Debug\Eddie_DP0.a(CapSense_Processing.o)
                0x00002554                CapSense_DpProcessCsdWidgetStatus
 .text.CapSense_DsInitialize
                0x000025c0       0x70 .\ARM_GCC_493\Debug\Eddie_DP0.a(CapSense_Structure.o)
                0x000025c0                CapSense_DsInitialize
 .text.CapSense_IsWidgetActive
                0x00002630       0x24 .\ARM_GCC_493\Debug\Eddie_DP0.a(CapSense_Structure.o)
                0x00002630                CapSense_IsWidgetActive
 .text.CapSense_IsSensorActive
                0x00002654       0x30 .\ARM_GCC_493\Debug\Eddie_DP0.a(CapSense_Structure.o)
                0x00002654                CapSense_IsSensorActive
 .text.CapSense_GetCentroidPos
                0x00002684       0x34 .\ARM_GCC_493\Debug\Eddie_DP0.a(CapSense_Structure.o)
                0x00002684                CapSense_GetCentroidPos
 .text.CapSense_TuInitialize
                0x000026b8       0x14 .\ARM_GCC_493\Debug\Eddie_DP0.a(CapSense_Tuner.o)
                0x000026b8                CapSense_TuInitialize
 .text.CapSense_FtInitializeBaselineChannel
                0x000026cc       0x1c .\ARM_GCC_493\Debug\Eddie_DP0.a(CapSense_Filter.o)
                0x000026cc                CapSense_FtInitializeBaselineChannel
 .text.CapSense_InitializeSensorBaseline
                0x000026e8       0x34 .\ARM_GCC_493\Debug\Eddie_DP0.a(CapSense_Filter.o)
                0x000026e8                CapSense_InitializeSensorBaseline
 .text.CapSense_InitializeWidgetBaseline
                0x0000271c       0x28 .\ARM_GCC_493\Debug\Eddie_DP0.a(CapSense_Filter.o)
                0x0000271c                CapSense_InitializeWidgetBaseline
 .text.CapSense_InitializeAllBaselines
                0x00002744       0x18 .\ARM_GCC_493\Debug\Eddie_DP0.a(CapSense_Filter.o)
                0x00002744                CapSense_InitializeAllBaselines
 .text.CapSense_InitializeIIRInternal
                0x0000275c       0x1c .\ARM_GCC_493\Debug\Eddie_DP0.a(CapSense_Filter.o)
                0x0000275c                CapSense_InitializeIIRInternal
 .text.CapSense_FtInitialize
                0x00002778       0x84 .\ARM_GCC_493\Debug\Eddie_DP0.a(CapSense_Filter.o)
                0x00002778                CapSense_FtInitialize
 .text.CapSense_FtIIR1stOrder
                0x000027fc       0x14 .\ARM_GCC_493\Debug\Eddie_DP0.a(CapSense_Filter.o)
                0x000027fc                CapSense_FtIIR1stOrder
 .text.CapSense_FtUpdateBaseline
                0x00002810       0x94 .\ARM_GCC_493\Debug\Eddie_DP0.a(CapSense_Filter.o)
                0x00002810                CapSense_FtUpdateBaseline
 .text.CapSense_RunIIRInternal
                0x000028a4       0x38 .\ARM_GCC_493\Debug\Eddie_DP0.a(CapSense_Filter.o)
                0x000028a4                CapSense_RunIIRInternal
 .text.CapSense_FtRunEnabledFiltersInternal
                0x000028dc        0x8 .\ARM_GCC_493\Debug\Eddie_DP0.a(CapSense_Filter.o)
                0x000028dc                CapSense_FtRunEnabledFiltersInternal
 .text.CapSense_SsSetDirectClockMode
                0x000028e4       0x14 .\ARM_GCC_493\Debug\Eddie_DP0.a(CapSense_Sensing.o)
 .text.CapSense_SsSetWidgetSenseClkSrc
                0x000028f8        0x8 .\ARM_GCC_493\Debug\Eddie_DP0.a(CapSense_Sensing.o)
 .text.CapSense_SsCSDDisableMode
                0x00002900       0x24 .\ARM_GCC_493\Debug\Eddie_DP0.a(CapSense_Sensing.o)
 .text.CapSense_SsDisableCSXMode
                0x00002924       0x28 .\ARM_GCC_493\Debug\Eddie_DP0.a(CapSense_Sensing.o)
 .text.CapSense_SsSetWidgetTxClkSrc
                0x0000294c       0xc0 .\ARM_GCC_493\Debug\Eddie_DP0.a(CapSense_Sensing.o)
 .text.CapSense_IsBusy
                0x00002a0c       0x10 .\ARM_GCC_493\Debug\Eddie_DP0.a(CapSense_Sensing.o)
                0x00002a0c                CapSense_IsBusy
 .text.CapSense_SetupWidget
                0x00002a1c       0x68 .\ARM_GCC_493\Debug\Eddie_DP0.a(CapSense_Sensing.o)
                0x00002a1c                CapSense_SetupWidget
 .text.CapSense_Scan
                0x00002a84       0x38 .\ARM_GCC_493\Debug\Eddie_DP0.a(CapSense_Sensing.o)
                0x00002a84                CapSense_Scan
 .text.CapSense_ScanAllWidgets
                0x00002abc       0x48 .\ARM_GCC_493\Debug\Eddie_DP0.a(CapSense_Sensing.o)
                0x00002abc                CapSense_ScanAllWidgets
 .text.CapSense_SetPinState
                0x00002b04       0xc8 .\ARM_GCC_493\Debug\Eddie_DP0.a(CapSense_Sensing.o)
                0x00002b04                CapSense_SetPinState
 .text.CapSense_SsSwitchSensingMode
                0x00002bcc       0x50 .\ARM_GCC_493\Debug\Eddie_DP0.a(CapSense_Sensing.o)
                0x00002bcc                CapSense_SsSwitchSensingMode
 .text.CapSense_SsSetIOsInDefaultState
                0x00002c1c       0x40 .\ARM_GCC_493\Debug\Eddie_DP0.a(CapSense_Sensing.o)
                0x00002c1c                CapSense_SsSetIOsInDefaultState
 .text.CapSense_SsPostAllWidgetsScan
                0x00002c5c       0x68 .\ARM_GCC_493\Debug\Eddie_DP0.a(CapSense_Sensing.o)
                0x00002c5c                CapSense_SsPostAllWidgetsScan
 .text.CapSense_SsIsrInitialize
                0x00002cc4        0x8 .\ARM_GCC_493\Debug\Eddie_DP0.a(CapSense_Sensing.o)
                0x00002cc4                CapSense_SsIsrInitialize
 .text.CapSense_SsSetModClkClockDivider
                0x00002ccc       0x30 .\ARM_GCC_493\Debug\Eddie_DP0.a(CapSense_Sensing.o)
                0x00002ccc                CapSense_SsSetModClkClockDivider
 .text.CapSense_SsSetSnsClockDivider
                0x00002cfc       0x14 .\ARM_GCC_493\Debug\Eddie_DP0.a(CapSense_Sensing.o)
                0x00002cfc                CapSense_SsSetSnsClockDivider
 .text.CapSense_CalibrateWidget
                0x00002d10       0x3c .\ARM_GCC_493\Debug\Eddie_DP0.a(CapSense_Sensing.o)
                0x00002d10                CapSense_CalibrateWidget
 .text.CapSense_CalibrateAllWidgets
                0x00002d4c       0x1c .\ARM_GCC_493\Debug\Eddie_DP0.a(CapSense_Sensing.o)
                0x00002d4c                CapSense_CalibrateAllWidgets
 .text.CapSense_SsAutoTune
                0x00002d68      0x138 .\ARM_GCC_493\Debug\Eddie_DP0.a(CapSense_Sensing.o)
                0x00002d68                CapSense_SsAutoTune
 .text.CapSense_SsInitializeSourceSenseClk
                0x00002ea0       0x30 .\ARM_GCC_493\Debug\Eddie_DP0.a(CapSense_Sensing.o)
                0x00002ea0                CapSense_SsInitializeSourceSenseClk
 .text.CapSense_SsInitialize
                0x00002ed0       0x14 .\ARM_GCC_493\Debug\Eddie_DP0.a(CapSense_Sensing.o)
                0x00002ed0                CapSense_SsInitialize
 .text.CapSense_SsClearCSDSensors
                0x00002ee4       0x48 .\ARM_GCC_493\Debug\Eddie_DP0.a(CapSense_Sensing.o)
                0x00002ee4                CapSense_SsClearCSDSensors
 .text.CapSense_SsCSDSetFilterDelay
                0x00002f2c       0x50 .\ARM_GCC_493\Debug\Eddie_DP0.a(CapSense_SensingCSD_LL.o)
 .text.CapSense_SsCSDConfigIDACs
                0x00002f7c       0x1c .\ARM_GCC_493\Debug\Eddie_DP0.a(CapSense_SensingCSD_LL.o)
 .text.CapSense_SsCSDRestoreIdacMode
                0x00002f98       0x30 .\ARM_GCC_493\Debug\Eddie_DP0.a(CapSense_SensingCSD_LL.o)
 .text.CapSense_SsCSDCalibrateCheck
                0x00002fc8       0x44 .\ARM_GCC_493\Debug\Eddie_DP0.a(CapSense_SensingCSD_LL.o)
 .text.CapSense_SsCSDSetModeSnsClockDivider
                0x0000300c       0x10 .\ARM_GCC_493\Debug\Eddie_DP0.a(CapSense_SensingCSD_LL.o)
                0x0000300c                CapSense_SsCSDSetModeSnsClockDivider
 .text.CapSense_SsCSDInitialize
                0x0000301c      0x118 .\ARM_GCC_493\Debug\Eddie_DP0.a(CapSense_SensingCSD_LL.o)
                0x0000301c                CapSense_SsCSDInitialize
 .text.CapSense_SsCSDSetUpIdacs
                0x00003134       0x44 .\ARM_GCC_493\Debug\Eddie_DP0.a(CapSense_SensingCSD_LL.o)
                0x00003134                CapSense_SsCSDSetUpIdacs
 .text.CapSense_SsCSDGetNumberOfConversions
                0x00003178       0x24 .\ARM_GCC_493\Debug\Eddie_DP0.a(CapSense_SensingCSD_LL.o)
                0x00003178                CapSense_SsCSDGetNumberOfConversions
 .text.CapSense_SsCSDConfigClock
                0x0000319c       0x3c .\ARM_GCC_493\Debug\Eddie_DP0.a(CapSense_SensingCSD_LL.o)
                0x0000319c                CapSense_SsCSDConfigClock
 .text.CapSense_SsCSDCalculateScanDuration
                0x000031d8       0x1c .\ARM_GCC_493\Debug\Eddie_DP0.a(CapSense_SensingCSD_LL.o)
                0x000031d8                CapSense_SsCSDCalculateScanDuration
 .text.CapSense_SsCSDStartSample
                0x000031f4      0x10c .\ARM_GCC_493\Debug\Eddie_DP0.a(CapSense_SensingCSD_LL.o)
                0x000031f4                CapSense_SsCSDStartSample
 .text.CapSense_CSDScanExt
                0x00003300       0x1c .\ARM_GCC_493\Debug\Eddie_DP0.a(CapSense_SensingCSD_LL.o)
                0x00003300                CapSense_CSDScanExt
 .text.CapSense_CSDConnectSns
                0x0000331c       0x34 .\ARM_GCC_493\Debug\Eddie_DP0.a(CapSense_SensingCSD_LL.o)
                0x0000331c                CapSense_CSDConnectSns
 .text.CapSense_CSDScan
                0x00003350       0x6c .\ARM_GCC_493\Debug\Eddie_DP0.a(CapSense_SensingCSD_LL.o)
                0x00003350                CapSense_CSDScan
 .text.CapSense_SsCSDConnectSensorExt
                0x000033bc       0x24 .\ARM_GCC_493\Debug\Eddie_DP0.a(CapSense_SensingCSD_LL.o)
                0x000033bc                CapSense_SsCSDConnectSensorExt
 .text.CapSense_CSDDisconnectSns
                0x000033e0       0x40 .\ARM_GCC_493\Debug\Eddie_DP0.a(CapSense_SensingCSD_LL.o)
                0x000033e0                CapSense_CSDDisconnectSns
 .text.CapSense_SsCSDElectrodeCheck
                0x00003420       0x24 .\ARM_GCC_493\Debug\Eddie_DP0.a(CapSense_SensingCSD_LL.o)
                0x00003420                CapSense_SsCSDElectrodeCheck
 .text.CapSense_CSDSetupWidget
                0x00003444       0x58 .\ARM_GCC_493\Debug\Eddie_DP0.a(CapSense_SensingCSD_LL.o)
                0x00003444                CapSense_CSDSetupWidget
 .text.CapSense_CSDSetupWidgetExt
                0x0000349c       0x68 .\ARM_GCC_493\Debug\Eddie_DP0.a(CapSense_SensingCSD_LL.o)
                0x0000349c                CapSense_CSDSetupWidgetExt
 .text.CapSense_SsCSDSetSingleIdacMode
                0x00003504       0x2c .\ARM_GCC_493\Debug\Eddie_DP0.a(CapSense_SensingCSD_LL.o)
                0x00003504                CapSense_SsCSDSetSingleIdacMode
 .text.CapSense_SsCSDCalibrateOneSensor
                0x00003530       0xe4 .\ARM_GCC_493\Debug\Eddie_DP0.a(CapSense_SensingCSD_LL.o)
 .text.CapSense_CSDCalibrateWidget
                0x00003614      0x100 .\ARM_GCC_493\Debug\Eddie_DP0.a(CapSense_SensingCSD_LL.o)
                0x00003614                CapSense_CSDCalibrateWidget
 .text.CapSense_DpFindLocalMaxSd
                0x00003714       0x9c .\ARM_GCC_493\Debug\Eddie_DP0.a(CapSense_Centroid_LL.o)
                0x00003714                CapSense_DpFindLocalMaxSd
 .text.CapSense_DpCalcLinearCentroid
                0x000037b0       0x80 .\ARM_GCC_493\Debug\Eddie_DP0.a(CapSense_Centroid_LL.o)
                0x000037b0                CapSense_DpCalcLinearCentroid
 .text.CapSense_SsCalcCsxScanPeriod
                0x00003830        0xc .\ARM_GCC_493\Debug\Eddie_DP0.a(CapSense_SensingCSX_LL.o)
 .text.CapSense_SsCSXStartSample
                0x0000383c      0x138 .\ARM_GCC_493\Debug\Eddie_DP0.a(CapSense_SensingCSX_LL.o)
 .text.CapSense_SsCSXScanISR
                0x00003974       0x90 .\ARM_GCC_493\Debug\Eddie_DP0.a(CapSense_SensingCSX_LL.o)
                0x00003974                CapSense_SsCSXScanISR
 .text.CapSense_CSXInitialize
                0x00003a04      0x1a8 .\ARM_GCC_493\Debug\Eddie_DP0.a(CapSense_SensingCSX_LL.o)
                0x00003a04                CapSense_CSXInitialize
 .text.CapSense_CSXCalibrateWidget
                0x00003bac       0xac .\ARM_GCC_493\Debug\Eddie_DP0.a(CapSense_SensingCSX_LL.o)
                0x00003bac                CapSense_CSXCalibrateWidget
 .text.CapSense_CSXConnectTx
                0x00003c58       0x20 .\ARM_GCC_493\Debug\Eddie_DP0.a(CapSense_SensingCSX_LL.o)
                0x00003c58                CapSense_CSXConnectTx
 .text.CapSense_CSXConnectRx
                0x00003c78       0x20 .\ARM_GCC_493\Debug\Eddie_DP0.a(CapSense_SensingCSX_LL.o)
                0x00003c78                CapSense_CSXConnectRx
 .text.CapSense_CSXScan
                0x00003c98       0x5c .\ARM_GCC_493\Debug\Eddie_DP0.a(CapSense_SensingCSX_LL.o)
                0x00003c98                CapSense_CSXScan
 .text.CapSense_CSXDisconnectTx
                0x00003cf4        0xc .\ARM_GCC_493\Debug\Eddie_DP0.a(CapSense_SensingCSX_LL.o)
                0x00003cf4                CapSense_CSXDisconnectTx
 .text.CapSense_CSXDisconnectRx
                0x00003d00       0x30 .\ARM_GCC_493\Debug\Eddie_DP0.a(CapSense_SensingCSX_LL.o)
                0x00003d00                CapSense_CSXDisconnectRx
 .text.CapSense_SsCSXPostMultiScan
                0x00003d30       0xcc .\ARM_GCC_493\Debug\Eddie_DP0.a(CapSense_SensingCSX_LL.o)
 .text.CapSense_CSXElectrodeCheck
                0x00003dfc       0x24 .\ARM_GCC_493\Debug\Eddie_DP0.a(CapSense_SensingCSX_LL.o)
                0x00003dfc                CapSense_CSXElectrodeCheck
 .text.CapSense_CSXSetupWidget
                0x00003e20       0x6c .\ARM_GCC_493\Debug\Eddie_DP0.a(CapSense_SensingCSX_LL.o)
                0x00003e20                CapSense_CSXSetupWidget
 .text.CapSense_SsCSXGetTxClkDivider
                0x00003e8c       0x14 .\ARM_GCC_493\Debug\Eddie_DP0.a(CapSense_SensingCSX_LL.o)
                0x00003e8c                CapSense_SsCSXGetTxClkDivider
 .text.CapSense_ISR_SetVector
                0x00003ea0        0xc .\ARM_GCC_493\Debug\Eddie_DP0.a(CapSense_ISR.o)
                0x00003ea0                CapSense_ISR_SetVector
 .text.CapSense_ISR_SetPriority
                0x00003eac       0x24 .\ARM_GCC_493\Debug\Eddie_DP0.a(CapSense_ISR.o)
                0x00003eac                CapSense_ISR_SetPriority
 .text.CapSense_ISR_Enable
                0x00003ed0       0x10 .\ARM_GCC_493\Debug\Eddie_DP0.a(CapSense_ISR.o)
                0x00003ed0                CapSense_ISR_Enable
 .text.CapSense_ISR_Disable
                0x00003ee0       0x10 .\ARM_GCC_493\Debug\Eddie_DP0.a(CapSense_ISR.o)
                0x00003ee0                CapSense_ISR_Disable
 .text.CapSense_ISR_StartEx
                0x00003ef0       0x1c .\ARM_GCC_493\Debug\Eddie_DP0.a(CapSense_ISR.o)
                0x00003ef0                CapSense_ISR_StartEx
 .text.CySysClkImoDisableWcoLock
                0x00003f0c       0x14 .\ARM_GCC_493\Debug\Eddie_DP0.a(CyLib.o)
                0x00003f0c                CySysClkImoDisableWcoLock
 .text.CySysClkImoGetWcoLock
                0x00003f20       0x14 .\ARM_GCC_493\Debug\Eddie_DP0.a(CyLib.o)
                0x00003f20                CySysClkImoGetWcoLock
 .text.CyIntEnable
                0x00003f34       0x14 .\ARM_GCC_493\Debug\Eddie_DP0.a(CyLib.o)
                0x00003f34                CyIntEnable
 .text.CyIntDisable
                0x00003f48       0x14 .\ARM_GCC_493\Debug\Eddie_DP0.a(CyLib.o)
                0x00003f48                CyIntDisable
 .text.CyIntClearPending
                0x00003f5c       0x14 .\ARM_GCC_493\Debug\Eddie_DP0.a(CyLib.o)
                0x00003f5c                CyIntClearPending
 .text.CyHalt   0x00003f70        0x4 .\ARM_GCC_493\Debug\Eddie_DP0.a(CyLib.o)
                0x00003f70                CyHalt
 .text.CyDelay  0x00003f74       0x30 .\ARM_GCC_493\Debug\Eddie_DP0.a(CyLib.o)
                0x00003f74                CyDelay
 .text.CySysClkImoEnableWcoLock
                0x00003fa4       0xcc .\ARM_GCC_493\Debug\Eddie_DP0.a(CyLib.o)
                0x00003fa4                CySysClkImoEnableWcoLock
 .text.CySysClkWriteImoFreq
                0x00004070       0xd8 .\ARM_GCC_493\Debug\Eddie_DP0.a(CyLib.o)
                0x00004070                CySysClkWriteImoFreq
 .text.CySysPmSleep
                0x00004148       0x1c .\ARM_GCC_493\Debug\Eddie_DP0.a(cyPm.o)
                0x00004148                CySysPmSleep
 .text.CySysClkWcoEnabled
                0x00004164       0x14 .\ARM_GCC_493\Debug\Eddie_DP0.a(CyLFClk.o)
                0x00004164                CySysClkWcoEnabled
 .text.CySysWdtDisable
                0x00004178       0x10 .\ARM_GCC_493\Debug\Eddie_DP0.a(CyLFClk.o)
                0x00004178                CySysWdtDisable
 .text.Timer_1_WriteCounter
                0x00004188       0x10 .\ARM_GCC_493\Debug\Eddie_DP0.a(Timer_1.o)
                0x00004188                Timer_1_WriteCounter
 .text.Timer_1_ReadCounter
                0x00004198       0x10 .\ARM_GCC_493\Debug\Eddie_DP0.a(Timer_1.o)
                0x00004198                Timer_1_ReadCounter
 .text          0x000041a8       0x20 .\ARM_GCC_493\Debug\Eddie_DP0.a(CyBootAsmGnu.o)
                0x000041a8                CyDelayCycles
                0x000041ba                CyEnterCriticalSection
                0x000041c2                CyExitCriticalSection
 .text.CapSense_CSDPostSingleScan
                0x000041c8       0x78 .\ARM_GCC_493\Debug\Eddie_DP0.a(CapSense_INT.o)
                0x000041c8                CapSense_CSDPostSingleScan
 .text.CapSense_CSDPostMultiScan
                0x00004240      0x10c .\ARM_GCC_493\Debug\Eddie_DP0.a(CapSense_INT.o)
                0x00004240                CapSense_CSDPostMultiScan
 .text.CySysFlashSetWaitCycles
                0x0000434c       0x54 .\ARM_GCC_493\Debug\Eddie_DP0.a(CyFlash.o)
                0x0000434c                CySysFlashSetWaitCycles
 .text.SmartSense_TunePrescalers
                0x000043a0       0x68 C:\Program Files (x86)\Cypress\PSoC Creator\4.0\PSoC Creator\psoc\content\cycomponentlibrary\CyComponentLibrary.cylib\CapSense_P4_v3_10\PSoC4\Library\Capsense_P4Library_GCCp.a(CapSense_SmartSense_LL_v3_10.o)
                0x000043a0                SmartSense_TunePrescalers
 .text.SmartSense_TuneSensitivity
                0x00004408       0x74 C:\Program Files (x86)\Cypress\PSoC Creator\4.0\PSoC Creator\psoc\content\cycomponentlibrary\CyComponentLibrary.cylib\CapSense_P4_v3_10\PSoC4\Library\Capsense_P4Library_GCCp.a(CapSense_SmartSense_LL_v3_10.o)
                0x00004408                SmartSense_TuneSensitivity
 .text.SmartSense_UpdateThresholds
                0x0000447c       0x40 C:\Program Files (x86)\Cypress\PSoC Creator\4.0\PSoC Creator\psoc\content\cycomponentlibrary\CyComponentLibrary.cylib\CapSense_P4_v3_10\PSoC4\Library\Capsense_P4Library_GCCp.a(CapSense_SmartSense_SL_v3_10.o)
                0x0000447c                SmartSense_UpdateThresholds
 .text.SmartSense_InitializeNoiseEnvelope
                0x000044bc       0x18 C:\Program Files (x86)\Cypress\PSoC Creator\4.0\PSoC Creator\psoc\content\cycomponentlibrary\CyComponentLibrary.cylib\CapSense_P4_v3_10\PSoC4\Library\Capsense_P4Library_GCCp.a(CapSense_SmartSense_SL_v3_10.o)
                0x000044bc                SmartSense_InitializeNoiseEnvelope
 .text.SmartSense_RunNoiseEnvelope
                0x000044d4       0x8e C:\Program Files (x86)\Cypress\PSoC Creator\4.0\PSoC Creator\psoc\content\cycomponentlibrary\CyComponentLibrary.cylib\CapSense_P4_v3_10\PSoC4\Library\Capsense_P4Library_GCCp.a(CapSense_SmartSense_SL_v3_10.o)
                0x000044d4                SmartSense_RunNoiseEnvelope
 *fill*         0x00004562        0x2 
 .text          0x00004564      0x120 c:/program files (x86)/cypress/psoc creator/4.0/psoc creator/import/gnu/arm/4.9.3/bin/../lib/gcc/arm-none-eabi/4.9.3/armv6-m\libgcc.a(_udivsi3.o)
                0x00004564                __aeabi_uidiv
                0x00004564                __udivsi3
                0x00004670                __aeabi_uidivmod
 .text          0x00004684      0x1e0 c:/program files (x86)/cypress/psoc creator/4.0/psoc creator/import/gnu/arm/4.9.3/bin/../lib/gcc/arm-none-eabi/4.9.3/armv6-m\libgcc.a(_divsi3.o)
                0x00004684                __divsi3
                0x00004684                __aeabi_idiv
                0x00004850                __aeabi_idivmod
 .text          0x00004864        0x4 c:/program files (x86)/cypress/psoc creator/4.0/psoc creator/import/gnu/arm/4.9.3/bin/../lib/gcc/arm-none-eabi/4.9.3/armv6-m\libgcc.a(_dvmd_tls.o)
                0x00004864                __aeabi_idiv0
                0x00004864                __aeabi_ldiv0
 .text          0x00004868       0x48 c:/program files (x86)/cypress/psoc creator/4.0/psoc creator/import/gnu/arm/4.9.3/bin/../lib/gcc/arm-none-eabi/4.9.3/armv6-m\libgcc.a(_aeabi_ldivmod.o)
                0x00004868                __aeabi_ldivmod
 .text          0x000048b0       0x6c c:/program files (x86)/cypress/psoc creator/4.0/psoc creator/import/gnu/arm/4.9.3/bin/../lib/gcc/arm-none-eabi/4.9.3/armv6-m\libgcc.a(bpabi.o)
                0x000048b0                __gnu_ldivmod_helper
                0x000048e8                __gnu_uldivmod_helper
 .text          0x0000491c       0x54 c:/program files (x86)/cypress/psoc creator/4.0/psoc creator/import/gnu/arm/4.9.3/bin/../lib/gcc/arm-none-eabi/4.9.3/armv6-m\libgcc.a(_muldi3.o)
                0x0000491c                __muldi3
                0x0000491c                __aeabi_lmul
 .text          0x00004970      0x1f0 c:/program files (x86)/cypress/psoc creator/4.0/psoc creator/import/gnu/arm/4.9.3/bin/../lib/gcc/arm-none-eabi/4.9.3/armv6-m\libgcc.a(_divdi3.o)
                0x00004970                __divdi3
 .text          0x00004b60      0x158 c:/program files (x86)/cypress/psoc creator/4.0/psoc creator/import/gnu/arm/4.9.3/bin/../lib/gcc/arm-none-eabi/4.9.3/armv6-m\libgcc.a(_udivdi3.o)
                0x00004b60                __udivdi3
 .text          0x00004cb8       0x18 c:/program files (x86)/cypress/psoc creator/4.0/psoc creator/import/gnu/arm/4.9.3/bin/../lib/gcc/arm-none-eabi/4.9.3/armv6-m\libgcc.a(_clzdi2.o)
                0x00004cb8                __clzdi2
 .text          0x00004cd0       0x3c c:/program files (x86)/cypress/psoc creator/4.0/psoc creator/import/gnu/arm/4.9.3/bin/../lib/gcc/arm-none-eabi/4.9.3/armv6-m\libgcc.a(_clzsi2.o)
                0x00004cd0                __clzsi2
 .text.__errno  0x00004d0c        0xc c:/program files (x86)/cypress/psoc creator/4.0/psoc creator/import/gnu/arm/4.9.3/bin/../lib/gcc/arm-none-eabi/4.9.3/../../../../arm-none-eabi/lib/armv6-m\libg_nano.a(lib_a-errno.o)
                0x00004d0c                __errno
 .text.__libc_init_array
                0x00004d18       0x4c c:/program files (x86)/cypress/psoc creator/4.0/psoc creator/import/gnu/arm/4.9.3/bin/../lib/gcc/arm-none-eabi/4.9.3/../../../../arm-none-eabi/lib/armv6-m\libg_nano.a(lib_a-init.o)
                0x00004d18                __libc_init_array
 .text.memcpy   0x00004d64       0x12 c:/program files (x86)/cypress/psoc creator/4.0/psoc creator/import/gnu/arm/4.9.3/bin/../lib/gcc/arm-none-eabi/4.9.3/../../../../arm-none-eabi/lib/armv6-m\libg_nano.a(lib_a-memcpy.o)
                0x00004d64                memcpy
 .text.memset   0x00004d76       0x10 c:/program files (x86)/cypress/psoc creator/4.0/psoc creator/import/gnu/arm/4.9.3/bin/../lib/gcc/arm-none-eabi/4.9.3/../../../../arm-none-eabi/lib/armv6-m\libg_nano.a(lib_a-memset.o)
                0x00004d76                memset
 .text.strcat   0x00004d86       0x1a c:/program files (x86)/cypress/psoc creator/4.0/psoc creator/import/gnu/arm/4.9.3/bin/../lib/gcc/arm-none-eabi/4.9.3/../../../../arm-none-eabi/lib/armv6-m\libg_nano.a(lib_a-strcat.o)
                0x00004d86                strcat
 .text.strchr   0x00004da0       0x1c c:/program files (x86)/cypress/psoc creator/4.0/psoc creator/import/gnu/arm/4.9.3/bin/../lib/gcc/arm-none-eabi/4.9.3/../../../../arm-none-eabi/lib/armv6-m\libg_nano.a(lib_a-strchr.o)
                0x00004da0                strchr
 .text.strlen   0x00004dbc        0xe c:/program files (x86)/cypress/psoc creator/4.0/psoc creator/import/gnu/arm/4.9.3/bin/../lib/gcc/arm-none-eabi/4.9.3/../../../../arm-none-eabi/lib/armv6-m\libg_nano.a(lib_a-strlen.o)
                0x00004dbc                strlen
 .text.strstr   0x00004dca       0x36 c:/program files (x86)/cypress/psoc creator/4.0/psoc creator/import/gnu/arm/4.9.3/bin/../lib/gcc/arm-none-eabi/4.9.3/../../../../arm-none-eabi/lib/armv6-m\libg_nano.a(lib_a-strstr.o)
                0x00004dca                strstr
 *(.plt)
 *(.gnu.warning)
 *(.glue_7t)
 .glue_7t       0x00000000        0x0 linker stubs
 *(.glue_7)
 .glue_7        0x00000000        0x0 linker stubs
 *(.vfp11_veneer)
 .vfp11_veneer  0x00000000        0x0 linker stubs
 *(.bootloader)
 *(.ARM.extab* .gnu.linkonce.armextab.*)
 *(.gcc_except_table)

.v4_bx          0x00004e00        0x0
 .v4_bx         0x00000000        0x0 linker stubs

.iplt           0x00004e00        0x0
 .iplt          0x00000000        0x0 c:/program files (x86)/cypress/psoc creator/4.0/psoc creator/import/gnu/arm/4.9.3/bin/../lib/gcc/arm-none-eabi/4.9.3/armv6-m/crtbegin.o

.eh_frame_hdr
 *(.eh_frame_hdr)

.eh_frame       0x00004e00        0x4
 *(.eh_frame)
 .eh_frame      0x00004e00        0x0 c:/program files (x86)/cypress/psoc creator/4.0/psoc creator/import/gnu/arm/4.9.3/bin/../lib/gcc/arm-none-eabi/4.9.3/armv6-m/crtbegin.o
 .eh_frame      0x00004e00        0x4 c:/program files (x86)/cypress/psoc creator/4.0/psoc creator/import/gnu/arm/4.9.3/bin/../lib/gcc/arm-none-eabi/4.9.3/armv6-m/crtend.o
                0x00004e04                PROVIDE (__exidx_start, .)

.ARM.exidx      0x00004e04        0x8
 *(.ARM.exidx* .gnu.linkonce.armexidx.*)
 .ARM.exidx     0x00004e04        0x8 c:/program files (x86)/cypress/psoc creator/4.0/psoc creator/import/gnu/arm/4.9.3/bin/../lib/gcc/arm-none-eabi/4.9.3/armv6-m\libgcc.a(_divdi3.o)
 .ARM.exidx     0x00004e0c        0x0 c:/program files (x86)/cypress/psoc creator/4.0/psoc creator/import/gnu/arm/4.9.3/bin/../lib/gcc/arm-none-eabi/4.9.3/armv6-m\libgcc.a(_udivdi3.o)
                                  0x8 (size before relaxing)
                0x00004e0c                __exidx_end = .

.rodata         0x00004e0c     0x117c
 *(.rodata .rodata.* .gnu.linkonce.r.*)
 .rodata        0x00004e0c       0x18 .\ARM_GCC_493\Debug\main.o
 .rodata.str1.4
                0x00004e24       0x8c .\ARM_GCC_493\Debug\main.o
                                 0x90 (size before relaxing)
 .rodata        0x00004eb0      0x218 .\ARM_GCC_493\Debug\animation.o
 .rodata.str1.4
                0x000050c8      0x12b .\ARM_GCC_493\Debug\animation.o
                                0x148 (size before relaxing)
 *fill*         0x000051f3        0x1 
 .rodata        0x000051f4       0x60 .\ARM_GCC_493\Debug\led.o
 .rodata.str1.4
                0x00005254        0x5 .\ARM_GCC_493\Debug\util.o
                                  0x8 (size before relaxing)
 *fill*         0x00005259        0x3 
 .rodata        0x0000525c      0x19c .\ARM_GCC_493\Debug\command_telemetry.o
 .rodata.str1.4
                0x000053f8      0x760 .\ARM_GCC_493\Debug\command_telemetry.o
                                0x77c (size before relaxing)
 .rodata        0x00005b58      0x3c4 .\ARM_GCC_493\Debug\Eddie_DP0.a(CapSense_Structure.o)
                0x00005b68                CapSense_dsFlash
                0x00005d5c                CapSense_ioList
 .rodata        0x00005f1c       0x1c .\ARM_GCC_493\Debug\Eddie_DP0.a(CapSense_Sensing.o)
                0x00005f34                CapSense_scanFreqIndex
 .rodata        0x00005f38       0x18 .\ARM_GCC_493\Debug\Eddie_DP0.a(CyLib.o)
                0x00005f38                cyImoFreqMhz2DpllOffset
 .rodata.str1.1
                0x00005f50        0x2 c:/program files (x86)/cypress/psoc creator/4.0/psoc creator/import/gnu/arm/4.9.3/bin/../lib/gcc/arm-none-eabi/4.9.3/../../../../arm-none-eabi/lib/armv6-m\libg_nano.a(lib_a-impure.o)
                0x00005f54                . = ALIGN (0x4)
 *fill*         0x00005f52        0x2 
 *(.init)
 .init          0x00005f54        0x4 c:/program files (x86)/cypress/psoc creator/4.0/psoc creator/import/gnu/arm/4.9.3/bin/../lib/gcc/arm-none-eabi/4.9.3/armv6-m/crti.o
                0x00005f54                _init
 .init          0x00005f58        0x8 c:/program files (x86)/cypress/psoc creator/4.0/psoc creator/import/gnu/arm/4.9.3/bin/../lib/gcc/arm-none-eabi/4.9.3/armv6-m/crtn.o
                0x00005f60                . = ALIGN (0x4)
                0x00005f60                __preinit_array_start = .
 *(.preinit_array)
                0x00005f60                __preinit_array_end = .
                0x00005f60                . = ALIGN (0x4)
                0x00005f60                __init_array_start = .
 *(SORT(.init_array.*))
 *(.init_array)
 .init_array    0x00005f60        0x4 c:/program files (x86)/cypress/psoc creator/4.0/psoc creator/import/gnu/arm/4.9.3/bin/../lib/gcc/arm-none-eabi/4.9.3/armv6-m/crtbegin.o
 .init_array    0x00005f64        0x4 .\ARM_GCC_493\Debug\Cm0plusStart.o
                0x00005f68                __init_array_end = .
                0x00005f68                . = ALIGN (0x4)
 *(.fini)
 .fini          0x00005f68        0x4 c:/program files (x86)/cypress/psoc creator/4.0/psoc creator/import/gnu/arm/4.9.3/bin/../lib/gcc/arm-none-eabi/4.9.3/armv6-m/crti.o
                0x00005f68                _fini
 .fini          0x00005f6c        0x8 c:/program files (x86)/cypress/psoc creator/4.0/psoc creator/import/gnu/arm/4.9.3/bin/../lib/gcc/arm-none-eabi/4.9.3/armv6-m/crtn.o
                0x00005f74                . = ALIGN (0x4)
                0x00005f74                __fini_array_start = .
 *(.fini_array)
 .fini_array    0x00005f74        0x4 c:/program files (x86)/cypress/psoc creator/4.0/psoc creator/import/gnu/arm/4.9.3/bin/../lib/gcc/arm-none-eabi/4.9.3/armv6-m/crtbegin.o
 *(SORT(.fini_array.*))
                0x00005f78                __fini_array_end = .
                0x00005f78                . = ALIGN (0x4)
 *crtbegin.o(.ctors)
 *(EXCLUDE_FILE(*crtend.o) .ctors)
 *(SORT(.ctors.*))
 *crtend.o(.ctors)
                0x00005f78                . = ALIGN (0x4)
 *crtbegin.o(.dtors)
 *(EXCLUDE_FILE(*crtend.o) .dtors)
 *(SORT(.dtors.*))
 *crtend.o(.dtors)
                0x00005f78                . = ALIGN (0x4)
                0x00005f78                __cy_regions = .
                0x00005f78        0x4 LONG 0x5f88 __cy_region_init_ram
                0x00005f7c        0x4 LONG 0x20000088 __cy_region_start_data
                0x00005f80        0x4 LONG 0x188 __cy_region_init_size_ram
                0x00005f84        0x4 LONG 0x710 __cy_region_zero_size_ram
                0x00005f88                __cy_regions_end = .
                0x00005f88                . = ALIGN (0x8)
                0x00005f88                _etext = .

.cy_checksum_exclude
                0x00005f88        0x0
 *(.cy_checksum_exclude)

.ramvectors     0x20000000       0x80
                0x20000000                __cy_region_start_ram = .
 *(.ramvectors)
 .ramvectors    0x20000000       0x80 .\ARM_GCC_493\Debug\Cm0plusStart.o
                0x20000000                CyRamVectors

.noinit         0x20000080        0x4
 *(.noinit)
 .noinit        0x20000080        0x4 .\ARM_GCC_493\Debug\Cm0plusStart.o

.data           0x20000088      0x188 load address 0x00005f88
                0x20000088                __cy_region_start_data = .
 *(.jcr)
 .jcr           0x20000088        0x0 c:/program files (x86)/cypress/psoc creator/4.0/psoc creator/import/gnu/arm/4.9.3/bin/../lib/gcc/arm-none-eabi/4.9.3/armv6-m/crtbegin.o
 .jcr           0x20000088        0x4 c:/program files (x86)/cypress/psoc creator/4.0/psoc creator/import/gnu/arm/4.9.3/bin/../lib/gcc/arm-none-eabi/4.9.3/armv6-m/crtend.o
 *(.got.plt)
 *(.got)
 *(.shdata)
 *(.data .data.* .gnu.linkonce.d.*)
 .data          0x2000008c       0x3c .\ARM_GCC_493\Debug\main.o
                0x2000008c                push_button_vec
 .data          0x200000c8       0xbc .\ARM_GCC_493\Debug\animation.o
 .data          0x20000184        0x1 .\ARM_GCC_493\Debug\util.o
 *fill*         0x20000185        0x3 
 .data          0x20000188        0x4 .\ARM_GCC_493\Debug\Eddie_DP0.a(CapSense_SensingCSD_LL.o)
                0x20000188                CapSense_configCsd
 .data          0x2000018c        0x8 .\ARM_GCC_493\Debug\Eddie_DP0.a(CapSense_SensingCSX_LL.o)
                0x2000018c                CapSense_CSXPostScanApiPtr
                0x20000190                CapSense_resamplingCyclesCnt
 .data          0x20000194       0x14 .\ARM_GCC_493\Debug\Eddie_DP0.a(CyLib.o)
                0x20000194                CySysClkPumpConfig
                0x20000198                cydelay32kMs
                0x2000019c                cydelayFreqKhz
                0x200001a0                cydelayFreqMhz
                0x200001a4                cydelayFreqHz
 .data.impure_data
                0x200001a8       0x60 c:/program files (x86)/cypress/psoc creator/4.0/psoc creator/import/gnu/arm/4.9.3/bin/../lib/gcc/arm-none-eabi/4.9.3/../../../../arm-none-eabi/lib/armv6-m\libg_nano.a(lib_a-impure.o)
 .data._impure_ptr
                0x20000208        0x4 c:/program files (x86)/cypress/psoc creator/4.0/psoc creator/import/gnu/arm/4.9.3/bin/../lib/gcc/arm-none-eabi/4.9.3/../../../../arm-none-eabi/lib/armv6-m\libg_nano.a(lib_a-impure.o)
                0x20000208                _impure_ptr
                0x20000210                . = ALIGN (0x8)
 *fill*         0x2000020c        0x4 
 *(.ram)
                0x20000210                _edata = .

.igot.plt       0x20000210        0x0 load address 0x00006110
 .igot.plt      0x00000000        0x0 c:/program files (x86)/cypress/psoc creator/4.0/psoc creator/import/gnu/arm/4.9.3/bin/../lib/gcc/arm-none-eabi/4.9.3/armv6-m/crtbegin.o

.bss            0x20000210      0x710 load address 0x00006110
                0x20000210                PROVIDE (__bss_start__, .)
 *(.shbss)
 *(.bss .bss.* .gnu.linkonce.b.*)
 .bss           0x20000210       0x1c c:/program files (x86)/cypress/psoc creator/4.0/psoc creator/import/gnu/arm/4.9.3/bin/../lib/gcc/arm-none-eabi/4.9.3/armv6-m/crtbegin.o
 .bss           0x2000022c        0x2 .\ARM_GCC_493\Debug\main.o
 .bss           0x2000022e       0x1e .\ARM_GCC_493\Debug\animation.o
 *fill*         0x2000024c        0x4 
 .bss           0x20000250       0x20 .\ARM_GCC_493\Debug\util.o
 .bss           0x20000270      0x208 .\ARM_GCC_493\Debug\command_telemetry.o
 .bss           0x20000478        0x1 .\ARM_GCC_493\Debug\Eddie_DP0.a(CapSense_Control.o)
 *fill*         0x20000479        0x3 
 .bss           0x2000047c       0xe0 .\ARM_GCC_493\Debug\Eddie_DP0.a(CapSense_Structure.o)
 .bss           0x2000055c        0x4 .\ARM_GCC_493\Debug\Eddie_DP0.a(CapSense_Tuner.o)
 .bss           0x20000560        0xc .\ARM_GCC_493\Debug\Eddie_DP0.a(CapSense_Sensing.o)
                0x20000560                CapSense_currentSenseMethod
                0x20000561                CapSense_requestScanAllWidget
                0x20000562                CapSense_widgetIndex
                0x20000563                CapSense_prescalersTuningDone
                0x20000564                CapSense_curFlashWdgtPtr
                0x20000568                CapSense_sensorIndex
 .bss           0x2000056c        0x1 .\ARM_GCC_493\Debug\Eddie_DP0.a(CapSense_SensingCSD_LL.o)
 *fill*         0x2000056d        0x3 
 .bss           0x20000570       0x10 .\ARM_GCC_493\Debug\Eddie_DP0.a(CapSense_Centroid_LL.o)
 .bss           0x20000580       0x14 .\ARM_GCC_493\Debug\Eddie_DP0.a(CapSense_SensingCSX_LL.o)
                0x20000580                CapSense_csxScanPeriod
                0x20000582                CapSense_csxRawCount
 *(COMMON)
 COMMON         0x20000594      0x200 .\ARM_GCC_493\Debug\main.o
                0x20000594                receive_string
 COMMON         0x20000794       0x3c .\ARM_GCC_493\Debug\led.o
                0x20000794                led_buffer
 COMMON         0x200007d0      0x144 .\ARM_GCC_493\Debug\Eddie_DP0.a(CapSense_Structure.o)
                0x200007d0                CapSense_dsRam
 COMMON         0x20000914        0x8 .\ARM_GCC_493\Debug\Eddie_DP0.a(CapSense_Sensing.o)
                0x20000914                CapSense_curRamSnsPtr
                0x20000918                CapSense_curSnsIOPtr
                0x20000920                . = ALIGN (0x8)
 *fill*         0x2000091c        0x4 
 *(.ram.b)
                0x20000920                _end = .
                0x20000920                __end = .
                0x20000920                PROVIDE (end, .)
                0x20000920                PROVIDE (__bss_end__, .)
                0x00005f88                __cy_region_init_ram = LOADADDR (.data)
                0x00000188                __cy_region_init_size_ram = (_edata - ADDR (.data))
                0x00000710                __cy_region_zero_size_ram = (_end - _edata)

.heap           0x20000920       0xff load address 0x00006110
                0x20000920                . = _end
                0x20000a1f                . = (. + 0xff)
 *fill*         0x20000920       0xff 
                0x20000a1f                __cy_heap_limit = .

.stack          0x20000e00      0x200
                0x20000e00                __cy_stack_limit = .
                0x20001000                . = (. + 0x200)
 *fill*         0x20000e00      0x200 
                0x00000001                ASSERT ((__cy_stack_limit >= __cy_heap_limit), region RAM overflowed with stack)
                0x00000000                cy_checksum_exclude_size = (CY_APPL_LOADABLE == 0x1)?SIZEOF (.cy_checksum_exclude):0x0
                0x00000001                ASSERT ((cy_checksum_exclude_size <= CY_CHECKSUM_EXCLUDE_SIZE), CY_BOOT: Section .cy_checksum_exclude size exceedes specified limit.)
                0x00007fc0                cyloadermeta_start = (cy_project_type_bootloader || cy_project_type_app_for_stack_and_copier)?(0x8000 - CY_METADATA_SIZE):0xf0000000

.cyloadermeta
 *(.cyloadermeta)
                0x00007fc0                cyloadablemeta_start = cy_project_type_app_for_stack_and_copier?((0x8000 - CY_FLASH_ROW_SIZE) - CY_METADATA_SIZE):((0x8000 - (CY_FLASH_ROW_SIZE * (CY_APPL_NUM - 0x1))) - CY_METADATA_SIZE)

.cyloadablemeta
 *(.cyloadablemeta)

.cyflashprotect
                0x90400000       0x20
 *(.cyflashprotect)
 .cyflashprotect
                0x90400000       0x20 .\ARM_GCC_493\Debug\cymetadata.o
                0x90400000                cy_meta_flashprotect

.cymeta         0x90500000        0xc
 *(.cymeta)
 .cymeta        0x90500000        0xc .\ARM_GCC_493\Debug\cymetadata.o
                0x90500000                cy_metadata

.cychipprotect  0x90600000        0x4
 *(.cychipprotect)
 .cychipprotect
                0x90600000        0x4 .\ARM_GCC_493\Debug\cymetadata.o
                0x90600000                cy_meta_chipprotect

.rel.dyn        0x00006110        0x0 load address 0x90600004
 .rel.iplt      0x00000000        0x0 c:/program files (x86)/cypress/psoc creator/4.0/psoc creator/import/gnu/arm/4.9.3/bin/../lib/gcc/arm-none-eabi/4.9.3/armv6-m/crtbegin.o

.stab
 *(.stab)

.stabstr
 *(.stabstr)

.debug
 *(.debug)

.line
 *(.line)

.debug_srcinfo
 *(.debug_srcinfo)

.debug_sfnames
 *(.debug_sfnames)

.debug_aranges  0x00000000      0xd30
 *(.debug_aranges)
 .debug_aranges
                0x00000000       0x60 .\ARM_GCC_493\Debug\main.o
 .debug_aranges
                0x00000060       0xe8 .\ARM_GCC_493\Debug\animation.o
 .debug_aranges
                0x00000148       0x60 .\ARM_GCC_493\Debug\led.o
 .debug_aranges
                0x000001a8       0x60 .\ARM_GCC_493\Debug\util.o
 .debug_aranges
                0x00000208       0xc0 .\ARM_GCC_493\Debug\command_telemetry.o
 .debug_aranges
                0x000002c8       0x18 .\ARM_GCC_493\Debug\cymetadata.o
 .debug_aranges
                0x000002e0       0x48 .\ARM_GCC_493\Debug\Cm0plusStart.o
 .debug_aranges
                0x00000328       0x38 .\ARM_GCC_493\Debug\Eddie_DP0.a(cyfitter_cfg.o)
 .debug_aranges
                0x00000360       0x68 .\ARM_GCC_493\Debug\Eddie_DP0.a(CapSense_Control.o)
 .debug_aranges
                0x000003c8       0x70 .\ARM_GCC_493\Debug\Eddie_DP0.a(CapSense_Processing.o)
 .debug_aranges
                0x00000438       0x58 .\ARM_GCC_493\Debug\Eddie_DP0.a(CapSense_Structure.o)
 .debug_aranges
                0x00000490       0x28 .\ARM_GCC_493\Debug\Eddie_DP0.a(CapSense_Tuner.o)
 .debug_aranges
                0x000004b8       0xb0 .\ARM_GCC_493\Debug\Eddie_DP0.a(CapSense_Filter.o)
 .debug_aranges
                0x00000568       0xd8 .\ARM_GCC_493\Debug\Eddie_DP0.a(CapSense_Sensing.o)
 .debug_aranges
                0x00000640       0xd0 .\ARM_GCC_493\Debug\Eddie_DP0.a(CapSense_SensingCSD_LL.o)
 .debug_aranges
                0x00000710       0x28 .\ARM_GCC_493\Debug\Eddie_DP0.a(CapSense_Centroid_LL.o)
 .debug_aranges
                0x00000738       0xa0 .\ARM_GCC_493\Debug\Eddie_DP0.a(CapSense_SensingCSX_LL.o)
 .debug_aranges
                0x000007d8       0x80 .\ARM_GCC_493\Debug\Eddie_DP0.a(CapSense_ISR.o)
 .debug_aranges
                0x00000858      0x190 .\ARM_GCC_493\Debug\Eddie_DP0.a(CyLib.o)
 .debug_aranges
                0x000009e8       0x30 .\ARM_GCC_493\Debug\Eddie_DP0.a(cyPm.o)
 .debug_aranges
                0x00000a18       0xd8 .\ARM_GCC_493\Debug\Eddie_DP0.a(CyLFClk.o)
 .debug_aranges
                0x00000af0      0x158 .\ARM_GCC_493\Debug\Eddie_DP0.a(Timer_1.o)
 .debug_aranges
                0x00000c48       0x20 .\ARM_GCC_493\Debug\Eddie_DP0.a(CyBootAsmGnu.o)
 .debug_aranges
                0x00000c68       0x28 .\ARM_GCC_493\Debug\Eddie_DP0.a(CapSense_INT.o)
 .debug_aranges
                0x00000c90       0x48 .\ARM_GCC_493\Debug\Eddie_DP0.a(CyFlash.o)
 .debug_aranges
                0x00000cd8       0x28 C:\Program Files (x86)\Cypress\PSoC Creator\4.0\PSoC Creator\psoc\content\cycomponentlibrary\CyComponentLibrary.cylib\CapSense_P4_v3_10\PSoC4\Library\Capsense_P4Library_GCCp.a(CapSense_SmartSense_LL_v3_10.o)
 .debug_aranges
                0x00000d00       0x30 C:\Program Files (x86)\Cypress\PSoC Creator\4.0\PSoC Creator\psoc\content\cycomponentlibrary\CyComponentLibrary.cylib\CapSense_P4_v3_10\PSoC4\Library\Capsense_P4Library_GCCp.a(CapSense_SmartSense_SL_v3_10.o)

.debug_pubnames
 *(.debug_pubnames)

.debug_info     0x00000000    0x10513
 *(.debug_info .gnu.linkonce.wi.*)
 .debug_info    0x00000000     0x113c .\ARM_GCC_493\Debug\main.o
 .debug_info    0x0000113c      0xec1 .\ARM_GCC_493\Debug\animation.o
 .debug_info    0x00001ffd      0x4fd .\ARM_GCC_493\Debug\led.o
 .debug_info    0x000024fa      0x28a .\ARM_GCC_493\Debug\util.o
 .debug_info    0x00002784     0x28e1 .\ARM_GCC_493\Debug\command_telemetry.o
 .debug_info    0x00005065       0xfe .\ARM_GCC_493\Debug\cymetadata.o
 .debug_info    0x00005163      0x399 .\ARM_GCC_493\Debug\Cm0plusStart.o
 .debug_info    0x000054fc      0x163 .\ARM_GCC_493\Debug\Eddie_DP0.a(cyfitter_cfg.o)
 .debug_info    0x0000565f      0xdec .\ARM_GCC_493\Debug\Eddie_DP0.a(CapSense_Control.o)
 .debug_info    0x0000644b     0x12c9 .\ARM_GCC_493\Debug\Eddie_DP0.a(CapSense_Processing.o)
 .debug_info    0x00007714      0xf4a .\ARM_GCC_493\Debug\Eddie_DP0.a(CapSense_Structure.o)
 .debug_info    0x0000865e      0x822 .\ARM_GCC_493\Debug\Eddie_DP0.a(CapSense_Tuner.o)
 .debug_info    0x00008e80      0xd8a .\ARM_GCC_493\Debug\Eddie_DP0.a(CapSense_Filter.o)
 .debug_info    0x00009c0a     0x1390 .\ARM_GCC_493\Debug\Eddie_DP0.a(CapSense_Sensing.o)
 .debug_info    0x0000af9a     0x121d .\ARM_GCC_493\Debug\Eddie_DP0.a(CapSense_SensingCSD_LL.o)
 .debug_info    0x0000c1b7      0x2a4 .\ARM_GCC_493\Debug\Eddie_DP0.a(CapSense_Centroid_LL.o)
 .debug_info    0x0000c45b      0xf99 .\ARM_GCC_493\Debug\Eddie_DP0.a(CapSense_SensingCSX_LL.o)
 .debug_info    0x0000d3f4      0x300 .\ARM_GCC_493\Debug\Eddie_DP0.a(CapSense_ISR.o)
 .debug_info    0x0000d6f4      0xbe1 .\ARM_GCC_493\Debug\Eddie_DP0.a(CyLib.o)
 .debug_info    0x0000e2d5      0x17b .\ARM_GCC_493\Debug\Eddie_DP0.a(cyPm.o)
 .debug_info    0x0000e450      0x43f .\ARM_GCC_493\Debug\Eddie_DP0.a(CyLFClk.o)
 .debug_info    0x0000e88f      0x8f1 .\ARM_GCC_493\Debug\Eddie_DP0.a(Timer_1.o)
 .debug_info    0x0000f180       0xc0 .\ARM_GCC_493\Debug\Eddie_DP0.a(CyBootAsmGnu.o)
 .debug_info    0x0000f240      0x9f9 .\ARM_GCC_493\Debug\Eddie_DP0.a(CapSense_INT.o)
 .debug_info    0x0000fc39      0x435 .\ARM_GCC_493\Debug\Eddie_DP0.a(CyFlash.o)
 .debug_info    0x0001006e      0x24c C:\Program Files (x86)\Cypress\PSoC Creator\4.0\PSoC Creator\psoc\content\cycomponentlibrary\CyComponentLibrary.cylib\CapSense_P4_v3_10\PSoC4\Library\Capsense_P4Library_GCCp.a(CapSense_SmartSense_LL_v3_10.o)
 .debug_info    0x000102ba      0x259 C:\Program Files (x86)\Cypress\PSoC Creator\4.0\PSoC Creator\psoc\content\cycomponentlibrary\CyComponentLibrary.cylib\CapSense_P4_v3_10\PSoC4\Library\Capsense_P4Library_GCCp.a(CapSense_SmartSense_SL_v3_10.o)

.debug_abbrev   0x00000000     0x30b9
 *(.debug_abbrev)
 .debug_abbrev  0x00000000      0x2ef .\ARM_GCC_493\Debug\main.o
 .debug_abbrev  0x000002ef      0x1fb .\ARM_GCC_493\Debug\animation.o
 .debug_abbrev  0x000004ea      0x167 .\ARM_GCC_493\Debug\led.o
 .debug_abbrev  0x00000651      0x14f .\ARM_GCC_493\Debug\util.o
 .debug_abbrev  0x000007a0      0x32e .\ARM_GCC_493\Debug\command_telemetry.o
 .debug_abbrev  0x00000ace       0x5d .\ARM_GCC_493\Debug\cymetadata.o
 .debug_abbrev  0x00000b2b      0x1df .\ARM_GCC_493\Debug\Cm0plusStart.o
 .debug_abbrev  0x00000d0a       0xe2 .\ARM_GCC_493\Debug\Eddie_DP0.a(cyfitter_cfg.o)
 .debug_abbrev  0x00000dec      0x280 .\ARM_GCC_493\Debug\Eddie_DP0.a(CapSense_Control.o)
 .debug_abbrev  0x0000106c      0x295 .\ARM_GCC_493\Debug\Eddie_DP0.a(CapSense_Processing.o)
 .debug_abbrev  0x00001301      0x237 .\ARM_GCC_493\Debug\Eddie_DP0.a(CapSense_Structure.o)
 .debug_abbrev  0x00001538      0x19a .\ARM_GCC_493\Debug\Eddie_DP0.a(CapSense_Tuner.o)
 .debug_abbrev  0x000016d2      0x2c8 .\ARM_GCC_493\Debug\Eddie_DP0.a(CapSense_Filter.o)
 .debug_abbrev  0x0000199a      0x324 .\ARM_GCC_493\Debug\Eddie_DP0.a(CapSense_Sensing.o)
 .debug_abbrev  0x00001cbe      0x2d5 .\ARM_GCC_493\Debug\Eddie_DP0.a(CapSense_SensingCSD_LL.o)
 .debug_abbrev  0x00001f93      0x11c .\ARM_GCC_493\Debug\Eddie_DP0.a(CapSense_Centroid_LL.o)
 .debug_abbrev  0x000020af      0x311 .\ARM_GCC_493\Debug\Eddie_DP0.a(CapSense_SensingCSX_LL.o)
 .debug_abbrev  0x000023c0      0x1b4 .\ARM_GCC_493\Debug\Eddie_DP0.a(CapSense_ISR.o)
 .debug_abbrev  0x00002574      0x236 .\ARM_GCC_493\Debug\Eddie_DP0.a(CyLib.o)
 .debug_abbrev  0x000027aa       0xc6 .\ARM_GCC_493\Debug\Eddie_DP0.a(cyPm.o)
 .debug_abbrev  0x00002870      0x1b6 .\ARM_GCC_493\Debug\Eddie_DP0.a(CyLFClk.o)
 .debug_abbrev  0x00002a26      0x133 .\ARM_GCC_493\Debug\Eddie_DP0.a(Timer_1.o)
 .debug_abbrev  0x00002b59       0x14 .\ARM_GCC_493\Debug\Eddie_DP0.a(CyBootAsmGnu.o)
 .debug_abbrev  0x00002b6d      0x1ad .\ARM_GCC_493\Debug\Eddie_DP0.a(CapSense_INT.o)
 .debug_abbrev  0x00002d1a      0x1dd .\ARM_GCC_493\Debug\Eddie_DP0.a(CyFlash.o)
 .debug_abbrev  0x00002ef7      0x112 C:\Program Files (x86)\Cypress\PSoC Creator\4.0\PSoC Creator\psoc\content\cycomponentlibrary\CyComponentLibrary.cylib\CapSense_P4_v3_10\PSoC4\Library\Capsense_P4Library_GCCp.a(CapSense_SmartSense_LL_v3_10.o)
 .debug_abbrev  0x00003009       0xb0 C:\Program Files (x86)\Cypress\PSoC Creator\4.0\PSoC Creator\psoc\content\cycomponentlibrary\CyComponentLibrary.cylib\CapSense_P4_v3_10\PSoC4\Library\Capsense_P4Library_GCCp.a(CapSense_SmartSense_SL_v3_10.o)

.debug_line     0x00000000     0x3f4c
 *(.debug_line)
 .debug_line    0x00000000      0x3e8 .\ARM_GCC_493\Debug\main.o
 .debug_line    0x000003e8      0x342 .\ARM_GCC_493\Debug\animation.o
 .debug_line    0x0000072a      0x174 .\ARM_GCC_493\Debug\led.o
 .debug_line    0x0000089e      0x191 .\ARM_GCC_493\Debug\util.o
 .debug_line    0x00000a2f      0x5f8 .\ARM_GCC_493\Debug\command_telemetry.o
 .debug_line    0x00001027       0x51 .\ARM_GCC_493\Debug\cymetadata.o
 .debug_line    0x00001078      0x260 .\ARM_GCC_493\Debug\Cm0plusStart.o
 .debug_line    0x000012d8       0xc6 .\ARM_GCC_493\Debug\Eddie_DP0.a(cyfitter_cfg.o)
 .debug_line    0x0000139e      0x2a3 .\ARM_GCC_493\Debug\Eddie_DP0.a(CapSense_Control.o)
 .debug_line    0x00001641      0x44e .\ARM_GCC_493\Debug\Eddie_DP0.a(CapSense_Processing.o)
 .debug_line    0x00001a8f      0x1fc .\ARM_GCC_493\Debug\Eddie_DP0.a(CapSense_Structure.o)
 .debug_line    0x00001c8b      0x12f .\ARM_GCC_493\Debug\Eddie_DP0.a(CapSense_Tuner.o)
 .debug_line    0x00001dba      0x2db .\ARM_GCC_493\Debug\Eddie_DP0.a(CapSense_Filter.o)
 .debug_line    0x00002095      0x4af .\ARM_GCC_493\Debug\Eddie_DP0.a(CapSense_Sensing.o)
 .debug_line    0x00002544      0x3df .\ARM_GCC_493\Debug\Eddie_DP0.a(CapSense_SensingCSD_LL.o)
 .debug_line    0x00002923      0x121 .\ARM_GCC_493\Debug\Eddie_DP0.a(CapSense_Centroid_LL.o)
 .debug_line    0x00002a44      0x339 .\ARM_GCC_493\Debug\Eddie_DP0.a(CapSense_SensingCSX_LL.o)
 .debug_line    0x00002d7d      0x158 .\ARM_GCC_493\Debug\Eddie_DP0.a(CapSense_ISR.o)
 .debug_line    0x00002ed5      0x4c7 .\ARM_GCC_493\Debug\Eddie_DP0.a(CyLib.o)
 .debug_line    0x0000339c       0x98 .\ARM_GCC_493\Debug\Eddie_DP0.a(cyPm.o)
 .debug_line    0x00003434      0x284 .\ARM_GCC_493\Debug\Eddie_DP0.a(CyLFClk.o)
 .debug_line    0x000036b8      0x37b .\ARM_GCC_493\Debug\Eddie_DP0.a(Timer_1.o)
 .debug_line    0x00003a33       0x68 .\ARM_GCC_493\Debug\Eddie_DP0.a(CyBootAsmGnu.o)
 .debug_line    0x00003a9b      0x13a .\ARM_GCC_493\Debug\Eddie_DP0.a(CapSense_INT.o)
 .debug_line    0x00003bd5      0x1e1 .\ARM_GCC_493\Debug\Eddie_DP0.a(CyFlash.o)
 .debug_line    0x00003db6       0xb2 C:\Program Files (x86)\Cypress\PSoC Creator\4.0\PSoC Creator\psoc\content\cycomponentlibrary\CyComponentLibrary.cylib\CapSense_P4_v3_10\PSoC4\Library\Capsense_P4Library_GCCp.a(CapSense_SmartSense_LL_v3_10.o)
 .debug_line    0x00003e68       0xe4 C:\Program Files (x86)\Cypress\PSoC Creator\4.0\PSoC Creator\psoc\content\cycomponentlibrary\CyComponentLibrary.cylib\CapSense_P4_v3_10\PSoC4\Library\Capsense_P4Library_GCCp.a(CapSense_SmartSense_SL_v3_10.o)

.debug_frame    0x00000000     0x2618
 *(.debug_frame)
 .debug_frame   0x00000000      0x134 .\ARM_GCC_493\Debug\main.o
 .debug_frame   0x00000134      0x2c8 .\ARM_GCC_493\Debug\animation.o
 .debug_frame   0x000003fc       0xfc .\ARM_GCC_493\Debug\led.o
 .debug_frame   0x000004f8       0xc4 .\ARM_GCC_493\Debug\util.o
 .debug_frame   0x000005bc      0x29c .\ARM_GCC_493\Debug\command_telemetry.o
 .debug_frame   0x00000858       0xbc .\ARM_GCC_493\Debug\Cm0plusStart.o
 .debug_frame   0x00000914       0x74 .\ARM_GCC_493\Debug\Eddie_DP0.a(cyfitter_cfg.o)
 .debug_frame   0x00000988      0x130 .\ARM_GCC_493\Debug\Eddie_DP0.a(CapSense_Control.o)
 .debug_frame   0x00000ab8      0x198 .\ARM_GCC_493\Debug\Eddie_DP0.a(CapSense_Processing.o)
 .debug_frame   0x00000c50       0xcc .\ARM_GCC_493\Debug\Eddie_DP0.a(CapSense_Structure.o)
 .debug_frame   0x00000d1c       0x40 .\ARM_GCC_493\Debug\Eddie_DP0.a(CapSense_Tuner.o)
 .debug_frame   0x00000d5c      0x24c .\ARM_GCC_493\Debug\Eddie_DP0.a(CapSense_Filter.o)
 .debug_frame   0x00000fa8      0x28c .\ARM_GCC_493\Debug\Eddie_DP0.a(CapSense_Sensing.o)
 .debug_frame   0x00001234      0x2b0 .\ARM_GCC_493\Debug\Eddie_DP0.a(CapSense_SensingCSD_LL.o)
 .debug_frame   0x000014e4       0x60 .\ARM_GCC_493\Debug\Eddie_DP0.a(CapSense_Centroid_LL.o)
 .debug_frame   0x00001544      0x1d8 .\ARM_GCC_493\Debug\Eddie_DP0.a(CapSense_SensingCSX_LL.o)
 .debug_frame   0x0000171c      0x110 .\ARM_GCC_493\Debug\Eddie_DP0.a(CapSense_ISR.o)
 .debug_frame   0x0000182c      0x410 .\ARM_GCC_493\Debug\Eddie_DP0.a(CyLib.o)
 .debug_frame   0x00001c3c       0x58 .\ARM_GCC_493\Debug\Eddie_DP0.a(cyPm.o)
 .debug_frame   0x00001c94      0x1dc .\ARM_GCC_493\Debug\Eddie_DP0.a(CyLFClk.o)
 .debug_frame   0x00001e70      0x390 .\ARM_GCC_493\Debug\Eddie_DP0.a(Timer_1.o)
 .debug_frame   0x00002200       0x40 .\ARM_GCC_493\Debug\Eddie_DP0.a(CapSense_INT.o)
 .debug_frame   0x00002240       0xa8 .\ARM_GCC_493\Debug\Eddie_DP0.a(CyFlash.o)
 .debug_frame   0x000022e8       0x50 C:\Program Files (x86)\Cypress\PSoC Creator\4.0\PSoC Creator\psoc\content\cycomponentlibrary\CyComponentLibrary.cylib\CapSense_P4_v3_10\PSoC4\Library\Capsense_P4Library_GCCp.a(CapSense_SmartSense_LL_v3_10.o)
 .debug_frame   0x00002338       0x58 C:\Program Files (x86)\Cypress\PSoC Creator\4.0\PSoC Creator\psoc\content\cycomponentlibrary\CyComponentLibrary.cylib\CapSense_P4_v3_10\PSoC4\Library\Capsense_P4Library_GCCp.a(CapSense_SmartSense_SL_v3_10.o)
 .debug_frame   0x00002390       0x20 c:/program files (x86)/cypress/psoc creator/4.0/psoc creator/import/gnu/arm/4.9.3/bin/../lib/gcc/arm-none-eabi/4.9.3/armv6-m\libgcc.a(_udivsi3.o)
 .debug_frame   0x000023b0       0x20 c:/program files (x86)/cypress/psoc creator/4.0/psoc creator/import/gnu/arm/4.9.3/bin/../lib/gcc/arm-none-eabi/4.9.3/armv6-m\libgcc.a(_divsi3.o)
 .debug_frame   0x000023d0       0x50 c:/program files (x86)/cypress/psoc creator/4.0/psoc creator/import/gnu/arm/4.9.3/bin/../lib/gcc/arm-none-eabi/4.9.3/armv6-m\libgcc.a(bpabi.o)
 .debug_frame   0x00002420       0x34 c:/program files (x86)/cypress/psoc creator/4.0/psoc creator/import/gnu/arm/4.9.3/bin/../lib/gcc/arm-none-eabi/4.9.3/armv6-m\libgcc.a(_muldi3.o)
 .debug_frame   0x00002454       0x3c c:/program files (x86)/cypress/psoc creator/4.0/psoc creator/import/gnu/arm/4.9.3/bin/../lib/gcc/arm-none-eabi/4.9.3/armv6-m\libgcc.a(_divdi3.o)
 .debug_frame   0x00002490       0x3c c:/program files (x86)/cypress/psoc creator/4.0/psoc creator/import/gnu/arm/4.9.3/bin/../lib/gcc/arm-none-eabi/4.9.3/armv6-m\libgcc.a(_udivdi3.o)
 .debug_frame   0x000024cc       0x20 c:/program files (x86)/cypress/psoc creator/4.0/psoc creator/import/gnu/arm/4.9.3/bin/../lib/gcc/arm-none-eabi/4.9.3/../../../../arm-none-eabi/lib/armv6-m\libg_nano.a(lib_a-errno.o)
 .debug_frame   0x000024ec       0x28 c:/program files (x86)/cypress/psoc creator/4.0/psoc creator/import/gnu/arm/4.9.3/bin/../lib/gcc/arm-none-eabi/4.9.3/../../../../arm-none-eabi/lib/armv6-m\libg_nano.a(lib_a-exit.o)
 .debug_frame   0x00002514       0x2c c:/program files (x86)/cypress/psoc creator/4.0/psoc creator/import/gnu/arm/4.9.3/bin/../lib/gcc/arm-none-eabi/4.9.3/../../../../arm-none-eabi/lib/armv6-m\libg_nano.a(lib_a-init.o)
 .debug_frame   0x00002540       0x28 c:/program files (x86)/cypress/psoc creator/4.0/psoc creator/import/gnu/arm/4.9.3/bin/../lib/gcc/arm-none-eabi/4.9.3/../../../../arm-none-eabi/lib/armv6-m\libg_nano.a(lib_a-memcpy.o)
 .debug_frame   0x00002568       0x20 c:/program files (x86)/cypress/psoc creator/4.0/psoc creator/import/gnu/arm/4.9.3/bin/../lib/gcc/arm-none-eabi/4.9.3/../../../../arm-none-eabi/lib/armv6-m\libg_nano.a(lib_a-memset.o)
 .debug_frame   0x00002588       0x28 c:/program files (x86)/cypress/psoc creator/4.0/psoc creator/import/gnu/arm/4.9.3/bin/../lib/gcc/arm-none-eabi/4.9.3/../../../../arm-none-eabi/lib/armv6-m\libg_nano.a(lib_a-strcat.o)
 .debug_frame   0x000025b0       0x20 c:/program files (x86)/cypress/psoc creator/4.0/psoc creator/import/gnu/arm/4.9.3/bin/../lib/gcc/arm-none-eabi/4.9.3/../../../../arm-none-eabi/lib/armv6-m\libg_nano.a(lib_a-strchr.o)
 .debug_frame   0x000025d0       0x20 c:/program files (x86)/cypress/psoc creator/4.0/psoc creator/import/gnu/arm/4.9.3/bin/../lib/gcc/arm-none-eabi/4.9.3/../../../../arm-none-eabi/lib/armv6-m\libg_nano.a(lib_a-strlen.o)
 .debug_frame   0x000025f0       0x28 c:/program files (x86)/cypress/psoc creator/4.0/psoc creator/import/gnu/arm/4.9.3/bin/../lib/gcc/arm-none-eabi/4.9.3/../../../../arm-none-eabi/lib/armv6-m\libg_nano.a(lib_a-strstr.o)

.debug_str      0x00000000     0x48a4
 *(.debug_str)
 .debug_str     0x00000000      0xa1e .\ARM_GCC_493\Debug\main.o
                                0xaf1 (size before relaxing)
 .debug_str     0x00000a1e      0x4e1 .\ARM_GCC_493\Debug\animation.o
                                0x9f5 (size before relaxing)
 .debug_str     0x00000eff      0x11f .\ARM_GCC_493\Debug\led.o
                                0x36b (size before relaxing)
 .debug_str     0x0000101e       0xba .\ARM_GCC_493\Debug\util.o
                                0x32d (size before relaxing)
 .debug_str     0x000010d8      0x91d .\ARM_GCC_493\Debug\command_telemetry.o
                               0x12cc (size before relaxing)
 .debug_str     0x000019f5       0x59 .\ARM_GCC_493\Debug\cymetadata.o
                                0x202 (size before relaxing)
 .debug_str     0x00001a4e      0x15b .\ARM_GCC_493\Debug\Cm0plusStart.o
                                0x337 (size before relaxing)
 .debug_str     0x00001ba9       0x84 .\ARM_GCC_493\Debug\Eddie_DP0.a(cyfitter_cfg.o)
                                0x241 (size before relaxing)
 .debug_str     0x00001c2d      0x496 .\ARM_GCC_493\Debug\Eddie_DP0.a(CapSense_Control.o)
                                0xac7 (size before relaxing)
 .debug_str     0x000020c3      0x29c .\ARM_GCC_493\Debug\Eddie_DP0.a(CapSense_Processing.o)
                                0xabc (size before relaxing)
 .debug_str     0x0000235f      0x402 .\ARM_GCC_493\Debug\Eddie_DP0.a(CapSense_Structure.o)
                                0xbde (size before relaxing)
 .debug_str     0x00002761      0x11b .\ARM_GCC_493\Debug\Eddie_DP0.a(CapSense_Tuner.o)
                                0x732 (size before relaxing)
 .debug_str     0x0000287c      0x28f .\ARM_GCC_493\Debug\Eddie_DP0.a(CapSense_Filter.o)
                                0x938 (size before relaxing)
 .debug_str     0x00002b0b      0x669 .\ARM_GCC_493\Debug\Eddie_DP0.a(CapSense_Sensing.o)
                                0xdfa (size before relaxing)
 .debug_str     0x00003174      0x35d .\ARM_GCC_493\Debug\Eddie_DP0.a(CapSense_SensingCSD_LL.o)
                                0xc9b (size before relaxing)
 .debug_str     0x000034d1       0x91 .\ARM_GCC_493\Debug\Eddie_DP0.a(CapSense_Centroid_LL.o)
                                0x321 (size before relaxing)
 .debug_str     0x00003562      0x2d7 .\ARM_GCC_493\Debug\Eddie_DP0.a(CapSense_SensingCSX_LL.o)
                                0xc09 (size before relaxing)
 .debug_str     0x00003839      0x122 .\ARM_GCC_493\Debug\Eddie_DP0.a(CapSense_ISR.o)
                                0x374 (size before relaxing)
 .debug_str     0x0000395b      0x4c0 .\ARM_GCC_493\Debug\Eddie_DP0.a(CyLib.o)
                                0x74b (size before relaxing)
 .debug_str     0x00003e1b       0x5f .\ARM_GCC_493\Debug\Eddie_DP0.a(cyPm.o)
                                0x265 (size before relaxing)
 .debug_str     0x00003e7a      0x2d0 .\ARM_GCC_493\Debug\Eddie_DP0.a(CyLFClk.o)
                                0x4e2 (size before relaxing)
 .debug_str     0x0000414a      0x3c0 .\ARM_GCC_493\Debug\Eddie_DP0.a(Timer_1.o)
                                0x62d (size before relaxing)
 .debug_str     0x0000450a       0xa4 .\ARM_GCC_493\Debug\Eddie_DP0.a(CapSense_INT.o)
                                0x7d0 (size before relaxing)
 .debug_str     0x000045ae      0x11d .\ARM_GCC_493\Debug\Eddie_DP0.a(CyFlash.o)
                                0x34a (size before relaxing)
 .debug_str     0x000046cb      0x166 C:\Program Files (x86)\Cypress\PSoC Creator\4.0\PSoC Creator\psoc\content\cycomponentlibrary\CyComponentLibrary.cylib\CapSense_P4_v3_10\PSoC4\Library\Capsense_P4Library_GCCp.a(CapSense_SmartSense_LL_v3_10.o)
                                0x2b2 (size before relaxing)
 .debug_str     0x00004831       0x73 C:\Program Files (x86)\Cypress\PSoC Creator\4.0\PSoC Creator\psoc\content\cycomponentlibrary\CyComponentLibrary.cylib\CapSense_P4_v3_10\PSoC4\Library\Capsense_P4Library_GCCp.a(CapSense_SmartSense_SL_v3_10.o)
                                0x30e (size before relaxing)

.debug_loc      0x00000000     0x6dc7
 *(.debug_loc)
 .debug_loc     0x00000000      0x559 .\ARM_GCC_493\Debug\main.o
 .debug_loc     0x00000559      0x17b .\ARM_GCC_493\Debug\animation.o
 .debug_loc     0x000006d4      0x496 .\ARM_GCC_493\Debug\led.o
 .debug_loc     0x00000b6a      0x132 .\ARM_GCC_493\Debug\util.o
 .debug_loc     0x00000c9c      0xfd1 .\ARM_GCC_493\Debug\command_telemetry.o
 .debug_loc     0x00001c6d      0x14f .\ARM_GCC_493\Debug\Cm0plusStart.o
 .debug_loc     0x00001dbc       0x35 .\ARM_GCC_493\Debug\Eddie_DP0.a(cyfitter_cfg.o)
 .debug_loc     0x00001df1      0x5f2 .\ARM_GCC_493\Debug\Eddie_DP0.a(CapSense_Control.o)
 .debug_loc     0x000023e3      0xc7c .\ARM_GCC_493\Debug\Eddie_DP0.a(CapSense_Processing.o)
 .debug_loc     0x0000305f      0x465 .\ARM_GCC_493\Debug\Eddie_DP0.a(CapSense_Structure.o)
 .debug_loc     0x000034c4      0x13d .\ARM_GCC_493\Debug\Eddie_DP0.a(CapSense_Tuner.o)
 .debug_loc     0x00003601      0xb92 .\ARM_GCC_493\Debug\Eddie_DP0.a(CapSense_Filter.o)
 .debug_loc     0x00004193      0x7e9 .\ARM_GCC_493\Debug\Eddie_DP0.a(CapSense_Sensing.o)
 .debug_loc     0x0000497c      0x80f .\ARM_GCC_493\Debug\Eddie_DP0.a(CapSense_SensingCSD_LL.o)
 .debug_loc     0x0000518b      0x1f1 .\ARM_GCC_493\Debug\Eddie_DP0.a(CapSense_Centroid_LL.o)
 .debug_loc     0x0000537c      0x50a .\ARM_GCC_493\Debug\Eddie_DP0.a(CapSense_SensingCSX_LL.o)
 .debug_loc     0x00005886       0x82 .\ARM_GCC_493\Debug\Eddie_DP0.a(CapSense_ISR.o)
 .debug_loc     0x00005908      0x5e3 .\ARM_GCC_493\Debug\Eddie_DP0.a(CyLib.o)
 .debug_loc     0x00005eeb       0x47 .\ARM_GCC_493\Debug\Eddie_DP0.a(cyPm.o)
 .debug_loc     0x00005f32      0x323 .\ARM_GCC_493\Debug\Eddie_DP0.a(CyLFClk.o)
 .debug_loc     0x00006255      0x547 .\ARM_GCC_493\Debug\Eddie_DP0.a(Timer_1.o)
 .debug_loc     0x0000679c       0xe6 .\ARM_GCC_493\Debug\Eddie_DP0.a(CapSense_INT.o)
 .debug_loc     0x00006882      0x1c8 .\ARM_GCC_493\Debug\Eddie_DP0.a(CyFlash.o)
 .debug_loc     0x00006a4a      0x229 C:\Program Files (x86)\Cypress\PSoC Creator\4.0\PSoC Creator\psoc\content\cycomponentlibrary\CyComponentLibrary.cylib\CapSense_P4_v3_10\PSoC4\Library\Capsense_P4Library_GCCp.a(CapSense_SmartSense_LL_v3_10.o)
 .debug_loc     0x00006c73      0x154 C:\Program Files (x86)\Cypress\PSoC Creator\4.0\PSoC Creator\psoc\content\cycomponentlibrary\CyComponentLibrary.cylib\CapSense_P4_v3_10\PSoC4\Library\Capsense_P4Library_GCCp.a(CapSense_SmartSense_SL_v3_10.o)

.debug_macinfo
 *(.debug_macinfo)

.debug_ranges   0x00000000      0xb68
 *(.debug_ranges)
 .debug_ranges  0x00000000       0x50 .\ARM_GCC_493\Debug\main.o
 .debug_ranges  0x00000050       0xd8 .\ARM_GCC_493\Debug\animation.o
 .debug_ranges  0x00000128       0x50 .\ARM_GCC_493\Debug\led.o
 .debug_ranges  0x00000178       0x50 .\ARM_GCC_493\Debug\util.o
 .debug_ranges  0x000001c8       0xb0 .\ARM_GCC_493\Debug\command_telemetry.o
 .debug_ranges  0x00000278       0x38 .\ARM_GCC_493\Debug\Cm0plusStart.o
 .debug_ranges  0x000002b0       0x28 .\ARM_GCC_493\Debug\Eddie_DP0.a(cyfitter_cfg.o)
 .debug_ranges  0x000002d8       0x58 .\ARM_GCC_493\Debug\Eddie_DP0.a(CapSense_Control.o)
 .debug_ranges  0x00000330       0x60 .\ARM_GCC_493\Debug\Eddie_DP0.a(CapSense_Processing.o)
 .debug_ranges  0x00000390       0x48 .\ARM_GCC_493\Debug\Eddie_DP0.a(CapSense_Structure.o)
 .debug_ranges  0x000003d8       0x18 .\ARM_GCC_493\Debug\Eddie_DP0.a(CapSense_Tuner.o)
 .debug_ranges  0x000003f0       0xa0 .\ARM_GCC_493\Debug\Eddie_DP0.a(CapSense_Filter.o)
 .debug_ranges  0x00000490       0xc8 .\ARM_GCC_493\Debug\Eddie_DP0.a(CapSense_Sensing.o)
 .debug_ranges  0x00000558       0xc0 .\ARM_GCC_493\Debug\Eddie_DP0.a(CapSense_SensingCSD_LL.o)
 .debug_ranges  0x00000618       0x18 .\ARM_GCC_493\Debug\Eddie_DP0.a(CapSense_Centroid_LL.o)
 .debug_ranges  0x00000630       0x90 .\ARM_GCC_493\Debug\Eddie_DP0.a(CapSense_SensingCSX_LL.o)
 .debug_ranges  0x000006c0       0x70 .\ARM_GCC_493\Debug\Eddie_DP0.a(CapSense_ISR.o)
 .debug_ranges  0x00000730      0x180 .\ARM_GCC_493\Debug\Eddie_DP0.a(CyLib.o)
 .debug_ranges  0x000008b0       0x20 .\ARM_GCC_493\Debug\Eddie_DP0.a(cyPm.o)
 .debug_ranges  0x000008d0       0xc8 .\ARM_GCC_493\Debug\Eddie_DP0.a(CyLFClk.o)
 .debug_ranges  0x00000998      0x148 .\ARM_GCC_493\Debug\Eddie_DP0.a(Timer_1.o)
 .debug_ranges  0x00000ae0       0x18 .\ARM_GCC_493\Debug\Eddie_DP0.a(CapSense_INT.o)
 .debug_ranges  0x00000af8       0x38 .\ARM_GCC_493\Debug\Eddie_DP0.a(CyFlash.o)
 .debug_ranges  0x00000b30       0x18 C:\Program Files (x86)\Cypress\PSoC Creator\4.0\PSoC Creator\psoc\content\cycomponentlibrary\CyComponentLibrary.cylib\CapSense_P4_v3_10\PSoC4\Library\Capsense_P4Library_GCCp.a(CapSense_SmartSense_LL_v3_10.o)
 .debug_ranges  0x00000b48       0x20 C:\Program Files (x86)\Cypress\PSoC Creator\4.0\PSoC Creator\psoc\content\cycomponentlibrary\CyComponentLibrary.cylib\CapSense_P4_v3_10\PSoC4\Library\Capsense_P4Library_GCCp.a(CapSense_SmartSense_SL_v3_10.o)

.comment        0x00000000       0x70
 .comment       0x00000000       0x70 .\ARM_GCC_493\Debug\main.o
                                 0x71 (size before relaxing)
 .comment       0x00000000       0x71 .\ARM_GCC_493\Debug\animation.o
 .comment       0x00000000       0x71 .\ARM_GCC_493\Debug\led.o
 .comment       0x00000000       0x71 .\ARM_GCC_493\Debug\util.o
 .comment       0x00000000       0x71 .\ARM_GCC_493\Debug\command_telemetry.o
 .comment       0x00000000       0x71 .\ARM_GCC_493\Debug\cymetadata.o
 .comment       0x00000000       0x71 .\ARM_GCC_493\Debug\Cm0plusStart.o
 .comment       0x00000000       0x71 .\ARM_GCC_493\Debug\Eddie_DP0.a(cyfitter_cfg.o)
 .comment       0x00000000       0x71 .\ARM_GCC_493\Debug\Eddie_DP0.a(CapSense_Control.o)
 .comment       0x00000000       0x71 .\ARM_GCC_493\Debug\Eddie_DP0.a(CapSense_Processing.o)
 .comment       0x00000000       0x71 .\ARM_GCC_493\Debug\Eddie_DP0.a(CapSense_Structure.o)
 .comment       0x00000000       0x71 .\ARM_GCC_493\Debug\Eddie_DP0.a(CapSense_Tuner.o)
 .comment       0x00000000       0x71 .\ARM_GCC_493\Debug\Eddie_DP0.a(CapSense_Filter.o)
 .comment       0x00000000       0x71 .\ARM_GCC_493\Debug\Eddie_DP0.a(CapSense_Sensing.o)
 .comment       0x00000000       0x71 .\ARM_GCC_493\Debug\Eddie_DP0.a(CapSense_SensingCSD_LL.o)
 .comment       0x00000000       0x71 .\ARM_GCC_493\Debug\Eddie_DP0.a(CapSense_Centroid_LL.o)
 .comment       0x00000000       0x71 .\ARM_GCC_493\Debug\Eddie_DP0.a(CapSense_SensingCSX_LL.o)
 .comment       0x00000000       0x71 .\ARM_GCC_493\Debug\Eddie_DP0.a(CapSense_ISR.o)
 .comment       0x00000000       0x71 .\ARM_GCC_493\Debug\Eddie_DP0.a(CyLib.o)
 .comment       0x00000000       0x71 .\ARM_GCC_493\Debug\Eddie_DP0.a(cyPm.o)
 .comment       0x00000000       0x71 .\ARM_GCC_493\Debug\Eddie_DP0.a(CyLFClk.o)
 .comment       0x00000000       0x71 .\ARM_GCC_493\Debug\Eddie_DP0.a(Timer_1.o)
 .comment       0x00000000       0x71 .\ARM_GCC_493\Debug\Eddie_DP0.a(CapSense_INT.o)
 .comment       0x00000000       0x71 .\ARM_GCC_493\Debug\Eddie_DP0.a(CyFlash.o)
 .comment       0x00000000       0x71 C:\Program Files (x86)\Cypress\PSoC Creator\4.0\PSoC Creator\psoc\content\cycomponentlibrary\CyComponentLibrary.cylib\CapSense_P4_v3_10\PSoC4\Library\Capsense_P4Library_GCCp.a(CapSense_SmartSense_LL_v3_10.o)
 .comment       0x00000000       0x71 C:\Program Files (x86)\Cypress\PSoC Creator\4.0\PSoC Creator\psoc\content\cycomponentlibrary\CyComponentLibrary.cylib\CapSense_P4_v3_10\PSoC4\Library\Capsense_P4Library_GCCp.a(CapSense_SmartSense_SL_v3_10.o)

.debug_weaknames
 *(.debug_weaknames)

.debug_funcnames
 *(.debug_funcnames)

.debug_typenames
 *(.debug_typenames)

.debug_varnames
 *(.debug_varnames)

.note.gnu.arm.ident
 *(.note.gnu.arm.ident)

.ARM.attributes
                0x00000000       0x28
 *(.ARM.attributes)
 .ARM.attributes
                0x00000000       0x1e c:/program files (x86)/cypress/psoc creator/4.0/psoc creator/import/gnu/arm/4.9.3/bin/../lib/gcc/arm-none-eabi/4.9.3/armv6-m/crti.o
 .ARM.attributes
                0x0000001e       0x2c c:/program files (x86)/cypress/psoc creator/4.0/psoc creator/import/gnu/arm/4.9.3/bin/../lib/gcc/arm-none-eabi/4.9.3/armv6-m/crtbegin.o
 .ARM.attributes
                0x0000004a       0x1b c:/program files (x86)/cypress/psoc creator/4.0/psoc creator/import/gnu/arm/4.9.3/bin/../lib/gcc/arm-none-eabi/4.9.3/../../../../arm-none-eabi/lib/armv6-m/crt0.o
 .ARM.attributes
                0x00000065       0x32 .\ARM_GCC_493\Debug\main.o
 .ARM.attributes
                0x00000097       0x32 .\ARM_GCC_493\Debug\animation.o
 .ARM.attributes
                0x000000c9       0x32 .\ARM_GCC_493\Debug\led.o
 .ARM.attributes
                0x000000fb       0x32 .\ARM_GCC_493\Debug\util.o
 .ARM.attributes
                0x0000012d       0x32 .\ARM_GCC_493\Debug\command_telemetry.o
 .ARM.attributes
                0x0000015f       0x32 .\ARM_GCC_493\Debug\cymetadata.o
 .ARM.attributes
                0x00000191       0x32 .\ARM_GCC_493\Debug\Cm0plusStart.o
 .ARM.attributes
                0x000001c3       0x32 .\ARM_GCC_493\Debug\Eddie_DP0.a(cyfitter_cfg.o)
 .ARM.attributes
                0x000001f5       0x32 .\ARM_GCC_493\Debug\Eddie_DP0.a(CapSense_Control.o)
 .ARM.attributes
                0x00000227       0x32 .\ARM_GCC_493\Debug\Eddie_DP0.a(CapSense_Processing.o)
 .ARM.attributes
                0x00000259       0x32 .\ARM_GCC_493\Debug\Eddie_DP0.a(CapSense_Structure.o)
 .ARM.attributes
                0x0000028b       0x32 .\ARM_GCC_493\Debug\Eddie_DP0.a(CapSense_Tuner.o)
 .ARM.attributes
                0x000002bd       0x32 .\ARM_GCC_493\Debug\Eddie_DP0.a(CapSense_Filter.o)
 .ARM.attributes
                0x000002ef       0x32 .\ARM_GCC_493\Debug\Eddie_DP0.a(CapSense_Sensing.o)
 .ARM.attributes
                0x00000321       0x32 .\ARM_GCC_493\Debug\Eddie_DP0.a(CapSense_SensingCSD_LL.o)
 .ARM.attributes
                0x00000353       0x32 .\ARM_GCC_493\Debug\Eddie_DP0.a(CapSense_Centroid_LL.o)
 .ARM.attributes
                0x00000385       0x32 .\ARM_GCC_493\Debug\Eddie_DP0.a(CapSense_SensingCSX_LL.o)
 .ARM.attributes
                0x000003b7       0x32 .\ARM_GCC_493\Debug\Eddie_DP0.a(CapSense_ISR.o)
 .ARM.attributes
                0x000003e9       0x32 .\ARM_GCC_493\Debug\Eddie_DP0.a(CyLib.o)
 .ARM.attributes
                0x0000041b       0x32 .\ARM_GCC_493\Debug\Eddie_DP0.a(cyPm.o)
 .ARM.attributes
                0x0000044d       0x32 .\ARM_GCC_493\Debug\Eddie_DP0.a(CyLFClk.o)
 .ARM.attributes
                0x0000047f       0x32 .\ARM_GCC_493\Debug\Eddie_DP0.a(Timer_1.o)
 .ARM.attributes
                0x000004b1       0x22 .\ARM_GCC_493\Debug\Eddie_DP0.a(CyBootAsmGnu.o)
 .ARM.attributes
                0x000004d3       0x32 .\ARM_GCC_493\Debug\Eddie_DP0.a(CapSense_INT.o)
 .ARM.attributes
                0x00000505       0x32 .\ARM_GCC_493\Debug\Eddie_DP0.a(CyFlash.o)
 .ARM.attributes
                0x00000537       0x32 C:\Program Files (x86)\Cypress\PSoC Creator\4.0\PSoC Creator\psoc\content\cycomponentlibrary\CyComponentLibrary.cylib\CapSense_P4_v3_10\PSoC4\Library\Capsense_P4Library_GCCp.a(CapSense_SmartSense_LL_v3_10.o)
 .ARM.attributes
                0x00000569       0x32 C:\Program Files (x86)\Cypress\PSoC Creator\4.0\PSoC Creator\psoc\content\cycomponentlibrary\CyComponentLibrary.cylib\CapSense_P4_v3_10\PSoC4\Library\Capsense_P4Library_GCCp.a(CapSense_SmartSense_SL_v3_10.o)
 .ARM.attributes
                0x0000059b       0x1e c:/program files (x86)/cypress/psoc creator/4.0/psoc creator/import/gnu/arm/4.9.3/bin/../lib/gcc/arm-none-eabi/4.9.3/armv6-m\libgcc.a(_udivsi3.o)
 .ARM.attributes
                0x000005b9       0x1e c:/program files (x86)/cypress/psoc creator/4.0/psoc creator/import/gnu/arm/4.9.3/bin/../lib/gcc/arm-none-eabi/4.9.3/armv6-m\libgcc.a(_divsi3.o)
 .ARM.attributes
                0x000005d7       0x1e c:/program files (x86)/cypress/psoc creator/4.0/psoc creator/import/gnu/arm/4.9.3/bin/../lib/gcc/arm-none-eabi/4.9.3/armv6-m\libgcc.a(_dvmd_tls.o)
 .ARM.attributes
                0x000005f5       0x1e c:/program files (x86)/cypress/psoc creator/4.0/psoc creator/import/gnu/arm/4.9.3/bin/../lib/gcc/arm-none-eabi/4.9.3/armv6-m\libgcc.a(_aeabi_ldivmod.o)
 .ARM.attributes
                0x00000613       0x2c c:/program files (x86)/cypress/psoc creator/4.0/psoc creator/import/gnu/arm/4.9.3/bin/../lib/gcc/arm-none-eabi/4.9.3/armv6-m\libgcc.a(bpabi.o)
 .ARM.attributes
                0x0000063f       0x2c c:/program files (x86)/cypress/psoc creator/4.0/psoc creator/import/gnu/arm/4.9.3/bin/../lib/gcc/arm-none-eabi/4.9.3/armv6-m\libgcc.a(_muldi3.o)
 .ARM.attributes
                0x0000066b       0x2c c:/program files (x86)/cypress/psoc creator/4.0/psoc creator/import/gnu/arm/4.9.3/bin/../lib/gcc/arm-none-eabi/4.9.3/armv6-m\libgcc.a(_divdi3.o)
 .ARM.attributes
                0x00000697       0x2c c:/program files (x86)/cypress/psoc creator/4.0/psoc creator/import/gnu/arm/4.9.3/bin/../lib/gcc/arm-none-eabi/4.9.3/armv6-m\libgcc.a(_udivdi3.o)
 .ARM.attributes
                0x000006c3       0x1e c:/program files (x86)/cypress/psoc creator/4.0/psoc creator/import/gnu/arm/4.9.3/bin/../lib/gcc/arm-none-eabi/4.9.3/armv6-m\libgcc.a(_clzdi2.o)
 .ARM.attributes
                0x000006e1       0x1e c:/program files (x86)/cypress/psoc creator/4.0/psoc creator/import/gnu/arm/4.9.3/bin/../lib/gcc/arm-none-eabi/4.9.3/armv6-m\libgcc.a(_clzsi2.o)
 .ARM.attributes
                0x000006ff       0x2c c:/program files (x86)/cypress/psoc creator/4.0/psoc creator/import/gnu/arm/4.9.3/bin/../lib/gcc/arm-none-eabi/4.9.3/../../../../arm-none-eabi/lib/armv6-m\libg_nano.a(lib_a-errno.o)
 .ARM.attributes
                0x0000072b       0x2c c:/program files (x86)/cypress/psoc creator/4.0/psoc creator/import/gnu/arm/4.9.3/bin/../lib/gcc/arm-none-eabi/4.9.3/../../../../arm-none-eabi/lib/armv6-m\libg_nano.a(lib_a-exit.o)
 .ARM.attributes