Archive member included because of file (symbol)

.\ARM_GCC_493\Debug\Prof_DP0.a(cyfitter_cfg.o)
                              .\ARM_GCC_493\Debug\Cm0plusStart.o (cyfitter_cfg)
.\ARM_GCC_493\Debug\Prof_DP0.a(CapSense_Control.o)
                              .\ARM_GCC_493\Debug\main.o (CapSense_Start)
.\ARM_GCC_493\Debug\Prof_DP0.a(CapSense_Processing.o)
                              .\ARM_GCC_493\Debug\Prof_DP0.a(CapSense_Control.o) (CapSense_DpInitialize)
.\ARM_GCC_493\Debug\Prof_DP0.a(CapSense_Structure.o)
                              .\ARM_GCC_493\Debug\Prof_DP0.a(CapSense_Control.o) (CapSense_DsInitialize)
.\ARM_GCC_493\Debug\Prof_DP0.a(CapSense_Tuner.o)
                              .\ARM_GCC_493\Debug\Prof_DP0.a(CapSense_Control.o) (CapSense_TuInitialize)
.\ARM_GCC_493\Debug\Prof_DP0.a(CapSense_Filter.o)
                              .\ARM_GCC_493\Debug\Prof_DP0.a(CapSense_Control.o) (CapSense_InitializeAllBaselines)
.\ARM_GCC_493\Debug\Prof_DP0.a(CapSense_Sensing.o)
                              .\ARM_GCC_493\Debug\main.o (CapSense_IsBusy)
.\ARM_GCC_493\Debug\Prof_DP0.a(CapSense_SensingCSD_LL.o)
                              .\ARM_GCC_493\Debug\Prof_DP0.a(CapSense_Sensing.o) (CapSense_SsCSDInitialize)
.\ARM_GCC_493\Debug\Prof_DP0.a(CapSense_ISR.o)
                              .\ARM_GCC_493\Debug\command_telemetry.o (CapSense_ISR_Enable)
.\ARM_GCC_493\Debug\Prof_DP0.a(CyLib.o)
                              .\ARM_GCC_493\Debug\Prof_DP0.a(CapSense_SensingCSD_LL.o) (CyIntEnable)
.\ARM_GCC_493\Debug\Prof_DP0.a(cyPm.o)
                              .\ARM_GCC_493\Debug\Prof_DP0.a(CapSense_Control.o) (CySysPmSleep)
.\ARM_GCC_493\Debug\Prof_DP0.a(CyLFClk.o)
                              .\ARM_GCC_493\Debug\Prof_DP0.a(CyLib.o) (CySysClkWcoEnabled)
.\ARM_GCC_493\Debug\Prof_DP0.a(Timer_1.o)
                              .\ARM_GCC_493\Debug\main.o (Timer_1_WriteCounter)
.\ARM_GCC_493\Debug\Prof_DP0.a(I2CS.o)
                              .\ARM_GCC_493\Debug\comms.o (I2CS_Start)
.\ARM_GCC_493\Debug\Prof_DP0.a(I2CS_I2C.o)
                              .\ARM_GCC_493\Debug\Prof_DP0.a(I2CS.o) (I2CS_I2CInit)
.\ARM_GCC_493\Debug\Prof_DP0.a(I2CS_I2C_SLAVE.o)
                              .\ARM_GCC_493\Debug\comms.o (I2CS_I2CSlaveStatus)
.\ARM_GCC_493\Debug\Prof_DP0.a(CAPINT.o)
                              .\ARM_GCC_493\Debug\comms.o (CAPINT_Write)
.\ARM_GCC_493\Debug\Prof_DP0.a(CyBootAsmGnu.o)
                              .\ARM_GCC_493\Debug\Prof_DP0.a(CapSense_SensingCSD_LL.o) (CyDelayCycles)
.\ARM_GCC_493\Debug\Prof_DP0.a(CapSense_INT.o)
                              .\ARM_GCC_493\Debug\Prof_DP0.a(CapSense_SensingCSD_LL.o) (CapSense_CSDPostSingleScan)
.\ARM_GCC_493\Debug\Prof_DP0.a(CyFlash.o)
                              .\ARM_GCC_493\Debug\Prof_DP0.a(CyLib.o) (CySysFlashSetWaitCycles)
.\ARM_GCC_493\Debug\Prof_DP0.a(I2CS_I2C_INT.o)
                              .\ARM_GCC_493\Debug\Prof_DP0.a(I2CS_I2C.o) (I2CS_I2C_ISR)
C:\Program Files (x86)\Cypress\PSoC Creator\4.0\PSoC Creator\psoc\content\cycomponentlibrary\CyComponentLibrary.cylib\CapSense_P4_v3_10\PSoC4\Library\Capsense_P4Library_GCCp.a(CapSense_SmartSense_LL_v3_10.o)
                              .\ARM_GCC_493\Debug\Prof_DP0.a(CapSense_Sensing.o) (SmartSense_TunePrescalers)
C:\Program Files (x86)\Cypress\PSoC Creator\4.0\PSoC Creator\psoc\content\cycomponentlibrary\CyComponentLibrary.cylib\CapSense_P4_v3_10\PSoC4\Library\Capsense_P4Library_GCCp.a(CapSense_SmartSense_SL_v3_10.o)
                              .\ARM_GCC_493\Debug\Prof_DP0.a(CapSense_Processing.o) (SmartSense_UpdateThresholds)
c:/program files (x86)/cypress/psoc creator/4.0/psoc creator/import/gnu/arm/4.9.3/bin/../lib/gcc/arm-none-eabi/4.9.3/armv6-m\libgcc.a(_udivsi3.o)
                              .\ARM_GCC_493\Debug\main.o (__aeabi_uidiv)
c:/program files (x86)/cypress/psoc creator/4.0/psoc creator/import/gnu/arm/4.9.3/bin/../lib/gcc/arm-none-eabi/4.9.3/armv6-m\libgcc.a(_divsi3.o)
                              .\ARM_GCC_493\Debug\main.o (__aeabi_idiv)
c:/program files (x86)/cypress/psoc creator/4.0/psoc creator/import/gnu/arm/4.9.3/bin/../lib/gcc/arm-none-eabi/4.9.3/armv6-m\libgcc.a(_dvmd_tls.o)
                              c:/program files (x86)/cypress/psoc creator/4.0/psoc creator/import/gnu/arm/4.9.3/bin/../lib/gcc/arm-none-eabi/4.9.3/armv6-m\libgcc.a(_udivsi3.o) (__aeabi_idiv0)
c:/program files (x86)/cypress/psoc creator/4.0/psoc creator/import/gnu/arm/4.9.3/bin/../lib/gcc/arm-none-eabi/4.9.3/armv6-m\libgcc.a(_aeabi_ldivmod.o)
                              .\ARM_GCC_493\Debug\util.o (__aeabi_ldivmod)
c:/program files (x86)/cypress/psoc creator/4.0/psoc creator/import/gnu/arm/4.9.3/bin/../lib/gcc/arm-none-eabi/4.9.3/armv6-m\libgcc.a(bpabi.o)
[...]
Memory Configuration

Name             Origin             Length             Attributes
rom              0x00000000         0x00008000         xr
ram              0x20000000         0x00001000         xrw
*default*        0x00000000         0xffffffff

Linker script and memory map

LOAD c:/program files (x86)/cypress/psoc creator/4.0/psoc creator/import/gnu/arm/4.9.3/bin/../lib/gcc/arm-none-eabi/4.9.3/armv6-m/crti.o
LOAD c:/program files (x86)/cypress/psoc creator/4.0/psoc creator/import/gnu/arm/4.9.3/bin/../lib/gcc/arm-none-eabi/4.9.3/armv6-m/crtbegin.o
LOAD c:/program files (x86)/cypress/psoc creator/4.0/psoc creator/import/gnu/arm/4.9.3/bin/../lib/gcc/arm-none-eabi/4.9.3/../../../../arm-none-eabi/lib/armv6-m/crt0.o
START GROUP
LOAD .\ARM_GCC_493\Debug\animation.o
LOAD .\ARM_GCC_493\Debug\command_telemetry.o
LOAD .\ARM_GCC_493\Debug\comms.o
LOAD .\ARM_GCC_493\Debug\led.o
LOAD .\ARM_GCC_493\Debug\main.o
LOAD .\ARM_GCC_493\Debug\util.o
LOAD .\ARM_GCC_493\Debug\cymetadata.o
LOAD .\ARM_GCC_493\Debug\Cm0plusStart.o
LOAD .\ARM_GCC_493\Debug\cybootloader.o
LOAD .\ARM_GCC_493\Debug\Prof_DP0.a
LOAD C:\Program Files (x86)\Cypress\PSoC Creator\4.0\PSoC Creator\psoc\content\cycomponentlibrary\CyComponentLibrary.cylib\CapSense_P4_v3_10\PSoC4\Library\Capsense_P4Library_GCCp.a
LOAD c:/program files (x86)/cypress/psoc creator/4.0/psoc creator/import/gnu/arm/4.9.3/bin/../lib/gcc/arm-none-eabi/4.9.3/../../../../arm-none-eabi/lib/armv6-m\libm.a
END GROUP
START GROUP
LOAD c:/program files (x86)/cypress/psoc creator/4.0/psoc creator/import/gnu/arm/4.9.3/bin/../lib/gcc/arm-none-eabi/4.9.3/armv6-m\libgcc.a
LOAD c:/program files (x86)/cypress/psoc creator/4.0/psoc creator/import/gnu/arm/4.9.3/bin/../lib/gcc/arm-none-eabi/4.9.3/../../../../arm-none-eabi/lib/armv6-m\libg_nano.a
LOAD c:/program files (x86)/cypress/psoc creator/4.0/psoc creator/import/gnu/arm/4.9.3/bin/../lib/gcc/arm-none-eabi/4.9.3/../../../../arm-none-eabi/lib/armv6-m\libc_nano.a
END GROUP
START GROUP
LOAD c:/program files (x86)/cypress/psoc creator/4.0/psoc creator/import/gnu/arm/4.9.3/bin/../lib/gcc/arm-none-eabi/4.9.3/armv6-m\libgcc.a
LOAD c:/program files (x86)/cypress/psoc creator/4.0/psoc creator/import/gnu/arm/4.9.3/bin/../lib/gcc/arm-none-eabi/4.9.3/../../../../arm-none-eabi/lib/armv6-m\libc_nano.a
END GROUP
LOAD c:/program files (x86)/cypress/psoc creator/4.0/psoc creator/import/gnu/arm/4.9.3/bin/../lib/gcc/arm-none-eabi/4.9.3/armv6-m/crtend.o
LOAD c:/program files (x86)/cypress/psoc creator/4.0/psoc creator/import/gnu/arm/4.9.3/bin/../lib/gcc/arm-none-eabi/4.9.3/armv6-m/crtn.o
START GROUP
LOAD c:/program files (x86)/cypress/psoc creator/4.0/psoc creator/import/gnu/arm/4.9.3/bin/../lib/gcc/arm-none-eabi/4.9.3/armv6-m\libgcc.a
LOAD c:/program files (x86)/cypress/psoc creator/4.0/psoc creator/import/gnu/arm/4.9.3/bin/../lib/gcc/arm-none-eabi/4.9.3/../../../../arm-none-eabi/lib/armv6-m\libc.a
LOAD c:/program files (x86)/cypress/psoc creator/4.0/psoc creator/import/gnu/arm/4.9.3/bin/../lib/gcc/arm-none-eabi/4.9.3/../../../../arm-none-eabi/lib/armv6-m\libnosys.a
END GROUP
                0x00000000                CY_APPL_ORIGIN = 0x0
                0x00000080                CY_FLASH_ROW_SIZE = 0x80
                0x00000001                CY_APPL_NUM = 0x1
                0x00000001                CY_APPL_MAX = 0x1
                0x00000040                CY_METADATA_SIZE = 0x40
                0x00000001                CY_APPL_LOADABLE = 0x1
                0x00000000                CY_CHECKSUM_EXCLUDE_SIZE = ALIGN (0x0, CY_FLASH_ROW_SIZE)
                0x00000000                CY_APP_FOR_STACK_AND_COPIER = 0x0
                0x20000918                PROVIDE (__cy_heap_start, _end)
                0x00000001                PROVIDE (__cy_region_num, ((__cy_regions_end - __cy_regions) / 0x10))
                0x20001000                PROVIDE (__cy_stack, (ORIGIN (ram) + 0x1000))
                0x20000e00                PROVIDE (__cy_heap_end, (__cy_stack - 0x200))

.cybootloader   0x00000000     0x1800
 *(.cybootloader)
 .cybootloader  0x00000000     0x1800 .\ARM_GCC_493\Debug\cybootloader.o
                0x00000000                cy_bootloader
                0x00001800                appl1_start = CY_APPL_ORIGIN?CY_APPL_ORIGIN:ALIGN (CY_FLASH_ROW_SIZE)
                0x00004b80                appl2_start = (appl1_start + ALIGN ((((0x8000 - appl1_start) - (0x2 * CY_FLASH_ROW_SIZE)) / 0x2), CY_FLASH_ROW_SIZE))
                0x00001800                appl_start = (CY_APPL_NUM == 0x1)?appl1_start:appl2_start
                0x00000000                cy_project_type_bootloader = (appl_start == 0x0)?0x1:0x0
                0x00000000                cy_project_type_app_for_stack_and_copier = (CY_APP_FOR_STACK_AND_COPIER == 0x1)?0x1:0x0

.text           0x00001800     0x3e3c
 CREATE_OBJECT_SYMBOLS
                0x00001800                PROVIDE (__cy_interrupt_vector, RomVectors)
 *(.romvectors)
 .romvectors    0x00001800       0x10 .\ARM_GCC_493\Debug\Cm0plusStart.o
                0x00001800                RomVectors
                0x00000001                ASSERT ((. != __cy_interrupt_vector), No interrupt vector)
                0x00000001                ASSERT (CY_APPL_ORIGIN?(SIZEOF (.cybootloader) <= CY_APPL_ORIGIN):0x1, Wrong image location)
                0x00001810                PROVIDE (__cy_reset, Reset)
 *(.text.Reset)
 .text.Reset    0x00001810       0x14 .\ARM_GCC_493\Debug\Cm0plusStart.o
                0x00001810                Reset
                0x00000001                ASSERT ((. != __cy_reset), No reset code)
 *(.psocinit)
 .psocinit      0x00001824      0x13c .\ARM_GCC_493\Debug\Prof_DP0.a(cyfitter_cfg.o)
                0x000018c0                cyfitter_cfg
                0x00001960                . = MAX (., 0x100)
 *(.text .text.* .gnu.linkonce.t.*)
 .text          0x00001960       0x60 c:/program files (x86)/cypress/psoc creator/4.0/psoc creator/import/gnu/arm/4.9.3/bin/../lib/gcc/arm-none-eabi/4.9.3/armv6-m/crtbegin.o
 .text.animate_all_colors
                0x000019c0       0xe8 .\ARM_GCC_493\Debug\animation.o
                0x000019c0                animate_all_colors
 .text.animate_fix_white
                0x00001aa8       0x2c .\ARM_GCC_493\Debug\animation.o
                0x00001aa8                animate_fix_white
 .text.animate_red_intensity
                0x00001ad4       0x3c .\ARM_GCC_493\Debug\animation.o
                0x00001ad4                animate_red_intensity
 .text.animate_green_intensity
                0x00001b10       0x3c .\ARM_GCC_493\Debug\animation.o
                0x00001b10                animate_green_intensity
 .text.animate_blue_intensity
                0x00001b4c       0x3c .\ARM_GCC_493\Debug\animation.o
                0x00001b4c                animate_blue_intensity
 .text.animate_rainbow_colors
                0x00001b88       0xa0 .\ARM_GCC_493\Debug\animation.o
                0x00001b88                animate_rainbow_colors
 .text.animate_left_right
                0x00001c28       0x44 .\ARM_GCC_493\Debug\animation.o
                0x00001c28                animate_left_right
 .text.animate_intensity
                0x00001c6c       0x80 .\ARM_GCC_493\Debug\animation.o
                0x00001c6c                animate_intensity
 .text.animate_red_white_intensity
                0x00001cec       0x48 .\ARM_GCC_493\Debug\animation.o
                0x00001cec                animate_red_white_intensity
 .text.animate_green_white_intensity
                0x00001d34       0x48 .\ARM_GCC_493\Debug\animation.o
                0x00001d34                animate_green_white_intensity
 .text.animate_blue_white_intensity
                0x00001d7c       0x48 .\ARM_GCC_493\Debug\animation.o
                0x00001d7c                animate_blue_white_intensity
 .text.animate_2_leds
                0x00001dc4       0xd8 .\ARM_GCC_493\Debug\animation.o
                0x00001dc4                animate_2_leds
 .text.animate_button_smooth
                0x00001e9c       0xb4 .\ARM_GCC_493\Debug\animation.o
                0x00001e9c                animate_button_smooth
 .text.animate_button_smooth_slow
                0x00001f50       0x1c .\ARM_GCC_493\Debug\animation.o
                0x00001f50                animate_button_smooth_slow
 .text.animate_button_smooth_fast
                0x00001f6c       0x1c .\ARM_GCC_493\Debug\animation.o
                0x00001f6c                animate_button_smooth_fast
 .text.get_animation
                0x00001f88       0x30 .\ARM_GCC_493\Debug\animation.o
                0x00001f88                get_animation
 .text.set_is_auto_anim_rotation_enable
                0x00001fb8        0xc .\ARM_GCC_493\Debug\animation.o
                0x00001fb8                set_is_auto_anim_rotation_enable
 .text.get_is_anim_on_button_up_enable
                0x00001fc4        0xc .\ARM_GCC_493\Debug\animation.o
                0x00001fc4                get_is_anim_on_button_up_enable
 .text.set_is_anim_on_button_up_enable
                0x00001fd0       0x40 .\ARM_GCC_493\Debug\animation.o
                0x00001fd0                set_is_anim_on_button_up_enable
 .text.set_current_callback_anim
                0x00002010       0x60 .\ARM_GCC_493\Debug\animation.o
                0x00002010                set_current_callback_anim
 .text.run_current_animation
                0x00002070       0x64 .\ARM_GCC_493\Debug\animation.o
                0x00002070                run_current_animation
 .text.get_cmd_id_from_cmd_string
                0x000020d4       0x38 .\ARM_GCC_493\Debug\command_telemetry.o
                0x000020d4                get_cmd_id_from_cmd_string
 .text.get_sensor_cmd_id_from_cmd_string
                0x0000210c       0x3c .\ARM_GCC_493\Debug\command_telemetry.o
                0x0000210c                get_sensor_cmd_id_from_cmd_string
 .text.get_telemetry_cmd_id_from_cmd_string
                0x00002148       0x3c .\ARM_GCC_493\Debug\command_telemetry.o
                0x00002148                get_telemetry_cmd_id_from_cmd_string
 .text.get_tracker_cmd_id_from_cmd_string
                0x00002184       0x3c .\ARM_GCC_493\Debug\command_telemetry.o
                0x00002184                get_tracker_cmd_id_from_cmd_string
 .text.get_anim_cmd_id_from_cmd_string
                0x000021c0       0x3c .\ARM_GCC_493\Debug\command_telemetry.o
                0x000021c0                get_anim_cmd_id_from_cmd_string
 .text.get_anim_id_from_cmd_string
                0x000021fc       0x30 .\ARM_GCC_493\Debug\command_telemetry.o
                0x000021fc                get_anim_id_from_cmd_string
 .text.get_boot_cmd_id_from_cmd_string
                0x0000222c       0x3c .\ARM_GCC_493\Debug\command_telemetry.o
                0x0000222c                get_boot_cmd_id_from_cmd_string
 .text.get_led_cmd_id_from_cmd_string
                0x00002268       0x3c .\ARM_GCC_493\Debug\command_telemetry.o
                0x00002268                get_led_cmd_id_from_cmd_string
 .text.get_is_telemetry_enable
                0x000022a4        0xc .\ARM_GCC_493\Debug\command_telemetry.o
                0x000022a4                get_is_telemetry_enable
 .text.send_telemetry
                0x000022b0       0x1c .\ARM_GCC_493\Debug\command_telemetry.o
                0x000022b0                send_telemetry
 .text.send_alarm_telemetry
                0x000022cc       0xb8 .\ARM_GCC_493\Debug\command_telemetry.o
                0x000022cc                send_alarm_telemetry
 .text.send_animation_telemetry
                0x00002384       0x80 .\ARM_GCC_493\Debug\command_telemetry.o
                0x00002384                send_animation_telemetry
 .text.send_push_button_telemetry
                0x00002404       0xa8 .\ARM_GCC_493\Debug\command_telemetry.o
                0x00002404                send_push_button_telemetry
 .text.set_is_telemetry_enable
                0x000024ac        0xc .\ARM_GCC_493\Debug\command_telemetry.o
                0x000024ac                set_is_telemetry_enable
 .text.set_is_sensor_telemetry_enable
                0x000024b8        0xc .\ARM_GCC_493\Debug\command_telemetry.o
                0x000024b8                set_is_sensor_telemetry_enable
 .text.parse_and_execute_command
                0x000024c4      0x71c .\ARM_GCC_493\Debug\command_telemetry.o
                0x000024c4                parse_and_execute_command
 .text.CommsInit
                0x00002be0       0x24 .\ARM_GCC_493\Debug\comms.o
                0x00002be0                CommsInit
 .text.CommsIsInputBufferReady
                0x00002c04        0xc .\ARM_GCC_493\Debug\comms.o
                0x00002c04                CommsIsInputBufferReady
 .text.CommsResetInputBuffer
                0x00002c10        0xc .\ARM_GCC_493\Debug\comms.o
                0x00002c10                CommsResetInputBuffer
 .text.CommsGetInputBuffer
                0x00002c1c        0x8 .\ARM_GCC_493\Debug\comms.o
                0x00002c1c                CommsGetInputBuffer
 .text.CommsSendData
                0x00002c24       0x54 .\ARM_GCC_493\Debug\comms.o
                0x00002c24                CommsSendData
 .text.set_led_buffer
                0x00002c78      0x1d0 .\ARM_GCC_493\Debug\led.o
 .text.set_led_strip
                0x00002e48      0x188 .\ARM_GCC_493\Debug\led.o
                0x00002e48                set_led_strip
 .text.set_led  0x00002fd0        0x8 .\ARM_GCC_493\Debug\led.o
                0x00002fd0                set_led
 .text.set_led_pair
                0x00002fd8       0x18 .\ARM_GCC_493\Debug\led.o
                0x00002fd8                set_led_pair
 .text.set_all_leds_intensity
                0x00002ff0       0x18 .\ARM_GCC_493\Debug\led.o
                0x00002ff0                set_all_leds_intensity
 .text.set_all_white_leds
                0x00003008       0x18 .\ARM_GCC_493\Debug\led.o
                0x00003008                set_all_white_leds
 .text.set_all_colored_leds
                0x00003020       0x18 .\ARM_GCC_493\Debug\led.o
                0x00003020                set_all_colored_leds
 .text.initialize_leds
                0x00003038        0x4 .\ARM_GCC_493\Debug\led.o
                0x00003038                initialize_leds
 .text.push_button_scan
                0x0000303c       0x4c .\ARM_GCC_493\Debug\main.o
                0x0000303c                push_button_scan
 .text.main     0x00003088       0xac .\ARM_GCC_493\Debug\main.o
                0x00003088                main
 .text.atoi     0x00003134       0x44 .\ARM_GCC_493\Debug\util.o
                0x00003134                atoi
 .text.itoa     0x00003178       0x48 .\ARM_GCC_493\Debug\util.o
                0x00003178                itoa
 .text.set_is_tracker_enable
                0x000031c0        0xc .\ARM_GCC_493\Debug\util.o
                0x000031c0                set_is_tracker_enable
 .text.set_number_of_buttons
                0x000031cc        0x4 .\ARM_GCC_493\Debug\util.o
                0x000031cc                set_number_of_buttons
 .text.get_timer_interrrupt_count
                0x000031d0        0xc .\ARM_GCC_493\Debug\util.o
                0x000031d0                get_timer_interrrupt_count
 .text.get_software_version
                0x000031dc        0x8 .\ARM_GCC_493\Debug\util.o
                0x000031dc                get_software_version
 .text.IntDefaultHandler
                0x000031e4       0x10 .\ARM_GCC_493\Debug\Cm0plusStart.o
                0x000031e4                IntDefaultHandler
 .text.Start_c  0x000031f4       0x48 .\ARM_GCC_493\Debug\Cm0plusStart.o
                0x000031f4                Start_c
 .text.initialize_psoc
                0x0000323c       0x58 .\ARM_GCC_493\Debug\Cm0plusStart.o
                0x0000323c                initialize_psoc
 .text.SetAnalogRoutingPumps
                0x00003294       0x38 .\ARM_GCC_493\Debug\Prof_DP0.a(cyfitter_cfg.o)
                0x00003294                SetAnalogRoutingPumps
 .text.AnalogSetDefault
                0x000032cc       0x14 .\ARM_GCC_493\Debug\Prof_DP0.a(cyfitter_cfg.o)
 .text.CapSense_Initialize
                0x000032e0       0x28 .\ARM_GCC_493\Debug\Prof_DP0.a(CapSense_Control.o)
                0x000032e0                CapSense_Initialize
 .text.CapSense_Start
                0x00003308       0x50 .\ARM_GCC_493\Debug\Prof_DP0.a(CapSense_Control.o)
                0x00003308                CapSense_Start
 .text.CapSense_ProcessAllWidgets
                0x00003358       0x48 .\ARM_GCC_493\Debug\Prof_DP0.a(CapSense_Control.o)
                0x00003358                CapSense_ProcessAllWidgets
 .text.CapSense_DpInitialize
                0x000033a0       0x5c .\ARM_GCC_493\Debug\Prof_DP0.a(CapSense_Processing.o)
                0x000033a0                CapSense_DpInitialize
 .text.CapSense_DpUpdateThresholds
                0x000033fc       0x34 .\ARM_GCC_493\Debug\Prof_DP0.a(CapSense_Processing.o)
                0x000033fc                CapSense_DpUpdateThresholds
 .text.CapSense_DpUpdateDifferences
                0x00003430       0x14 .\ARM_GCC_493\Debug\Prof_DP0.a(CapSense_Processing.o)
                0x00003430                CapSense_DpUpdateDifferences
 .text.CapSense_DpProcessCsdWidgetRawCounts
                0x00003444       0x90 .\ARM_GCC_493\Debug\Prof_DP0.a(CapSense_Processing.o)
                0x00003444                CapSense_DpProcessCsdWidgetRawCounts
 .text.CapSense_DpProcessButton
                0x000034d4       0x64 .\ARM_GCC_493\Debug\Prof_DP0.a(CapSense_Processing.o)
                0x000034d4                CapSense_DpProcessButton
 .text.CapSense_DpProcessCsdWidgetStatus
                0x00003538       0x58 .\ARM_GCC_493\Debug\Prof_DP0.a(CapSense_Processing.o)
                0x00003538                CapSense_DpProcessCsdWidgetStatus
 .text.CapSense_DsInitialize
                0x00003590       0x68 .\ARM_GCC_493\Debug\Prof_DP0.a(CapSense_Structure.o)
                0x00003590                CapSense_DsInitialize
 .text.CapSense_IsWidgetActive
                0x000035f8       0x24 .\ARM_GCC_493\Debug\Prof_DP0.a(CapSense_Structure.o)
                0x000035f8                CapSense_IsWidgetActive
 .text.CapSense_TuInitialize
                0x0000361c       0x14 .\ARM_GCC_493\Debug\Prof_DP0.a(CapSense_Tuner.o)
                0x0000361c                CapSense_TuInitialize
 .text.CapSense_FtInitializeBaselineChannel
                0x00003630       0x1c .\ARM_GCC_493\Debug\Prof_DP0.a(CapSense_Filter.o)
                0x00003630                CapSense_FtInitializeBaselineChannel
 .text.CapSense_InitializeSensorBaseline
                0x0000364c       0x30 .\ARM_GCC_493\Debug\Prof_DP0.a(CapSense_Filter.o)
                0x0000364c                CapSense_InitializeSensorBaseline
 .text.CapSense_InitializeWidgetBaseline
                0x0000367c       0x24 .\ARM_GCC_493\Debug\Prof_DP0.a(CapSense_Filter.o)
                0x0000367c                CapSense_InitializeWidgetBaseline
 .text.CapSense_InitializeAllBaselines
                0x000036a0       0x18 .\ARM_GCC_493\Debug\Prof_DP0.a(CapSense_Filter.o)
                0x000036a0                CapSense_InitializeAllBaselines
 .text.CapSense_InitializeIIRInternal
                0x000036b8       0x1c .\ARM_GCC_493\Debug\Prof_DP0.a(CapSense_Filter.o)
                0x000036b8                CapSense_InitializeIIRInternal
 .text.CapSense_FtInitialize
                0x000036d4       0x6c .\ARM_GCC_493\Debug\Prof_DP0.a(CapSense_Filter.o)
                0x000036d4                CapSense_FtInitialize
 .text.CapSense_FtIIR1stOrder
                0x00003740       0x14 .\ARM_GCC_493\Debug\Prof_DP0.a(CapSense_Filter.o)
                0x00003740                CapSense_FtIIR1stOrder
 .text.CapSense_FtUpdateBaseline
                0x00003754       0x94 .\ARM_GCC_493\Debug\Prof_DP0.a(CapSense_Filter.o)
                0x00003754                CapSense_FtUpdateBaseline
 .text.CapSense_RunIIRInternal
                0x000037e8       0x38 .\ARM_GCC_493\Debug\Prof_DP0.a(CapSense_Filter.o)
                0x000037e8                CapSense_RunIIRInternal
 .text.CapSense_FtRunEnabledFiltersInternal
                0x00003820        0x8 .\ARM_GCC_493\Debug\Prof_DP0.a(CapSense_Filter.o)
                0x00003820                CapSense_FtRunEnabledFiltersInternal
 .text.CapSense_SsSetDirectClockMode
                0x00003828       0x14 .\ARM_GCC_493\Debug\Prof_DP0.a(CapSense_Sensing.o)
 .text.CapSense_SsSetWidgetSenseClkSrc
                0x0000383c        0x8 .\ARM_GCC_493\Debug\Prof_DP0.a(CapSense_Sensing.o)
 .text.CapSense_IsBusy
                0x00003844       0x10 .\ARM_GCC_493\Debug\Prof_DP0.a(CapSense_Sensing.o)
                0x00003844                CapSense_IsBusy
 .text.CapSense_SetupWidget
                0x00003854       0x44 .\ARM_GCC_493\Debug\Prof_DP0.a(CapSense_Sensing.o)
                0x00003854                CapSense_SetupWidget
 .text.CapSense_Scan
                0x00003898       0x1c .\ARM_GCC_493\Debug\Prof_DP0.a(CapSense_Sensing.o)
                0x00003898                CapSense_Scan
 .text.CapSense_ScanAllWidgets
                0x000038b4       0x3c .\ARM_GCC_493\Debug\Prof_DP0.a(CapSense_Sensing.o)
                0x000038b4                CapSense_ScanAllWidgets
 .text.CapSense_SsPostAllWidgetsScan
                0x000038f0        0x4 .\ARM_GCC_493\Debug\Prof_DP0.a(CapSense_Sensing.o)
                0x000038f0                CapSense_SsPostAllWidgetsScan
 .text.CapSense_SsSetModClkClockDivider
                0x000038f4       0x30 .\ARM_GCC_493\Debug\Prof_DP0.a(CapSense_Sensing.o)
                0x000038f4                CapSense_SsSetModClkClockDivider
 .text.CapSense_SsSetSnsClockDivider
                0x00003924       0x14 .\ARM_GCC_493\Debug\Prof_DP0.a(CapSense_Sensing.o)
                0x00003924                CapSense_SsSetSnsClockDivider
 .text.CapSense_SsAutoTune
                0x00003938      0x118 .\ARM_GCC_493\Debug\Prof_DP0.a(CapSense_Sensing.o)
                0x00003938                CapSense_SsAutoTune
 .text.CapSense_SsInitializeSourceSenseClk
                0x00003a50       0x20 .\ARM_GCC_493\Debug\Prof_DP0.a(CapSense_Sensing.o)
                0x00003a50                CapSense_SsInitializeSourceSenseClk
 .text.CapSense_SsInitialize
                0x00003a70       0x10 .\ARM_GCC_493\Debug\Prof_DP0.a(CapSense_Sensing.o)
                0x00003a70                CapSense_SsInitialize
 .text.CapSense_SsClearCSDSensors
                0x00003a80       0x38 .\ARM_GCC_493\Debug\Prof_DP0.a(CapSense_Sensing.o)
                0x00003a80                CapSense_SsClearCSDSensors
 .text.CapSense_SsCSDSetFilterDelay
                0x00003ab8       0x50 .\ARM_GCC_493\Debug\Prof_DP0.a(CapSense_SensingCSD_LL.o)
 .text.CapSense_SsCSDConfigIDACs
                0x00003b08       0x1c .\ARM_GCC_493\Debug\Prof_DP0.a(CapSense_SensingCSD_LL.o)
 .text.CapSense_SsCSDRestoreIdacMode
                0x00003b24       0x30 .\ARM_GCC_493\Debug\Prof_DP0.a(CapSense_SensingCSD_LL.o)
 .text.CapSense_SsCSDCalibrateCheck
                0x00003b54       0x44 .\ARM_GCC_493\Debug\Prof_DP0.a(CapSense_SensingCSD_LL.o)
 .text.CapSense_SsCSDSetModeSnsClockDivider
                0x00003b98       0x10 .\ARM_GCC_493\Debug\Prof_DP0.a(CapSense_SensingCSD_LL.o)
                0x00003b98                CapSense_SsCSDSetModeSnsClockDivider
 .text.CapSense_SsCSDInitialize
                0x00003ba8      0x11c .\ARM_GCC_493\Debug\Prof_DP0.a(CapSense_SensingCSD_LL.o)
                0x00003ba8                CapSense_SsCSDInitialize
 .text.CapSense_SsCSDSetUpIdacs
                0x00003cc4       0x44 .\ARM_GCC_493\Debug\Prof_DP0.a(CapSense_SensingCSD_LL.o)
                0x00003cc4                CapSense_SsCSDSetUpIdacs
 .text.CapSense_SsCSDGetNumberOfConversions
                0x00003d08       0x24 .\ARM_GCC_493\Debug\Prof_DP0.a(CapSense_SensingCSD_LL.o)
                0x00003d08                CapSense_SsCSDGetNumberOfConversions
 .text.CapSense_SsCSDConfigClock
                0x00003d2c       0x38 .\ARM_GCC_493\Debug\Prof_DP0.a(CapSense_SensingCSD_LL.o)
                0x00003d2c                CapSense_SsCSDConfigClock
 .text.CapSense_SsCSDCalculateScanDuration
                0x00003d64       0x1c .\ARM_GCC_493\Debug\Prof_DP0.a(CapSense_SensingCSD_LL.o)
                0x00003d64                CapSense_SsCSDCalculateScanDuration
 .text.CapSense_SsCSDStartSample
                0x00003d80      0x10c .\ARM_GCC_493\Debug\Prof_DP0.a(CapSense_SensingCSD_LL.o)
                0x00003d80                CapSense_SsCSDStartSample
 .text.CapSense_CSDScanExt
                0x00003e8c       0x1c .\ARM_GCC_493\Debug\Prof_DP0.a(CapSense_SensingCSD_LL.o)
                0x00003e8c                CapSense_CSDScanExt
 .text.CapSense_CSDConnectSns
                0x00003ea8       0x34 .\ARM_GCC_493\Debug\Prof_DP0.a(CapSense_SensingCSD_LL.o)
                0x00003ea8                CapSense_CSDConnectSns
 .text.CapSense_CSDScan
                0x00003edc       0x6c .\ARM_GCC_493\Debug\Prof_DP0.a(CapSense_SensingCSD_LL.o)
                0x00003edc                CapSense_CSDScan
 .text.CapSense_SsCSDConnectSensorExt
                0x00003f48       0x24 .\ARM_GCC_493\Debug\Prof_DP0.a(CapSense_SensingCSD_LL.o)
                0x00003f48                CapSense_SsCSDConnectSensorExt
 .text.CapSense_CSDDisconnectSns
                0x00003f6c       0x40 .\ARM_GCC_493\Debug\Prof_DP0.a(CapSense_SensingCSD_LL.o)
                0x00003f6c                CapSense_CSDDisconnectSns
 .text.CapSense_SsCSDElectrodeCheck
                0x00003fac       0x24 .\ARM_GCC_493\Debug\Prof_DP0.a(CapSense_SensingCSD_LL.o)
                0x00003fac                CapSense_SsCSDElectrodeCheck
 .text.CapSense_CSDSetupWidget
                0x00003fd0       0x50 .\ARM_GCC_493\Debug\Prof_DP0.a(CapSense_SensingCSD_LL.o)
                0x00003fd0                CapSense_CSDSetupWidget
 .text.CapSense_CSDSetupWidgetExt
                0x00004020       0x68 .\ARM_GCC_493\Debug\Prof_DP0.a(CapSense_SensingCSD_LL.o)
                0x00004020                CapSense_CSDSetupWidgetExt
 .text.CapSense_SsCSDSetSingleIdacMode
                0x00004088       0x2c .\ARM_GCC_493\Debug\Prof_DP0.a(CapSense_SensingCSD_LL.o)
                0x00004088                CapSense_SsCSDSetSingleIdacMode
 .text.CapSense_SsCSDCalibrateOneSensor
                0x000040b4       0xe0 .\ARM_GCC_493\Debug\Prof_DP0.a(CapSense_SensingCSD_LL.o)
 .text.CapSense_CSDCalibrateWidget
                0x00004194       0xf8 .\ARM_GCC_493\Debug\Prof_DP0.a(CapSense_SensingCSD_LL.o)
                0x00004194                CapSense_CSDCalibrateWidget
 .text.CapSense_ISR_SetVector
                0x0000428c        0xc .\ARM_GCC_493\Debug\Prof_DP0.a(CapSense_ISR.o)
                0x0000428c                CapSense_ISR_SetVector
 .text.CapSense_ISR_SetPriority
                0x00004298       0x24 .\ARM_GCC_493\Debug\Prof_DP0.a(CapSense_ISR.o)
                0x00004298                CapSense_ISR_SetPriority
 .text.CapSense_ISR_Enable
                0x000042bc       0x10 .\ARM_GCC_493\Debug\Prof_DP0.a(CapSense_ISR.o)
                0x000042bc                CapSense_ISR_Enable
 .text.CapSense_ISR_Disable
                0x000042cc       0x10 .\ARM_GCC_493\Debug\Prof_DP0.a(CapSense_ISR.o)
                0x000042cc                CapSense_ISR_Disable
 .text.CapSense_ISR_StartEx
                0x000042dc       0x1c .\ARM_GCC_493\Debug\Prof_DP0.a(CapSense_ISR.o)
                0x000042dc                CapSense_ISR_StartEx
 .text.CySysClkImoDisableWcoLock
                0x000042f8       0x14 .\ARM_GCC_493\Debug\Prof_DP0.a(CyLib.o)
                0x000042f8                CySysClkImoDisableWcoLock
 .text.CySysClkImoGetWcoLock
                0x0000430c       0x14 .\ARM_GCC_493\Debug\Prof_DP0.a(CyLib.o)
                0x0000430c                CySysClkImoGetWcoLock
 .text.CyIntEnable
                0x00004320       0x14 .\ARM_GCC_493\Debug\Prof_DP0.a(CyLib.o)
                0x00004320                CyIntEnable
 .text.CyIntDisable
                0x00004334       0x14 .\ARM_GCC_493\Debug\Prof_DP0.a(CyLib.o)
                0x00004334                CyIntDisable
 .text.CyIntClearPending
                0x00004348       0x14 .\ARM_GCC_493\Debug\Prof_DP0.a(CyLib.o)
                0x00004348                CyIntClearPending
 .text.CyHalt   0x0000435c        0x4 .\ARM_GCC_493\Debug\Prof_DP0.a(CyLib.o)
                0x0000435c                CyHalt
 .text.CyIntSetVector
                0x00004360       0x24 .\ARM_GCC_493\Debug\Prof_DP0.a(CyLib.o)
                0x00004360                CyIntSetVector
 .text.CyIntSetPriority
                0x00004384       0x4c .\ARM_GCC_493\Debug\Prof_DP0.a(CyLib.o)
                0x00004384                CyIntSetPriority
 .text.CyDelay  0x000043d0       0x30 .\ARM_GCC_493\Debug\Prof_DP0.a(CyLib.o)
                0x000043d0                CyDelay
 .text.CySysClkImoEnableWcoLock
                0x00004400       0xcc .\ARM_GCC_493\Debug\Prof_DP0.a(CyLib.o)
                0x00004400                CySysClkImoEnableWcoLock
 .text.CySysClkWriteImoFreq
                0x000044cc       0xd8 .\ARM_GCC_493\Debug\Prof_DP0.a(CyLib.o)
                0x000044cc                CySysClkWriteImoFreq
 .text.CySysPmSleep
                0x000045a4       0x1c .\ARM_GCC_493\Debug\Prof_DP0.a(cyPm.o)
                0x000045a4                CySysPmSleep
 .text.CySysClkWcoEnabled
                0x000045c0       0x14 .\ARM_GCC_493\Debug\Prof_DP0.a(CyLFClk.o)
                0x000045c0                CySysClkWcoEnabled
 .text.CySysWdtDisable
                0x000045d4       0x10 .\ARM_GCC_493\Debug\Prof_DP0.a(CyLFClk.o)
                0x000045d4                CySysWdtDisable
 .text.I2CS_ScbEnableIntr
                0x000045e4        0xc .\ARM_GCC_493\Debug\Prof_DP0.a(I2CS.o)
 .text.I2CS_Init
                0x000045f0        0x8 .\ARM_GCC_493\Debug\Prof_DP0.a(I2CS.o)
                0x000045f0                I2CS_Init
 .text.I2CS_Enable
                0x000045f8       0x18 .\ARM_GCC_493\Debug\Prof_DP0.a(I2CS.o)
                0x000045f8                I2CS_Enable
 .text.I2CS_Start
                0x00004610       0x20 .\ARM_GCC_493\Debug\Prof_DP0.a(I2CS.o)
                0x00004610                I2CS_Start
 .text.I2CS_I2CInit
                0x00004630       0xcc .\ARM_GCC_493\Debug\Prof_DP0.a(I2CS_I2C.o)
                0x00004630                I2CS_I2CInit
 .text.I2CS_I2CSlaveStatus
                0x000046fc        0xc .\ARM_GCC_493\Debug\Prof_DP0.a(I2CS_I2C_SLAVE.o)
                0x000046fc                I2CS_I2CSlaveStatus
 .text.I2CS_I2CSlaveClearReadStatus
                0x00004708       0x28 .\ARM_GCC_493\Debug\Prof_DP0.a(I2CS_I2C_SLAVE.o)
                0x00004708                I2CS_I2CSlaveClearReadStatus
 .text.I2CS_I2CSlaveClearWriteStatus
                0x00004730       0x28 .\ARM_GCC_493\Debug\Prof_DP0.a(I2CS_I2C_SLAVE.o)
                0x00004730                I2CS_I2CSlaveClearWriteStatus
 .text.I2CS_I2CSlaveInitReadBuf
                0x00004758       0x3c .\ARM_GCC_493\Debug\Prof_DP0.a(I2CS_I2C_SLAVE.o)
                0x00004758                I2CS_I2CSlaveInitReadBuf
 .text.I2CS_I2CSlaveInitWriteBuf
                0x00004794       0x34 .\ARM_GCC_493\Debug\Prof_DP0.a(I2CS_I2C_SLAVE.o)
                0x00004794                I2CS_I2CSlaveInitWriteBuf
 .text.I2CS_I2CSlaveClearReadBuf
                0x000047c8        0xc .\ARM_GCC_493\Debug\Prof_DP0.a(I2CS_I2C_SLAVE.o)
                0x000047c8                I2CS_I2CSlaveClearReadBuf
 .text.I2CS_I2CSlaveClearWriteBuf
                0x000047d4        0xc .\ARM_GCC_493\Debug\Prof_DP0.a(I2CS_I2C_SLAVE.o)
                0x000047d4                I2CS_I2CSlaveClearWriteBuf
 .text.CAPINT_Write
                0x000047e0       0x18 .\ARM_GCC_493\Debug\Prof_DP0.a(CAPINT.o)
                0x000047e0                CAPINT_Write
 .text          0x000047f8       0x20 .\ARM_GCC_493\Debug\Prof_DP0.a(CyBootAsmGnu.o)
                0x000047f8                CyDelayCycles
                0x0000480a                CyEnterCriticalSection
                0x00004812                CyExitCriticalSection
 .text.CapSense_CSDPostSingleScan
                0x00004818       0x74 .\ARM_GCC_493\Debug\Prof_DP0.a(CapSense_INT.o)
                0x00004818                CapSense_CSDPostSingleScan
 .text.CapSense_CSDPostMultiScan
                0x0000488c      0x108 .\ARM_GCC_493\Debug\Prof_DP0.a(CapSense_INT.o)
                0x0000488c                CapSense_CSDPostMultiScan
 .text.CySysFlashSetWaitCycles
                0x00004994       0x54 .\ARM_GCC_493\Debug\Prof_DP0.a(CyFlash.o)
                0x00004994                CySysFlashSetWaitCycles
 .text.I2CS_I2C_ISR
                0x000049e8      0x3d4 .\ARM_GCC_493\Debug\Prof_DP0.a(I2CS_I2C_INT.o)
                0x000049e8                I2CS_I2C_ISR
 .text.SmartSense_TunePrescalers
                0x00004dbc       0x68 C:\Program Files (x86)\Cypress\PSoC Creator\4.0\PSoC Creator\psoc\content\cycomponentlibrary\CyComponentLibrary.cylib\CapSense_P4_v3_10\PSoC4\Library\Capsense_P4Library_GCCp.a(CapSense_SmartSense_LL_v3_10.o)
                0x00004dbc                SmartSense_TunePrescalers
 .text.SmartSense_TuneSensitivity
                0x00004e24       0x74 C:\Program Files (x86)\Cypress\PSoC Creator\4.0\PSoC Creator\psoc\content\cycomponentlibrary\CyComponentLibrary.cylib\CapSense_P4_v3_10\PSoC4\Library\Capsense_P4Library_GCCp.a(CapSense_SmartSense_LL_v3_10.o)
                0x00004e24                SmartSense_TuneSensitivity
 .text.SmartSense_UpdateThresholds
                0x00004e98       0x40 C:\Program Files (x86)\Cypress\PSoC Creator\4.0\PSoC Creator\psoc\content\cycomponentlibrary\CyComponentLibrary.cylib\CapSense_P4_v3_10\PSoC4\Library\Capsense_P4Library_GCCp.a(CapSense_SmartSense_SL_v3_10.o)
                0x00004e98                SmartSense_UpdateThresholds
 .text.SmartSense_InitializeNoiseEnvelope
                0x00004ed8       0x18 C:\Program Files (x86)\Cypress\PSoC Creator\4.0\PSoC Creator\psoc\content\cycomponentlibrary\CyComponentLibrary.cylib\CapSense_P4_v3_10\PSoC4\Library\Capsense_P4Library_GCCp.a(CapSense_SmartSense_SL_v3_10.o)
                0x00004ed8                SmartSense_InitializeNoiseEnvelope
 .text.SmartSense_RunNoiseEnvelope
                0x00004ef0       0x8e C:\Program Files (x86)\Cypress\PSoC Creator\4.0\PSoC Creator\psoc\content\cycomponentlibrary\CyComponentLibrary.cylib\CapSense_P4_v3_10\PSoC4\Library\Capsense_P4Library_GCCp.a(CapSense_SmartSense_SL_v3_10.o)
                0x00004ef0                SmartSense_RunNoiseEnvelope
 *fill*         0x00004f7e        0x2 
 .text          0x00004f80      0x120 c:/program files (x86)/cypress/psoc creator/4.0/psoc creator/import/gnu/arm/4.9.3/bin/../lib/gcc/arm-none-eabi/4.9.3/armv6-m\libgcc.a(_udivsi3.o)
                0x00004f80                __aeabi_uidiv
                0x00004f80                __udivsi3
                0x0000508c                __aeabi_uidivmod
 .text          0x000050a0        0x4 c:/program files (x86)/cypress/psoc creator/4.0/psoc creator/import/gnu/arm/4.9.3/bin/../lib/gcc/arm-none-eabi/4.9.3/armv6-m\libgcc.a(_dvmd_tls.o)
                0x000050a0                __aeabi_idiv0
                0x000050a0                __aeabi_ldiv0
 .text          0x000050a4       0x48 c:/program files (x86)/cypress/psoc creator/4.0/psoc creator/import/gnu/arm/4.9.3/bin/../lib/gcc/arm-none-eabi/4.9.3/armv6-m\libgcc.a(_aeabi_ldivmod.o)
                0x000050a4                __aeabi_ldivmod
 .text          0x000050ec       0x6c c:/program files (x86)/cypress/psoc creator/4.0/psoc creator/import/gnu/arm/4.9.3/bin/../lib/gcc/arm-none-eabi/4.9.3/armv6-m\libgcc.a(bpabi.o)
                0x000050ec                __gnu_ldivmod_helper
                0x00005124                __gnu_uldivmod_helper
 .text          0x00005158       0x54 c:/program files (x86)/cypress/psoc creator/4.0/psoc creator/import/gnu/arm/4.9.3/bin/../lib/gcc/arm-none-eabi/4.9.3/armv6-m\libgcc.a(_muldi3.o)
                0x00005158                __muldi3
                0x00005158                __aeabi_lmul
 .text          0x000051ac      0x1f0 c:/program files (x86)/cypress/psoc creator/4.0/psoc creator/import/gnu/arm/4.9.3/bin/../lib/gcc/arm-none-eabi/4.9.3/armv6-m\libgcc.a(_divdi3.o)
                0x000051ac                __divdi3
 .text          0x0000539c      0x158 c:/program files (x86)/cypress/psoc creator/4.0/psoc creator/import/gnu/arm/4.9.3/bin/../lib/gcc/arm-none-eabi/4.9.3/armv6-m\libgcc.a(_udivdi3.o)
                0x0000539c                __udivdi3
 .text          0x000054f4       0x18 c:/program files (x86)/cypress/psoc creator/4.0/psoc creator/import/gnu/arm/4.9.3/bin/../lib/gcc/arm-none-eabi/4.9.3/armv6-m\libgcc.a(_clzdi2.o)
                0x000054f4                __clzdi2
 .text          0x0000550c       0x3c c:/program files (x86)/cypress/psoc creator/4.0/psoc creator/import/gnu/arm/4.9.3/bin/../lib/gcc/arm-none-eabi/4.9.3/armv6-m\libgcc.a(_clzsi2.o)
                0x0000550c                __clzsi2
 .text.__errno  0x00005548        0xc c:/program files (x86)/cypress/psoc creator/4.0/psoc creator/import/gnu/arm/4.9.3/bin/../lib/gcc/arm-none-eabi/4.9.3/../../../../arm-none-eabi/lib/armv6-m\libg_nano.a(lib_a-errno.o)
                0x00005548                __errno
 .text.__libc_init_array
                0x00005554       0x4c c:/program files (x86)/cypress/psoc creator/4.0/psoc creator/import/gnu/arm/4.9.3/bin/../lib/gcc/arm-none-eabi/4.9.3/../../../../arm-none-eabi/lib/armv6-m\libg_nano.a(lib_a-init.o)
                0x00005554                __libc_init_array
 .text.memcpy   0x000055a0       0x12 c:/program files (x86)/cypress/psoc creator/4.0/psoc creator/import/gnu/arm/4.9.3/bin/../lib/gcc/arm-none-eabi/4.9.3/../../../../arm-none-eabi/lib/armv6-m\libg_nano.a(lib_a-memcpy.o)
                0x000055a0                memcpy
 .text.memset   0x000055b2       0x10 c:/program files (x86)/cypress/psoc creator/4.0/psoc creator/import/gnu/arm/4.9.3/bin/../lib/gcc/arm-none-eabi/4.9.3/../../../../arm-none-eabi/lib/armv6-m\libg_nano.a(lib_a-memset.o)
                0x000055b2                memset
 .text.strcat   0x000055c2       0x1a c:/program files (x86)/cypress/psoc creator/4.0/psoc creator/import/gnu/arm/4.9.3/bin/../lib/gcc/arm-none-eabi/4.9.3/../../../../arm-none-eabi/lib/armv6-m\libg_nano.a(lib_a-strcat.o)
                0x000055c2                strcat
 .text.strchr   0x000055dc       0x1c c:/program files (x86)/cypress/psoc creator/4.0/psoc creator/import/gnu/arm/4.9.3/bin/../lib/gcc/arm-none-eabi/4.9.3/../../../../arm-none-eabi/lib/armv6-m\libg_nano.a(lib_a-strchr.o)
                0x000055dc                strchr
 .text.strlen   0x000055f8        0xe c:/program files (x86)/cypress/psoc creator/4.0/psoc creator/import/gnu/arm/4.9.3/bin/../lib/gcc/arm-none-eabi/4.9.3/../../../../arm-none-eabi/lib/armv6-m\libg_nano.a(lib_a-strlen.o)
                0x000055f8                strlen
 .text.strstr   0x00005606       0x36 c:/program files (x86)/cypress/psoc creator/4.0/psoc creator/import/gnu/arm/4.9.3/bin/../lib/gcc/arm-none-eabi/4.9.3/../../../../arm-none-eabi/lib/armv6-m\libg_nano.a(lib_a-strstr.o)
                0x00005606                strstr
 *(.plt)
 *(.gnu.warning)
 *(.glue_7t)
 .glue_7t       0x00000000        0x0 linker stubs
 *(.glue_7)
 .glue_7        0x00000000        0x0 linker stubs
 *(.vfp11_veneer)
 .vfp11_veneer  0x00000000        0x0 linker stubs
 *(.bootloader)
 *(.ARM.extab* .gnu.linkonce.armextab.*)
 *(.gcc_except_table)

.v4_bx          0x0000563c        0x0
 .v4_bx         0x00000000        0x0 linker stubs

.iplt           0x0000563c        0x0
 .iplt          0x00000000        0x0 c:/program files (x86)/cypress/psoc creator/4.0/psoc creator/import/gnu/arm/4.9.3/bin/../lib/gcc/arm-none-eabi/4.9.3/armv6-m/crtbegin.o

.eh_frame_hdr
 *(.eh_frame_hdr)

.eh_frame       0x0000563c        0x4
 *(.eh_frame)
 .eh_frame      0x0000563c        0x0 c:/program files (x86)/cypress/psoc creator/4.0/psoc creator/import/gnu/arm/4.9.3/bin/../lib/gcc/arm-none-eabi/4.9.3/armv6-m/crtbegin.o
 .eh_frame      0x0000563c        0x4 c:/program files (x86)/cypress/psoc creator/4.0/psoc creator/import/gnu/arm/4.9.3/bin/../lib/gcc/arm-none-eabi/4.9.3/armv6-m/crtend.o
                0x00005640                PROVIDE (__exidx_start, .)

.ARM.exidx      0x00005640        0x8
 *(.ARM.exidx* .gnu.linkonce.armexidx.*)
 .ARM.exidx     0x00005640        0x8 c:/program files (x86)/cypress/psoc creator/4.0/psoc creator/import/gnu/arm/4.9.3/bin/../lib/gcc/arm-none-eabi/4.9.3/armv6-m\libgcc.a(_divdi3.o)
 .ARM.exidx     0x00005648        0x0 c:/program files (x86)/cypress/psoc creator/4.0/psoc creator/import/gnu/arm/4.9.3/bin/../lib/gcc/arm-none-eabi/4.9.3/armv6-m\libgcc.a(_udivdi3.o)
                                  0x8 (size before relaxing)
                0x00005648                __exidx_end = .

.rodata         0x00005648      0xd40
 *(.rodata .rodata.* .gnu.linkonce.r.*)
 .rodata        0x00005648      0x218 .\ARM_GCC_493\Debug\animation.o
 .rodata.str1.4
                0x00005860      0x137 .\ARM_GCC_493\Debug\animation.o
                                0x148 (size before relaxing)
 *fill*         0x00005997        0x1 
 .rodata        0x00005998      0x19c .\ARM_GCC_493\Debug\command_telemetry.o
 .rodata.str1.4
                0x00005b34      0x6ef .\ARM_GCC_493\Debug\command_telemetry.o
                                0x700 (size before relaxing)
 *fill*         0x00006223        0x1 
 .rodata        0x00006224       0x60 .\ARM_GCC_493\Debug\led.o
 .rodata.str1.4
                0x00006284       0x50 .\ARM_GCC_493\Debug\main.o
                                 0x54 (size before relaxing)
 .rodata.str1.4
                0x000062d4        0x8 .\ARM_GCC_493\Debug\util.o
 .rodata        0x000062dc       0x54 .\ARM_GCC_493\Debug\Prof_DP0.a(CapSense_Structure.o)
                0x000062e0                CapSense_dsFlash
                0x00006314                CapSense_ioList
 .rodata        0x00006330        0x1 .\ARM_GCC_493\Debug\Prof_DP0.a(CapSense_Sensing.o)
                0x00006330                CapSense_scanFreqIndex
 *fill*         0x00006331        0x3 
 .rodata        0x00006334       0x18 .\ARM_GCC_493\Debug\Prof_DP0.a(CyLib.o)
                0x00006334                cyImoFreqMhz2DpllOffset
 .rodata.str1.1
                0x0000634c        0x2 c:/program files (x86)/cypress/psoc creator/4.0/psoc creator/import/gnu/arm/4.9.3/bin/../lib/gcc/arm-none-eabi/4.9.3/../../../../arm-none-eabi/lib/armv6-m\libg_nano.a(lib_a-impure.o)
                0x00006350                . = ALIGN (0x4)
 *fill*         0x0000634e        0x2 
 *(.init)
 .init          0x00006350        0x4 c:/program files (x86)/cypress/psoc creator/4.0/psoc creator/import/gnu/arm/4.9.3/bin/../lib/gcc/arm-none-eabi/4.9.3/armv6-m/crti.o
                0x00006350                _init
 .init          0x00006354        0x8 c:/program files (x86)/cypress/psoc creator/4.0/psoc creator/import/gnu/arm/4.9.3/bin/../lib/gcc/arm-none-eabi/4.9.3/armv6-m/crtn.o
                0x0000635c                . = ALIGN (0x4)
                0x0000635c                __preinit_array_start = .
 *(.preinit_array)
                0x0000635c                __preinit_array_end = .
                0x0000635c                . = ALIGN (0x4)
                0x0000635c                __init_array_start = .
 *(SORT(.init_array.*))
 *(.init_array)
 .init_array    0x0000635c        0x4 c:/program files (x86)/cypress/psoc creator/4.0/psoc creator/import/gnu/arm/4.9.3/bin/../lib/gcc/arm-none-eabi/4.9.3/armv6-m/crtbegin.o
 .init_array    0x00006360        0x4 .\ARM_GCC_493\Debug\Cm0plusStart.o
                0x00006364                __init_array_end = .
                0x00006364                . = ALIGN (0x4)
 *(.fini)
 .fini          0x00006364        0x4 c:/program files (x86)/cypress/psoc creator/4.0/psoc creator/import/gnu/arm/4.9.3/bin/../lib/gcc/arm-none-eabi/4.9.3/armv6-m/crti.o
                0x00006364                _fini
 .fini          0x00006368        0x8 c:/program files (x86)/cypress/psoc creator/4.0/psoc creator/import/gnu/arm/4.9.3/bin/../lib/gcc/arm-none-eabi/4.9.3/armv6-m/crtn.o
                0x00006370                . = ALIGN (0x4)
                0x00006370                __fini_array_start = .
 *(.fini_array)
 .fini_array    0x00006370        0x4 c:/program files (x86)/cypress/psoc creator/4.0/psoc creator/import/gnu/arm/4.9.3/bin/../lib/gcc/arm-none-eabi/4.9.3/armv6-m/crtbegin.o
 *(SORT(.fini_array.*))
                0x00006374                __fini_array_end = .
                0x00006374                . = ALIGN (0x4)
 *crtbegin.o(.ctors)
 *(EXCLUDE_FILE(*crtend.o) .ctors)
 *(SORT(.ctors.*))
 *crtend.o(.ctors)
                0x00006374                . = ALIGN (0x4)
 *crtbegin.o(.dtors)
 *(EXCLUDE_FILE(*crtend.o) .dtors)
 *(SORT(.dtors.*))
 *crtend.o(.dtors)
                0x00006374                . = ALIGN (0x4)
                0x00006374                __cy_regions = .
                0x00006374        0x4 LONG 0x6388 __cy_region_init_ram
                0x00006378        0x4 LONG 0x20000090 __cy_region_start_data
                0x0000637c        0x4 LONG 0x148 __cy_region_init_size_ram
                0x00006380        0x4 LONG 0x740 __cy_region_zero_size_ram
                0x00006384                __cy_regions_end = .
                0x00006388                . = ALIGN (0x8)
 *fill*         0x00006384        0x4 
                0x00006388                _etext = .

.ramvectors     0x20000000       0x80
                0x20000000                __cy_region_start_ram = .
 *(.ramvectors)
 .ramvectors    0x20000000       0x80 .\ARM_GCC_493\Debug\Cm0plusStart.o
                0x20000000                CyRamVectors

.btldr_run      0x20000080        0x4
 *(.bootloaderruntype)
 .bootloaderruntype
                0x20000080        0x4 .\ARM_GCC_493\Debug\Cm0plusStart.o
                0x20000080                cyBtldrRunType

.noinit         0x20000088        0x4
 *(.noinit)
 .noinit        0x20000088        0x4 .\ARM_GCC_493\Debug\Cm0plusStart.o

.data           0x20000090      0x148 load address 0x00006388
                0x20000090                __cy_region_start_data = .
 *(.jcr)
 .jcr           0x20000090        0x0 c:/program files (x86)/cypress/psoc creator/4.0/psoc creator/import/gnu/arm/4.9.3/bin/../lib/gcc/arm-none-eabi/4.9.3/armv6-m/crtbegin.o
 .jcr           0x20000090        0x4 c:/program files (x86)/cypress/psoc creator/4.0/psoc creator/import/gnu/arm/4.9.3/bin/../lib/gcc/arm-none-eabi/4.9.3/armv6-m/crtend.o
 *(.got.plt)
 *(.got)
 *(.shdata)
 *(.data .data.* .gnu.linkonce.d.*)
 .data          0x20000094       0xbc .\ARM_GCC_493\Debug\animation.o
 .data          0x20000150        0x8 .\ARM_GCC_493\Debug\main.o
                0x20000150                push_button_vec
 .data          0x20000158        0x1 .\ARM_GCC_493\Debug\util.o
 *fill*         0x20000159        0x3 
 .data          0x2000015c        0x4 .\ARM_GCC_493\Debug\Prof_DP0.a(CapSense_SensingCSD_LL.o)
                0x2000015c                CapSense_configCsd
 .data          0x20000160       0x14 .\ARM_GCC_493\Debug\Prof_DP0.a(CyLib.o)
                0x20000160                CySysClkPumpConfig
                0x20000164                cydelay32kMs
                0x20000168                cydelayFreqKhz
                0x2000016c                cydelayFreqMhz
                0x20000170                cydelayFreqHz
 .data.impure_data
                0x20000174       0x60 c:/program files (x86)/cypress/psoc creator/4.0/psoc creator/import/gnu/arm/4.9.3/bin/../lib/gcc/arm-none-eabi/4.9.3/../../../../arm-none-eabi/lib/armv6-m\libg_nano.a(lib_a-impure.o)
 .data._impure_ptr
                0x200001d4        0x4 c:/program files (x86)/cypress/psoc creator/4.0/psoc creator/import/gnu/arm/4.9.3/bin/../lib/gcc/arm-none-eabi/4.9.3/../../../../arm-none-eabi/lib/armv6-m\libg_nano.a(lib_a-impure.o)
                0x200001d4                _impure_ptr
                0x200001d8                . = ALIGN (0x8)
 *(.ram)
                0x200001d8                _edata = .

.igot.plt       0x200001d8        0x0 load address 0x000064d0
 .igot.plt      0x00000000        0x0 c:/program files (x86)/cypress/psoc creator/4.0/psoc creator/import/gnu/arm/4.9.3/bin/../lib/gcc/arm-none-eabi/4.9.3/armv6-m/crtbegin.o

.bss            0x200001d8      0x740 load address 0x000064d0
                0x200001d8                PROVIDE (__bss_start__, .)
 *(.shbss)
 *(.bss .bss.* .gnu.linkonce.b.*)
 .bss           0x200001d8       0x1c c:/program files (x86)/cypress/psoc creator/4.0/psoc creator/import/gnu/arm/4.9.3/bin/../lib/gcc/arm-none-eabi/4.9.3/armv6-m/crtbegin.o
 .bss           0x200001f4       0x1e .\ARM_GCC_493\Debug\animation.o
 *fill*         0x20000212        0x2 
 .bss           0x20000214      0x208 .\ARM_GCC_493\Debug\command_telemetry.o
 .bss           0x2000041c      0x400 .\ARM_GCC_493\Debug\comms.o
 *fill*         0x2000081c        0x4 
 .bss           0x20000820       0x20 .\ARM_GCC_493\Debug\util.o
 .bss           0x20000840        0x1 .\ARM_GCC_493\Debug\Prof_DP0.a(CapSense_Control.o)
 *fill*         0x20000841        0x3 
 .bss           0x20000844       0x14 .\ARM_GCC_493\Debug\Prof_DP0.a(CapSense_Structure.o)
 .bss           0x20000858        0x4 .\ARM_GCC_493\Debug\Prof_DP0.a(CapSense_Tuner.o)
 .bss           0x2000085c        0x4 .\ARM_GCC_493\Debug\Prof_DP0.a(CapSense_Sensing.o)
                0x2000085c                CapSense_requestScanAllWidget
                0x2000085d                CapSense_prescalersTuningDone
                0x2000085e                CapSense_sensorIndex
                0x2000085f                CapSense_widgetIndex
 .bss           0x20000860        0x1 .\ARM_GCC_493\Debug\Prof_DP0.a(CapSense_SensingCSD_LL.o)
 *fill*         0x20000861        0x3 
 .bss           0x20000864        0x8 .\ARM_GCC_493\Debug\Prof_DP0.a(I2CS.o)
                0x20000864                I2CS_initVar
                0x20000868                I2CS_customIntrHandler
 *(COMMON)
 COMMON         0x2000086c       0x3c .\ARM_GCC_493\Debug\led.o
                0x2000086c                led_buffer
 COMMON         0x200008a8       0x3c .\ARM_GCC_493\Debug\Prof_DP0.a(CapSense_Structure.o)
                0x200008a8                CapSense_dsRam
 COMMON         0x200008e4        0x8 .\ARM_GCC_493\Debug\Prof_DP0.a(CapSense_Sensing.o)
                0x200008e4                CapSense_curRamSnsPtr
                0x200008e8                CapSense_curSnsIOPtr
 COMMON         0x200008ec        0x1 .\ARM_GCC_493\Debug\Prof_DP0.a(I2CS_I2C.o)
                0x200008ec                I2CS_state
 *fill*         0x200008ed        0x3 
 COMMON         0x200008f0       0x21 .\ARM_GCC_493\Debug\Prof_DP0.a(I2CS_I2C_SLAVE.o)
                0x200008f0                I2CS_slRdBufIndex
                0x200008f4                I2CS_slWrBufIndex
                0x200008f8                I2CS_slWrBufSize
                0x200008fc                I2CS_slRdBufSize
                0x20000900                I2CS_slRdBufPtr
                0x20000904                I2CS_slStatus
                0x20000908                I2CS_slRdBufIndexTmp
                0x2000090c                I2CS_slWrBufPtr
                0x20000910                I2CS_slOverFlowCount
                0x20000918                . = ALIGN (0x8)
 *fill*         0x20000911        0x7 
 *(.ram.b)
                0x20000918                _end = .
                0x20000918                __end = .
                0x20000918                PROVIDE (end, .)
                0x20000918                PROVIDE (__bss_end__, .)
                0x00006388                __cy_region_init_ram = LOADADDR (.data)
                0x00000148                __cy_region_init_size_ram = (_edata - ADDR (.data))
                0x00000740                __cy_region_zero_size_ram = (_end - _edata)

.heap           0x20000918       0xff load address 0x000064d0
                0x20000918                . = _end
                0x20000a17                . = (. + 0xff)
 *fill*         0x20000918       0xff 
                0x20000a17                __cy_heap_limit = .

.stack          0x20000e00      0x200
                0x20000e00                __cy_stack_limit = .
                0x20001000                . = (. + 0x200)
 *fill*         0x20000e00      0x200 
                0x00000001                ASSERT ((__cy_stack_limit >= __cy_heap_limit), region RAM overflowed with stack)

.cy_checksum_exclude
                0x00007f80        0x0
 *(.cy_checksum_exclude)
                0x00000000                cy_checksum_exclude_size = (CY_APPL_LOADABLE == 0x1)?SIZEOF (.cy_checksum_exclude):0x0
                0x00000001                ASSERT ((cy_checksum_exclude_size <= CY_CHECKSUM_EXCLUDE_SIZE), CY_BOOT: Section .cy_checksum_exclude size exceedes specified limit.)
                0xf0000000                cyloadermeta_start = (cy_project_type_bootloader || cy_project_type_app_for_stack_and_copier)?(0x8000 - CY_METADATA_SIZE):0xf0000000

.cyloadermeta   0xf0000000       0x40
 *(.cyloadermeta)
 .cyloadermeta  0xf0000000       0x40 .\ARM_GCC_493\Debug\cybootloader.o
                0xf0000000                cy_meta_loader
                0x00007fc0                cyloadablemeta_start = cy_project_type_app_for_stack_and_copier?((0x8000 - CY_FLASH_ROW_SIZE) - CY_METADATA_SIZE):((0x8000 - (CY_FLASH_ROW_SIZE * (CY_APPL_NUM - 0x1))) - CY_METADATA_SIZE)

.cyloadablemeta
                0x00007fc0       0x40
 *(.cyloadablemeta)
 .cyloadablemeta
                0x00007fc0       0x40 .\ARM_GCC_493\Debug\cymetadata.o
                0x00007fc0                cy_meta_loadable

.cyflashprotect
                0x90400000       0x20
 *(.cyflashprotect)
 .cyflashprotect
                0x90400000       0x20 .\ARM_GCC_493\Debug\cybootloader.o
                0x90400000                cy_meta_flashprotect

.cymeta         0x90500000        0xc
 *(.cymeta)
 .cymeta        0x90500000        0xc .\ARM_GCC_493\Debug\cybootloader.o
                0x90500000                cy_metadata

.cychipprotect  0x90600000        0x4
 *(.cychipprotect)
 .cychipprotect
                0x90600000        0x4 .\ARM_GCC_493\Debug\cybootloader.o
                0x90600000                cy_meta_chipprotect

.rel.dyn        0x00008000        0x0 load address 0x90600004
 .rel.iplt      0x00000000        0x0 c:/program files (x86)/cypress/psoc creator/4.0/psoc creator/import/gnu/arm/4.9.3/bin/../lib/gcc/arm-none-eabi/4.9.3/armv6-m/crtbegin.o

.stab
 *(.stab)

.stabstr
 *(.stabstr)

.debug
 *(.debug)

.line
 *(.line)

.debug_srcinfo
 *(.debug_srcinfo)

.debug_sfnames
 *(.debug_sfnames)

.debug_aranges  0x00000000      0xdd0
 *(.debug_aranges)
 .debug_aranges
                0x00000000       0xe8 .\ARM_GCC_493\Debug\animation.o
 .debug_aranges
                0x000000e8       0xc0 .\ARM_GCC_493\Debug\command_telemetry.o
 .debug_aranges
                0x000001a8       0x40 .\ARM_GCC_493\Debug\comms.o
 .debug_aranges
                0x000001e8       0x60 .\ARM_GCC_493\Debug\led.o
 .debug_aranges
                0x00000248       0x60 .\ARM_GCC_493\Debug\main.o
 .debug_aranges
                0x000002a8       0x60 .\ARM_GCC_493\Debug\util.o
 .debug_aranges
                0x00000308       0x18 .\ARM_GCC_493\Debug\cymetadata.o
 .debug_aranges
                0x00000320       0x48 .\ARM_GCC_493\Debug\Cm0plusStart.o
 .debug_aranges
                0x00000368       0x18 .\ARM_GCC_493\Debug\cybootloader.o
 .debug_aranges
                0x00000380       0x38 .\ARM_GCC_493\Debug\Prof_DP0.a(cyfitter_cfg.o)
 .debug_aranges
                0x000003b8       0x68 .\ARM_GCC_493\Debug\Prof_DP0.a(CapSense_Control.o)
 .debug_aranges
                0x00000420       0x50 .\ARM_GCC_493\Debug\Prof_DP0.a(CapSense_Processing.o)
 .debug_aranges
                0x00000470       0x50 .\ARM_GCC_493\Debug\Prof_DP0.a(CapSense_Structure.o)
 .debug_aranges
                0x000004c0       0x28 .\ARM_GCC_493\Debug\Prof_DP0.a(CapSense_Tuner.o)
 .debug_aranges
                0x000004e8       0xb0 .\ARM_GCC_493\Debug\Prof_DP0.a(CapSense_Filter.o)
 .debug_aranges
                0x00000598       0xb0 .\ARM_GCC_493\Debug\Prof_DP0.a(CapSense_Sensing.o)
 .debug_aranges
                0x00000648       0xd0 .\ARM_GCC_493\Debug\Prof_DP0.a(CapSense_SensingCSD_LL.o)
 .debug_aranges
                0x00000718       0x80 .\ARM_GCC_493\Debug\Prof_DP0.a(CapSense_ISR.o)
 .debug_aranges
                0x00000798      0x190 .\ARM_GCC_493\Debug\Prof_DP0.a(CyLib.o)
 .debug_aranges
                0x00000928       0x30 .\ARM_GCC_493\Debug\Prof_DP0.a(cyPm.o)
 .debug_aranges
                0x00000958       0xd8 .\ARM_GCC_493\Debug\Prof_DP0.a(CyLFClk.o)
 .debug_aranges
                0x00000a30      0x158 .\ARM_GCC_493\Debug\Prof_DP0.a(Timer_1.o)
 .debug_aranges
                0x00000b88       0x60 .\ARM_GCC_493\Debug\Prof_DP0.a(I2CS.o)
 .debug_aranges
                0x00000be8       0x28 .\ARM_GCC_493\Debug\Prof_DP0.a(I2CS_I2C.o)
 .debug_aranges
                0x00000c10       0x70 .\ARM_GCC_493\Debug\Prof_DP0.a(I2CS_I2C_SLAVE.o)
 .debug_aranges
                0x00000c80       0x48 .\ARM_GCC_493\Debug\Prof_DP0.a(CAPINT.o)
 .debug_aranges
                0x00000cc8       0x20 .\ARM_GCC_493\Debug\Prof_DP0.a(CyBootAsmGnu.o)
 .debug_aranges
                0x00000ce8       0x28 .\ARM_GCC_493\Debug\Prof_DP0.a(CapSense_INT.o)
 .debug_aranges
                0x00000d10       0x48 .\ARM_GCC_493\Debug\Prof_DP0.a(CyFlash.o)
 .debug_aranges
                0x00000d58       0x20 .\ARM_GCC_493\Debug\Prof_DP0.a(I2CS_I2C_INT.o)
 .debug_aranges
                0x00000d78       0x28 C:\Program Files (x86)\Cypress\PSoC Creator\4.0\PSoC Creator\psoc\content\cycomponentlibrary\CyComponentLibrary.cylib\CapSense_P4_v3_10\PSoC4\Library\Capsense_P4Library_GCCp.a(CapSense_SmartSense_LL_v3_10.o)
 .debug_aranges
                0x00000da0       0x30 C:\Program Files (x86)\Cypress\PSoC Creator\4.0\PSoC Creator\psoc\content\cycomponentlibrary\CyComponentLibrary.cylib\CapSense_P4_v3_10\PSoC4\Library\Capsense_P4Library_GCCp.a(CapSense_SmartSense_SL_v3_10.o)

.debug_pubnames
 *(.debug_pubnames)

.debug_info     0x00000000     0xdbe0
 *(.debug_info .gnu.linkonce.wi.*)
 .debug_info    0x00000000      0xec1 .\ARM_GCC_493\Debug\animation.o
 .debug_info    0x00000ec1     0x2239 .\ARM_GCC_493\Debug\command_telemetry.o
 .debug_info    0x000030fa      0x32d .\ARM_GCC_493\Debug\comms.o
 .debug_info    0x00003427      0x4fd .\ARM_GCC_493\Debug\led.o
 .debug_info    0x00003924      0xca9 .\ARM_GCC_493\Debug\main.o
 .debug_info    0x000045cd      0x28a .\ARM_GCC_493\Debug\util.o
 .debug_info    0x00004857       0xb2 .\ARM_GCC_493\Debug\cymetadata.o
 .debug_info    0x00004909      0x3af .\ARM_GCC_493\Debug\Cm0plusStart.o
 .debug_info    0x00004cb8      0x14e .\ARM_GCC_493\Debug\cybootloader.o
 .debug_info    0x00004e06      0x163 .\ARM_GCC_493\Debug\Prof_DP0.a(cyfitter_cfg.o)
 .debug_info    0x00004f69      0xa80 .\ARM_GCC_493\Debug\Prof_DP0.a(CapSense_Control.o)
 .debug_info    0x000059e9      0xc10 .\ARM_GCC_493\Debug\Prof_DP0.a(CapSense_Processing.o)
 .debug_info    0x000065f9      0xafc .\ARM_GCC_493\Debug\Prof_DP0.a(CapSense_Structure.o)
 .debug_info    0x000070f5      0x62c .\ARM_GCC_493\Debug\Prof_DP0.a(CapSense_Tuner.o)
 .debug_info    0x00007721      0xd3d .\ARM_GCC_493\Debug\Prof_DP0.a(CapSense_Filter.o)
 .debug_info    0x0000845e      0xde3 .\ARM_GCC_493\Debug\Prof_DP0.a(CapSense_Sensing.o)
 .debug_info    0x00009241      0xfd7 .\ARM_GCC_493\Debug\Prof_DP0.a(CapSense_SensingCSD_LL.o)
 .debug_info    0x0000a218      0x300 .\ARM_GCC_493\Debug\Prof_DP0.a(CapSense_ISR.o)
 .debug_info    0x0000a518      0xbe1 .\ARM_GCC_493\Debug\Prof_DP0.a(CyLib.o)
 .debug_info    0x0000b0f9      0x17b .\ARM_GCC_493\Debug\Prof_DP0.a(cyPm.o)
 .debug_info    0x0000b274      0x43f .\ARM_GCC_493\Debug\Prof_DP0.a(CyLFClk.o)
 .debug_info    0x0000b6b3      0x8f1 .\ARM_GCC_493\Debug\Prof_DP0.a(Timer_1.o)
 .debug_info    0x0000bfa4      0x297 .\ARM_GCC_493\Debug\Prof_DP0.a(I2CS.o)
 .debug_info    0x0000c23b      0x1a5 .\ARM_GCC_493\Debug\Prof_DP0.a(I2CS_I2C.o)
 .debug_info    0x0000c3e0      0x38e .\ARM_GCC_493\Debug\Prof_DP0.a(I2CS_I2C_SLAVE.o)
 .debug_info    0x0000c76e      0x19d .\ARM_GCC_493\Debug\Prof_DP0.a(CAPINT.o)
 .debug_info    0x0000c90b       0x7c .\ARM_GCC_493\Debug\Prof_DP0.a(CyBootAsmGnu.o)
 .debug_info    0x0000c987      0x803 .\ARM_GCC_493\Debug\Prof_DP0.a(CapSense_INT.o)
 .debug_info    0x0000d18a      0x435 .\ARM_GCC_493\Debug\Prof_DP0.a(CyFlash.o)
 .debug_info    0x0000d5bf      0x17c .\ARM_GCC_493\Debug\Prof_DP0.a(I2CS_I2C_INT.o)
 .debug_info    0x0000d73b      0x24c C:\Program Files (x86)\Cypress\PSoC Creator\4.0\PSoC Creator\psoc\content\cycomponentlibrary\CyComponentLibrary.cylib\CapSense_P4_v3_10\PSoC4\Library\Capsense_P4Library_GCCp.a(CapSense_SmartSense_LL_v3_10.o)
 .debug_info    0x0000d987      0x259 C:\Program Files (x86)\Cypress\PSoC Creator\4.0\PSoC Creator\psoc\content\cycomponentlibrary\CyComponentLibrary.cylib\CapSense_P4_v3_10\PSoC4\Library\Capsense_P4Library_GCCp.a(CapSense_SmartSense_SL_v3_10.o)

.debug_abbrev   0x00000000     0x31ca
 *(.debug_abbrev)
 .debug_abbrev  0x00000000      0x1fb .\ARM_GCC_493\Debug\animation.o
 .debug_abbrev  0x000001fb      0x2f4 .\ARM_GCC_493\Debug\command_telemetry.o
 .debug_abbrev  0x000004ef      0x1c0 .\ARM_GCC_493\Debug\comms.o
 .debug_abbrev  0x000006af      0x167 .\ARM_GCC_493\Debug\led.o
 .debug_abbrev  0x00000816      0x2f3 .\ARM_GCC_493\Debug\main.o
 .debug_abbrev  0x00000b09      0x14f .\ARM_GCC_493\Debug\util.o
 .debug_abbrev  0x00000c58       0x5d .\ARM_GCC_493\Debug\cymetadata.o
 .debug_abbrev  0x00000cb5      0x1f7 .\ARM_GCC_493\Debug\Cm0plusStart.o
 .debug_abbrev  0x00000eac       0x77 .\ARM_GCC_493\Debug\cybootloader.o
 .debug_abbrev  0x00000f23       0xe2 .\ARM_GCC_493\Debug\Prof_DP0.a(cyfitter_cfg.o)
 .debug_abbrev  0x00001005      0x257 .\ARM_GCC_493\Debug\Prof_DP0.a(CapSense_Control.o)
 .debug_abbrev  0x0000125c      0x1e8 .\ARM_GCC_493\Debug\Prof_DP0.a(CapSense_Processing.o)
 .debug_abbrev  0x00001444      0x228 .\ARM_GCC_493\Debug\Prof_DP0.a(CapSense_Structure.o)
 .debug_abbrev  0x0000166c      0x17e .\ARM_GCC_493\Debug\Prof_DP0.a(CapSense_Tuner.o)
 .debug_abbrev  0x000017ea      0x2bb .\ARM_GCC_493\Debug\Prof_DP0.a(CapSense_Filter.o)
 .debug_abbrev  0x00001aa5      0x2af .\ARM_GCC_493\Debug\Prof_DP0.a(CapSense_Sensing.o)
 .debug_abbrev  0x00001d54      0x2a3 .\ARM_GCC_493\Debug\Prof_DP0.a(CapSense_SensingCSD_LL.o)
 .debug_abbrev  0x00001ff7      0x1b4 .\ARM_GCC_493\Debug\Prof_DP0.a(CapSense_ISR.o)
 .debug_abbrev  0x000021ab      0x236 .\ARM_GCC_493\Debug\Prof_DP0.a(CyLib.o)
 .debug_abbrev  0x000023e1       0xc6 .\ARM_GCC_493\Debug\Prof_DP0.a(cyPm.o)
 .debug_abbrev  0x000024a7      0x1b6 .\ARM_GCC_493\Debug\Prof_DP0.a(CyLFClk.o)
 .debug_abbrev  0x0000265d      0x133 .\ARM_GCC_493\Debug\Prof_DP0.a(Timer_1.o)
 .debug_abbrev  0x00002790      0x143 .\ARM_GCC_493\Debug\Prof_DP0.a(I2CS.o)
 .debug_abbrev  0x000028d3       0xf3 .\ARM_GCC_493\Debug\Prof_DP0.a(I2CS_I2C.o)
 .debug_abbrev  0x000029c6      0x170 .\ARM_GCC_493\Debug\Prof_DP0.a(I2CS_I2C_SLAVE.o)
 .debug_abbrev  0x00002b36       0xc8 .\ARM_GCC_493\Debug\Prof_DP0.a(CAPINT.o)
 .debug_abbrev  0x00002bfe       0x14 .\ARM_GCC_493\Debug\Prof_DP0.a(CyBootAsmGnu.o)
 .debug_abbrev  0x00002c12      0x191 .\ARM_GCC_493\Debug\Prof_DP0.a(CapSense_INT.o)
 .debug_abbrev  0x00002da3      0x1dd .\ARM_GCC_493\Debug\Prof_DP0.a(CyFlash.o)
 .debug_abbrev  0x00002f80       0x88 .\ARM_GCC_493\Debug\Prof_DP0.a(I2CS_I2C_INT.o)
 .debug_abbrev  0x00003008      0x112 C:\Program Files (x86)\Cypress\PSoC Creator\4.0\PSoC Creator\psoc\content\cycomponentlibrary\CyComponentLibrary.cylib\CapSense_P4_v3_10\PSoC4\Library\Capsense_P4Library_GCCp.a(CapSense_SmartSense_LL_v3_10.o)
 .debug_abbrev  0x0000311a       0xb0 C:\Program Files (x86)\Cypress\PSoC Creator\4.0\PSoC Creator\psoc\content\cycomponentlibrary\CyComponentLibrary.cylib\CapSense_P4_v3_10\PSoC4\Library\Capsense_P4Library_GCCp.a(CapSense_SmartSense_SL_v3_10.o)

.debug_line     0x00000000     0x3ea2
 *(.debug_line)
 .debug_line    0x00000000      0x352 .\ARM_GCC_493\Debug\animation.o
 .debug_line    0x00000352      0x5ab .\ARM_GCC_493\Debug\command_telemetry.o
 .debug_line    0x000008fd      0x1ed .\ARM_GCC_493\Debug\comms.o
 .debug_line    0x00000aea      0x184 .\ARM_GCC_493\Debug\led.o
 .debug_line    0x00000c6e      0x367 .\ARM_GCC_493\Debug\main.o
 .debug_line    0x00000fd5      0x1a1 .\ARM_GCC_493\Debug\util.o
 .debug_line    0x00001176       0x51 .\ARM_GCC_493\Debug\cymetadata.o
 .debug_line    0x000011c7      0x261 .\ARM_GCC_493\Debug\Cm0plusStart.o
 .debug_line    0x00001428       0x53 .\ARM_GCC_493\Debug\cybootloader.o
 .debug_line    0x0000147b       0xc3 .\ARM_GCC_493\Debug\Prof_DP0.a(cyfitter_cfg.o)
 .debug_line    0x0000153e      0x24d .\ARM_GCC_493\Debug\Prof_DP0.a(CapSense_Control.o)
 .debug_line    0x0000178b      0x33b .\ARM_GCC_493\Debug\Prof_DP0.a(CapSense_Processing.o)
 .debug_line    0x00001ac6      0x1d8 .\ARM_GCC_493\Debug\Prof_DP0.a(CapSense_Structure.o)
 .debug_line    0x00001c9e      0x12f .\ARM_GCC_493\Debug\Prof_DP0.a(CapSense_Tuner.o)
 .debug_line    0x00001dcd      0x2dc .\ARM_GCC_493\Debug\Prof_DP0.a(CapSense_Filter.o)
 .debug_line    0x000020a9      0x35d .\ARM_GCC_493\Debug\Prof_DP0.a(CapSense_Sensing.o)
 .debug_line    0x00002406      0x3e0 .\ARM_GCC_493\Debug\Prof_DP0.a(CapSense_SensingCSD_LL.o)
 .debug_line    0x000027e6      0x158 .\ARM_GCC_493\Debug\Prof_DP0.a(CapSense_ISR.o)
 .debug_line    0x0000293e      0x4c7 .\ARM_GCC_493\Debug\Prof_DP0.a(CyLib.o)
 .debug_line    0x00002e05       0x98 .\ARM_GCC_493\Debug\Prof_DP0.a(cyPm.o)
 .debug_line    0x00002e9d      0x284 .\ARM_GCC_493\Debug\Prof_DP0.a(CyLFClk.o)
 .debug_line    0x00003121      0x37b .\ARM_GCC_493\Debug\Prof_DP0.a(Timer_1.o)
 .debug_line    0x0000349c      0x126 .\ARM_GCC_493\Debug\Prof_DP0.a(I2CS.o)
 .debug_line    0x000035c2       0xa8 .\ARM_GCC_493\Debug\Prof_DP0.a(I2CS_I2C.o)
 .debug_line    0x0000366a      0x13d .\ARM_GCC_493\Debug\Prof_DP0.a(I2CS_I2C_SLAVE.o)
 .debug_line    0x000037a7       0xbe .\ARM_GCC_493\Debug\Prof_DP0.a(CAPINT.o)
 .debug_line    0x00003865       0x68 .\ARM_GCC_493\Debug\Prof_DP0.a(CyBootAsmGnu.o)
 .debug_line    0x000038cd      0x139 .\ARM_GCC_493\Debug\Prof_DP0.a(CapSense_INT.o)
 .debug_line    0x00003a06      0x1e1 .\ARM_GCC_493\Debug\Prof_DP0.a(CyFlash.o)
 .debug_line    0x00003be7      0x125 .\ARM_GCC_493\Debug\Prof_DP0.a(I2CS_I2C_INT.o)
 .debug_line    0x00003d0c       0xb2 C:\Program Files (x86)\Cypress\PSoC Creator\4.0\PSoC Creator\psoc\content\cycomponentlibrary\CyComponentLibrary.cylib\CapSense_P4_v3_10\PSoC4\Library\Capsense_P4Library_GCCp.a(CapSense_SmartSense_LL_v3_10.o)
 .debug_line    0x00003dbe       0xe4 C:\Program Files (x86)\Cypress\PSoC Creator\4.0\PSoC Creator\psoc\content\cycomponentlibrary\CyComponentLibrary.cylib\CapSense_P4_v3_10\PSoC4\Library\Capsense_P4Library_GCCp.a(CapSense_SmartSense_SL_v3_10.o)

.debug_frame    0x00000000     0x258c
 *(.debug_frame)
 .debug_frame   0x00000000      0x2c8 .\ARM_GCC_493\Debug\animation.o
 .debug_frame   0x000002c8      0x27c .\ARM_GCC_493\Debug\command_telemetry.o
 .debug_frame   0x00000544       0x94 .\ARM_GCC_493\Debug\comms.o
 .debug_frame   0x000005d8       0xfc .\ARM_GCC_493\Debug\led.o
 .debug_frame   0x000006d4      0x11c .\ARM_GCC_493\Debug\main.o
 .debug_frame   0x000007f0       0xc4 .\ARM_GCC_493\Debug\util.o
 .debug_frame   0x000008b4       0xbc .\ARM_GCC_493\Debug\Cm0plusStart.o
 .debug_frame   0x00000970       0x74 .\ARM_GCC_493\Debug\Prof_DP0.a(cyfitter_cfg.o)
 .debug_frame   0x000009e4      0x124 .\ARM_GCC_493\Debug\Prof_DP0.a(CapSense_Control.o)
 .debug_frame   0x00000b08       0xfc .\ARM_GCC_493\Debug\Prof_DP0.a(CapSense_Processing.o)
 .debug_frame   0x00000c04       0xbc .\ARM_GCC_493\Debug\Prof_DP0.a(CapSense_Structure.o)
 .debug_frame   0x00000cc0       0x40 .\ARM_GCC_493\Debug\Prof_DP0.a(CapSense_Tuner.o)
 .debug_frame   0x00000d00      0x24c .\ARM_GCC_493\Debug\Prof_DP0.a(CapSense_Filter.o)
 .debug_frame   0x00000f4c      0x1ec .\ARM_GCC_493\Debug\Prof_DP0.a(CapSense_Sensing.o)
 .debug_frame   0x00001138      0x2a0 .\ARM_GCC_493\Debug\Prof_DP0.a(CapSense_SensingCSD_LL.o)
 .debug_frame   0x000013d8      0x110 .\ARM_GCC_493\Debug\Prof_DP0.a(CapSense_ISR.o)
 .debug_frame   0x000014e8      0x410 .\ARM_GCC_493\Debug\Prof_DP0.a(CyLib.o)
 .debug_frame   0x000018f8       0x58 .\ARM_GCC_493\Debug\Prof_DP0.a(cyPm.o)
 .debug_frame   0x00001950      0x1dc .\ARM_GCC_493\Debug\Prof_DP0.a(CyLFClk.o)
 .debug_frame   0x00001b2c      0x390 .\ARM_GCC_493\Debug\Prof_DP0.a(Timer_1.o)
 .debug_frame   0x00001ebc       0xe8 .\ARM_GCC_493\Debug\Prof_DP0.a(I2CS.o)
 .debug_frame   0x00001fa4       0x3c .\ARM_GCC_493\Debug\Prof_DP0.a(I2CS_I2C.o)
 .debug_frame   0x00001fe0       0xf8 .\ARM_GCC_493\Debug\Prof_DP0.a(I2CS_I2C_SLAVE.o)
 .debug_frame   0x000020d8       0x70 .\ARM_GCC_493\Debug\Prof_DP0.a(CAPINT.o)
 .debug_frame   0x00002148       0x40 .\ARM_GCC_493\Debug\Prof_DP0.a(CapSense_INT.o)
 .debug_frame   0x00002188       0xa8 .\ARM_GCC_493\Debug\Prof_DP0.a(CyFlash.o)
 .debug_frame   0x00002230       0x2c .\ARM_GCC_493\Debug\Prof_DP0.a(I2CS_I2C_INT.o)
 .debug_frame   0x0000225c       0x50 C:\Program Files (x86)\Cypress\PSoC Creator\4.0\PSoC Creator\psoc\content\cycomponentlibrary\CyComponentLibrary.cylib\CapSense_P4_v3_10\PSoC4\Library\Capsense_P4Library_GCCp.a(CapSense_SmartSense_LL_v3_10.o)
 .debug_frame   0x000022ac       0x58 C:\Program Files (x86)\Cypress\PSoC Creator\4.0\PSoC Creator\psoc\content\cycomponentlibrary\CyComponentLibrary.cylib\CapSense_P4_v3_10\PSoC4\Library\Capsense_P4Library_GCCp.a(CapSense_SmartSense_SL_v3_10.o)
 .debug_frame   0x00002304       0x20 c:/program files (x86)/cypress/psoc creator/4.0/psoc creator/import/gnu/arm/4.9.3/bin/../lib/gcc/arm-none-eabi/4.9.3/armv6-m\libgcc.a(_udivsi3.o)
 .debug_frame   0x00002324       0x20 c:/program files (x86)/cypress/psoc creator/4.0/psoc creator/import/gnu/arm/4.9.3/bin/../lib/gcc/arm-none-eabi/4.9.3/armv6-m\libgcc.a(_divsi3.o)
 .debug_frame   0x00002344       0x50 c:/program files (x86)/cypress/psoc creator/4.0/psoc creator/import/gnu/arm/4.9.3/bin/../lib/gcc/arm-none-eabi/4.9.3/armv6-m\libgcc.a(bpabi.o)
 .debug_frame   0x00002394       0x34 c:/program files (x86)/cypress/psoc creator/4.0/psoc creator/import/gnu/arm/4.9.3/bin/../lib/gcc/arm-none-eabi/4.9.3/armv6-m\libgcc.a(_muldi3.o)
 .debug_frame   0x000023c8       0x3c c:/program files (x86)/cypress/psoc creator/4.0/psoc creator/import/gnu/arm/4.9.3/bin/../lib/gcc/arm-none-eabi/4.9.3/armv6-m\libgcc.a(_divdi3.o)
 .debug_frame   0x00002404       0x3c c:/program files (x86)/cypress/psoc creator/4.0/psoc creator/import/gnu/arm/4.9.3/bin/../lib/gcc/arm-none-eabi/4.9.3/armv6-m\libgcc.a(_udivdi3.o)
 .debug_frame   0x00002440       0x20 c:/program files (x86)/cypress/psoc creator/4.0/psoc creator/import/gnu/arm/4.9.3/bin/../lib/gcc/arm-none-eabi/4.9.3/../../../../arm-none-eabi/lib/armv6-m\libg_nano.a(lib_a-errno.o)
 .debug_frame   0x00002460       0x28 c:/program files (x86)/cypress/psoc creator/4.0/psoc creator/import/gnu/arm/4.9.3/bin/../lib/gcc/arm-none-eabi/4.9.3/../../../../arm-none-eabi/lib/armv6-m\libg_nano.a(lib_a-exit.o)
 .debug_frame   0x00002488       0x2c c:/program files (x86)/cypress/psoc creator/4.0/psoc creator/import/gnu/arm/4.9.3/bin/../lib/gcc/arm-none-eabi/4.9.3/../../../../arm-none-eabi/lib/armv6-m\libg_nano.a(lib_a-init.o)
 .debug_frame   0x000024b4       0x28 c:/program files (x86)/cypress/psoc creator/4.0/psoc creator/import/gnu/arm/4.9.3/bin/../lib/gcc/arm-none-eabi/4.9.3/../../../../arm-none-eabi/lib/armv6-m\libg_nano.a(lib_a-memcpy.o)
 .debug_frame   0x000024dc       0x20 c:/program files (x86)/cypress/psoc creator/4.0/psoc creator/import/gnu/arm/4.9.3/bin/../lib/gcc/arm-none-eabi/4.9.3/../../../../arm-none-eabi/lib/armv6-m\libg_nano.a(lib_a-memset.o)
 .debug_frame   0x000024fc       0x28 c:/program files (x86)/cypress/psoc creator/4.0/psoc creator/import/gnu/arm/4.9.3/bin/../lib/gcc/arm-none-eabi/4.9.3/../../../../arm-none-eabi/lib/armv6-m\libg_nano.a(lib_a-strcat.o)
 .debug_frame   0x00002524       0x20 c:/program files (x86)/cypress/psoc creator/4.0/psoc creator/import/gnu/arm/4.9.3/bin/../lib/gcc/arm-none-eabi/4.9.3/../../../../arm-none-eabi/lib/armv6-m\libg_nano.a(lib_a-strchr.o)
 .debug_frame   0x00002544       0x20 c:/program files (x86)/cypress/psoc creator/4.0/psoc creator/import/gnu/arm/4.9.3/bin/../lib/gcc/arm-none-eabi/4.9.3/../../../../arm-none-eabi/lib/armv6-m\libg_nano.a(lib_a-strlen.o)
 .debug_frame   0x00002564       0x28 c:/program files (x86)/cypress/psoc creator/4.0/psoc creator/import/gnu/arm/4.9.3/bin/../lib/gcc/arm-none-eabi/4.9.3/../../../../arm-none-eabi/lib/armv6-m\libg_nano.a(lib_a-strstr.o)

.debug_str      0x00000000     0x4450
 *(.debug_str)
 .debug_str     0x00000000      0x868 .\ARM_GCC_493\Debug\animation.o
                                0x9c1 (size before relaxing)
 .debug_str     0x00000868      0xa75 .\ARM_GCC_493\Debug\command_telemetry.o
                               0x1033 (size before relaxing)
 .debug_str     0x000012dd      0x15c .\ARM_GCC_493\Debug\comms.o
                                0x314 (size before relaxing)
 .debug_str     0x00001439      0x129 .\ARM_GCC_493\Debug\led.o
                                0x337 (size before relaxing)
 .debug_str     0x00001562      0x2d1 .\ARM_GCC_493\Debug\main.o
                                0x866 (size before relaxing)
 .debug_str     0x00001833       0x7f .\ARM_GCC_493\Debug\util.o
                                0x2f9 (size before relaxing)
 .debug_str     0x000018b2       0x35 .\ARM_GCC_493\Debug\cymetadata.o
                                0x19a (size before relaxing)
 .debug_str     0x000018e7      0x16a .\ARM_GCC_493\Debug\Cm0plusStart.o
                                0x302 (size before relaxing)
 .debug_str     0x00001a51       0x78 .\ARM_GCC_493\Debug\cybootloader.o
                                0x1dd (size before relaxing)
 .debug_str     0x00001ac9       0x84 .\ARM_GCC_493\Debug\Prof_DP0.a(cyfitter_cfg.o)
                                0x1fd (size before relaxing)
 .debug_str     0x00001b4d      0x59b .\ARM_GCC_493\Debug\Prof_DP0.a(CapSense_Control.o)
                                0x935 (size before relaxing)
 .debug_str     0x000020e8      0x1f3 .\ARM_GCC_493\Debug\Prof_DP0.a(CapSense_Processing.o)
                                0x8b7 (size before relaxing)
 .debug_str     0x000022db      0x1c1 .\ARM_GCC_493\Debug\Prof_DP0.a(CapSense_Structure.o)
                                0x821 (size before relaxing)
 .debug_str     0x0000249c      0x11b .\ARM_GCC_493\Debug\Prof_DP0.a(CapSense_Tuner.o)
                                0x64e (size before relaxing)
 .debug_str     0x000025b7      0x28f .\ARM_GCC_493\Debug\Prof_DP0.a(CapSense_Filter.o)
                                0x896 (size before relaxing)
 .debug_str     0x00002846      0x489 .\ARM_GCC_493\Debug\Prof_DP0.a(CapSense_Sensing.o)
                                0xae6 (size before relaxing)
 .debug_str     0x00002ccf      0x397 .\ARM_GCC_493\Debug\Prof_DP0.a(CapSense_SensingCSD_LL.o)
                                0xb15 (size before relaxing)
 .debug_str     0x00003066      0x122 .\ARM_GCC_493\Debug\Prof_DP0.a(CapSense_ISR.o)
                                0x330 (size before relaxing)
 .debug_str     0x00003188      0x4c0 .\ARM_GCC_493\Debug\Prof_DP0.a(CyLib.o)
                                0x707 (size before relaxing)
 .debug_str     0x00003648       0x5f .\ARM_GCC_493\Debug\Prof_DP0.a(cyPm.o)
                                0x221 (size before relaxing)
 .debug_str     0x000036a7      0x2d0 .\ARM_GCC_493\Debug\Prof_DP0.a(CyLFClk.o)
                                0x49e (size before relaxing)
 .debug_str     0x00003977      0x3c0 .\ARM_GCC_493\Debug\Prof_DP0.a(Timer_1.o)
                                0x5e9 (size before relaxing)
 .debug_str     0x00003d37      0x108 .\ARM_GCC_493\Debug\Prof_DP0.a(I2CS.o)
                                0x2b0 (size before relaxing)
 .debug_str     0x00003e3f       0x74 .\ARM_GCC_493\Debug\Prof_DP0.a(I2CS_I2C.o)
                                0x23a (size before relaxing)
 .debug_str     0x00003eb3      0x115 .\ARM_GCC_493\Debug\Prof_DP0.a(I2CS_I2C_SLAVE.o)
                                0x3ad (size before relaxing)
 .debug_str     0x00003fc8       0xa5 .\ARM_GCC_493\Debug\Prof_DP0.a(CAPINT.o)
                                0x22d (size before relaxing)
 .debug_str     0x0000406d       0xa4 .\ARM_GCC_493\Debug\Prof_DP0.a(CapSense_INT.o)
                                0x6ec (size before relaxing)
 .debug_str     0x00004111      0x11d .\ARM_GCC_493\Debug\Prof_DP0.a(CyFlash.o)
                                0x306 (size before relaxing)
 .debug_str     0x0000422e       0x49 .\ARM_GCC_493\Debug\Prof_DP0.a(I2CS_I2C_INT.o)
                                0x288 (size before relaxing)
 .debug_str     0x00004277      0x166 C:\Program Files (x86)\Cypress\PSoC Creator\4.0\PSoC Creator\psoc\content\cycomponentlibrary\CyComponentLibrary.cylib\CapSense_P4_v3_10\PSoC4\Library\Capsense_P4Library_GCCp.a(CapSense_SmartSense_LL_v3_10.o)
                                0x2b2 (size before relaxing)
 .debug_str     0x000043dd       0x73 C:\Program Files (x86)\Cypress\PSoC Creator\4.0\PSoC Creator\psoc\content\cycomponentlibrary\CyComponentLibrary.cylib\CapSense_P4_v3_10\PSoC4\Library\Capsense_P4Library_GCCp.a(CapSense_SmartSense_SL_v3_10.o)
                                0x30e (size before relaxing)

.debug_loc      0x00000000     0x5bae
 *(.debug_loc)
 .debug_loc     0x00000000      0x17b .\ARM_GCC_493\Debug\animation.o
 .debug_loc     0x0000017b      0xf94 .\ARM_GCC_493\Debug\command_telemetry.o
 .debug_loc     0x0000110f       0x44 .\ARM_GCC_493\Debug\comms.o
 .debug_loc     0x00001153      0x496 .\ARM_GCC_493\Debug\led.o
 .debug_loc     0x000015e9      0x2e5 .\ARM_GCC_493\Debug\main.o
 .debug_loc     0x000018ce      0x132 .\ARM_GCC_493\Debug\util.o
 .debug_loc     0x00001a00      0x14f .\ARM_GCC_493\Debug\Cm0plusStart.o
 .debug_loc     0x00001b4f       0x35 .\ARM_GCC_493\Debug\Prof_DP0.a(cyfitter_cfg.o)
 .debug_loc     0x00001b84      0x412 .\ARM_GCC_493\Debug\Prof_DP0.a(CapSense_Control.o)
 .debug_loc     0x00001f96      0x611 .\ARM_GCC_493\Debug\Prof_DP0.a(CapSense_Processing.o)
 .debug_loc     0x000025a7      0x3ba .\ARM_GCC_493\Debug\Prof_DP0.a(CapSense_Structure.o)
 .debug_loc     0x00002961      0x13d .\ARM_GCC_493\Debug\Prof_DP0.a(CapSense_Tuner.o)
 .debug_loc     0x00002a9e      0xb92 .\ARM_GCC_493\Debug\Prof_DP0.a(CapSense_Filter.o)
 .debug_loc     0x00003630      0x4ed .\ARM_GCC_493\Debug\Prof_DP0.a(CapSense_Sensing.o)
 .debug_loc     0x00003b1d      0x819 .\ARM_GCC_493\Debug\Prof_DP0.a(CapSense_SensingCSD_LL.o)
 .debug_loc     0x00004336       0x82 .\ARM_GCC_493\Debug\Prof_DP0.a(CapSense_ISR.o)
 .debug_loc     0x000043b8      0x5e3 .\ARM_GCC_493\Debug\Prof_DP0.a(CyLib.o)
 .debug_loc     0x0000499b       0x47 .\ARM_GCC_493\Debug\Prof_DP0.a(cyPm.o)
 .debug_loc     0x000049e2      0x323 .\ARM_GCC_493\Debug\Prof_DP0.a(CyLFClk.o)
 .debug_loc     0x00004d05      0x547 .\ARM_GCC_493\Debug\Prof_DP0.a(Timer_1.o)
 .debug_loc     0x0000524c       0x7e .\ARM_GCC_493\Debug\Prof_DP0.a(I2CS.o)
 .debug_loc     0x000052ca      0x175 .\ARM_GCC_493\Debug\Prof_DP0.a(I2CS_I2C_SLAVE.o)
 .debug_loc     0x0000543f       0xa2 .\ARM_GCC_493\Debug\Prof_DP0.a(CAPINT.o)
 .debug_loc     0x000054e1       0xe6 .\ARM_GCC_493\Debug\Prof_DP0.a(CapSense_INT.o)
 .debug_loc     0x000055c7      0x1c8 .\ARM_GCC_493\Debug\Prof_DP0.a(CyFlash.o)
 .debug_loc     0x0000578f       0xa2 .\ARM_GCC_493\Debug\Prof_DP0.a(I2CS_I2C_INT.o)
 .debug_loc     0x00005831      0x229 C:\Program Files (x86)\Cypress\PSoC Creator\4.0\PSoC Creator\psoc\content\cycomponentlibrary\CyComponentLibrary.cylib\CapSense_P4_v3_10\PSoC4\Library\Capsense_P4Library_GCCp.a(CapSense_SmartSense_LL_v3_10.o)
 .debug_loc     0x00005a5a      0x154 C:\Program Files (x86)\Cypress\PSoC Creator\4.0\PSoC Creator\psoc\content\cycomponentlibrary\CyComponentLibrary.cylib\CapSense_P4_v3_10\PSoC4\Library\Capsense_P4Library_GCCp.a(CapSense_SmartSense_SL_v3_10.o)

.debug_macinfo
 *(.debug_macinfo)

.debug_ranges   0x00000000      0xbb0
 *(.debug_ranges)
 .debug_ranges  0x00000000       0xd8 .\ARM_GCC_493\Debug\animation.o
 .debug_ranges  0x000000d8       0xb0 .\ARM_GCC_493\Debug\command_telemetry.o
 .debug_ranges  0x00000188       0x30 .\ARM_GCC_493\Debug\comms.o
 .debug_ranges  0x000001b8       0x50 .\ARM_GCC_493\Debug\led.o
 .debug_ranges  0x00000208       0x50 .\ARM_GCC_493\Debug\main.o
 .debug_ranges  0x00000258       0x50 .\ARM_GCC_493\Debug\util.o
 .debug_ranges  0x000002a8       0x38 .\ARM_GCC_493\Debug\Cm0plusStart.o
 .debug_ranges  0x000002e0       0x28 .\ARM_GCC_493\Debug\Prof_DP0.a(cyfitter_cfg.o)
 .debug_ranges  0x00000308       0x58 .\ARM_GCC_493\Debug\Prof_DP0.a(CapSense_Control.o)
 .debug_ranges  0x00000360       0x40 .\ARM_GCC_493\Debug\Prof_DP0.a(CapSense_Processing.o)
 .debug_ranges  0x000003a0       0x40 .\ARM_GCC_493\Debug\Prof_DP0.a(CapSense_Structure.o)
 .debug_ranges  0x000003e0       0x18 .\ARM_GCC_493\Debug\Prof_DP0.a(CapSense_Tuner.o)
 .debug_ranges  0x000003f8       0xa0 .\ARM_GCC_493\Debug\Prof_DP0.a(CapSense_Filter.o)
 .debug_ranges  0x00000498       0xa0 .\ARM_GCC_493\Debug\Prof_DP0.a(CapSense_Sensing.o)
 .debug_ranges  0x00000538       0xc0 .\ARM_GCC_493\Debug\Prof_DP0.a(CapSense_SensingCSD_LL.o)
 .debug_ranges  0x000005f8       0x70 .\ARM_GCC_493\Debug\Prof_DP0.a(CapSense_ISR.o)
 .debug_ranges  0x00000668      0x180 .\ARM_GCC_493\Debug\Prof_DP0.a(CyLib.o)
 .debug_ranges  0x000007e8       0x20 .\ARM_GCC_493\Debug\Prof_DP0.a(cyPm.o)
 .debug_ranges  0x00000808       0xc8 .\ARM_GCC_493\Debug\Prof_DP0.a(CyLFClk.o)
 .debug_ranges  0x000008d0      0x148 .\ARM_GCC_493\Debug\Prof_DP0.a(Timer_1.o)
 .debug_ranges  0x00000a18       0x50 .\ARM_GCC_493\Debug\Prof_DP0.a(I2CS.o)
 .debug_ranges  0x00000a68       0x18 .\ARM_GCC_493\Debug\Prof_DP0.a(I2CS_I2C.o)
 .debug_ranges  0x00000a80       0x60 .\ARM_GCC_493\Debug\Prof_DP0.a(I2CS_I2C_SLAVE.o)
 .debug_ranges  0x00000ae0       0x38 .\ARM_GCC_493\Debug\Prof_DP0.a(CAPINT.o)
 .debug_ranges  0x00000b18       0x18 .\ARM_GCC_493\Debug\Prof_DP0.a(CapSense_INT.o)
 .debug_ranges  0x00000b30       0x38 .\ARM_GCC_493\Debug\Prof_DP0.a(CyFlash.o)
 .debug_ranges  0x00000b68       0x10 .\ARM_GCC_493\Debug\Prof_DP0.a(I2CS_I2C_INT.o)
 .debug_ranges  0x00000b78       0x18 C:\Program Files (x86)\Cypress\PSoC Creator\4.0\PSoC Creator\psoc\content\cycomponentlibrary\CyComponentLibrary.cylib\CapSense_P4_v3_10\PSoC4\Library\Capsense_P4Library_GCCp.a(CapSense_SmartSense_LL_v3_10.o)
 .debug_ranges  0x00000b90       0x20 C:\Program Files (x86)\Cypress\PSoC Creator\4.0\PSoC Creator\psoc\content\cycomponentlibrary\CyComponentLibrary.cylib\CapSense_P4_v3_10\PSoC4\Library\Capsense_P4Library_GCCp.a(CapSense_SmartSense_SL_v3_10.o)

.comment        0x00000000       0x70
 .comment       0x00000000       0x70 .\ARM_GCC_493\Debug\animation.o
                                 0x71 (size before relaxing)
 .comment       0x00000000       0x71 .\ARM_GCC_493\Debug\command_telemetry.o
 .comment       0x00000000       0x71 .\ARM_GCC_493\Debug\comms.o
 .comment       0x00000000       0x71 .\ARM_GCC_493\Debug\led.o
 .comment       0x00000000       0x71 .\ARM_GCC_493\Debug\main.o
 .comment       0x00000000       0x71 .\ARM_GCC_493\Debug\util.o
 .comment       0x00000000       0x71 .\ARM_GCC_493\Debug\cymetadata.o
 .comment       0x00000000       0x71 .\ARM_GCC_493\Debug\Cm0plusStart.o
 .comment       0x00000000       0x71 .\ARM_GCC_493\Debug\cybootloader.o
 .comment       0x00000000       0x71 .\ARM_GCC_493\Debug\Prof_DP0.a(cyfitter_cfg.o)
 .comment       0x00000000       0x71 .\ARM_GCC_493\Debug\Prof_DP0.a(CapSense_Control.o)
 .comment       0x00000000       0x71 .\ARM_GCC_493\Debug\Prof_DP0.a(CapSense_Processing.o)
 .comment       0x00000000       0x71 .\ARM_GCC_493\Debug\Prof_DP0.a(CapSense_Structure.o)
 .comment       0x00000000       0x71 .\ARM_GCC_493\Debug\Prof_DP0.a(CapSense_Tuner.o)
 .comment       0x00000000       0x71 .\ARM_GCC_493\Debug\Prof_DP0.a(CapSense_Filter.o)
 .comment       0x00000000       0x71 .\ARM_GCC_493\Debug\Prof_DP0.a(CapSense_Sensing.o)
 .comment       0x00000000       0x71 .\ARM_GCC_493\Debug\Prof_DP0.a(CapSense_SensingCSD_LL.o)
 .comment       0x00000000       0x71 .\ARM_GCC_493\Debug\Prof_DP0.a(CapSense_ISR.o)
 .comment       0x00000000       0x71 .\ARM_GCC_493\Debug\Prof_DP0.a(CyLib.o)
 .comment       0x00000000       0x71 .\ARM_GCC_493\Debug\Prof_DP0.a(cyPm.o)
 .comment       0x00000000       0x71 .\ARM_GCC_493\Debug\Prof_DP0.a(CyLFClk.o)
 .comment       0x00000000       0x71 .\ARM_GCC_493\Debug\Prof_DP0.a(Timer_1.o)
 .comment       0x00000000       0x71 .\ARM_GCC_493\Debug\Prof_DP0.a(I2CS.o)
 .comment       0x00000000       0x71 .\ARM_GCC_493\Debug\Prof_DP0.a(I2CS_I2C.o)
 .comment       0x00000000       0x71 .\ARM_GCC_493\Debug\Prof_DP0.a(I2CS_I2C_SLAVE.o)
 .comment       0x00000000       0x71 .\ARM_GCC_493\Debug\Prof_DP0.a(CAPINT.o)
 .comment       0x00000000       0x71 .\ARM_GCC_493\Debug\Prof_DP0.a(CapSense_INT.o)
 .comment       0x00000000       0x71 .\ARM_GCC_493\Debug\Prof_DP0.a(CyFlash.o)
 .comment       0x00000000       0x71 .\ARM_GCC_493\Debug\Prof_DP0.a(I2CS_I2C_INT.o)
 .comment       0x00000000       0x71 C:\Program Files (x86)\Cypress\PSoC Creator\4.0\PSoC Creator\psoc\content\cycomponentlibrary\CyComponentLibrary.cylib\CapSense_P4_v3_10\PSoC4\Library\Capsense_P4Library_GCCp.a(CapSense_SmartSense_LL_v3_10.o)
 .comment       0x00000000       0x71 C:\Program Files (x86)\Cypress\PSoC Creator\4.0\PSoC Creator\psoc\content\cycomponentlibrary\CyComponentLibrary.cylib\CapSense_P4_v3_10\PSoC4\Library\Capsense_P4Library_GCCp.a(CapSense_SmartSense_SL_v3_10.o)

.debug_weaknames
 *(.debug_weaknames)

.debug_funcnames
 *(.debug_funcnames)

.debug_typenames
 *(.debug_typenames)

.debug_varnames
 *(.debug_varnames)

.note.gnu.arm.ident
 *(.note.gnu.arm.ident)

.ARM.attributes
                0x00000000       0x28
 *(.ARM.attributes)
 .ARM.attributes
                0x00000000       0x1e c:/program files (x86)/cypress/psoc creator/4.0/psoc creator/import/gnu/arm/4.9.3/bin/../lib/gcc/arm-none-eabi/4.9.3/armv6-m/crti.o
 .ARM.attributes
                0x0000001e       0x2c c:/program files (x86)/cypress/psoc creator/4.0/psoc creator/import/gnu/arm/4.9.3/bin/../lib/gcc/arm-none-eabi/4.9.3/armv6-m/crtbegin.o
 .ARM.attributes
                0x0000004a       0x1b c:/program files (x86)/cypress/psoc creator/4.0/psoc creator/import/gnu/arm/4.9.3/bin/../lib/gcc/arm-none-eabi/4.9.3/../../../../arm-none-eabi/lib/armv6-m/crt0.o
 .ARM.attributes
                0x00000065       0x32 .\ARM_GCC_493\Debug\animation.o
 .ARM.attributes
                0x00000097       0x32 .\ARM_GCC_493\Debug\command_telemetry.o
 .ARM.attributes
                0x000000c9       0x32 .\ARM_GCC_493\Debug\comms.o
 .ARM.attributes
                0x000000fb       0x32 .\ARM_GCC_493\Debug\led.o
 .ARM.attributes
                0x0000012d       0x32 .\ARM_GCC_493\Debug\main.o
 .ARM.attributes
                0x0000015f       0x32 .\ARM_GCC_493\Debug\util.o
 .ARM.attributes
                0x00000191       0x32 .\ARM_GCC_493\Debug\cymetadata.o
 .ARM.attributes
                0x000001c3       0x32 .\ARM_GCC_493\Debug\Cm0plusStart.o
 .ARM.attributes
                0x000001f5       0x32 .\ARM_GCC_493\Debug\cybootloader.o
 .ARM.attributes
                0x00000227       0x32 .\ARM_GCC_493\Debug\Prof_DP0.a(cyfitter_cfg.o)
 .ARM.attributes
                0x00000259       0x32 .\ARM_GCC_493\Debug\Prof_DP0.a(CapSense_Control.o)
 .ARM.attributes
                0x0000028b       0x32 .\ARM_GCC_493\Debug\Prof_DP0.a(CapSense_Processing.o)
 .ARM.attributes
                0x000002bd       0x32 .\ARM_GCC_493\Debug\Prof_DP0.a(CapSense_Structure.o)
 .ARM.attributes
                0x000002ef       0x32 .\ARM_GCC_493\Debug\Prof_DP0.a(CapSense_Tuner.o)
 .ARM.attributes
                0x00000321       0x32 .\ARM_GCC_493\Debug\Prof_DP0.a(CapSense_Filter.o)
 .ARM.attributes
                0x00000353       0x32 .\ARM_GCC_493\Debug\Prof_DP0.a(CapSense_Sensing.o)
 .ARM.attributes
                0x00000385       0x32 .\ARM_GCC_493\Debug\Prof_DP0.a(CapSense_SensingCSD_LL.o)
 .ARM.attributes
                0x000003b7       0x32 .\ARM_GCC_493\Debug\Prof_DP0.a(CapSense_ISR.o)
 .ARM.attributes
                0x000003e9       0x32 .\ARM_GCC_493\Debug\Prof_DP0.a(CyLib.o)
 .ARM.attributes
                0x0000041b       0x32 .\ARM_GCC_493\Debug\Prof_DP0.a(cyPm.o)
 .ARM.attributes
                0x0000044d       0x32 .\ARM_GCC_493\Debug\Prof_DP0.a(CyLFClk.o)
 .ARM.attributes
                0x0000047f       0x32 .\ARM_GCC_493\Debug\Prof_DP0.a(Timer_1.o)
 .ARM.attributes
                0x000004b1       0x32 .\ARM_GCC_493\Debug\Prof_DP0.a(I2CS.o)
 .ARM.attributes
                0x000004e3       0x32 .\ARM_GCC_493\Debug\Prof_DP0.a(I2CS_I2C.o)
 .ARM.attributes
                0x00000515       0x32 .\ARM_GCC_493\Debug\Prof_DP0.a(I2CS_I2C_SLAVE.o)
 .ARM.attributes
                0x00000547       0x32 .\ARM_GCC_493\Debug\Prof_DP0.a(CAPINT.o)
 .ARM.attributes
                0x00000579       0x22 .\ARM_GCC_493\Debug\Prof_DP0.a(CyBootAsmGnu.o)
 .ARM.attributes
                0x0000059b       0x32 .\ARM_GCC_493\Debug\Prof_DP0.a(CapSense_INT.o)
 .ARM.attributes
                0x000005cd       0x32 .\ARM_GCC_493\Debug\Prof_DP0.a(CyFlash.o)
 .ARM.attributes
                0x000005ff       0x32 .\ARM_GCC_493\Debug\Prof_DP0.a(I2CS_I2C_INT.o)
 .ARM.attributes
                0x00000631       0x32 C:\Program Files (x86)\Cypress\PSoC Creator\4.0\PSoC Creator\psoc\content\cycomponentlibrary\CyComponentLibrary.cylib\CapSense_P4_v3_10\PSoC4\Library\Capsense_P4Library_GCCp.a(CapSense_SmartSense_LL_v3_10.o)
 .ARM.attributes
                0x00000663       0x32 C:\Program Files (x86)\Cypress\PSoC Creator\4.0\PSoC Creator\psoc\content\cycomponentlibrary\CyComponentLibrary.cylib\CapSense_P4_v3_10\PSoC4\Library\Capsense_P4Library_GCCp.a(CapSense_SmartSense_SL_v3_10.o)
 .ARM.attributes
                0x00000695       0x1e c:/program files (x86)/cypress/psoc creator/4.0/psoc creator/import/gnu/arm/4.9.3/bin/../lib/gcc/arm-none-eabi/4.9.3/armv6-m\libgcc.a(_udivsi3.o)
 .ARM.attributes
                0x000006b3       0x1e c:/program files (x86)/cypress/psoc creator/4.0/psoc creator/import/gnu/arm/4.9.3/bin/../lib/gcc/arm-none-eabi/4.9.3/armv6-m\libgcc.a(_divsi3.o)
 .ARM.attributes
                0x000006d1       0x1e c:/program files (x86)/cypress/psoc creator/4.0/psoc creator/import/gnu/arm/4.9.3/bin/../lib/gcc/arm-none-eabi/4.9.3/armv6-m\libgcc.a(_dvmd_tls.o)
 .ARM.attributes
                0x000006ef       0x1e c:/program files (x86)/cypress/psoc creator/4.0/psoc creator/import/gnu/arm/4.9.3/bin/../lib/gcc/arm-none-eabi/4.9.3/armv6-m\libgcc.a(_aeabi_ldivmod.o)
 .ARM.attributes
                0x0000070d       0x2c c:/program files (x86)/cypress/psoc creator/4.0/psoc creator/import/gnu/arm/4.9.3/bin/../lib/gcc/arm-none-eabi/4.9.3/armv6-m\libgcc.a(bpabi.o)
 .ARM.attributes
                0x00000739       0x2c c:/program files (x86)/cypress/psoc creator/4.0/psoc creator/import/gnu/arm/4.9.3/bin/../lib/gcc/arm-none-eabi/4.9.3/armv6-m\libgcc.a(_muldi3.o)
 .ARM.attributes
                0x00000765       0x2c c:/program files (x86)/cypress/psoc creator/4.0/psoc creator/import/gnu/arm/4.9.3/bin/../lib/gcc/arm-none-eabi/4.9.3/armv6-m\libgcc.a(_divdi3.o)
 .ARM.attributes
                0x00000791       0x2c c:/program files (x86)/cypress/psoc creator/4.0/psoc creator/import/gnu/arm/4.9.3/bin/../lib/gcc/arm-none-eabi/4.9.3/armv6-m\libgcc.a(_udivdi3.o)
 .ARM.attributes
                0x000007bd       0x1e c:/program files (x86)/cypress/psoc creator/4.0/psoc creator/import/gnu/arm/4.9.3/bin/../lib/gcc/arm-none-eabi/4.9.3/armv6-m\libgcc.a(_clzdi2.o)
 .ARM.attributes
                0x000007db       0x1e c:/program files (x86)/cypress/psoc creator/4.0/psoc creator/import/gnu/arm/4.9.3/bin/../lib/gcc/arm-none-eabi/4.9.3/armv6-m\libgcc.a(_clzsi2.o)
 .ARM.attributes
                0x000007f9       0x2c c:/program files (x86)/cypress/psoc creator/4.0/psoc creator/import/gnu/arm/4.9.3/bin/../lib/gcc/arm-none-eabi/4.9.3/../../../../arm-none-eabi/lib/armv6-m\libg_nano.a(lib_a-errno.o)
 .ARM.attributes
                0x00000825       0x2c c:/program files (x86)/cypress/psoc creator/4.0/psoc creator/import/gnu/arm/4.9.3/bin/../lib/gcc/arm-none-eabi/4.9.3/../../../../arm-none-eabi/lib/armv6-m\libg_nano.a(lib_a-exit.o)
 .ARM.attributes
                0x00000851       0x2c c:/program files (x86)/cypress/psoc creator/4.0/psoc creator/import/gnu/arm/4.9.3/bin/../lib/gcc/arm-none-eabi/4.9.3/../../../../arm-none-eabi/lib/armv6-m\libg_nano.a(lib_a-impure.o)
 .ARM.attributes
                0x0000087d       0x2c c:/program files (x86)/cypress/psoc creator/4.0/psoc creator/import/gnu/arm/4.9.3/bin/../lib/gcc/arm-none-eabi/4.9.3/../../../../arm-none-eabi/lib/armv6-m\libg_nano.a(lib_a-init.o)
 .ARM.attributes