ARM GAS  C:\Users\MM1005~1\AppData\Local\Temp\ccSmG5Lf.s 			page 1


   1              		.cpu cortex-m0plus
   2              		.fpu softvfp
   3              		.eabi_attribute 20, 1
   4              		.eabi_attribute 21, 1
   5              		.eabi_attribute 23, 3
   6              		.eabi_attribute 24, 1
   7              		.eabi_attribute 25, 1
   8              		.eabi_attribute 26, 1
   9              		.eabi_attribute 30, 1
  10              		.eabi_attribute 34, 0
  11              		.eabi_attribute 18, 4
  12              		.code	16
  13              		.file	"cyfitter_cfg.c"
  14              		.text
  15              	.Ltext0:
  16              		.cfi_sections	.debug_frame
  17              		.section	.psocinit,"ax",%progbits
  18              		.align	2
  19              		.code	16
  20              		.thumb_func
  21              		.type	ClockSetup, %function
  22              	ClockSetup:
  23              	.LFB4:
  24              		.file 1 "Generated_Source\\PSoC4\\cyfitter_cfg.c"
   1:Generated_Source\PSoC4/cyfitter_cfg.c **** /*******************************************************************************
   2:Generated_Source\PSoC4/cyfitter_cfg.c **** * File Name: cyfitter_cfg.c
   3:Generated_Source\PSoC4/cyfitter_cfg.c **** * 
   4:Generated_Source\PSoC4/cyfitter_cfg.c **** * PSoC Creator  4.0 Update 1
   5:Generated_Source\PSoC4/cyfitter_cfg.c **** *
   6:Generated_Source\PSoC4/cyfitter_cfg.c **** * Description:
   7:Generated_Source\PSoC4/cyfitter_cfg.c **** * This file contains device initialization code.
   8:Generated_Source\PSoC4/cyfitter_cfg.c **** * Except for the user defined sections in CyClockStartupError(), this file should not be modified.
   9:Generated_Source\PSoC4/cyfitter_cfg.c **** * This file is automatically generated by PSoC Creator.
  10:Generated_Source\PSoC4/cyfitter_cfg.c **** *
  11:Generated_Source\PSoC4/cyfitter_cfg.c **** ********************************************************************************
  12:Generated_Source\PSoC4/cyfitter_cfg.c **** * Copyright (c) 2007-2016 Cypress Semiconductor.  All rights reserved.
  13:Generated_Source\PSoC4/cyfitter_cfg.c **** * You may use this file only in accordance with the license, terms, conditions, 
  14:Generated_Source\PSoC4/cyfitter_cfg.c **** * disclaimers, and limitations in the end user license agreement accompanying 
  15:Generated_Source\PSoC4/cyfitter_cfg.c **** * the software package with which this file was provided.
  16:Generated_Source\PSoC4/cyfitter_cfg.c **** ********************************************************************************/
  17:Generated_Source\PSoC4/cyfitter_cfg.c **** 
  18:Generated_Source\PSoC4/cyfitter_cfg.c **** #include <string.h>
  19:Generated_Source\PSoC4/cyfitter_cfg.c **** #include "cytypes.h"
  20:Generated_Source\PSoC4/cyfitter_cfg.c **** #include "cydevice_trm.h"
  21:Generated_Source\PSoC4/cyfitter_cfg.c **** #include "cyfitter.h"
  22:Generated_Source\PSoC4/cyfitter_cfg.c **** #include "CyLib.h"
  23:Generated_Source\PSoC4/cyfitter_cfg.c **** #include "cyfitter_cfg.h"
  24:Generated_Source\PSoC4/cyfitter_cfg.c **** #include "cyapicallbacks.h"
  25:Generated_Source\PSoC4/cyfitter_cfg.c **** 
  26:Generated_Source\PSoC4/cyfitter_cfg.c **** 
  27:Generated_Source\PSoC4/cyfitter_cfg.c **** #if defined(__GNUC__) || defined(__ARMCC_VERSION)
  28:Generated_Source\PSoC4/cyfitter_cfg.c ****     #define CYPACKED 
  29:Generated_Source\PSoC4/cyfitter_cfg.c ****     #define CYPACKED_ATTR __attribute__ ((packed))
  30:Generated_Source\PSoC4/cyfitter_cfg.c ****     #define CYALIGNED __attribute__ ((aligned))
  31:Generated_Source\PSoC4/cyfitter_cfg.c ****     #define CY_CFG_UNUSED __attribute__ ((unused))
  32:Generated_Source\PSoC4/cyfitter_cfg.c ****     #ifndef CY_CFG_SECTION
  33:Generated_Source\PSoC4/cyfitter_cfg.c ****         #define CY_CFG_SECTION __attribute__ ((section(".psocinit")))
ARM GAS  C:\Users\MM1005~1\AppData\Local\Temp\ccSmG5Lf.s 			page 2


  34:Generated_Source\PSoC4/cyfitter_cfg.c ****     #endif
  35:Generated_Source\PSoC4/cyfitter_cfg.c ****     
  36:Generated_Source\PSoC4/cyfitter_cfg.c ****     #if defined(__ARMCC_VERSION)
  37:Generated_Source\PSoC4/cyfitter_cfg.c ****         #define CY_CFG_MEMORY_BARRIER() __memory_changed()
  38:Generated_Source\PSoC4/cyfitter_cfg.c ****     #else
  39:Generated_Source\PSoC4/cyfitter_cfg.c ****         #define CY_CFG_MEMORY_BARRIER() __sync_synchronize()
  40:Generated_Source\PSoC4/cyfitter_cfg.c ****     #endif
  41:Generated_Source\PSoC4/cyfitter_cfg.c ****     
  42:Generated_Source\PSoC4/cyfitter_cfg.c **** #elif defined(__ICCARM__)
  43:Generated_Source\PSoC4/cyfitter_cfg.c ****     #include <intrinsics.h>
  44:Generated_Source\PSoC4/cyfitter_cfg.c **** 
  45:Generated_Source\PSoC4/cyfitter_cfg.c ****     #define CYPACKED __packed
  46:Generated_Source\PSoC4/cyfitter_cfg.c ****     #define CYPACKED_ATTR 
  47:Generated_Source\PSoC4/cyfitter_cfg.c ****     #define CYALIGNED _Pragma("data_alignment=4")
  48:Generated_Source\PSoC4/cyfitter_cfg.c ****     #define CY_CFG_UNUSED _Pragma("diag_suppress=Pe177")
  49:Generated_Source\PSoC4/cyfitter_cfg.c ****     #define CY_CFG_SECTION _Pragma("location=\".psocinit\"")
  50:Generated_Source\PSoC4/cyfitter_cfg.c ****     
  51:Generated_Source\PSoC4/cyfitter_cfg.c ****     #define CY_CFG_MEMORY_BARRIER() __DMB()
  52:Generated_Source\PSoC4/cyfitter_cfg.c ****     
  53:Generated_Source\PSoC4/cyfitter_cfg.c **** #else
  54:Generated_Source\PSoC4/cyfitter_cfg.c ****     #error Unsupported toolchain
  55:Generated_Source\PSoC4/cyfitter_cfg.c **** #endif
  56:Generated_Source\PSoC4/cyfitter_cfg.c **** 
  57:Generated_Source\PSoC4/cyfitter_cfg.c **** 
  58:Generated_Source\PSoC4/cyfitter_cfg.c **** CY_CFG_UNUSED
  59:Generated_Source\PSoC4/cyfitter_cfg.c **** static void CYMEMZERO(void *s, size_t n);
  60:Generated_Source\PSoC4/cyfitter_cfg.c **** CY_CFG_UNUSED
  61:Generated_Source\PSoC4/cyfitter_cfg.c **** static void CYMEMZERO(void *s, size_t n)
  62:Generated_Source\PSoC4/cyfitter_cfg.c **** {
  63:Generated_Source\PSoC4/cyfitter_cfg.c **** 	(void)memset(s, 0, n);
  64:Generated_Source\PSoC4/cyfitter_cfg.c **** }
  65:Generated_Source\PSoC4/cyfitter_cfg.c **** CY_CFG_UNUSED
  66:Generated_Source\PSoC4/cyfitter_cfg.c **** static void CYCONFIGCPY(void *dest, const void *src, size_t n);
  67:Generated_Source\PSoC4/cyfitter_cfg.c **** CY_CFG_UNUSED
  68:Generated_Source\PSoC4/cyfitter_cfg.c **** static void CYCONFIGCPY(void *dest, const void *src, size_t n)
  69:Generated_Source\PSoC4/cyfitter_cfg.c **** {
  70:Generated_Source\PSoC4/cyfitter_cfg.c **** 	(void)memcpy(dest, src, n);
  71:Generated_Source\PSoC4/cyfitter_cfg.c **** }
  72:Generated_Source\PSoC4/cyfitter_cfg.c **** CY_CFG_UNUSED
  73:Generated_Source\PSoC4/cyfitter_cfg.c **** static void CYCONFIGCPYCODE(void *dest, const void *src, size_t n);
  74:Generated_Source\PSoC4/cyfitter_cfg.c **** CY_CFG_UNUSED
  75:Generated_Source\PSoC4/cyfitter_cfg.c **** static void CYCONFIGCPYCODE(void *dest, const void *src, size_t n)
  76:Generated_Source\PSoC4/cyfitter_cfg.c **** {
  77:Generated_Source\PSoC4/cyfitter_cfg.c **** 	(void)memcpy(dest, src, n);
  78:Generated_Source\PSoC4/cyfitter_cfg.c **** }
  79:Generated_Source\PSoC4/cyfitter_cfg.c **** 
  80:Generated_Source\PSoC4/cyfitter_cfg.c **** 
  81:Generated_Source\PSoC4/cyfitter_cfg.c **** 
  82:Generated_Source\PSoC4/cyfitter_cfg.c **** 
  83:Generated_Source\PSoC4/cyfitter_cfg.c **** /* Clock startup error codes                                                   */
  84:Generated_Source\PSoC4/cyfitter_cfg.c **** #define CYCLOCKSTART_NO_ERROR    0u
  85:Generated_Source\PSoC4/cyfitter_cfg.c **** #define CYCLOCKSTART_XTAL_ERROR  1u
  86:Generated_Source\PSoC4/cyfitter_cfg.c **** #define CYCLOCKSTART_32KHZ_ERROR 2u
  87:Generated_Source\PSoC4/cyfitter_cfg.c **** #define CYCLOCKSTART_PLL_ERROR   3u
  88:Generated_Source\PSoC4/cyfitter_cfg.c **** 
  89:Generated_Source\PSoC4/cyfitter_cfg.c **** 
  90:Generated_Source\PSoC4/cyfitter_cfg.c **** #ifdef CY_NEED_CYCLOCKSTARTUPERROR
ARM GAS  C:\Users\MM1005~1\AppData\Local\Temp\ccSmG5Lf.s 			page 3


  91:Generated_Source\PSoC4/cyfitter_cfg.c **** /*******************************************************************************
  92:Generated_Source\PSoC4/cyfitter_cfg.c **** * Function Name: CyClockStartupError
  93:Generated_Source\PSoC4/cyfitter_cfg.c **** ********************************************************************************
  94:Generated_Source\PSoC4/cyfitter_cfg.c **** * Summary:
  95:Generated_Source\PSoC4/cyfitter_cfg.c **** *  If an error is encountered during clock configuration (crystal startup error,
  96:Generated_Source\PSoC4/cyfitter_cfg.c **** *  PLL lock error, etc.), the system will end up here.  Unless reimplemented by
  97:Generated_Source\PSoC4/cyfitter_cfg.c **** *  the customer, this function will stop in an infinite loop.
  98:Generated_Source\PSoC4/cyfitter_cfg.c **** *
  99:Generated_Source\PSoC4/cyfitter_cfg.c **** * Parameters:
 100:Generated_Source\PSoC4/cyfitter_cfg.c **** *   void
 101:Generated_Source\PSoC4/cyfitter_cfg.c **** *
 102:Generated_Source\PSoC4/cyfitter_cfg.c **** * Return:
 103:Generated_Source\PSoC4/cyfitter_cfg.c **** *   void
 104:Generated_Source\PSoC4/cyfitter_cfg.c **** *
 105:Generated_Source\PSoC4/cyfitter_cfg.c **** *******************************************************************************/
 106:Generated_Source\PSoC4/cyfitter_cfg.c **** CY_CFG_UNUSED
 107:Generated_Source\PSoC4/cyfitter_cfg.c **** static void CyClockStartupError(uint8 errorCode);
 108:Generated_Source\PSoC4/cyfitter_cfg.c **** CY_CFG_UNUSED
 109:Generated_Source\PSoC4/cyfitter_cfg.c **** static void CyClockStartupError(uint8 errorCode)
 110:Generated_Source\PSoC4/cyfitter_cfg.c **** {
 111:Generated_Source\PSoC4/cyfitter_cfg.c ****     /* To remove the compiler warning if errorCode not used.                */
 112:Generated_Source\PSoC4/cyfitter_cfg.c ****     errorCode = errorCode;
 113:Generated_Source\PSoC4/cyfitter_cfg.c **** 
 114:Generated_Source\PSoC4/cyfitter_cfg.c ****     /* If we have a clock startup error (bad MHz crystal, PLL lock, etc.),  */
 115:Generated_Source\PSoC4/cyfitter_cfg.c ****     /* we will end up here to allow the customer to implement something to  */
 116:Generated_Source\PSoC4/cyfitter_cfg.c ****     /* deal with the clock condition.                                       */
 117:Generated_Source\PSoC4/cyfitter_cfg.c **** 
 118:Generated_Source\PSoC4/cyfitter_cfg.c **** #ifdef CY_CFG_CLOCK_STARTUP_ERROR_CALLBACK
 119:Generated_Source\PSoC4/cyfitter_cfg.c **** 	CY_CFG_Clock_Startup_ErrorCallback();
 120:Generated_Source\PSoC4/cyfitter_cfg.c **** #else
 121:Generated_Source\PSoC4/cyfitter_cfg.c **** 	/*  If not using CY_CFG_CLOCK_STARTUP_ERROR_CALLBACK, place your clock startup code here. */
 122:Generated_Source\PSoC4/cyfitter_cfg.c ****     /* `#START CyClockStartupError` */
 123:Generated_Source\PSoC4/cyfitter_cfg.c **** 
 124:Generated_Source\PSoC4/cyfitter_cfg.c **** 
 125:Generated_Source\PSoC4/cyfitter_cfg.c **** 
 126:Generated_Source\PSoC4/cyfitter_cfg.c ****     /* `#END` */
 127:Generated_Source\PSoC4/cyfitter_cfg.c **** 
 128:Generated_Source\PSoC4/cyfitter_cfg.c ****     /* If nothing else, stop here since the clocks have not started         */
 129:Generated_Source\PSoC4/cyfitter_cfg.c ****     /* correctly.                                                           */
 130:Generated_Source\PSoC4/cyfitter_cfg.c ****     while(1) {}
 131:Generated_Source\PSoC4/cyfitter_cfg.c **** #endif /* CY_CFG_CLOCK_STARTUP_ERROR_CALLBACK */ 
 132:Generated_Source\PSoC4/cyfitter_cfg.c **** }
 133:Generated_Source\PSoC4/cyfitter_cfg.c **** #endif
 134:Generated_Source\PSoC4/cyfitter_cfg.c **** 
 135:Generated_Source\PSoC4/cyfitter_cfg.c **** 
 136:Generated_Source\PSoC4/cyfitter_cfg.c **** 
 137:Generated_Source\PSoC4/cyfitter_cfg.c **** /*******************************************************************************
 138:Generated_Source\PSoC4/cyfitter_cfg.c **** * Function Name: ClockSetup
 139:Generated_Source\PSoC4/cyfitter_cfg.c **** ********************************************************************************
 140:Generated_Source\PSoC4/cyfitter_cfg.c **** *
 141:Generated_Source\PSoC4/cyfitter_cfg.c **** * Summary:
 142:Generated_Source\PSoC4/cyfitter_cfg.c **** *   Performs the initialization of all of the clocks in the device based on the
 143:Generated_Source\PSoC4/cyfitter_cfg.c **** *   settings in the Clock tab of the DWR.  This includes enabling the requested
 144:Generated_Source\PSoC4/cyfitter_cfg.c **** *   clocks and setting the necessary dividers to produce the desired frequency. 
 145:Generated_Source\PSoC4/cyfitter_cfg.c **** *
 146:Generated_Source\PSoC4/cyfitter_cfg.c **** * Parameters:
 147:Generated_Source\PSoC4/cyfitter_cfg.c **** *   void
ARM GAS  C:\Users\MM1005~1\AppData\Local\Temp\ccSmG5Lf.s 			page 4


 148:Generated_Source\PSoC4/cyfitter_cfg.c **** *
 149:Generated_Source\PSoC4/cyfitter_cfg.c **** * Return:
 150:Generated_Source\PSoC4/cyfitter_cfg.c **** *   void
 151:Generated_Source\PSoC4/cyfitter_cfg.c **** *
 152:Generated_Source\PSoC4/cyfitter_cfg.c **** *******************************************************************************/
 153:Generated_Source\PSoC4/cyfitter_cfg.c **** static void ClockSetup(void);
 154:Generated_Source\PSoC4/cyfitter_cfg.c **** CY_CFG_SECTION
 155:Generated_Source\PSoC4/cyfitter_cfg.c **** static void ClockSetup(void)
 156:Generated_Source\PSoC4/cyfitter_cfg.c **** {
  25              		.loc 1 156 0
  26              		.cfi_startproc
  27 0000 10B5     		push	{r4, lr}
  28              		.cfi_def_cfa_offset 8
  29              		.cfi_offset 4, -8
  30              		.cfi_offset 14, -4
 157:Generated_Source\PSoC4/cyfitter_cfg.c **** 
 158:Generated_Source\PSoC4/cyfitter_cfg.c **** 	/* Set Flash Cycles based on max possible frequency in case a glitch occurs during ClockSetup(). *
 159:Generated_Source\PSoC4/cyfitter_cfg.c **** 	CY_SET_REG32((void CYXDATA *)(CYREG_CPUSS_FLASH_CTL), (0x0012u));
  31              		.loc 1 159 0
  32 0002 0B4C     		ldr	r4, .L2
  33 0004 1223     		mov	r3, #18
  34 0006 2360     		str	r3, [r4]
 160:Generated_Source\PSoC4/cyfitter_cfg.c **** 	/* Update IMO to new clock speed. */
 161:Generated_Source\PSoC4/cyfitter_cfg.c **** 	CySysClkWriteImoFreq(24u);
  35              		.loc 1 161 0
  36 0008 1820     		mov	r0, #24
  37 000a FFF7FEFF 		bl	CySysClkWriteImoFreq
  38              	.LVL0:
 162:Generated_Source\PSoC4/cyfitter_cfg.c **** 
 163:Generated_Source\PSoC4/cyfitter_cfg.c **** 	/* Setup phase aligned clocks */
 164:Generated_Source\PSoC4/cyfitter_cfg.c **** 	CY_SET_REG32((void *)CYREG_PERI_DIV_16_CTL0, 0x00000E00u);
  39              		.loc 1 164 0
  40 000e E022     		mov	r2, #224
  41 0010 1201     		lsl	r2, r2, #4
  42 0012 084B     		ldr	r3, .L2+4
  43 0014 1A60     		str	r2, [r3]
 165:Generated_Source\PSoC4/cyfitter_cfg.c **** 	CY_SET_REG32((void *)CYREG_PERI_DIV_CMD, 0x8000FF40u);
  44              		.loc 1 165 0
  45 0016 084A     		ldr	r2, .L2+8
  46 0018 084B     		ldr	r3, .L2+12
  47 001a 1A60     		str	r2, [r3]
 166:Generated_Source\PSoC4/cyfitter_cfg.c **** 
 167:Generated_Source\PSoC4/cyfitter_cfg.c **** 	/* CYDEV_CLK_SELECT Starting address: CYDEV_CLK_SELECT */
 168:Generated_Source\PSoC4/cyfitter_cfg.c **** 	CY_SET_XTND_REG32((void CYFAR *)(CYREG_CLK_SELECT), 0x00000000u);
  48              		.loc 1 168 0
  49 001c 0022     		mov	r2, #0
  50 001e 084B     		ldr	r3, .L2+16
  51 0020 1A60     		str	r2, [r3]
 169:Generated_Source\PSoC4/cyfitter_cfg.c **** 
 170:Generated_Source\PSoC4/cyfitter_cfg.c **** 	/* CYDEV_PERI_PCLK_CTL0 Starting address: CYDEV_PERI_PCLK_CTL0 */
 171:Generated_Source\PSoC4/cyfitter_cfg.c **** 	CY_SET_XTND_REG32((void CYFAR *)(CYREG_PERI_PCLK_CTL0), 0x00000040u);
  52              		.loc 1 171 0
  53 0022 4032     		add	r2, r2, #64
  54 0024 074B     		ldr	r3, .L2+20
  55 0026 1A60     		str	r2, [r3]
 172:Generated_Source\PSoC4/cyfitter_cfg.c **** 
 173:Generated_Source\PSoC4/cyfitter_cfg.c **** 	/* Set Flash Cycles based on newly configured 24.00MHz HFCLK. */
ARM GAS  C:\Users\MM1005~1\AppData\Local\Temp\ccSmG5Lf.s 			page 5


 174:Generated_Source\PSoC4/cyfitter_cfg.c **** 	CY_SET_REG32((void CYXDATA *)(CYREG_CPUSS_FLASH_CTL), (0x0011u));
  56              		.loc 1 174 0
  57 0028 1123     		mov	r3, #17
  58 002a 2360     		str	r3, [r4]
 175:Generated_Source\PSoC4/cyfitter_cfg.c **** }
  59              		.loc 1 175 0
  60              		@ sp needed
  61 002c 10BD     		pop	{r4, pc}
  62              	.L3:
  63 002e C046     		.align	2
  64              	.L2:
  65 0030 30001040 		.word	1074790448
  66 0034 00030140 		.word	1073808128
  67 0038 40FF0080 		.word	-2147418304
  68 003c 00000140 		.word	1073807360
  69 0040 28000340 		.word	1073938472
  70 0044 00010140 		.word	1073807616
  71              		.cfi_endproc
  72              	.LFE4:
  73              		.size	ClockSetup, .-ClockSetup
  74              		.align	2
  75              		.global	cyfitter_cfg
  76              		.code	16
  77              		.thumb_func
  78              		.type	cyfitter_cfg, %function
  79              	cyfitter_cfg:
  80              	.LFB6:
 176:Generated_Source\PSoC4/cyfitter_cfg.c **** 
 177:Generated_Source\PSoC4/cyfitter_cfg.c **** 
 178:Generated_Source\PSoC4/cyfitter_cfg.c **** /* Analog API Functions */
 179:Generated_Source\PSoC4/cyfitter_cfg.c **** 
 180:Generated_Source\PSoC4/cyfitter_cfg.c **** 
 181:Generated_Source\PSoC4/cyfitter_cfg.c **** /*******************************************************************************
 182:Generated_Source\PSoC4/cyfitter_cfg.c **** * Function Name: AnalogSetDefault
 183:Generated_Source\PSoC4/cyfitter_cfg.c **** ********************************************************************************
 184:Generated_Source\PSoC4/cyfitter_cfg.c **** *
 185:Generated_Source\PSoC4/cyfitter_cfg.c **** * Summary:
 186:Generated_Source\PSoC4/cyfitter_cfg.c **** *  Sets up the analog portions of the chip to default values based on chip
 187:Generated_Source\PSoC4/cyfitter_cfg.c **** *  configuration options from the project.
 188:Generated_Source\PSoC4/cyfitter_cfg.c **** *
 189:Generated_Source\PSoC4/cyfitter_cfg.c **** * Parameters:
 190:Generated_Source\PSoC4/cyfitter_cfg.c **** *  void
 191:Generated_Source\PSoC4/cyfitter_cfg.c **** *
 192:Generated_Source\PSoC4/cyfitter_cfg.c **** * Return:
 193:Generated_Source\PSoC4/cyfitter_cfg.c **** *  void
 194:Generated_Source\PSoC4/cyfitter_cfg.c **** *
 195:Generated_Source\PSoC4/cyfitter_cfg.c **** *******************************************************************************/
 196:Generated_Source\PSoC4/cyfitter_cfg.c **** static void AnalogSetDefault(void);
 197:Generated_Source\PSoC4/cyfitter_cfg.c **** static void AnalogSetDefault(void)
 198:Generated_Source\PSoC4/cyfitter_cfg.c **** {
 199:Generated_Source\PSoC4/cyfitter_cfg.c **** }
 200:Generated_Source\PSoC4/cyfitter_cfg.c **** 
 201:Generated_Source\PSoC4/cyfitter_cfg.c **** #define CY_AMUX_UNUSED CYREG_CM0P_ROM_DWT
 202:Generated_Source\PSoC4/cyfitter_cfg.c **** 
 203:Generated_Source\PSoC4/cyfitter_cfg.c **** 
 204:Generated_Source\PSoC4/cyfitter_cfg.c **** /*******************************************************************************
 205:Generated_Source\PSoC4/cyfitter_cfg.c **** * Function Name: cyfitter_cfg
ARM GAS  C:\Users\MM1005~1\AppData\Local\Temp\ccSmG5Lf.s 			page 6


 206:Generated_Source\PSoC4/cyfitter_cfg.c **** ********************************************************************************
 207:Generated_Source\PSoC4/cyfitter_cfg.c **** * Summary:
 208:Generated_Source\PSoC4/cyfitter_cfg.c **** *  This function is called by the start-up code for the selected device. It
 209:Generated_Source\PSoC4/cyfitter_cfg.c **** *  performs all of the necessary device configuration based on the design
 210:Generated_Source\PSoC4/cyfitter_cfg.c **** *  settings.  This includes settings from the Design Wide Resources (DWR) such
 211:Generated_Source\PSoC4/cyfitter_cfg.c **** *  as Clocks and Pins as well as any component configuration that is necessary.
 212:Generated_Source\PSoC4/cyfitter_cfg.c **** *
 213:Generated_Source\PSoC4/cyfitter_cfg.c **** * Parameters:  
 214:Generated_Source\PSoC4/cyfitter_cfg.c **** *   void
 215:Generated_Source\PSoC4/cyfitter_cfg.c **** *
 216:Generated_Source\PSoC4/cyfitter_cfg.c **** * Return:
 217:Generated_Source\PSoC4/cyfitter_cfg.c **** *   void
 218:Generated_Source\PSoC4/cyfitter_cfg.c **** *
 219:Generated_Source\PSoC4/cyfitter_cfg.c **** *******************************************************************************/
 220:Generated_Source\PSoC4/cyfitter_cfg.c **** CY_CFG_SECTION
 221:Generated_Source\PSoC4/cyfitter_cfg.c **** void cyfitter_cfg(void)
 222:Generated_Source\PSoC4/cyfitter_cfg.c **** {
  81              		.loc 1 222 0
  82              		.cfi_startproc
  83 0048 08B5     		push	{r3, lr}
  84              		.cfi_def_cfa_offset 8
  85              		.cfi_offset 3, -8
  86              		.cfi_offset 14, -4
 223:Generated_Source\PSoC4/cyfitter_cfg.c **** 	/* Disable interrupts by default. Let user enable if/when they want. */
 224:Generated_Source\PSoC4/cyfitter_cfg.c **** 	CyGlobalIntDisable;
  87              		.loc 1 224 0
  88              	@ 224 "Generated_Source\PSoC4\cyfitter_cfg.c" 1
  89 004a 72B6     		CPSID   i
  90              	@ 0 "" 2
 225:Generated_Source\PSoC4/cyfitter_cfg.c **** 
 226:Generated_Source\PSoC4/cyfitter_cfg.c **** 	{
 227:Generated_Source\PSoC4/cyfitter_cfg.c **** 		/* HSIOM Starting address: CYDEV_HSIOM_BASE */
 228:Generated_Source\PSoC4/cyfitter_cfg.c **** 		CY_SET_XTND_REG32((void CYFAR *)(CYREG_HSIOM_PORT_SEL1), 0x000000EEu);
  91              		.loc 1 228 0
  92              		.code	16
  93 004c EE22     		mov	r2, #238
  94 004e 094B     		ldr	r3, .L5
  95 0050 1A60     		str	r2, [r3]
 229:Generated_Source\PSoC4/cyfitter_cfg.c **** 		CY_SET_XTND_REG32((void CYFAR *)(CYREG_HSIOM_PORT_SEL3), 0x0000EE00u);
  96              		.loc 1 229 0
  97 0052 EE22     		mov	r2, #238
  98 0054 1202     		lsl	r2, r2, #8
  99 0056 084B     		ldr	r3, .L5+4
 100 0058 1A60     		str	r2, [r3]
 230:Generated_Source\PSoC4/cyfitter_cfg.c **** 
 231:Generated_Source\PSoC4/cyfitter_cfg.c **** 	}
 232:Generated_Source\PSoC4/cyfitter_cfg.c **** 
 233:Generated_Source\PSoC4/cyfitter_cfg.c **** 	/* Perform second pass device configuration. These items must be configured in specific order afte
 234:Generated_Source\PSoC4/cyfitter_cfg.c **** 	/* IOPINS0_1 Starting address: CYDEV_GPIO_PRT1_BASE */
 235:Generated_Source\PSoC4/cyfitter_cfg.c **** 	CY_SET_XTND_REG32((void CYFAR *)(CYDEV_GPIO_PRT1_BASE), 0x00000003u);
 101              		.loc 1 235 0
 102 005a 0322     		mov	r2, #3
 103 005c 074B     		ldr	r3, .L5+8
 104 005e 1A60     		str	r2, [r3]
 236:Generated_Source\PSoC4/cyfitter_cfg.c **** 	CY_SET_XTND_REG32((void CYFAR *)(CYREG_GPIO_PRT1_PC), 0x00000024u);
 105              		.loc 1 236 0
 106 0060 2132     		add	r2, r2, #33
ARM GAS  C:\Users\MM1005~1\AppData\Local\Temp\ccSmG5Lf.s 			page 7


 107 0062 074B     		ldr	r3, .L5+12
 108 0064 1A60     		str	r2, [r3]
 237:Generated_Source\PSoC4/cyfitter_cfg.c **** 
 238:Generated_Source\PSoC4/cyfitter_cfg.c **** 	/* IOPINS0_3 Starting address: CYDEV_GPIO_PRT3_BASE */
 239:Generated_Source\PSoC4/cyfitter_cfg.c **** 	CY_SET_XTND_REG32((void CYFAR *)(CYREG_GPIO_PRT3_PC), 0x00000D80u);
 109              		.loc 1 239 0
 110 0066 D822     		mov	r2, #216
 111 0068 1201     		lsl	r2, r2, #4
 112 006a 064B     		ldr	r3, .L5+16
 113 006c 1A60     		str	r2, [r3]
 240:Generated_Source\PSoC4/cyfitter_cfg.c **** 
 241:Generated_Source\PSoC4/cyfitter_cfg.c **** 
 242:Generated_Source\PSoC4/cyfitter_cfg.c **** 	/* Setup clocks based on selections from Clock DWR */
 243:Generated_Source\PSoC4/cyfitter_cfg.c **** 	ClockSetup();
 114              		.loc 1 243 0
 115 006e FFF7C7FF 		bl	ClockSetup
 116              	.LVL1:
 244:Generated_Source\PSoC4/cyfitter_cfg.c **** 
 245:Generated_Source\PSoC4/cyfitter_cfg.c **** 	/* Perform basic analog initialization to defaults */
 246:Generated_Source\PSoC4/cyfitter_cfg.c **** 	AnalogSetDefault();
 247:Generated_Source\PSoC4/cyfitter_cfg.c **** 
 248:Generated_Source\PSoC4/cyfitter_cfg.c **** }
 117              		.loc 1 248 0
 118              		@ sp needed
 119 0072 08BD     		pop	{r3, pc}
 120              	.L6:
 121              		.align	2
 122              	.L5:
 123 0074 00010240 		.word	1073873152
 124 0078 00030240 		.word	1073873664
 125 007c 00010440 		.word	1074004224
 126 0080 08010440 		.word	1074004232
 127 0084 08030440 		.word	1074004744
 128              		.cfi_endproc
 129              	.LFE6:
 130              		.size	cyfitter_cfg, .-cyfitter_cfg
 131              		.text
 132              	.Letext0:
 133              		.file 2 "Generated_Source\\PSoC4\\cytypes.h"
 134              		.file 3 "Generated_Source\\PSoC4\\CyLib.h"
 135              		.section	.debug_info,"",%progbits
 136              	.Ldebug_info0:
 137 0000 F2000000 		.4byte	0xf2
 138 0004 0400     		.2byte	0x4
 139 0006 00000000 		.4byte	.Ldebug_abbrev0
 140 000a 04       		.byte	0x4
 141 000b 01       		.uleb128 0x1
 142 000c E6000000 		.4byte	.LASF15
 143 0010 01       		.byte	0x1
 144 0011 15000000 		.4byte	.LASF16
 145 0015 91010000 		.4byte	.LASF17
 146 0019 00000000 		.4byte	.Ldebug_ranges0+0
 147 001d 00000000 		.4byte	0
 148 0021 00000000 		.4byte	.Ldebug_line0
 149 0025 02       		.uleb128 0x2
 150 0026 04       		.byte	0x4
 151 0027 05       		.byte	0x5
ARM GAS  C:\Users\MM1005~1\AppData\Local\Temp\ccSmG5Lf.s 			page 8


 152 0028 696E7400 		.ascii	"int\000"
 153 002c 03       		.uleb128 0x3
 154 002d 04       		.byte	0x4
 155 002e 07       		.byte	0x7
 156 002f 3B000000 		.4byte	.LASF0
 157 0033 03       		.uleb128 0x3
 158 0034 01       		.byte	0x1
 159 0035 06       		.byte	0x6
 160 0036 DA000000 		.4byte	.LASF1
 161 003a 03       		.uleb128 0x3
 162 003b 01       		.byte	0x1
 163 003c 08       		.byte	0x8
 164 003d 93000000 		.4byte	.LASF2
 165 0041 03       		.uleb128 0x3
 166 0042 02       		.byte	0x2
 167 0043 05       		.byte	0x5
 168 0044 7E010000 		.4byte	.LASF3
 169 0048 03       		.uleb128 0x3
 170 0049 02       		.byte	0x2
 171 004a 07       		.byte	0x7
 172 004b C7000000 		.4byte	.LASF4
 173 004f 03       		.uleb128 0x3
 174 0050 04       		.byte	0x4
 175 0051 05       		.byte	0x5
 176 0052 A6000000 		.4byte	.LASF5
 177 0056 03       		.uleb128 0x3
 178 0057 04       		.byte	0x4
 179 0058 07       		.byte	0x7
 180 0059 5D000000 		.4byte	.LASF6
 181 005d 03       		.uleb128 0x3
 182 005e 08       		.byte	0x8
 183 005f 05       		.byte	0x5
 184 0060 00000000 		.4byte	.LASF7
 185 0064 03       		.uleb128 0x3
 186 0065 08       		.byte	0x8
 187 0066 07       		.byte	0x7
 188 0067 7C000000 		.4byte	.LASF8
 189 006b 03       		.uleb128 0x3
 190 006c 04       		.byte	0x4
 191 006d 07       		.byte	0x7
 192 006e 88010000 		.4byte	.LASF9
 193 0072 03       		.uleb128 0x3
 194 0073 01       		.byte	0x1
 195 0074 08       		.byte	0x8
 196 0075 A1000000 		.4byte	.LASF10
 197 0079 04       		.uleb128 0x4
 198 007a 0E000000 		.4byte	.LASF13
 199 007e 02       		.byte	0x2
 200 007f BB01     		.2byte	0x1bb
 201 0081 56000000 		.4byte	0x56
 202 0085 03       		.uleb128 0x3
 203 0086 04       		.byte	0x4
 204 0087 04       		.byte	0x4
 205 0088 78010000 		.4byte	.LASF11
 206 008c 03       		.uleb128 0x3
 207 008d 08       		.byte	0x8
 208 008e 04       		.byte	0x4
ARM GAS  C:\Users\MM1005~1\AppData\Local\Temp\ccSmG5Lf.s 			page 9


 209 008f BA000000 		.4byte	.LASF12
 210 0093 04       		.uleb128 0x4
 211 0094 C1000000 		.4byte	.LASF14
 212 0098 02       		.byte	0x2
 213 0099 6502     		.2byte	0x265
 214 009b 9F000000 		.4byte	0x9f
 215 009f 05       		.uleb128 0x5
 216 00a0 79000000 		.4byte	0x79
 217 00a4 06       		.uleb128 0x6
 218 00a5 AF000000 		.4byte	.LASF18
 219 00a9 01       		.byte	0x1
 220 00aa 9B       		.byte	0x9b
 221 00ab 00000000 		.4byte	.LFB4
 222 00af 48000000 		.4byte	.LFE4-.LFB4
 223 00b3 01       		.uleb128 0x1
 224 00b4 9C       		.byte	0x9c
 225 00b5 C9000000 		.4byte	0xc9
 226 00b9 07       		.uleb128 0x7
 227 00ba 0E000000 		.4byte	.LVL0
 228 00be E8000000 		.4byte	0xe8
 229 00c2 08       		.uleb128 0x8
 230 00c3 01       		.uleb128 0x1
 231 00c4 50       		.byte	0x50
 232 00c5 01       		.uleb128 0x1
 233 00c6 48       		.byte	0x48
 234 00c7 00       		.byte	0
 235 00c8 00       		.byte	0
 236 00c9 09       		.uleb128 0x9
 237 00ca 6F000000 		.4byte	.LASF19
 238 00ce 01       		.byte	0x1
 239 00cf DD       		.byte	0xdd
 240 00d0 48000000 		.4byte	.LFB6
 241 00d4 40000000 		.4byte	.LFE6-.LFB6
 242 00d8 01       		.uleb128 0x1
 243 00d9 9C       		.byte	0x9c
 244 00da E8000000 		.4byte	0xe8
 245 00de 0A       		.uleb128 0xa
 246 00df 72000000 		.4byte	.LVL1
 247 00e3 A4000000 		.4byte	0xa4
 248 00e7 00       		.byte	0
 249 00e8 0B       		.uleb128 0xb
 250 00e9 48000000 		.4byte	.LASF20
 251 00ed 03       		.byte	0x3
 252 00ee 6C       		.byte	0x6c
 253 00ef 0C       		.uleb128 0xc
 254 00f0 79000000 		.4byte	0x79
 255 00f4 00       		.byte	0
 256 00f5 00       		.byte	0
 257              		.section	.debug_abbrev,"",%progbits
 258              	.Ldebug_abbrev0:
 259 0000 01       		.uleb128 0x1
 260 0001 11       		.uleb128 0x11
 261 0002 01       		.byte	0x1
 262 0003 25       		.uleb128 0x25
 263 0004 0E       		.uleb128 0xe
 264 0005 13       		.uleb128 0x13
 265 0006 0B       		.uleb128 0xb
ARM GAS  C:\Users\MM1005~1\AppData\Local\Temp\ccSmG5Lf.s 			page 10


 266 0007 03       		.uleb128 0x3
 267 0008 0E       		.uleb128 0xe
 268 0009 1B       		.uleb128 0x1b
 269 000a 0E       		.uleb128 0xe
 270 000b 55       		.uleb128 0x55
 271 000c 17       		.uleb128 0x17
 272 000d 11       		.uleb128 0x11
 273 000e 01       		.uleb128 0x1
 274 000f 10       		.uleb128 0x10
 275 0010 17       		.uleb128 0x17
 276 0011 00       		.byte	0
 277 0012 00       		.byte	0
 278 0013 02       		.uleb128 0x2
 279 0014 24       		.uleb128 0x24
 280 0015 00       		.byte	0
 281 0016 0B       		.uleb128 0xb
 282 0017 0B       		.uleb128 0xb
 283 0018 3E       		.uleb128 0x3e
 284 0019 0B       		.uleb128 0xb
 285 001a 03       		.uleb128 0x3
 286 001b 08       		.uleb128 0x8
 287 001c 00       		.byte	0
 288 001d 00       		.byte	0
 289 001e 03       		.uleb128 0x3
 290 001f 24       		.uleb128 0x24
 291 0020 00       		.byte	0
 292 0021 0B       		.uleb128 0xb
 293 0022 0B       		.uleb128 0xb
 294 0023 3E       		.uleb128 0x3e
 295 0024 0B       		.uleb128 0xb
 296 0025 03       		.uleb128 0x3
 297 0026 0E       		.uleb128 0xe
 298 0027 00       		.byte	0
 299 0028 00       		.byte	0
 300 0029 04       		.uleb128 0x4
 301 002a 16       		.uleb128 0x16
 302 002b 00       		.byte	0
 303 002c 03       		.uleb128 0x3
 304 002d 0E       		.uleb128 0xe
 305 002e 3A       		.uleb128 0x3a
 306 002f 0B       		.uleb128 0xb
 307 0030 3B       		.uleb128 0x3b
 308 0031 05       		.uleb128 0x5
 309 0032 49       		.uleb128 0x49
 310 0033 13       		.uleb128 0x13
 311 0034 00       		.byte	0
 312 0035 00       		.byte	0
 313 0036 05       		.uleb128 0x5
 314 0037 35       		.uleb128 0x35
 315 0038 00       		.byte	0
 316 0039 49       		.uleb128 0x49
 317 003a 13       		.uleb128 0x13
 318 003b 00       		.byte	0
 319 003c 00       		.byte	0
 320 003d 06       		.uleb128 0x6
 321 003e 2E       		.uleb128 0x2e
 322 003f 01       		.byte	0x1
ARM GAS  C:\Users\MM1005~1\AppData\Local\Temp\ccSmG5Lf.s 			page 11


 323 0040 03       		.uleb128 0x3
 324 0041 0E       		.uleb128 0xe
 325 0042 3A       		.uleb128 0x3a
 326 0043 0B       		.uleb128 0xb
 327 0044 3B       		.uleb128 0x3b
 328 0045 0B       		.uleb128 0xb
 329 0046 27       		.uleb128 0x27
 330 0047 19       		.uleb128 0x19
 331 0048 11       		.uleb128 0x11
 332 0049 01       		.uleb128 0x1
 333 004a 12       		.uleb128 0x12
 334 004b 06       		.uleb128 0x6
 335 004c 40       		.uleb128 0x40
 336 004d 18       		.uleb128 0x18
 337 004e 9742     		.uleb128 0x2117
 338 0050 19       		.uleb128 0x19
 339 0051 01       		.uleb128 0x1
 340 0052 13       		.uleb128 0x13
 341 0053 00       		.byte	0
 342 0054 00       		.byte	0
 343 0055 07       		.uleb128 0x7
 344 0056 898201   		.uleb128 0x4109
 345 0059 01       		.byte	0x1
 346 005a 11       		.uleb128 0x11
 347 005b 01       		.uleb128 0x1
 348 005c 31       		.uleb128 0x31
 349 005d 13       		.uleb128 0x13
 350 005e 00       		.byte	0
 351 005f 00       		.byte	0
 352 0060 08       		.uleb128 0x8
 353 0061 8A8201   		.uleb128 0x410a
 354 0064 00       		.byte	0
 355 0065 02       		.uleb128 0x2
 356 0066 18       		.uleb128 0x18
 357 0067 9142     		.uleb128 0x2111
 358 0069 18       		.uleb128 0x18
 359 006a 00       		.byte	0
 360 006b 00       		.byte	0
 361 006c 09       		.uleb128 0x9
 362 006d 2E       		.uleb128 0x2e
 363 006e 01       		.byte	0x1
 364 006f 3F       		.uleb128 0x3f
 365 0070 19       		.uleb128 0x19
 366 0071 03       		.uleb128 0x3
 367 0072 0E       		.uleb128 0xe
 368 0073 3A       		.uleb128 0x3a
 369 0074 0B       		.uleb128 0xb
 370 0075 3B       		.uleb128 0x3b
 371 0076 0B       		.uleb128 0xb
 372 0077 27       		.uleb128 0x27
 373 0078 19       		.uleb128 0x19
 374 0079 11       		.uleb128 0x11
 375 007a 01       		.uleb128 0x1
 376 007b 12       		.uleb128 0x12
 377 007c 06       		.uleb128 0x6
 378 007d 40       		.uleb128 0x40
 379 007e 18       		.uleb128 0x18
ARM GAS  C:\Users\MM1005~1\AppData\Local\Temp\ccSmG5Lf.s 			page 12


 380 007f 9742     		.uleb128 0x2117
 381 0081 19       		.uleb128 0x19
 382 0082 01       		.uleb128 0x1
 383 0083 13       		.uleb128 0x13
 384 0084 00       		.byte	0
 385 0085 00       		.byte	0
 386 0086 0A       		.uleb128 0xa
 387 0087 898201   		.uleb128 0x4109
 388 008a 00       		.byte	0
 389 008b 11       		.uleb128 0x11
 390 008c 01       		.uleb128 0x1
 391 008d 31       		.uleb128 0x31
 392 008e 13       		.uleb128 0x13
 393 008f 00       		.byte	0
 394 0090 00       		.byte	0
 395 0091 0B       		.uleb128 0xb
 396 0092 2E       		.uleb128 0x2e
 397 0093 01       		.byte	0x1
 398 0094 3F       		.uleb128 0x3f
 399 0095 19       		.uleb128 0x19
 400 0096 03       		.uleb128 0x3
 401 0097 0E       		.uleb128 0xe
 402 0098 3A       		.uleb128 0x3a
 403 0099 0B       		.uleb128 0xb
 404 009a 3B       		.uleb128 0x3b
 405 009b 0B       		.uleb128 0xb
 406 009c 27       		.uleb128 0x27
 407 009d 19       		.uleb128 0x19
 408 009e 3C       		.uleb128 0x3c
 409 009f 19       		.uleb128 0x19
 410 00a0 00       		.byte	0
 411 00a1 00       		.byte	0
 412 00a2 0C       		.uleb128 0xc
 413 00a3 05       		.uleb128 0x5
 414 00a4 00       		.byte	0
 415 00a5 49       		.uleb128 0x49
 416 00a6 13       		.uleb128 0x13
 417 00a7 00       		.byte	0
 418 00a8 00       		.byte	0
 419 00a9 00       		.byte	0
 420              		.section	.debug_aranges,"",%progbits
 421 0000 24000000 		.4byte	0x24
 422 0004 0200     		.2byte	0x2
 423 0006 00000000 		.4byte	.Ldebug_info0
 424 000a 04       		.byte	0x4
 425 000b 00       		.byte	0
 426 000c 0000     		.2byte	0
 427 000e 0000     		.2byte	0
 428 0010 00000000 		.4byte	.LFB4
 429 0014 48000000 		.4byte	.LFE4-.LFB4
 430 0018 48000000 		.4byte	.LFB6
 431 001c 40000000 		.4byte	.LFE6-.LFB6
 432 0020 00000000 		.4byte	0
 433 0024 00000000 		.4byte	0
 434              		.section	.debug_ranges,"",%progbits
 435              	.Ldebug_ranges0:
 436 0000 00000000 		.4byte	.LFB4
ARM GAS  C:\Users\MM1005~1\AppData\Local\Temp\ccSmG5Lf.s 			page 13


 437 0004 48000000 		.4byte	.LFE4
 438 0008 48000000 		.4byte	.LFB6
 439 000c 88000000 		.4byte	.LFE6
 440 0010 00000000 		.4byte	0
 441 0014 00000000 		.4byte	0
 442              		.section	.debug_line,"",%progbits
 443              	.Ldebug_line0:
 444 0000 7D000000 		.section	.debug_str,"MS",%progbits,1
 444      02005400 
 444      00000201 
 444      FB0E0D00 
 444      01010101 
 445              	.LASF7:
 446 0000 6C6F6E67 		.ascii	"long long int\000"
 446      206C6F6E 
 446      6720696E 
 446      7400
 447              	.LASF13:
 448 000e 75696E74 		.ascii	"uint32\000"
 448      333200
 449              	.LASF16:
 450 0015 47656E65 		.ascii	"Generated_Source\\PSoC4\\cyfitter_cfg.c\000"
 450      72617465 
 450      645F536F 
 450      75726365 
 450      5C50536F 
 451              	.LASF0:
 452 003b 756E7369 		.ascii	"unsigned int\000"
 452      676E6564 
 452      20696E74 
 452      00
 453              	.LASF20:
 454 0048 43795379 		.ascii	"CySysClkWriteImoFreq\000"
 454      73436C6B 
 454      57726974 
 454      65496D6F 
 454      46726571 
 455              	.LASF6:
 456 005d 6C6F6E67 		.ascii	"long unsigned int\000"
 456      20756E73 
 456      69676E65 
 456      6420696E 
 456      7400
 457              	.LASF19:
 458 006f 63796669 		.ascii	"cyfitter_cfg\000"
 458      74746572 
 458      5F636667 
 458      00
 459              	.LASF8:
 460 007c 6C6F6E67 		.ascii	"long long unsigned int\000"
 460      206C6F6E 
 460      6720756E 
 460      7369676E 
 460      65642069 
 461              	.LASF2:
 462 0093 756E7369 		.ascii	"unsigned char\000"
 462      676E6564 
ARM GAS  C:\Users\MM1005~1\AppData\Local\Temp\ccSmG5Lf.s 			page 14


 462      20636861 
 462      7200
 463              	.LASF10:
 464 00a1 63686172 		.ascii	"char\000"
 464      00
 465              	.LASF5:
 466 00a6 6C6F6E67 		.ascii	"long int\000"
 466      20696E74 
 466      00
 467              	.LASF18:
 468 00af 436C6F63 		.ascii	"ClockSetup\000"
 468      6B536574 
 468      757000
 469              	.LASF12:
 470 00ba 646F7562 		.ascii	"double\000"
 470      6C6500
 471              	.LASF14:
 472 00c1 72656733 		.ascii	"reg32\000"
 472      3200
 473              	.LASF4:
 474 00c7 73686F72 		.ascii	"short unsigned int\000"
 474      7420756E 
 474      7369676E 
 474      65642069 
 474      6E7400
 475              	.LASF1:
 476 00da 7369676E 		.ascii	"signed char\000"
 476      65642063 
 476      68617200 
 477              	.LASF15:
 478 00e6 474E5520 		.ascii	"GNU C 4.9.3 20150303 (release) [ARM/embedded-4_9-br"
 478      4320342E 
 478      392E3320 
 478      32303135 
 478      30333033 
 479 0119 616E6368 		.ascii	"anch revision 221220] -mcpu=cortex-m0plus -mthumb -"
 479      20726576 
 479      6973696F 
 479      6E203232 
 479      31323230 
 480 014c 67202D4F 		.ascii	"g -Og -ffunction-sections -ffat-lto-objects\000"
 480      67202D66 
 480      66756E63 
 480      74696F6E 
 480      2D736563 
 481              	.LASF11:
 482 0178 666C6F61 		.ascii	"float\000"
 482      7400
 483              	.LASF3:
 484 017e 73686F72 		.ascii	"short int\000"
 484      7420696E 
 484      7400
 485              	.LASF9:
 486 0188 73697A65 		.ascii	"sizetype\000"
 486      74797065 
 486      00
 487              	.LASF17:
ARM GAS  C:\Users\MM1005~1\AppData\Local\Temp\ccSmG5Lf.s 			page 15


 488 0191 433A5C77 		.ascii	"C:\\work\\Eddie\\Eddie_DP0_Slider\\Bootloader.cydsn"
 488      6F726B5C 
 488      45646469 
 488      655C4564 
 488      6469655F 
 489 01c0 00       		.ascii	"\000"
 490              		.ident	"GCC: (GNU Tools for ARM Embedded Processors) 4.9.3 20150303 (release) [ARM/embedded-4_9-br
