ARM GAS  C:\Users\TB1014~1\AppData\Local\Temp\ccGg68kE.s 			page 1


   1              		.cpu cortex-m0plus
   2              		.fpu softvfp
   3              		.eabi_attribute 20, 1
   4              		.eabi_attribute 21, 1
   5              		.eabi_attribute 23, 3
   6              		.eabi_attribute 24, 1
   7              		.eabi_attribute 25, 1
   8              		.eabi_attribute 26, 1
   9              		.eabi_attribute 30, 1
  10              		.eabi_attribute 34, 0
  11              		.eabi_attribute 18, 4
  12              		.code	16
  13              		.file	"cyfitter_cfg.c"
  14              		.text
  15              	.Ltext0:
  16              		.cfi_sections	.debug_frame
  17              		.section	.psocinit,"ax",%progbits
  18              		.align	2
  19              		.code	16
  20              		.thumb_func
  21              		.type	ClockSetup, %function
  22              	ClockSetup:
  23              	.LFB4:
  24              		.file 1 "Generated_Source\\PSoC4\\cyfitter_cfg.c"
   1:Generated_Source\PSoC4/cyfitter_cfg.c **** /*******************************************************************************
   2:Generated_Source\PSoC4/cyfitter_cfg.c **** * File Name: cyfitter_cfg.c
   3:Generated_Source\PSoC4/cyfitter_cfg.c **** * 
   4:Generated_Source\PSoC4/cyfitter_cfg.c **** * PSoC Creator  4.0 Update 1
   5:Generated_Source\PSoC4/cyfitter_cfg.c **** *
   6:Generated_Source\PSoC4/cyfitter_cfg.c **** * Description:
   7:Generated_Source\PSoC4/cyfitter_cfg.c **** * This file contains device initialization code.
   8:Generated_Source\PSoC4/cyfitter_cfg.c **** * Except for the user defined sections in CyClockStartupError(), this file should not be modified.
   9:Generated_Source\PSoC4/cyfitter_cfg.c **** * This file is automatically generated by PSoC Creator.
  10:Generated_Source\PSoC4/cyfitter_cfg.c **** *
  11:Generated_Source\PSoC4/cyfitter_cfg.c **** ********************************************************************************
  12:Generated_Source\PSoC4/cyfitter_cfg.c **** * Copyright (c) 2007-2016 Cypress Semiconductor.  All rights reserved.
  13:Generated_Source\PSoC4/cyfitter_cfg.c **** * You may use this file only in accordance with the license, terms, conditions, 
  14:Generated_Source\PSoC4/cyfitter_cfg.c **** * disclaimers, and limitations in the end user license agreement accompanying 
  15:Generated_Source\PSoC4/cyfitter_cfg.c **** * the software package with which this file was provided.
  16:Generated_Source\PSoC4/cyfitter_cfg.c **** ********************************************************************************/
  17:Generated_Source\PSoC4/cyfitter_cfg.c **** 
  18:Generated_Source\PSoC4/cyfitter_cfg.c **** #include <string.h>
  19:Generated_Source\PSoC4/cyfitter_cfg.c **** #include "cytypes.h"
  20:Generated_Source\PSoC4/cyfitter_cfg.c **** #include "cydevice_trm.h"
  21:Generated_Source\PSoC4/cyfitter_cfg.c **** #include "cyfitter.h"
  22:Generated_Source\PSoC4/cyfitter_cfg.c **** #include "CyLib.h"
  23:Generated_Source\PSoC4/cyfitter_cfg.c **** #include "cyfitter_cfg.h"
  24:Generated_Source\PSoC4/cyfitter_cfg.c **** 
  25:Generated_Source\PSoC4/cyfitter_cfg.c **** 
  26:Generated_Source\PSoC4/cyfitter_cfg.c **** #if defined(__GNUC__) || defined(__ARMCC_VERSION)
  27:Generated_Source\PSoC4/cyfitter_cfg.c ****     #define CYPACKED 
  28:Generated_Source\PSoC4/cyfitter_cfg.c ****     #define CYPACKED_ATTR __attribute__ ((packed))
  29:Generated_Source\PSoC4/cyfitter_cfg.c ****     #define CYALIGNED __attribute__ ((aligned))
  30:Generated_Source\PSoC4/cyfitter_cfg.c ****     #define CY_CFG_UNUSED __attribute__ ((unused))
  31:Generated_Source\PSoC4/cyfitter_cfg.c ****     #ifndef CY_CFG_SECTION
  32:Generated_Source\PSoC4/cyfitter_cfg.c ****         #define CY_CFG_SECTION __attribute__ ((section(".psocinit")))
  33:Generated_Source\PSoC4/cyfitter_cfg.c ****     #endif
ARM GAS  C:\Users\TB1014~1\AppData\Local\Temp\ccGg68kE.s 			page 2


  34:Generated_Source\PSoC4/cyfitter_cfg.c ****     
  35:Generated_Source\PSoC4/cyfitter_cfg.c ****     #if defined(__ARMCC_VERSION)
  36:Generated_Source\PSoC4/cyfitter_cfg.c ****         #define CY_CFG_MEMORY_BARRIER() __memory_changed()
  37:Generated_Source\PSoC4/cyfitter_cfg.c ****     #else
  38:Generated_Source\PSoC4/cyfitter_cfg.c ****         #define CY_CFG_MEMORY_BARRIER() __sync_synchronize()
  39:Generated_Source\PSoC4/cyfitter_cfg.c ****     #endif
  40:Generated_Source\PSoC4/cyfitter_cfg.c ****     
  41:Generated_Source\PSoC4/cyfitter_cfg.c **** #elif defined(__ICCARM__)
  42:Generated_Source\PSoC4/cyfitter_cfg.c ****     #include <intrinsics.h>
  43:Generated_Source\PSoC4/cyfitter_cfg.c **** 
  44:Generated_Source\PSoC4/cyfitter_cfg.c ****     #define CYPACKED __packed
  45:Generated_Source\PSoC4/cyfitter_cfg.c ****     #define CYPACKED_ATTR 
  46:Generated_Source\PSoC4/cyfitter_cfg.c ****     #define CYALIGNED _Pragma("data_alignment=4")
  47:Generated_Source\PSoC4/cyfitter_cfg.c ****     #define CY_CFG_UNUSED _Pragma("diag_suppress=Pe177")
  48:Generated_Source\PSoC4/cyfitter_cfg.c ****     #define CY_CFG_SECTION _Pragma("location=\".psocinit\"")
  49:Generated_Source\PSoC4/cyfitter_cfg.c ****     
  50:Generated_Source\PSoC4/cyfitter_cfg.c ****     #define CY_CFG_MEMORY_BARRIER() __DMB()
  51:Generated_Source\PSoC4/cyfitter_cfg.c ****     
  52:Generated_Source\PSoC4/cyfitter_cfg.c **** #else
  53:Generated_Source\PSoC4/cyfitter_cfg.c ****     #error Unsupported toolchain
  54:Generated_Source\PSoC4/cyfitter_cfg.c **** #endif
  55:Generated_Source\PSoC4/cyfitter_cfg.c **** 
  56:Generated_Source\PSoC4/cyfitter_cfg.c **** 
  57:Generated_Source\PSoC4/cyfitter_cfg.c **** CY_CFG_UNUSED
  58:Generated_Source\PSoC4/cyfitter_cfg.c **** static void CYMEMZERO(void *s, size_t n);
  59:Generated_Source\PSoC4/cyfitter_cfg.c **** CY_CFG_UNUSED
  60:Generated_Source\PSoC4/cyfitter_cfg.c **** static void CYMEMZERO(void *s, size_t n)
  61:Generated_Source\PSoC4/cyfitter_cfg.c **** {
  62:Generated_Source\PSoC4/cyfitter_cfg.c **** 	(void)memset(s, 0, n);
  63:Generated_Source\PSoC4/cyfitter_cfg.c **** }
  64:Generated_Source\PSoC4/cyfitter_cfg.c **** CY_CFG_UNUSED
  65:Generated_Source\PSoC4/cyfitter_cfg.c **** static void CYCONFIGCPY(void *dest, const void *src, size_t n);
  66:Generated_Source\PSoC4/cyfitter_cfg.c **** CY_CFG_UNUSED
  67:Generated_Source\PSoC4/cyfitter_cfg.c **** static void CYCONFIGCPY(void *dest, const void *src, size_t n)
  68:Generated_Source\PSoC4/cyfitter_cfg.c **** {
  69:Generated_Source\PSoC4/cyfitter_cfg.c **** 	(void)memcpy(dest, src, n);
  70:Generated_Source\PSoC4/cyfitter_cfg.c **** }
  71:Generated_Source\PSoC4/cyfitter_cfg.c **** CY_CFG_UNUSED
  72:Generated_Source\PSoC4/cyfitter_cfg.c **** static void CYCONFIGCPYCODE(void *dest, const void *src, size_t n);
  73:Generated_Source\PSoC4/cyfitter_cfg.c **** CY_CFG_UNUSED
  74:Generated_Source\PSoC4/cyfitter_cfg.c **** static void CYCONFIGCPYCODE(void *dest, const void *src, size_t n)
  75:Generated_Source\PSoC4/cyfitter_cfg.c **** {
  76:Generated_Source\PSoC4/cyfitter_cfg.c **** 	(void)memcpy(dest, src, n);
  77:Generated_Source\PSoC4/cyfitter_cfg.c **** }
  78:Generated_Source\PSoC4/cyfitter_cfg.c **** 
  79:Generated_Source\PSoC4/cyfitter_cfg.c **** 
  80:Generated_Source\PSoC4/cyfitter_cfg.c **** 
  81:Generated_Source\PSoC4/cyfitter_cfg.c **** 
  82:Generated_Source\PSoC4/cyfitter_cfg.c **** /* Clock startup error codes                                                   */
  83:Generated_Source\PSoC4/cyfitter_cfg.c **** #define CYCLOCKSTART_NO_ERROR    0u
  84:Generated_Source\PSoC4/cyfitter_cfg.c **** #define CYCLOCKSTART_XTAL_ERROR  1u
  85:Generated_Source\PSoC4/cyfitter_cfg.c **** #define CYCLOCKSTART_32KHZ_ERROR 2u
  86:Generated_Source\PSoC4/cyfitter_cfg.c **** #define CYCLOCKSTART_PLL_ERROR   3u
  87:Generated_Source\PSoC4/cyfitter_cfg.c **** 
  88:Generated_Source\PSoC4/cyfitter_cfg.c **** 
  89:Generated_Source\PSoC4/cyfitter_cfg.c **** #ifdef CY_NEED_CYCLOCKSTARTUPERROR
  90:Generated_Source\PSoC4/cyfitter_cfg.c **** /*******************************************************************************
ARM GAS  C:\Users\TB1014~1\AppData\Local\Temp\ccGg68kE.s 			page 3


  91:Generated_Source\PSoC4/cyfitter_cfg.c **** * Function Name: CyClockStartupError
  92:Generated_Source\PSoC4/cyfitter_cfg.c **** ********************************************************************************
  93:Generated_Source\PSoC4/cyfitter_cfg.c **** * Summary:
  94:Generated_Source\PSoC4/cyfitter_cfg.c **** *  If an error is encountered during clock configuration (crystal startup error,
  95:Generated_Source\PSoC4/cyfitter_cfg.c **** *  PLL lock error, etc.), the system will end up here.  Unless reimplemented by
  96:Generated_Source\PSoC4/cyfitter_cfg.c **** *  the customer, this function will stop in an infinite loop.
  97:Generated_Source\PSoC4/cyfitter_cfg.c **** *
  98:Generated_Source\PSoC4/cyfitter_cfg.c **** * Parameters:
  99:Generated_Source\PSoC4/cyfitter_cfg.c **** *   void
 100:Generated_Source\PSoC4/cyfitter_cfg.c **** *
 101:Generated_Source\PSoC4/cyfitter_cfg.c **** * Return:
 102:Generated_Source\PSoC4/cyfitter_cfg.c **** *   void
 103:Generated_Source\PSoC4/cyfitter_cfg.c **** *
 104:Generated_Source\PSoC4/cyfitter_cfg.c **** *******************************************************************************/
 105:Generated_Source\PSoC4/cyfitter_cfg.c **** CY_CFG_UNUSED
 106:Generated_Source\PSoC4/cyfitter_cfg.c **** static void CyClockStartupError(uint8 errorCode);
 107:Generated_Source\PSoC4/cyfitter_cfg.c **** CY_CFG_UNUSED
 108:Generated_Source\PSoC4/cyfitter_cfg.c **** static void CyClockStartupError(uint8 errorCode)
 109:Generated_Source\PSoC4/cyfitter_cfg.c **** {
 110:Generated_Source\PSoC4/cyfitter_cfg.c ****     /* To remove the compiler warning if errorCode not used.                */
 111:Generated_Source\PSoC4/cyfitter_cfg.c ****     errorCode = errorCode;
 112:Generated_Source\PSoC4/cyfitter_cfg.c **** 
 113:Generated_Source\PSoC4/cyfitter_cfg.c ****     /* If we have a clock startup error (bad MHz crystal, PLL lock, etc.),  */
 114:Generated_Source\PSoC4/cyfitter_cfg.c ****     /* we will end up here to allow the customer to implement something to  */
 115:Generated_Source\PSoC4/cyfitter_cfg.c ****     /* deal with the clock condition.                                       */
 116:Generated_Source\PSoC4/cyfitter_cfg.c **** 
 117:Generated_Source\PSoC4/cyfitter_cfg.c **** #ifdef CY_CFG_CLOCK_STARTUP_ERROR_CALLBACK
 118:Generated_Source\PSoC4/cyfitter_cfg.c **** 	CY_CFG_Clock_Startup_ErrorCallback();
 119:Generated_Source\PSoC4/cyfitter_cfg.c **** #else
 120:Generated_Source\PSoC4/cyfitter_cfg.c **** 	/*  If not using CY_CFG_CLOCK_STARTUP_ERROR_CALLBACK, place your clock startup code here. */
 121:Generated_Source\PSoC4/cyfitter_cfg.c ****     /* `#START CyClockStartupError` */
 122:Generated_Source\PSoC4/cyfitter_cfg.c **** 
 123:Generated_Source\PSoC4/cyfitter_cfg.c ****     /* If we have a clock startup error (bad MHz crystal, PLL lock, etc.),  */
 124:Generated_Source\PSoC4/cyfitter_cfg.c ****     /* we will end up here to allow the customer to implement something to  */
 125:Generated_Source\PSoC4/cyfitter_cfg.c ****     /* deal with the clock condition.                                       */
 126:Generated_Source\PSoC4/cyfitter_cfg.c **** 
 127:Generated_Source\PSoC4/cyfitter_cfg.c ****     /* `#END` */
 128:Generated_Source\PSoC4/cyfitter_cfg.c **** 
 129:Generated_Source\PSoC4/cyfitter_cfg.c ****     /* If nothing else, stop here since the clocks have not started         */
 130:Generated_Source\PSoC4/cyfitter_cfg.c ****     /* correctly.                                                           */
 131:Generated_Source\PSoC4/cyfitter_cfg.c ****     while(1) {}
 132:Generated_Source\PSoC4/cyfitter_cfg.c **** #endif /* CY_CFG_CLOCK_STARTUP_ERROR_CALLBACK */ 
 133:Generated_Source\PSoC4/cyfitter_cfg.c **** }
 134:Generated_Source\PSoC4/cyfitter_cfg.c **** #endif
 135:Generated_Source\PSoC4/cyfitter_cfg.c **** 
 136:Generated_Source\PSoC4/cyfitter_cfg.c **** 
 137:Generated_Source\PSoC4/cyfitter_cfg.c **** 
 138:Generated_Source\PSoC4/cyfitter_cfg.c **** /*******************************************************************************
 139:Generated_Source\PSoC4/cyfitter_cfg.c **** * Function Name: ClockSetup
 140:Generated_Source\PSoC4/cyfitter_cfg.c **** ********************************************************************************
 141:Generated_Source\PSoC4/cyfitter_cfg.c **** *
 142:Generated_Source\PSoC4/cyfitter_cfg.c **** * Summary:
 143:Generated_Source\PSoC4/cyfitter_cfg.c **** *   Performs the initialization of all of the clocks in the device based on the
 144:Generated_Source\PSoC4/cyfitter_cfg.c **** *   settings in the Clock tab of the DWR.  This includes enabling the requested
 145:Generated_Source\PSoC4/cyfitter_cfg.c **** *   clocks and setting the necessary dividers to produce the desired frequency. 
 146:Generated_Source\PSoC4/cyfitter_cfg.c **** *
 147:Generated_Source\PSoC4/cyfitter_cfg.c **** * Parameters:
ARM GAS  C:\Users\TB1014~1\AppData\Local\Temp\ccGg68kE.s 			page 4


 148:Generated_Source\PSoC4/cyfitter_cfg.c **** *   void
 149:Generated_Source\PSoC4/cyfitter_cfg.c **** *
 150:Generated_Source\PSoC4/cyfitter_cfg.c **** * Return:
 151:Generated_Source\PSoC4/cyfitter_cfg.c **** *   void
 152:Generated_Source\PSoC4/cyfitter_cfg.c **** *
 153:Generated_Source\PSoC4/cyfitter_cfg.c **** *******************************************************************************/
 154:Generated_Source\PSoC4/cyfitter_cfg.c **** static void ClockSetup(void);
 155:Generated_Source\PSoC4/cyfitter_cfg.c **** CY_CFG_SECTION
 156:Generated_Source\PSoC4/cyfitter_cfg.c **** static void ClockSetup(void)
 157:Generated_Source\PSoC4/cyfitter_cfg.c **** {
  25              		.loc 1 157 0
  26              		.cfi_startproc
  27 0000 10B5     		push	{r4, lr}
  28              		.cfi_def_cfa_offset 8
  29              		.cfi_offset 4, -8
  30              		.cfi_offset 14, -4
 158:Generated_Source\PSoC4/cyfitter_cfg.c **** 
 159:Generated_Source\PSoC4/cyfitter_cfg.c **** 	/* Set Flash Cycles based on max possible frequency in case a glitch occurs during ClockSetup(). *
 160:Generated_Source\PSoC4/cyfitter_cfg.c **** 	CY_SET_REG32((void CYXDATA *)(CYREG_CPUSS_FLASH_CTL), (0x0012u));
  31              		.loc 1 160 0
  32 0002 144C     		ldr	r4, .L2
  33 0004 1223     		mov	r3, #18
  34 0006 2360     		str	r3, [r4]
 161:Generated_Source\PSoC4/cyfitter_cfg.c **** 	/* Update IMO to new clock speed. */
 162:Generated_Source\PSoC4/cyfitter_cfg.c **** 	CySysClkWriteImoFreq(24u);
  35              		.loc 1 162 0
  36 0008 1820     		mov	r0, #24
  37 000a FFF7FEFF 		bl	CySysClkWriteImoFreq
  38              	.LVL0:
 163:Generated_Source\PSoC4/cyfitter_cfg.c **** 
 164:Generated_Source\PSoC4/cyfitter_cfg.c **** 	/* Setup phase aligned clocks */
 165:Generated_Source\PSoC4/cyfitter_cfg.c **** 	CY_SET_REG32((void *)CYREG_PERI_DIV_16_CTL1, 0x00000100u);
  39              		.loc 1 165 0
  40 000e 8022     		mov	r2, #128
  41 0010 5200     		lsl	r2, r2, #1
  42 0012 114B     		ldr	r3, .L2+4
  43 0014 1A60     		str	r2, [r3]
 166:Generated_Source\PSoC4/cyfitter_cfg.c **** 	CY_SET_REG32((void *)CYREG_PERI_DIV_CMD, 0x8000FF41u);
  44              		.loc 1 166 0
  45 0016 114B     		ldr	r3, .L2+8
  46 0018 114A     		ldr	r2, .L2+12
  47 001a 1A60     		str	r2, [r3]
 167:Generated_Source\PSoC4/cyfitter_cfg.c **** 	CY_SET_REG32((void *)CYREG_PERI_DIV_16_CTL0, 0x0000FE00u);
  48              		.loc 1 167 0
  49 001c FE21     		mov	r1, #254
  50 001e 0902     		lsl	r1, r1, #8
  51 0020 104A     		ldr	r2, .L2+16
  52 0022 1160     		str	r1, [r2]
 168:Generated_Source\PSoC4/cyfitter_cfg.c **** 	CY_SET_REG32((void *)CYREG_PERI_DIV_CMD, 0x8000FF40u);
  53              		.loc 1 168 0
  54 0024 104A     		ldr	r2, .L2+20
  55 0026 1A60     		str	r2, [r3]
 169:Generated_Source\PSoC4/cyfitter_cfg.c **** 	CY_SET_REG32((void *)CYREG_PERI_DIV_16_CTL2, 0x00000C00u);
  56              		.loc 1 169 0
  57 0028 C021     		mov	r1, #192
  58 002a 0901     		lsl	r1, r1, #4
  59 002c 0F4A     		ldr	r2, .L2+24
ARM GAS  C:\Users\TB1014~1\AppData\Local\Temp\ccGg68kE.s 			page 5


  60 002e 1160     		str	r1, [r2]
 170:Generated_Source\PSoC4/cyfitter_cfg.c **** 	CY_SET_REG32((void *)CYREG_PERI_DIV_CMD, 0x8000FF42u);
  61              		.loc 1 170 0
  62 0030 0F4A     		ldr	r2, .L2+28
  63 0032 1A60     		str	r2, [r3]
 171:Generated_Source\PSoC4/cyfitter_cfg.c **** 
 172:Generated_Source\PSoC4/cyfitter_cfg.c **** 	/* CYDEV_CLK_SELECT Starting address: CYDEV_CLK_SELECT */
 173:Generated_Source\PSoC4/cyfitter_cfg.c **** 	CY_SET_XTND_REG32((void CYFAR *)(CYREG_CLK_SELECT), 0x00000000u);
  64              		.loc 1 173 0
  65 0034 0022     		mov	r2, #0
  66 0036 0F4B     		ldr	r3, .L2+32
  67 0038 1A60     		str	r2, [r3]
 174:Generated_Source\PSoC4/cyfitter_cfg.c **** 
 175:Generated_Source\PSoC4/cyfitter_cfg.c **** 	/* CYDEV_PERI_PCLK_CTL3 Starting address: CYDEV_PERI_PCLK_CTL3 */
 176:Generated_Source\PSoC4/cyfitter_cfg.c **** 	CY_SET_XTND_REG32((void CYFAR *)(CYREG_PERI_PCLK_CTL3), 0x00000041u);
  68              		.loc 1 176 0
  69 003a 4132     		add	r2, r2, #65
  70 003c 0E4B     		ldr	r3, .L2+36
  71 003e 1A60     		str	r2, [r3]
 177:Generated_Source\PSoC4/cyfitter_cfg.c **** 
 178:Generated_Source\PSoC4/cyfitter_cfg.c **** 	/* CYDEV_PERI_PCLK_CTL2 Starting address: CYDEV_PERI_PCLK_CTL2 */
 179:Generated_Source\PSoC4/cyfitter_cfg.c **** 	CY_SET_XTND_REG32((void CYFAR *)(CYREG_PERI_PCLK_CTL2), 0x00000040u);
  72              		.loc 1 179 0
  73 0040 013A     		sub	r2, r2, #1
  74 0042 0E4B     		ldr	r3, .L2+40
  75 0044 1A60     		str	r2, [r3]
 180:Generated_Source\PSoC4/cyfitter_cfg.c **** 
 181:Generated_Source\PSoC4/cyfitter_cfg.c **** 	/* CYDEV_PERI_PCLK_CTL0 Starting address: CYDEV_PERI_PCLK_CTL0 */
 182:Generated_Source\PSoC4/cyfitter_cfg.c **** 	CY_SET_XTND_REG32((void CYFAR *)(CYREG_PERI_PCLK_CTL0), 0x00000042u);
  76              		.loc 1 182 0
  77 0046 0232     		add	r2, r2, #2
  78 0048 0D4B     		ldr	r3, .L2+44
  79 004a 1A60     		str	r2, [r3]
 183:Generated_Source\PSoC4/cyfitter_cfg.c **** 
 184:Generated_Source\PSoC4/cyfitter_cfg.c **** 	/* Set Flash Cycles based on newly configured 24.00MHz HFCLK. */
 185:Generated_Source\PSoC4/cyfitter_cfg.c **** 	CY_SET_REG32((void CYXDATA *)(CYREG_CPUSS_FLASH_CTL), (0x0011u));
  80              		.loc 1 185 0
  81 004c 1123     		mov	r3, #17
  82 004e 2360     		str	r3, [r4]
 186:Generated_Source\PSoC4/cyfitter_cfg.c **** }
  83              		.loc 1 186 0
  84              		@ sp needed
  85 0050 10BD     		pop	{r4, pc}
  86              	.L3:
  87 0052 C046     		.align	2
  88              	.L2:
  89 0054 30001040 		.word	1074790448
  90 0058 04030140 		.word	1073808132
  91 005c 00000140 		.word	1073807360
  92 0060 41FF0080 		.word	-2147418303
  93 0064 00030140 		.word	1073808128
  94 0068 40FF0080 		.word	-2147418304
  95 006c 08030140 		.word	1073808136
  96 0070 42FF0080 		.word	-2147418302
  97 0074 28000340 		.word	1073938472
  98 0078 0C010140 		.word	1073807628
  99 007c 08010140 		.word	1073807624
ARM GAS  C:\Users\TB1014~1\AppData\Local\Temp\ccGg68kE.s 			page 6


 100 0080 00010140 		.word	1073807616
 101              		.cfi_endproc
 102              	.LFE4:
 103              		.size	ClockSetup, .-ClockSetup
 104              		.section	.text.SetAnalogRoutingPumps,"ax",%progbits
 105              		.align	2
 106              		.global	SetAnalogRoutingPumps
 107              		.code	16
 108              		.thumb_func
 109              		.type	SetAnalogRoutingPumps, %function
 110              	SetAnalogRoutingPumps:
 111              	.LFB6:
 187:Generated_Source\PSoC4/cyfitter_cfg.c **** 
 188:Generated_Source\PSoC4/cyfitter_cfg.c **** 
 189:Generated_Source\PSoC4/cyfitter_cfg.c **** /* Analog API Functions */
 190:Generated_Source\PSoC4/cyfitter_cfg.c **** 
 191:Generated_Source\PSoC4/cyfitter_cfg.c **** 
 192:Generated_Source\PSoC4/cyfitter_cfg.c **** /*******************************************************************************
 193:Generated_Source\PSoC4/cyfitter_cfg.c **** * Function Name: AnalogSetDefault
 194:Generated_Source\PSoC4/cyfitter_cfg.c **** ********************************************************************************
 195:Generated_Source\PSoC4/cyfitter_cfg.c **** *
 196:Generated_Source\PSoC4/cyfitter_cfg.c **** * Summary:
 197:Generated_Source\PSoC4/cyfitter_cfg.c **** *  Sets up the analog portions of the chip to default values based on chip
 198:Generated_Source\PSoC4/cyfitter_cfg.c **** *  configuration options from the project.
 199:Generated_Source\PSoC4/cyfitter_cfg.c **** *
 200:Generated_Source\PSoC4/cyfitter_cfg.c **** * Parameters:
 201:Generated_Source\PSoC4/cyfitter_cfg.c **** *  void
 202:Generated_Source\PSoC4/cyfitter_cfg.c **** *
 203:Generated_Source\PSoC4/cyfitter_cfg.c **** * Return:
 204:Generated_Source\PSoC4/cyfitter_cfg.c **** *  void
 205:Generated_Source\PSoC4/cyfitter_cfg.c **** *
 206:Generated_Source\PSoC4/cyfitter_cfg.c **** *******************************************************************************/
 207:Generated_Source\PSoC4/cyfitter_cfg.c **** static void AnalogSetDefault(void);
 208:Generated_Source\PSoC4/cyfitter_cfg.c **** static void AnalogSetDefault(void)
 209:Generated_Source\PSoC4/cyfitter_cfg.c **** {
 210:Generated_Source\PSoC4/cyfitter_cfg.c **** 	CY_SET_XTND_REG32((void CYFAR *)CYREG_CSD_SW_BYP_SEL, 0x00001000u);
 211:Generated_Source\PSoC4/cyfitter_cfg.c **** 	CY_SET_XTND_REG32((void CYFAR *)CYREG_CSD_SW_DSI_SEL, 0x00000011u);
 212:Generated_Source\PSoC4/cyfitter_cfg.c **** 	SetAnalogRoutingPumps(1);
 213:Generated_Source\PSoC4/cyfitter_cfg.c **** }
 214:Generated_Source\PSoC4/cyfitter_cfg.c **** 
 215:Generated_Source\PSoC4/cyfitter_cfg.c **** 
 216:Generated_Source\PSoC4/cyfitter_cfg.c **** /*******************************************************************************
 217:Generated_Source\PSoC4/cyfitter_cfg.c **** * Function Name: SetAnalogRoutingPumps
 218:Generated_Source\PSoC4/cyfitter_cfg.c **** ********************************************************************************
 219:Generated_Source\PSoC4/cyfitter_cfg.c **** *
 220:Generated_Source\PSoC4/cyfitter_cfg.c **** * Summary:
 221:Generated_Source\PSoC4/cyfitter_cfg.c **** * Enables or disables the analog pumps feeding analog routing switches.
 222:Generated_Source\PSoC4/cyfitter_cfg.c **** * Intended to be called at startup, based on the Vdda system configuration;
 223:Generated_Source\PSoC4/cyfitter_cfg.c **** * may be called during operation when the user informs us that the Vdda voltage crossed the pump th
 224:Generated_Source\PSoC4/cyfitter_cfg.c **** *
 225:Generated_Source\PSoC4/cyfitter_cfg.c **** * Parameters:
 226:Generated_Source\PSoC4/cyfitter_cfg.c **** *  enabled - 1 to enable the pumps, 0 to disable the pumps
 227:Generated_Source\PSoC4/cyfitter_cfg.c **** *
 228:Generated_Source\PSoC4/cyfitter_cfg.c **** * Return:
 229:Generated_Source\PSoC4/cyfitter_cfg.c **** *  void
 230:Generated_Source\PSoC4/cyfitter_cfg.c **** *
 231:Generated_Source\PSoC4/cyfitter_cfg.c **** *******************************************************************************/
ARM GAS  C:\Users\TB1014~1\AppData\Local\Temp\ccGg68kE.s 			page 7


 232:Generated_Source\PSoC4/cyfitter_cfg.c **** void SetAnalogRoutingPumps(uint8 enabled)
 233:Generated_Source\PSoC4/cyfitter_cfg.c **** {
 112              		.loc 1 233 0
 113              		.cfi_startproc
 114              	.LVL1:
 234:Generated_Source\PSoC4/cyfitter_cfg.c **** 	uint32 regValue = CY_GET_XTND_REG32((void *)(CYREG_HSIOM_PUMP_CTL));
 115              		.loc 1 234 0
 116 0000 0B4B     		ldr	r3, .L9
 117 0002 1B68     		ldr	r3, [r3]
 118              	.LVL2:
 235:Generated_Source\PSoC4/cyfitter_cfg.c **** 	if (enabled != 0u)
 119              		.loc 1 235 0
 120 0004 0028     		cmp	r0, #0
 121 0006 03D0     		beq	.L5
 236:Generated_Source\PSoC4/cyfitter_cfg.c **** 	{
 237:Generated_Source\PSoC4/cyfitter_cfg.c **** 		regValue |= 0x80000000u;
 122              		.loc 1 237 0
 123 0008 8022     		mov	r2, #128
 124 000a 1206     		lsl	r2, r2, #24
 125 000c 1343     		orr	r3, r2
 126              	.LVL3:
 127 000e 01E0     		b	.L6
 128              	.L5:
 238:Generated_Source\PSoC4/cyfitter_cfg.c **** 	}
 239:Generated_Source\PSoC4/cyfitter_cfg.c **** 	else
 240:Generated_Source\PSoC4/cyfitter_cfg.c **** 	{
 241:Generated_Source\PSoC4/cyfitter_cfg.c **** 		regValue &= ~0x80000000u;
 129              		.loc 1 241 0
 130 0010 5B00     		lsl	r3, r3, #1
 131              	.LVL4:
 132 0012 5B08     		lsr	r3, r3, #1
 133              	.LVL5:
 134              	.L6:
 242:Generated_Source\PSoC4/cyfitter_cfg.c **** 	}
 243:Generated_Source\PSoC4/cyfitter_cfg.c **** 	CY_SET_XTND_REG32((void *)(CYREG_HSIOM_PUMP_CTL), regValue);
 135              		.loc 1 243 0
 136 0014 064A     		ldr	r2, .L9
 137 0016 1360     		str	r3, [r2]
 244:Generated_Source\PSoC4/cyfitter_cfg.c **** 	regValue = CY_GET_XTND_REG32((void *)(CYREG_CLK_SELECT));
 138              		.loc 1 244 0
 139 0018 064B     		ldr	r3, .L9+4
 140              	.LVL6:
 141 001a 1B68     		ldr	r3, [r3]
 142              	.LVL7:
 245:Generated_Source\PSoC4/cyfitter_cfg.c **** 	if (enabled != 0u)
 143              		.loc 1 245 0
 144 001c 0028     		cmp	r0, #0
 145 001e 02D0     		beq	.L7
 246:Generated_Source\PSoC4/cyfitter_cfg.c **** 	{
 247:Generated_Source\PSoC4/cyfitter_cfg.c **** 		regValue |= 0x00000020u;
 146              		.loc 1 247 0
 147 0020 2022     		mov	r2, #32
 148 0022 1343     		orr	r3, r2
 149              	.LVL8:
 150 0024 01E0     		b	.L8
 151              	.L7:
 248:Generated_Source\PSoC4/cyfitter_cfg.c **** 	}
ARM GAS  C:\Users\TB1014~1\AppData\Local\Temp\ccGg68kE.s 			page 8


 249:Generated_Source\PSoC4/cyfitter_cfg.c **** 	else
 250:Generated_Source\PSoC4/cyfitter_cfg.c **** 	{
 251:Generated_Source\PSoC4/cyfitter_cfg.c **** 		regValue &= ~0x00000020u;
 152              		.loc 1 251 0
 153 0026 2022     		mov	r2, #32
 154 0028 9343     		bic	r3, r2
 155              	.LVL9:
 156              	.L8:
 252:Generated_Source\PSoC4/cyfitter_cfg.c **** 	}
 253:Generated_Source\PSoC4/cyfitter_cfg.c **** 	CY_SET_XTND_REG32((void *)(CYREG_CLK_SELECT), regValue);
 157              		.loc 1 253 0
 158 002a 024A     		ldr	r2, .L9+4
 159 002c 1360     		str	r3, [r2]
 254:Generated_Source\PSoC4/cyfitter_cfg.c **** }
 160              		.loc 1 254 0
 161              		@ sp needed
 162 002e 7047     		bx	lr
 163              	.L10:
 164              		.align	2
 165              	.L9:
 166 0030 00200240 		.word	1073881088
 167 0034 28000340 		.word	1073938472
 168              		.cfi_endproc
 169              	.LFE6:
 170              		.size	SetAnalogRoutingPumps, .-SetAnalogRoutingPumps
 171              		.section	.text.AnalogSetDefault,"ax",%progbits
 172              		.align	2
 173              		.code	16
 174              		.thumb_func
 175              		.type	AnalogSetDefault, %function
 176              	AnalogSetDefault:
 177              	.LFB5:
 209:Generated_Source\PSoC4/cyfitter_cfg.c **** 	CY_SET_XTND_REG32((void CYFAR *)CYREG_CSD_SW_BYP_SEL, 0x00001000u);
 178              		.loc 1 209 0
 179              		.cfi_startproc
 180 0000 08B5     		push	{r3, lr}
 181              		.cfi_def_cfa_offset 8
 182              		.cfi_offset 3, -8
 183              		.cfi_offset 14, -4
 210:Generated_Source\PSoC4/cyfitter_cfg.c **** 	CY_SET_XTND_REG32((void CYFAR *)CYREG_CSD_SW_DSI_SEL, 0x00000011u);
 184              		.loc 1 210 0
 185 0002 8022     		mov	r2, #128
 186 0004 5201     		lsl	r2, r2, #5
 187 0006 044B     		ldr	r3, .L12
 188 0008 1A60     		str	r2, [r3]
 211:Generated_Source\PSoC4/cyfitter_cfg.c **** 	SetAnalogRoutingPumps(1);
 189              		.loc 1 211 0
 190 000a 1122     		mov	r2, #17
 191 000c 034B     		ldr	r3, .L12+4
 192 000e 1A60     		str	r2, [r3]
 212:Generated_Source\PSoC4/cyfitter_cfg.c **** }
 193              		.loc 1 212 0
 194 0010 0120     		mov	r0, #1
 195 0012 FFF7FEFF 		bl	SetAnalogRoutingPumps
 196              	.LVL10:
 213:Generated_Source\PSoC4/cyfitter_cfg.c **** 
 197              		.loc 1 213 0
ARM GAS  C:\Users\TB1014~1\AppData\Local\Temp\ccGg68kE.s 			page 9


 198              		@ sp needed
 199 0016 08BD     		pop	{r3, pc}
 200              	.L13:
 201              		.align	2
 202              	.L12:
 203 0018 94020B40 		.word	1074463380
 204 001c C0020B40 		.word	1074463424
 205              		.cfi_endproc
 206              	.LFE5:
 207              		.size	AnalogSetDefault, .-AnalogSetDefault
 208              		.section	.psocinit
 209              		.align	2
 210              		.global	cyfitter_cfg
 211              		.code	16
 212              		.thumb_func
 213              		.type	cyfitter_cfg, %function
 214              	cyfitter_cfg:
 215              	.LFB7:
 255:Generated_Source\PSoC4/cyfitter_cfg.c **** 
 256:Generated_Source\PSoC4/cyfitter_cfg.c **** #define CY_AMUX_UNUSED CYREG_CM0P_ROM_DWT
 257:Generated_Source\PSoC4/cyfitter_cfg.c **** 
 258:Generated_Source\PSoC4/cyfitter_cfg.c **** 
 259:Generated_Source\PSoC4/cyfitter_cfg.c **** /*******************************************************************************
 260:Generated_Source\PSoC4/cyfitter_cfg.c **** * Function Name: cyfitter_cfg
 261:Generated_Source\PSoC4/cyfitter_cfg.c **** ********************************************************************************
 262:Generated_Source\PSoC4/cyfitter_cfg.c **** * Summary:
 263:Generated_Source\PSoC4/cyfitter_cfg.c **** *  This function is called by the start-up code for the selected device. It
 264:Generated_Source\PSoC4/cyfitter_cfg.c **** *  performs all of the necessary device configuration based on the design
 265:Generated_Source\PSoC4/cyfitter_cfg.c **** *  settings.  This includes settings from the Design Wide Resources (DWR) such
 266:Generated_Source\PSoC4/cyfitter_cfg.c **** *  as Clocks and Pins as well as any component configuration that is necessary.
 267:Generated_Source\PSoC4/cyfitter_cfg.c **** *
 268:Generated_Source\PSoC4/cyfitter_cfg.c **** * Parameters:  
 269:Generated_Source\PSoC4/cyfitter_cfg.c **** *   void
 270:Generated_Source\PSoC4/cyfitter_cfg.c **** *
 271:Generated_Source\PSoC4/cyfitter_cfg.c **** * Return:
 272:Generated_Source\PSoC4/cyfitter_cfg.c **** *   void
 273:Generated_Source\PSoC4/cyfitter_cfg.c **** *
 274:Generated_Source\PSoC4/cyfitter_cfg.c **** *******************************************************************************/
 275:Generated_Source\PSoC4/cyfitter_cfg.c **** CY_CFG_SECTION
 276:Generated_Source\PSoC4/cyfitter_cfg.c **** void cyfitter_cfg(void)
 277:Generated_Source\PSoC4/cyfitter_cfg.c **** {
 216              		.loc 1 277 0
 217              		.cfi_startproc
 218 0084 08B5     		push	{r3, lr}
 219              		.cfi_def_cfa_offset 8
 220              		.cfi_offset 3, -8
 221              		.cfi_offset 14, -4
 278:Generated_Source\PSoC4/cyfitter_cfg.c **** 	/* Disable interrupts by default. Let user enable if/when they want. */
 279:Generated_Source\PSoC4/cyfitter_cfg.c **** 	CyGlobalIntDisable;
 222              		.loc 1 279 0
 223              	@ 279 "Generated_Source\PSoC4\cyfitter_cfg.c" 1
 224 0086 72B6     		CPSID   i
 225              	@ 0 "" 2
 280:Generated_Source\PSoC4/cyfitter_cfg.c **** 
 281:Generated_Source\PSoC4/cyfitter_cfg.c **** 	{
 282:Generated_Source\PSoC4/cyfitter_cfg.c **** 		/* HSIOM Starting address: CYDEV_HSIOM_BASE */
 283:Generated_Source\PSoC4/cyfitter_cfg.c **** 		CY_SET_XTND_REG32((void CYFAR *)(CYDEV_HSIOM_BASE), 0x06600000u);
ARM GAS  C:\Users\TB1014~1\AppData\Local\Temp\ccGg68kE.s 			page 10


 226              		.loc 1 283 0
 227              		.code	16
 228 0088 CC22     		mov	r2, #204
 229 008a D204     		lsl	r2, r2, #19
 230 008c 154B     		ldr	r3, .L15
 231 008e 1A60     		str	r2, [r3]
 284:Generated_Source\PSoC4/cyfitter_cfg.c **** 		CY_SET_XTND_REG32((void CYFAR *)(CYREG_HSIOM_PORT_SEL1), 0x00000099u);
 232              		.loc 1 284 0
 233 0090 9922     		mov	r2, #153
 234 0092 154B     		ldr	r3, .L15+4
 235 0094 1A60     		str	r2, [r3]
 285:Generated_Source\PSoC4/cyfitter_cfg.c **** 		CY_SET_XTND_REG32((void CYFAR *)(CYREG_HSIOM_PORT_SEL3), 0x0000EE00u);
 236              		.loc 1 285 0
 237 0096 EE22     		mov	r2, #238
 238 0098 1202     		lsl	r2, r2, #8
 239 009a 144B     		ldr	r3, .L15+8
 240 009c 1A60     		str	r2, [r3]
 286:Generated_Source\PSoC4/cyfitter_cfg.c **** 
 287:Generated_Source\PSoC4/cyfitter_cfg.c **** 	}
 288:Generated_Source\PSoC4/cyfitter_cfg.c **** 
 289:Generated_Source\PSoC4/cyfitter_cfg.c **** 	/* Perform second pass device configuration. These items must be configured in specific order afte
 290:Generated_Source\PSoC4/cyfitter_cfg.c **** 	/* IOPINS0_0 Starting address: CYDEV_GPIO_PRT0_BASE */
 291:Generated_Source\PSoC4/cyfitter_cfg.c **** 	CY_SET_XTND_REG32((void CYFAR *)(CYDEV_GPIO_PRT0_BASE), 0x0000002Fu);
 241              		.loc 1 291 0
 242 009e 2F22     		mov	r2, #47
 243 00a0 134B     		ldr	r3, .L15+12
 244 00a2 1A60     		str	r2, [r3]
 292:Generated_Source\PSoC4/cyfitter_cfg.c **** 	CY_SET_XTND_REG32((void CYFAR *)(CYREG_GPIO_PRT0_PC2), 0x0000007Fu);
 245              		.loc 1 292 0
 246 00a4 5032     		add	r2, r2, #80
 247 00a6 134B     		ldr	r3, .L15+16
 248 00a8 1A60     		str	r2, [r3]
 293:Generated_Source\PSoC4/cyfitter_cfg.c **** 
 294:Generated_Source\PSoC4/cyfitter_cfg.c **** 	/* IOPINS0_1 Starting address: CYDEV_GPIO_PRT1_BASE */
 295:Generated_Source\PSoC4/cyfitter_cfg.c **** 	CY_SET_XTND_REG32((void CYFAR *)(CYDEV_GPIO_PRT1_BASE), 0x0000008Eu);
 249              		.loc 1 295 0
 250 00aa 8E23     		mov	r3, #142
 251 00ac 124A     		ldr	r2, .L15+20
 252 00ae 1360     		str	r3, [r2]
 296:Generated_Source\PSoC4/cyfitter_cfg.c **** 	CY_SET_XTND_REG32((void CYFAR *)(CYREG_GPIO_PRT1_PC), 0x00000031u);
 253              		.loc 1 296 0
 254 00b0 3121     		mov	r1, #49
 255 00b2 124A     		ldr	r2, .L15+24
 256 00b4 1160     		str	r1, [r2]
 297:Generated_Source\PSoC4/cyfitter_cfg.c **** 	CY_SET_XTND_REG32((void CYFAR *)(CYREG_GPIO_PRT1_PC2), 0x0000008Eu);
 257              		.loc 1 297 0
 258 00b6 124A     		ldr	r2, .L15+28
 259 00b8 1360     		str	r3, [r2]
 298:Generated_Source\PSoC4/cyfitter_cfg.c **** 
 299:Generated_Source\PSoC4/cyfitter_cfg.c **** 	/* IOPINS0_2 Starting address: CYDEV_GPIO_PRT2_BASE */
 300:Generated_Source\PSoC4/cyfitter_cfg.c **** 	CY_SET_XTND_REG32((void CYFAR *)(CYDEV_GPIO_PRT2_BASE), 0x000000EAu);
 260              		.loc 1 300 0
 261 00ba EA22     		mov	r2, #234
 262 00bc 114B     		ldr	r3, .L15+32
 263 00be 1A60     		str	r2, [r3]
 301:Generated_Source\PSoC4/cyfitter_cfg.c **** 	CY_SET_XTND_REG32((void CYFAR *)(CYREG_GPIO_PRT2_PC), 0x00000010u);
 264              		.loc 1 301 0
ARM GAS  C:\Users\TB1014~1\AppData\Local\Temp\ccGg68kE.s 			page 11


 265 00c0 DA3A     		sub	r2, r2, #218
 266 00c2 114B     		ldr	r3, .L15+36
 267 00c4 1A60     		str	r2, [r3]
 302:Generated_Source\PSoC4/cyfitter_cfg.c **** 	CY_SET_XTND_REG32((void CYFAR *)(CYREG_GPIO_PRT2_PC2), 0x000000ECu);
 268              		.loc 1 302 0
 269 00c6 DC32     		add	r2, r2, #220
 270 00c8 104B     		ldr	r3, .L15+40
 271 00ca 1A60     		str	r2, [r3]
 303:Generated_Source\PSoC4/cyfitter_cfg.c **** 
 304:Generated_Source\PSoC4/cyfitter_cfg.c **** 	/* IOPINS0_3 Starting address: CYDEV_GPIO_PRT3_BASE */
 305:Generated_Source\PSoC4/cyfitter_cfg.c **** 	CY_SET_XTND_REG32((void CYFAR *)(CYREG_GPIO_PRT3_PC), 0x00000D80u);
 272              		.loc 1 305 0
 273 00cc D822     		mov	r2, #216
 274 00ce 1201     		lsl	r2, r2, #4
 275 00d0 0F4B     		ldr	r3, .L15+44
 276 00d2 1A60     		str	r2, [r3]
 306:Generated_Source\PSoC4/cyfitter_cfg.c **** 
 307:Generated_Source\PSoC4/cyfitter_cfg.c **** 	/* IOPINS0_4 Starting address: CYDEV_GPIO_PRT4_BASE */
 308:Generated_Source\PSoC4/cyfitter_cfg.c **** 	CY_SET_XTND_REG32((void CYFAR *)(CYREG_GPIO_PRT4_PC2), 0x0000000Eu);
 277              		.loc 1 308 0
 278 00d4 0E22     		mov	r2, #14
 279 00d6 0F4B     		ldr	r3, .L15+48
 280 00d8 1A60     		str	r2, [r3]
 309:Generated_Source\PSoC4/cyfitter_cfg.c **** 
 310:Generated_Source\PSoC4/cyfitter_cfg.c **** 
 311:Generated_Source\PSoC4/cyfitter_cfg.c **** 	/* Setup clocks based on selections from Clock DWR */
 312:Generated_Source\PSoC4/cyfitter_cfg.c **** 	ClockSetup();
 281              		.loc 1 312 0
 282 00da FFF791FF 		bl	ClockSetup
 283              	.LVL11:
 313:Generated_Source\PSoC4/cyfitter_cfg.c **** 
 314:Generated_Source\PSoC4/cyfitter_cfg.c **** 	/* Perform basic analog initialization to defaults */
 315:Generated_Source\PSoC4/cyfitter_cfg.c **** 	AnalogSetDefault();
 284              		.loc 1 315 0
 285 00de FFF7FEFF 		bl	AnalogSetDefault
 286              	.LVL12:
 316:Generated_Source\PSoC4/cyfitter_cfg.c **** 
 317:Generated_Source\PSoC4/cyfitter_cfg.c **** }
 287              		.loc 1 317 0
 288              		@ sp needed
 289 00e2 08BD     		pop	{r3, pc}
 290              	.L16:
 291              		.align	2
 292              	.L15:
 293 00e4 00000240 		.word	1073872896
 294 00e8 00010240 		.word	1073873152
 295 00ec 00030240 		.word	1073873664
 296 00f0 00000440 		.word	1074003968
 297 00f4 18000440 		.word	1074003992
 298 00f8 00010440 		.word	1074004224
 299 00fc 08010440 		.word	1074004232
 300 0100 18010440 		.word	1074004248
 301 0104 00020440 		.word	1074004480
 302 0108 08020440 		.word	1074004488
 303 010c 18020440 		.word	1074004504
 304 0110 08030440 		.word	1074004744
 305 0114 18040440 		.word	1074005016
ARM GAS  C:\Users\TB1014~1\AppData\Local\Temp\ccGg68kE.s 			page 12


 306              		.cfi_endproc
 307              	.LFE7:
 308              		.size	cyfitter_cfg, .-cyfitter_cfg
 309              		.text
 310              	.Letext0:
 311              		.file 2 "Generated_Source\\PSoC4\\cytypes.h"
 312              		.file 3 "Generated_Source\\PSoC4\\CyLib.h"
 313              		.section	.debug_info,"",%progbits
 314              	.Ldebug_info0:
 315 0000 5F010000 		.4byte	0x15f
 316 0004 0400     		.2byte	0x4
 317 0006 00000000 		.4byte	.Ldebug_abbrev0
 318 000a 04       		.byte	0x4
 319 000b 01       		.uleb128 0x1
 320 000c 19010000 		.4byte	.LASF20
 321 0010 01       		.byte	0x1
 322 0011 15000000 		.4byte	.LASF21
 323 0015 B3010000 		.4byte	.LASF22
 324 0019 00000000 		.4byte	.Ldebug_ranges0+0
 325 001d 00000000 		.4byte	0
 326 0021 00000000 		.4byte	.Ldebug_line0
 327 0025 02       		.uleb128 0x2
 328 0026 04       		.byte	0x4
 329 0027 05       		.byte	0x5
 330 0028 696E7400 		.ascii	"int\000"
 331 002c 03       		.uleb128 0x3
 332 002d 04       		.byte	0x4
 333 002e 07       		.byte	0x7
 334 002f 3B000000 		.4byte	.LASF0
 335 0033 03       		.uleb128 0x3
 336 0034 01       		.byte	0x1
 337 0035 06       		.byte	0x6
 338 0036 0D010000 		.4byte	.LASF1
 339 003a 03       		.uleb128 0x3
 340 003b 01       		.byte	0x1
 341 003c 08       		.byte	0x8
 342 003d B5000000 		.4byte	.LASF2
 343 0041 03       		.uleb128 0x3
 344 0042 02       		.byte	0x2
 345 0043 05       		.byte	0x5
 346 0044 4D020000 		.4byte	.LASF3
 347 0048 03       		.uleb128 0x3
 348 0049 02       		.byte	0x2
 349 004a 07       		.byte	0x7
 350 004b FA000000 		.4byte	.LASF4
 351 004f 03       		.uleb128 0x3
 352 0050 04       		.byte	0x4
 353 0051 05       		.byte	0x5
 354 0052 C8000000 		.4byte	.LASF5
 355 0056 03       		.uleb128 0x3
 356 0057 04       		.byte	0x4
 357 0058 07       		.byte	0x7
 358 0059 4E000000 		.4byte	.LASF6
 359 005d 03       		.uleb128 0x3
 360 005e 08       		.byte	0x8
 361 005f 05       		.byte	0x5
 362 0060 00000000 		.4byte	.LASF7
ARM GAS  C:\Users\TB1014~1\AppData\Local\Temp\ccGg68kE.s 			page 13


 363 0064 03       		.uleb128 0x3
 364 0065 08       		.byte	0x8
 365 0066 07       		.byte	0x7
 366 0067 6D000000 		.4byte	.LASF8
 367 006b 03       		.uleb128 0x3
 368 006c 04       		.byte	0x4
 369 006d 07       		.byte	0x7
 370 006e 57020000 		.4byte	.LASF9
 371 0072 03       		.uleb128 0x3
 372 0073 01       		.byte	0x1
 373 0074 08       		.byte	0x8
 374 0075 C3000000 		.4byte	.LASF10
 375 0079 04       		.uleb128 0x4
 376 007a 48000000 		.4byte	.LASF11
 377 007e 02       		.byte	0x2
 378 007f B901     		.2byte	0x1b9
 379 0081 3A000000 		.4byte	0x3a
 380 0085 04       		.uleb128 0x4
 381 0086 0E000000 		.4byte	.LASF12
 382 008a 02       		.byte	0x2
 383 008b BB01     		.2byte	0x1bb
 384 008d 56000000 		.4byte	0x56
 385 0091 03       		.uleb128 0x3
 386 0092 04       		.byte	0x4
 387 0093 04       		.byte	0x4
 388 0094 84000000 		.4byte	.LASF13
 389 0098 03       		.uleb128 0x3
 390 0099 08       		.byte	0x8
 391 009a 04       		.byte	0x4
 392 009b ED000000 		.4byte	.LASF14
 393 009f 04       		.uleb128 0x4
 394 00a0 F4000000 		.4byte	.LASF15
 395 00a4 02       		.byte	0x2
 396 00a5 6502     		.2byte	0x265
 397 00a7 AB000000 		.4byte	0xab
 398 00ab 05       		.uleb128 0x5
 399 00ac 85000000 		.4byte	0x85
 400 00b0 06       		.uleb128 0x6
 401 00b1 E2000000 		.4byte	.LASF16
 402 00b5 01       		.byte	0x1
 403 00b6 9C       		.byte	0x9c
 404 00b7 00000000 		.4byte	.LFB4
 405 00bb 84000000 		.4byte	.LFE4-.LFB4
 406 00bf 01       		.uleb128 0x1
 407 00c0 9C       		.byte	0x9c
 408 00c1 D5000000 		.4byte	0xd5
 409 00c5 07       		.uleb128 0x7
 410 00c6 0E000000 		.4byte	.LVL0
 411 00ca 55010000 		.4byte	0x155
 412 00ce 08       		.uleb128 0x8
 413 00cf 01       		.uleb128 0x1
 414 00d0 50       		.byte	0x50
 415 00d1 01       		.uleb128 0x1
 416 00d2 48       		.byte	0x48
 417 00d3 00       		.byte	0
 418 00d4 00       		.byte	0
 419 00d5 09       		.uleb128 0x9
ARM GAS  C:\Users\TB1014~1\AppData\Local\Temp\ccGg68kE.s 			page 14


 420 00d6 8A000000 		.4byte	.LASF18
 421 00da 01       		.byte	0x1
 422 00db E8       		.byte	0xe8
 423 00dc 00000000 		.4byte	.LFB6
 424 00e0 38000000 		.4byte	.LFE6-.LFB6
 425 00e4 01       		.uleb128 0x1
 426 00e5 9C       		.byte	0x9c
 427 00e6 07010000 		.4byte	0x107
 428 00ea 0A       		.uleb128 0xa
 429 00eb AB010000 		.4byte	.LASF23
 430 00ef 01       		.byte	0x1
 431 00f0 E8       		.byte	0xe8
 432 00f1 79000000 		.4byte	0x79
 433 00f5 01       		.uleb128 0x1
 434 00f6 50       		.byte	0x50
 435 00f7 0B       		.uleb128 0xb
 436 00f8 44020000 		.4byte	.LASF24
 437 00fc 01       		.byte	0x1
 438 00fd EA       		.byte	0xea
 439 00fe 85000000 		.4byte	0x85
 440 0102 00000000 		.4byte	.LLST0
 441 0106 00       		.byte	0
 442 0107 06       		.uleb128 0x6
 443 0108 D1000000 		.4byte	.LASF17
 444 010c 01       		.byte	0x1
 445 010d D0       		.byte	0xd0
 446 010e 00000000 		.4byte	.LFB5
 447 0112 20000000 		.4byte	.LFE5-.LFB5
 448 0116 01       		.uleb128 0x1
 449 0117 9C       		.byte	0x9c
 450 0118 2C010000 		.4byte	0x12c
 451 011c 07       		.uleb128 0x7
 452 011d 16000000 		.4byte	.LVL10
 453 0121 D5000000 		.4byte	0xd5
 454 0125 08       		.uleb128 0x8
 455 0126 01       		.uleb128 0x1
 456 0127 50       		.byte	0x50
 457 0128 01       		.uleb128 0x1
 458 0129 31       		.byte	0x31
 459 012a 00       		.byte	0
 460 012b 00       		.byte	0
 461 012c 0C       		.uleb128 0xc
 462 012d 60000000 		.4byte	.LASF19
 463 0131 01       		.byte	0x1
 464 0132 1401     		.2byte	0x114
 465 0134 84000000 		.4byte	.LFB7
 466 0138 94000000 		.4byte	.LFE7-.LFB7
 467 013c 01       		.uleb128 0x1
 468 013d 9C       		.byte	0x9c
 469 013e 55010000 		.4byte	0x155
 470 0142 0D       		.uleb128 0xd
 471 0143 DE000000 		.4byte	.LVL11
 472 0147 B0000000 		.4byte	0xb0
 473 014b 0D       		.uleb128 0xd
 474 014c E2000000 		.4byte	.LVL12
 475 0150 07010000 		.4byte	0x107
 476 0154 00       		.byte	0
ARM GAS  C:\Users\TB1014~1\AppData\Local\Temp\ccGg68kE.s 			page 15


 477 0155 0E       		.uleb128 0xe
 478 0156 A0000000 		.4byte	.LASF25
 479 015a 03       		.byte	0x3
 480 015b 6C       		.byte	0x6c
 481 015c 0F       		.uleb128 0xf
 482 015d 85000000 		.4byte	0x85
 483 0161 00       		.byte	0
 484 0162 00       		.byte	0
 485              		.section	.debug_abbrev,"",%progbits
 486              	.Ldebug_abbrev0:
 487 0000 01       		.uleb128 0x1
 488 0001 11       		.uleb128 0x11
 489 0002 01       		.byte	0x1
 490 0003 25       		.uleb128 0x25
 491 0004 0E       		.uleb128 0xe
 492 0005 13       		.uleb128 0x13
 493 0006 0B       		.uleb128 0xb
 494 0007 03       		.uleb128 0x3
 495 0008 0E       		.uleb128 0xe
 496 0009 1B       		.uleb128 0x1b
 497 000a 0E       		.uleb128 0xe
 498 000b 55       		.uleb128 0x55
 499 000c 17       		.uleb128 0x17
 500 000d 11       		.uleb128 0x11
 501 000e 01       		.uleb128 0x1
 502 000f 10       		.uleb128 0x10
 503 0010 17       		.uleb128 0x17
 504 0011 00       		.byte	0
 505 0012 00       		.byte	0
 506 0013 02       		.uleb128 0x2
 507 0014 24       		.uleb128 0x24
 508 0015 00       		.byte	0
 509 0016 0B       		.uleb128 0xb
 510 0017 0B       		.uleb128 0xb
 511 0018 3E       		.uleb128 0x3e
 512 0019 0B       		.uleb128 0xb
 513 001a 03       		.uleb128 0x3
 514 001b 08       		.uleb128 0x8
 515 001c 00       		.byte	0
 516 001d 00       		.byte	0
 517 001e 03       		.uleb128 0x3
 518 001f 24       		.uleb128 0x24
 519 0020 00       		.byte	0
 520 0021 0B       		.uleb128 0xb
 521 0022 0B       		.uleb128 0xb
 522 0023 3E       		.uleb128 0x3e
 523 0024 0B       		.uleb128 0xb
 524 0025 03       		.uleb128 0x3
 525 0026 0E       		.uleb128 0xe
 526 0027 00       		.byte	0
 527 0028 00       		.byte	0
 528 0029 04       		.uleb128 0x4
 529 002a 16       		.uleb128 0x16
 530 002b 00       		.byte	0
 531 002c 03       		.uleb128 0x3
 532 002d 0E       		.uleb128 0xe
 533 002e 3A       		.uleb128 0x3a
ARM GAS  C:\Users\TB1014~1\AppData\Local\Temp\ccGg68kE.s 			page 16


 534 002f 0B       		.uleb128 0xb
 535 0030 3B       		.uleb128 0x3b
 536 0031 05       		.uleb128 0x5
 537 0032 49       		.uleb128 0x49
 538 0033 13       		.uleb128 0x13
 539 0034 00       		.byte	0
 540 0035 00       		.byte	0
 541 0036 05       		.uleb128 0x5
 542 0037 35       		.uleb128 0x35
 543 0038 00       		.byte	0
 544 0039 49       		.uleb128 0x49
 545 003a 13       		.uleb128 0x13
 546 003b 00       		.byte	0
 547 003c 00       		.byte	0
 548 003d 06       		.uleb128 0x6
 549 003e 2E       		.uleb128 0x2e
 550 003f 01       		.byte	0x1
 551 0040 03       		.uleb128 0x3
 552 0041 0E       		.uleb128 0xe
 553 0042 3A       		.uleb128 0x3a
 554 0043 0B       		.uleb128 0xb
 555 0044 3B       		.uleb128 0x3b
 556 0045 0B       		.uleb128 0xb
 557 0046 27       		.uleb128 0x27
 558 0047 19       		.uleb128 0x19
 559 0048 11       		.uleb128 0x11
 560 0049 01       		.uleb128 0x1
 561 004a 12       		.uleb128 0x12
 562 004b 06       		.uleb128 0x6
 563 004c 40       		.uleb128 0x40
 564 004d 18       		.uleb128 0x18
 565 004e 9742     		.uleb128 0x2117
 566 0050 19       		.uleb128 0x19
 567 0051 01       		.uleb128 0x1
 568 0052 13       		.uleb128 0x13
 569 0053 00       		.byte	0
 570 0054 00       		.byte	0
 571 0055 07       		.uleb128 0x7
 572 0056 898201   		.uleb128 0x4109
 573 0059 01       		.byte	0x1
 574 005a 11       		.uleb128 0x11
 575 005b 01       		.uleb128 0x1
 576 005c 31       		.uleb128 0x31
 577 005d 13       		.uleb128 0x13
 578 005e 00       		.byte	0
 579 005f 00       		.byte	0
 580 0060 08       		.uleb128 0x8
 581 0061 8A8201   		.uleb128 0x410a
 582 0064 00       		.byte	0
 583 0065 02       		.uleb128 0x2
 584 0066 18       		.uleb128 0x18
 585 0067 9142     		.uleb128 0x2111
 586 0069 18       		.uleb128 0x18
 587 006a 00       		.byte	0
 588 006b 00       		.byte	0
 589 006c 09       		.uleb128 0x9
 590 006d 2E       		.uleb128 0x2e
ARM GAS  C:\Users\TB1014~1\AppData\Local\Temp\ccGg68kE.s 			page 17


 591 006e 01       		.byte	0x1
 592 006f 3F       		.uleb128 0x3f
 593 0070 19       		.uleb128 0x19
 594 0071 03       		.uleb128 0x3
 595 0072 0E       		.uleb128 0xe
 596 0073 3A       		.uleb128 0x3a
 597 0074 0B       		.uleb128 0xb
 598 0075 3B       		.uleb128 0x3b
 599 0076 0B       		.uleb128 0xb
 600 0077 27       		.uleb128 0x27
 601 0078 19       		.uleb128 0x19
 602 0079 11       		.uleb128 0x11
 603 007a 01       		.uleb128 0x1
 604 007b 12       		.uleb128 0x12
 605 007c 06       		.uleb128 0x6
 606 007d 40       		.uleb128 0x40
 607 007e 18       		.uleb128 0x18
 608 007f 9742     		.uleb128 0x2117
 609 0081 19       		.uleb128 0x19
 610 0082 01       		.uleb128 0x1
 611 0083 13       		.uleb128 0x13
 612 0084 00       		.byte	0
 613 0085 00       		.byte	0
 614 0086 0A       		.uleb128 0xa
 615 0087 05       		.uleb128 0x5
 616 0088 00       		.byte	0
 617 0089 03       		.uleb128 0x3
 618 008a 0E       		.uleb128 0xe
 619 008b 3A       		.uleb128 0x3a
 620 008c 0B       		.uleb128 0xb
 621 008d 3B       		.uleb128 0x3b
 622 008e 0B       		.uleb128 0xb
 623 008f 49       		.uleb128 0x49
 624 0090 13       		.uleb128 0x13
 625 0091 02       		.uleb128 0x2
 626 0092 18       		.uleb128 0x18
 627 0093 00       		.byte	0
 628 0094 00       		.byte	0
 629 0095 0B       		.uleb128 0xb
 630 0096 34       		.uleb128 0x34
 631 0097 00       		.byte	0
 632 0098 03       		.uleb128 0x3
 633 0099 0E       		.uleb128 0xe
 634 009a 3A       		.uleb128 0x3a
 635 009b 0B       		.uleb128 0xb
 636 009c 3B       		.uleb128 0x3b
 637 009d 0B       		.uleb128 0xb
 638 009e 49       		.uleb128 0x49
 639 009f 13       		.uleb128 0x13
 640 00a0 02       		.uleb128 0x2
 641 00a1 17       		.uleb128 0x17
 642 00a2 00       		.byte	0
 643 00a3 00       		.byte	0
 644 00a4 0C       		.uleb128 0xc
 645 00a5 2E       		.uleb128 0x2e
 646 00a6 01       		.byte	0x1
 647 00a7 3F       		.uleb128 0x3f
ARM GAS  C:\Users\TB1014~1\AppData\Local\Temp\ccGg68kE.s 			page 18


 648 00a8 19       		.uleb128 0x19
 649 00a9 03       		.uleb128 0x3
 650 00aa 0E       		.uleb128 0xe
 651 00ab 3A       		.uleb128 0x3a
 652 00ac 0B       		.uleb128 0xb
 653 00ad 3B       		.uleb128 0x3b
 654 00ae 05       		.uleb128 0x5
 655 00af 27       		.uleb128 0x27
 656 00b0 19       		.uleb128 0x19
 657 00b1 11       		.uleb128 0x11
 658 00b2 01       		.uleb128 0x1
 659 00b3 12       		.uleb128 0x12
 660 00b4 06       		.uleb128 0x6
 661 00b5 40       		.uleb128 0x40
 662 00b6 18       		.uleb128 0x18
 663 00b7 9742     		.uleb128 0x2117
 664 00b9 19       		.uleb128 0x19
 665 00ba 01       		.uleb128 0x1
 666 00bb 13       		.uleb128 0x13
 667 00bc 00       		.byte	0
 668 00bd 00       		.byte	0
 669 00be 0D       		.uleb128 0xd
 670 00bf 898201   		.uleb128 0x4109
 671 00c2 00       		.byte	0
 672 00c3 11       		.uleb128 0x11
 673 00c4 01       		.uleb128 0x1
 674 00c5 31       		.uleb128 0x31
 675 00c6 13       		.uleb128 0x13
 676 00c7 00       		.byte	0
 677 00c8 00       		.byte	0
 678 00c9 0E       		.uleb128 0xe
 679 00ca 2E       		.uleb128 0x2e
 680 00cb 01       		.byte	0x1
 681 00cc 3F       		.uleb128 0x3f
 682 00cd 19       		.uleb128 0x19
 683 00ce 03       		.uleb128 0x3
 684 00cf 0E       		.uleb128 0xe
 685 00d0 3A       		.uleb128 0x3a
 686 00d1 0B       		.uleb128 0xb
 687 00d2 3B       		.uleb128 0x3b
 688 00d3 0B       		.uleb128 0xb
 689 00d4 27       		.uleb128 0x27
 690 00d5 19       		.uleb128 0x19
 691 00d6 3C       		.uleb128 0x3c
 692 00d7 19       		.uleb128 0x19
 693 00d8 00       		.byte	0
 694 00d9 00       		.byte	0
 695 00da 0F       		.uleb128 0xf
 696 00db 05       		.uleb128 0x5
 697 00dc 00       		.byte	0
 698 00dd 49       		.uleb128 0x49
 699 00de 13       		.uleb128 0x13
 700 00df 00       		.byte	0
 701 00e0 00       		.byte	0
 702 00e1 00       		.byte	0
 703              		.section	.debug_loc,"",%progbits
 704              	.Ldebug_loc0:
ARM GAS  C:\Users\TB1014~1\AppData\Local\Temp\ccGg68kE.s 			page 19


 705              	.LLST0:
 706 0000 04000000 		.4byte	.LVL2
 707 0004 12000000 		.4byte	.LVL4
 708 0008 0100     		.2byte	0x1
 709 000a 53       		.byte	0x53
 710 000b 14000000 		.4byte	.LVL5
 711 000f 1A000000 		.4byte	.LVL6
 712 0013 0100     		.2byte	0x1
 713 0015 53       		.byte	0x53
 714 0016 1A000000 		.4byte	.LVL6
 715 001a 1C000000 		.4byte	.LVL7
 716 001e 0200     		.2byte	0x2
 717 0020 72       		.byte	0x72
 718 0021 00       		.sleb128 0
 719 0022 1C000000 		.4byte	.LVL7
 720 0026 38000000 		.4byte	.LFE6
 721 002a 0100     		.2byte	0x1
 722 002c 53       		.byte	0x53
 723 002d 00000000 		.4byte	0
 724 0031 00000000 		.4byte	0
 725              		.section	.debug_aranges,"",%progbits
 726 0000 34000000 		.4byte	0x34
 727 0004 0200     		.2byte	0x2
 728 0006 00000000 		.4byte	.Ldebug_info0
 729 000a 04       		.byte	0x4
 730 000b 00       		.byte	0
 731 000c 0000     		.2byte	0
 732 000e 0000     		.2byte	0
 733 0010 00000000 		.4byte	.LFB4
 734 0014 84000000 		.4byte	.LFE4-.LFB4
 735 0018 00000000 		.4byte	.LFB6
 736 001c 38000000 		.4byte	.LFE6-.LFB6
 737 0020 00000000 		.4byte	.LFB5
 738 0024 20000000 		.4byte	.LFE5-.LFB5
 739 0028 84000000 		.4byte	.LFB7
 740 002c 94000000 		.4byte	.LFE7-.LFB7
 741 0030 00000000 		.4byte	0
 742 0034 00000000 		.4byte	0
 743              		.section	.debug_ranges,"",%progbits
 744              	.Ldebug_ranges0:
 745 0000 00000000 		.4byte	.LFB4
 746 0004 84000000 		.4byte	.LFE4
 747 0008 00000000 		.4byte	.LFB6
 748 000c 38000000 		.4byte	.LFE6
 749 0010 00000000 		.4byte	.LFB5
 750 0014 20000000 		.4byte	.LFE5
 751 0018 84000000 		.4byte	.LFB7
 752 001c 18010000 		.4byte	.LFE7
 753 0020 00000000 		.4byte	0
 754 0024 00000000 		.4byte	0
 755              		.section	.debug_line,"",%progbits
 756              	.Ldebug_line0:
 757 0000 BD000000 		.section	.debug_str,"MS",%progbits,1
 757      02005400 
 757      00000201 
 757      FB0E0D00 
 757      01010101 
ARM GAS  C:\Users\TB1014~1\AppData\Local\Temp\ccGg68kE.s 			page 20


 758              	.LASF7:
 759 0000 6C6F6E67 		.ascii	"long long int\000"
 759      206C6F6E 
 759      6720696E 
 759      7400
 760              	.LASF12:
 761 000e 75696E74 		.ascii	"uint32\000"
 761      333200
 762              	.LASF21:
 763 0015 47656E65 		.ascii	"Generated_Source\\PSoC4\\cyfitter_cfg.c\000"
 763      72617465 
 763      645F536F 
 763      75726365 
 763      5C50536F 
 764              	.LASF0:
 765 003b 756E7369 		.ascii	"unsigned int\000"
 765      676E6564 
 765      20696E74 
 765      00
 766              	.LASF11:
 767 0048 75696E74 		.ascii	"uint8\000"
 767      3800
 768              	.LASF6:
 769 004e 6C6F6E67 		.ascii	"long unsigned int\000"
 769      20756E73 
 769      69676E65 
 769      6420696E 
 769      7400
 770              	.LASF19:
 771 0060 63796669 		.ascii	"cyfitter_cfg\000"
 771      74746572 
 771      5F636667 
 771      00
 772              	.LASF8:
 773 006d 6C6F6E67 		.ascii	"long long unsigned int\000"
 773      206C6F6E 
 773      6720756E 
 773      7369676E 
 773      65642069 
 774              	.LASF13:
 775 0084 666C6F61 		.ascii	"float\000"
 775      7400
 776              	.LASF18:
 777 008a 53657441 		.ascii	"SetAnalogRoutingPumps\000"
 777      6E616C6F 
 777      67526F75 
 777      74696E67 
 777      50756D70 
 778              	.LASF25:
 779 00a0 43795379 		.ascii	"CySysClkWriteImoFreq\000"
 779      73436C6B 
 779      57726974 
 779      65496D6F 
 779      46726571 
 780              	.LASF2:
 781 00b5 756E7369 		.ascii	"unsigned char\000"
 781      676E6564 
ARM GAS  C:\Users\TB1014~1\AppData\Local\Temp\ccGg68kE.s 			page 21


 781      20636861 
 781      7200
 782              	.LASF10:
 783 00c3 63686172 		.ascii	"char\000"
 783      00
 784              	.LASF5:
 785 00c8 6C6F6E67 		.ascii	"long int\000"
 785      20696E74 
 785      00
 786              	.LASF17:
 787 00d1 416E616C 		.ascii	"AnalogSetDefault\000"
 787      6F675365 
 787      74446566 
 787      61756C74 
 787      00
 788              	.LASF16:
 789 00e2 436C6F63 		.ascii	"ClockSetup\000"
 789      6B536574 
 789      757000
 790              	.LASF14:
 791 00ed 646F7562 		.ascii	"double\000"
 791      6C6500
 792              	.LASF15:
 793 00f4 72656733 		.ascii	"reg32\000"
 793      3200
 794              	.LASF4:
 795 00fa 73686F72 		.ascii	"short unsigned int\000"
 795      7420756E 
 795      7369676E 
 795      65642069 
 795      6E7400
 796              	.LASF1:
 797 010d 7369676E 		.ascii	"signed char\000"
 797      65642063 
 797      68617200 
 798              	.LASF20:
 799 0119 474E5520 		.ascii	"GNU C 4.9.3 20150303 (release) [ARM/embedded-4_9-br"
 799      4320342E 
 799      392E3320 
 799      32303135 
 799      30333033 
 800 014c 616E6368 		.ascii	"anch revision 221220] -mcpu=cortex-m0plus -mthumb -"
 800      20726576 
 800      6973696F 
 800      6E203232 
 800      31323230 
 801 017f 67202D4F 		.ascii	"g -Og -ffunction-sections -ffat-lto-objects\000"
 801      67202D66 
 801      66756E63 
 801      74696F6E 
 801      2D736563 
 802              	.LASF23:
 803 01ab 656E6162 		.ascii	"enabled\000"
 803      6C656400 
 804              	.LASF22:
 805 01b3 433A5C55 		.ascii	"C:\\Users\\tb1014481\\Documents\\#PROJECTS#\\Eddie\\"
 805      73657273 
ARM GAS  C:\Users\TB1014~1\AppData\Local\Temp\ccGg68kE.s 			page 22


 805      5C746231 
 805      30313434 
 805      38315C44 
 806 01e1 536F6674 		.ascii	"Software\\Cypress_PSoC\\Eddie_DP0.0\\Slider_WS.Bund"
 806      77617265 
 806      5C437970 
 806      72657373 
 806      5F50536F 
 807 0211 6C653035 		.ascii	"le05.cywrk.Archive04\\Eddie_DP0_Slider\\Slider.cyds"
 807      2E637977 
 807      726B2E41 
 807      72636869 
 807      76653034 
 808 0242 6E00     		.ascii	"n\000"
 809              	.LASF24:
 810 0244 72656756 		.ascii	"regValue\000"
 810      616C7565 
 810      00
 811              	.LASF3:
 812 024d 73686F72 		.ascii	"short int\000"
 812      7420696E 
 812      7400
 813              	.LASF9:
 814 0257 73697A65 		.ascii	"sizetype\000"
 814      74797065 
 814      00
 815              		.ident	"GCC: (GNU Tools for ARM Embedded Processors) 4.9.3 20150303 (release) [ARM/embedded-4_9-br
