Archive member included because of file (symbol)

.\ARM_GCC_493\Debug\Slider.a(cyfitter_cfg.o)
                              .\ARM_GCC_493\Debug\Cm0plusStart.o (cyfitter_cfg)
.\ARM_GCC_493\Debug\Slider.a(CapSense_Control.o)
                              .\ARM_GCC_493\Debug\main.o (CapSense_Start)
.\ARM_GCC_493\Debug\Slider.a(CapSense_Processing.o)
                              .\ARM_GCC_493\Debug\Slider.a(CapSense_Control.o) (CapSense_DpInitialize)
.\ARM_GCC_493\Debug\Slider.a(CapSense_Structure.o)
                              .\ARM_GCC_493\Debug\Slider.a(CapSense_Control.o) (CapSense_DsInitialize)
.\ARM_GCC_493\Debug\Slider.a(CapSense_Tuner.o)
                              .\ARM_GCC_493\Debug\Slider.a(CapSense_Control.o) (CapSense_TuInitialize)
.\ARM_GCC_493\Debug\Slider.a(CapSense_Filter.o)
                              .\ARM_GCC_493\Debug\Slider.a(CapSense_Control.o) (CapSense_InitializeAllBaselines)
.\ARM_GCC_493\Debug\Slider.a(CapSense_Sensing.o)
                              .\ARM_GCC_493\Debug\main.o (CapSense_IsBusy)
.\ARM_GCC_493\Debug\Slider.a(CapSense_SensingCSD_LL.o)
                              .\ARM_GCC_493\Debug\Slider.a(CapSense_Sensing.o) (CapSense_SsCSDInitialize)
.\ARM_GCC_493\Debug\Slider.a(CapSense_Centroid_LL.o)
                              .\ARM_GCC_493\Debug\Slider.a(CapSense_Processing.o) (CapSense_DpFindLocalMaxSd)
.\ARM_GCC_493\Debug\Slider.a(CapSense_SensingCSX_LL.o)
                              .\ARM_GCC_493\Debug\Slider.a(CapSense_Sensing.o) (CapSense_CSXInitialize)
.\ARM_GCC_493\Debug\Slider.a(CapSense_ISR.o)
                              .\ARM_GCC_493\Debug\command_telemetry.o (CapSense_ISR_Enable)
.\ARM_GCC_493\Debug\Slider.a(CyLib.o)
                              .\ARM_GCC_493\Debug\Slider.a(CapSense_SensingCSD_LL.o) (CyIntEnable)
.\ARM_GCC_493\Debug\Slider.a(cyPm.o)
                              .\ARM_GCC_493\Debug\Slider.a(CapSense_Control.o) (CySysPmSleep)
.\ARM_GCC_493\Debug\Slider.a(CyLFClk.o)
                              .\ARM_GCC_493\Debug\Slider.a(CyLib.o) (CySysClkWcoEnabled)
.\ARM_GCC_493\Debug\Slider.a(Timer_1.o)
                              .\ARM_GCC_493\Debug\main.o (Timer_1_WriteCounter)
.\ARM_GCC_493\Debug\Slider.a(CAPINT.o)
                              .\ARM_GCC_493\Debug\comms.o (CAPINT_Write)
.\ARM_GCC_493\Debug\Slider.a(I2CS.o)
                              .\ARM_GCC_493\Debug\comms.o (I2CS_Start)
.\ARM_GCC_493\Debug\Slider.a(I2CS_I2C.o)
                              .\ARM_GCC_493\Debug\Slider.a(I2CS.o) (I2CS_I2CInit)
.\ARM_GCC_493\Debug\Slider.a(I2CS_I2C_SLAVE.o)
                              .\ARM_GCC_493\Debug\comms.o (I2CS_I2CSlaveStatus)
.\ARM_GCC_493\Debug\Slider.a(CyBootAsmGnu.o)
                              .\ARM_GCC_493\Debug\Slider.a(CapSense_SensingCSD_LL.o) (CyDelayCycles)
.\ARM_GCC_493\Debug\Slider.a(CapSense_INT.o)
                              .\ARM_GCC_493\Debug\Slider.a(CapSense_SensingCSD_LL.o) (CapSense_CSDPostSingleScan)
.\ARM_GCC_493\Debug\Slider.a(CyFlash.o)
                              .\ARM_GCC_493\Debug\Slider.a(CyLib.o) (CySysFlashSetWaitCycles)
.\ARM_GCC_493\Debug\Slider.a(I2CS_I2C_INT.o)
                              .\ARM_GCC_493\Debug\Slider.a(I2CS_I2C.o) (I2CS_I2C_ISR)
C:\Program Files (x86)\Cypress\PSoC Creator\4.0\PSoC Creator\psoc\content\cycomponentlibrary\CyComponentLibrary.cylib\CapSense_P4_v3_10\PSoC4\Library\Capsense_P4Library_GCCp.a(CapSense_SmartSense_LL_v3_10.o)
                              .\ARM_GCC_493\Debug\Slider.a(CapSense_Sensing.o) (SmartSense_TunePrescalers)
C:\Program Files (x86)\Cypress\PSoC Creator\4.0\PSoC Creator\psoc\content\cycomponentlibrary\CyComponentLibrary.cylib\CapSense_P4_v3_10\PSoC4\Library\Capsense_P4Library_GCCp.a(CapSense_SmartSense_SL_v3_10.o)
                              .\ARM_GCC_493\Debug\Slider.a(CapSense_Processing.o) (SmartSense_UpdateThresholds)
c:/program files (x86)/cypress/psoc creator/4.0/psoc creator/import/gnu/arm/4.9.3/bin/../lib/gcc/arm-none-eabi/4.9.3/armv6-m\libgcc.a(_udivsi3.o)
                              .\ARM_GCC_493\Debug\main.o (__aeabi_uidiv)
c:/program files (x86)/cypress/psoc creator/4.0/psoc creator/import/gnu/arm/4.9.3/bin/../lib/gcc/arm-none-eabi/4.9.3/armv6-m\libgcc.a(_divsi3.o)
                              .\ARM_GCC_493\Debug\main.o (__aeabi_idiv)
c:/program files (x86)/cypress/psoc creator/4.0/psoc creator/import/gnu/arm/4.9.3/bin/../lib/gcc/arm-none-eabi/4.9.3/armv6-m\libgcc.a(_dvmd_tls.o)
                              c:/program files (x86)/cypress/psoc creator/4.0/psoc creator/import/gnu/arm/4.9.3/bin/../lib/gcc/arm-none-eabi/4.9.3/armv6-m\libgcc.a(_udivsi3.o) (__aeabi_idiv0)
c:/program files (x86)/cypress/psoc creator/4.0/psoc creator/import/gnu/arm/4.9.3/bin/../lib/gcc/arm-none-eabi/4.9.3/armv6-m\libgcc.a(_aeabi_ldivmod.o)
                              .\ARM_GCC_493\Debug\util.o (__aeabi_ldivmod)
[...]
Memory Configuration

Name             Origin             Length             Attributes
rom              0x00000000         0x00008000         xr
ram              0x20000000         0x00001000         xrw
*default*        0x00000000         0xffffffff

Linker script and memory map

LOAD c:/program files (x86)/cypress/psoc creator/4.0/psoc creator/import/gnu/arm/4.9.3/bin/../lib/gcc/arm-none-eabi/4.9.3/armv6-m/crti.o
LOAD c:/program files (x86)/cypress/psoc creator/4.0/psoc creator/import/gnu/arm/4.9.3/bin/../lib/gcc/arm-none-eabi/4.9.3/armv6-m/crtbegin.o
LOAD c:/program files (x86)/cypress/psoc creator/4.0/psoc creator/import/gnu/arm/4.9.3/bin/../lib/gcc/arm-none-eabi/4.9.3/../../../../arm-none-eabi/lib/armv6-m/crt0.o
START GROUP
LOAD .\ARM_GCC_493\Debug\main.o
LOAD .\ARM_GCC_493\Debug\animation.o
LOAD .\ARM_GCC_493\Debug\led.o
LOAD .\ARM_GCC_493\Debug\util.o
LOAD .\ARM_GCC_493\Debug\command_telemetry.o
LOAD .\ARM_GCC_493\Debug\comms.o
LOAD .\ARM_GCC_493\Debug\cymetadata.o
LOAD .\ARM_GCC_493\Debug\Cm0plusStart.o
LOAD .\ARM_GCC_493\Debug\cybootloader.o
LOAD .\ARM_GCC_493\Debug\Slider.a
LOAD C:\Program Files (x86)\Cypress\PSoC Creator\4.0\PSoC Creator\psoc\content\cycomponentlibrary\CyComponentLibrary.cylib\CapSense_P4_v3_10\PSoC4\Library\Capsense_P4Library_GCCp.a
LOAD c:/program files (x86)/cypress/psoc creator/4.0/psoc creator/import/gnu/arm/4.9.3/bin/../lib/gcc/arm-none-eabi/4.9.3/../../../../arm-none-eabi/lib/armv6-m\libm.a
END GROUP
START GROUP
LOAD c:/program files (x86)/cypress/psoc creator/4.0/psoc creator/import/gnu/arm/4.9.3/bin/../lib/gcc/arm-none-eabi/4.9.3/armv6-m\libgcc.a
LOAD c:/program files (x86)/cypress/psoc creator/4.0/psoc creator/import/gnu/arm/4.9.3/bin/../lib/gcc/arm-none-eabi/4.9.3/../../../../arm-none-eabi/lib/armv6-m\libg_nano.a
LOAD c:/program files (x86)/cypress/psoc creator/4.0/psoc creator/import/gnu/arm/4.9.3/bin/../lib/gcc/arm-none-eabi/4.9.3/../../../../arm-none-eabi/lib/armv6-m\libc_nano.a
END GROUP
START GROUP
LOAD c:/program files (x86)/cypress/psoc creator/4.0/psoc creator/import/gnu/arm/4.9.3/bin/../lib/gcc/arm-none-eabi/4.9.3/armv6-m\libgcc.a
LOAD c:/program files (x86)/cypress/psoc creator/4.0/psoc creator/import/gnu/arm/4.9.3/bin/../lib/gcc/arm-none-eabi/4.9.3/../../../../arm-none-eabi/lib/armv6-m\libc_nano.a
END GROUP
LOAD c:/program files (x86)/cypress/psoc creator/4.0/psoc creator/import/gnu/arm/4.9.3/bin/../lib/gcc/arm-none-eabi/4.9.3/armv6-m/crtend.o
LOAD c:/program files (x86)/cypress/psoc creator/4.0/psoc creator/import/gnu/arm/4.9.3/bin/../lib/gcc/arm-none-eabi/4.9.3/armv6-m/crtn.o
START GROUP
LOAD c:/program files (x86)/cypress/psoc creator/4.0/psoc creator/import/gnu/arm/4.9.3/bin/../lib/gcc/arm-none-eabi/4.9.3/armv6-m\libgcc.a
LOAD c:/program files (x86)/cypress/psoc creator/4.0/psoc creator/import/gnu/arm/4.9.3/bin/../lib/gcc/arm-none-eabi/4.9.3/../../../../arm-none-eabi/lib/armv6-m\libc.a
LOAD c:/program files (x86)/cypress/psoc creator/4.0/psoc creator/import/gnu/arm/4.9.3/bin/../lib/gcc/arm-none-eabi/4.9.3/../../../../arm-none-eabi/lib/armv6-m\libnosys.a
END GROUP
                0x00000000                CY_APPL_ORIGIN = 0x0
                0x00000080                CY_FLASH_ROW_SIZE = 0x80
                0x00000001                CY_APPL_NUM = 0x1
                0x00000001                CY_APPL_MAX = 0x1
                0x00000040                CY_METADATA_SIZE = 0x40
                0x00000001                CY_APPL_LOADABLE = 0x1
                0x00000000                CY_CHECKSUM_EXCLUDE_SIZE = ALIGN (0x0, CY_FLASH_ROW_SIZE)
                0x00000000                CY_APP_FOR_STACK_AND_COPIER = 0x0
                0x20000b58                PROVIDE (__cy_heap_start, _end)
                0x00000001                PROVIDE (__cy_region_num, ((__cy_regions_end - __cy_regions) / 0x10))
                0x20001000                PROVIDE (__cy_stack, (ORIGIN (ram) + 0x1000))
                0x20000e00                PROVIDE (__cy_heap_end, (__cy_stack - 0x200))

.cybootloader   0x00000000     0x1800
 *(.cybootloader)
 .cybootloader  0x00000000     0x1800 .\ARM_GCC_493\Debug\cybootloader.o
                0x00000000                cy_bootloader
                0x00001800                appl1_start = CY_APPL_ORIGIN?CY_APPL_ORIGIN:ALIGN (CY_FLASH_ROW_SIZE)
                0x00004b80                appl2_start = (appl1_start + ALIGN ((((0x8000 - appl1_start) - (0x2 * CY_FLASH_ROW_SIZE)) / 0x2), CY_FLASH_ROW_SIZE))
                0x00001800                appl_start = (CY_APPL_NUM == 0x1)?appl1_start:appl2_start
                0x00000000                cy_project_type_bootloader = (appl_start == 0x0)?0x1:0x0
                0x00000000                cy_project_type_app_for_stack_and_copier = (CY_APP_FOR_STACK_AND_COPIER == 0x1)?0x1:0x0

.text           0x00001800     0x53f4
 CREATE_OBJECT_SYMBOLS
                0x00001800                PROVIDE (__cy_interrupt_vector, RomVectors)
 *(.romvectors)
 .romvectors    0x00001800       0x10 .\ARM_GCC_493\Debug\Cm0plusStart.o
                0x00001800                RomVectors
                0x00000001                ASSERT ((. != __cy_interrupt_vector), No interrupt vector)
                0x00000001                ASSERT (CY_APPL_ORIGIN?(SIZEOF (.cybootloader) <= CY_APPL_ORIGIN):0x1, Wrong image location)
                0x00001810                PROVIDE (__cy_reset, Reset)
 *(.text.Reset)
 .text.Reset    0x00001810       0x14 .\ARM_GCC_493\Debug\Cm0plusStart.o
                0x00001810                Reset
                0x00000001                ASSERT ((. != __cy_reset), No reset code)
 *(.psocinit)
 .psocinit      0x00001824      0x124 .\ARM_GCC_493\Debug\Slider.a(cyfitter_cfg.o)
                0x000018a8                cyfitter_cfg
                0x00001948                . = MAX (., 0x100)
 *(.text .text.* .gnu.linkonce.t.*)
 .text          0x00001948       0x60 c:/program files (x86)/cypress/psoc creator/4.0/psoc creator/import/gnu/arm/4.9.3/bin/../lib/gcc/arm-none-eabi/4.9.3/armv6-m/crtbegin.o
 .text.display_button
                0x000019a8       0xb0 .\ARM_GCC_493\Debug\main.o
                0x000019a8                display_button
 .text.get_button_pos
                0x00001a58       0xa0 .\ARM_GCC_493\Debug\main.o
                0x00001a58                get_button_pos
 .text.get_led_pos
                0x00001af8       0x24 .\ARM_GCC_493\Debug\main.o
                0x00001af8                get_led_pos
 .text.display_finger_tracker
                0x00001b1c       0x6c .\ARM_GCC_493\Debug\main.o
                0x00001b1c                display_finger_tracker
 .text.reset_timer
                0x00001b88       0x20 .\ARM_GCC_493\Debug\main.o
                0x00001b88                reset_timer
 .text.push_button_scan
                0x00001ba8       0x4c .\ARM_GCC_493\Debug\main.o
                0x00001ba8                push_button_scan
 .text.main     0x00001bf4      0x224 .\ARM_GCC_493\Debug\main.o
                0x00001bf4                main
 .text.animate_all_colors
                0x00001e18       0xe8 .\ARM_GCC_493\Debug\animation.o
                0x00001e18                animate_all_colors
 .text.animate_fix_white
                0x00001f00       0x2c .\ARM_GCC_493\Debug\animation.o
                0x00001f00                animate_fix_white
 .text.animate_red_intensity
                0x00001f2c       0x3c .\ARM_GCC_493\Debug\animation.o
                0x00001f2c                animate_red_intensity
 .text.animate_green_intensity
                0x00001f68       0x3c .\ARM_GCC_493\Debug\animation.o
                0x00001f68                animate_green_intensity
 .text.animate_blue_intensity
                0x00001fa4       0x3c .\ARM_GCC_493\Debug\animation.o
                0x00001fa4                animate_blue_intensity
 .text.animate_rainbow_colors
                0x00001fe0       0xa0 .\ARM_GCC_493\Debug\animation.o
                0x00001fe0                animate_rainbow_colors
 .text.animate_left_right
                0x00002080       0x44 .\ARM_GCC_493\Debug\animation.o
                0x00002080                animate_left_right
 .text.animate_intensity
                0x000020c4       0x80 .\ARM_GCC_493\Debug\animation.o
                0x000020c4                animate_intensity
 .text.animate_red_white_intensity
                0x00002144       0x48 .\ARM_GCC_493\Debug\animation.o
                0x00002144                animate_red_white_intensity
 .text.animate_green_white_intensity
                0x0000218c       0x48 .\ARM_GCC_493\Debug\animation.o
                0x0000218c                animate_green_white_intensity
 .text.animate_blue_white_intensity
                0x000021d4       0x48 .\ARM_GCC_493\Debug\animation.o
                0x000021d4                animate_blue_white_intensity
 .text.animate_2_leds
                0x0000221c       0xd8 .\ARM_GCC_493\Debug\animation.o
                0x0000221c                animate_2_leds
 .text.animate_button_smooth
                0x000022f4       0xb4 .\ARM_GCC_493\Debug\animation.o
                0x000022f4                animate_button_smooth
 .text.animate_button_smooth_slow
                0x000023a8       0x1c .\ARM_GCC_493\Debug\animation.o
                0x000023a8                animate_button_smooth_slow
 .text.animate_button_smooth_fast
                0x000023c4       0x1c .\ARM_GCC_493\Debug\animation.o
                0x000023c4                animate_button_smooth_fast
 .text.get_animation
                0x000023e0       0x30 .\ARM_GCC_493\Debug\animation.o
                0x000023e0                get_animation
 .text.get_is_auto_anim_rotation_enable
                0x00002410        0xc .\ARM_GCC_493\Debug\animation.o
                0x00002410                get_is_auto_anim_rotation_enable
 .text.set_is_auto_anim_rotation_enable
                0x0000241c        0xc .\ARM_GCC_493\Debug\animation.o
                0x0000241c                set_is_auto_anim_rotation_enable
 .text.get_is_anim_on_button_up_enable
                0x00002428        0xc .\ARM_GCC_493\Debug\animation.o
                0x00002428                get_is_anim_on_button_up_enable
 .text.set_is_anim_on_button_up_enable
                0x00002434       0x40 .\ARM_GCC_493\Debug\animation.o
                0x00002434                set_is_anim_on_button_up_enable
 .text.get_current_callback_anim
                0x00002474        0xc .\ARM_GCC_493\Debug\animation.o
                0x00002474                get_current_callback_anim
 .text.set_current_callback_anim
                0x00002480       0x60 .\ARM_GCC_493\Debug\animation.o
                0x00002480                set_current_callback_anim
 .text.run_current_animation
                0x000024e0       0x64 .\ARM_GCC_493\Debug\animation.o
                0x000024e0                run_current_animation
 .text.set_led_buffer
                0x00002544      0x1d0 .\ARM_GCC_493\Debug\led.o
 .text.set_led_strip
                0x00002714      0x188 .\ARM_GCC_493\Debug\led.o
                0x00002714                set_led_strip
 .text.set_led  0x0000289c        0x8 .\ARM_GCC_493\Debug\led.o
                0x0000289c                set_led
 .text.set_led_pair
                0x000028a4       0x18 .\ARM_GCC_493\Debug\led.o
                0x000028a4                set_led_pair
 .text.set_all_leds_intensity
                0x000028bc       0x18 .\ARM_GCC_493\Debug\led.o
                0x000028bc                set_all_leds_intensity
 .text.set_all_white_leds
                0x000028d4       0x18 .\ARM_GCC_493\Debug\led.o
                0x000028d4                set_all_white_leds
 .text.set_all_colored_leds
                0x000028ec       0x18 .\ARM_GCC_493\Debug\led.o
                0x000028ec                set_all_colored_leds
 .text.initialize_leds
                0x00002904        0x4 .\ARM_GCC_493\Debug\led.o
                0x00002904                initialize_leds
 .text.atoi     0x00002908       0x44 .\ARM_GCC_493\Debug\util.o
                0x00002908                atoi
 .text.itoa     0x0000294c       0x48 .\ARM_GCC_493\Debug\util.o
                0x0000294c                itoa
 .text.get_is_tracker_enable
                0x00002994        0xc .\ARM_GCC_493\Debug\util.o
                0x00002994                get_is_tracker_enable
 .text.set_is_tracker_enable
                0x000029a0        0xc .\ARM_GCC_493\Debug\util.o
                0x000029a0                set_is_tracker_enable
 .text.get_number_of_buttons
                0x000029ac        0x4 .\ARM_GCC_493\Debug\util.o
                0x000029ac                get_number_of_buttons
 .text.set_number_of_buttons
                0x000029b0        0x4 .\ARM_GCC_493\Debug\util.o
                0x000029b0                set_number_of_buttons
 .text.get_timer_interrrupt_count
                0x000029b4        0xc .\ARM_GCC_493\Debug\util.o
                0x000029b4                get_timer_interrrupt_count
 .text.set_timer_interrrupt_count
                0x000029c0        0xc .\ARM_GCC_493\Debug\util.o
                0x000029c0                set_timer_interrrupt_count
 .text.get_software_version
                0x000029cc        0x8 .\ARM_GCC_493\Debug\util.o
                0x000029cc                get_software_version
 .text.get_cmd_id_from_cmd_string
                0x000029d4       0x38 .\ARM_GCC_493\Debug\command_telemetry.o
                0x000029d4                get_cmd_id_from_cmd_string
 .text.get_sensor_cmd_id_from_cmd_string
                0x00002a0c       0x3c .\ARM_GCC_493\Debug\command_telemetry.o
                0x00002a0c                get_sensor_cmd_id_from_cmd_string
 .text.get_telemetry_cmd_id_from_cmd_string
                0x00002a48       0x3c .\ARM_GCC_493\Debug\command_telemetry.o
                0x00002a48                get_telemetry_cmd_id_from_cmd_string
 .text.get_tracker_cmd_id_from_cmd_string
                0x00002a84       0x3c .\ARM_GCC_493\Debug\command_telemetry.o
                0x00002a84                get_tracker_cmd_id_from_cmd_string
 .text.get_anim_cmd_id_from_cmd_string
                0x00002ac0       0x3c .\ARM_GCC_493\Debug\command_telemetry.o
                0x00002ac0                get_anim_cmd_id_from_cmd_string
 .text.get_anim_id_from_cmd_string
                0x00002afc       0x30 .\ARM_GCC_493\Debug\command_telemetry.o
                0x00002afc                get_anim_id_from_cmd_string
 .text.get_boot_cmd_id_from_cmd_string
                0x00002b2c       0x3c .\ARM_GCC_493\Debug\command_telemetry.o
                0x00002b2c                get_boot_cmd_id_from_cmd_string
 .text.get_led_cmd_id_from_cmd_string
                0x00002b68       0x3c .\ARM_GCC_493\Debug\command_telemetry.o
                0x00002b68                get_led_cmd_id_from_cmd_string
 .text.get_is_telemetry_enable
                0x00002ba4        0xc .\ARM_GCC_493\Debug\command_telemetry.o
                0x00002ba4                get_is_telemetry_enable
 .text.send_telemetry
                0x00002bb0       0x1c .\ARM_GCC_493\Debug\command_telemetry.o
                0x00002bb0                send_telemetry
 .text.send_alarm_telemetry
                0x00002bcc       0xb8 .\ARM_GCC_493\Debug\command_telemetry.o
                0x00002bcc                send_alarm_telemetry
 .text.send_animation_telemetry
                0x00002c84       0x80 .\ARM_GCC_493\Debug\command_telemetry.o
                0x00002c84                send_animation_telemetry
 .text.send_telemetry_capsense
                0x00002d04      0x178 .\ARM_GCC_493\Debug\command_telemetry.o
                0x00002d04                send_telemetry_capsense
 .text.send_push_button_telemetry
                0x00002e7c       0xa8 .\ARM_GCC_493\Debug\command_telemetry.o
                0x00002e7c                send_push_button_telemetry
 .text.set_is_telemetry_enable
                0x00002f24        0xc .\ARM_GCC_493\Debug\command_telemetry.o
                0x00002f24                set_is_telemetry_enable
 .text.get_is_sensor_telemetry_enable
                0x00002f30        0xc .\ARM_GCC_493\Debug\command_telemetry.o
                0x00002f30                get_is_sensor_telemetry_enable
 .text.send_button_telemetry
                0x00002f3c       0xd4 .\ARM_GCC_493\Debug\command_telemetry.o
                0x00002f3c                send_button_telemetry
 .text.set_is_sensor_telemetry_enable
                0x00003010        0xc .\ARM_GCC_493\Debug\command_telemetry.o
                0x00003010                set_is_sensor_telemetry_enable
 .text.parse_and_execute_command
                0x0000301c      0x71c .\ARM_GCC_493\Debug\command_telemetry.o
                0x0000301c                parse_and_execute_command
 .text.CommsInit
                0x00003738       0x24 .\ARM_GCC_493\Debug\comms.o
                0x00003738                CommsInit
 .text.CommsIsInputBufferReady
                0x0000375c        0xc .\ARM_GCC_493\Debug\comms.o
                0x0000375c                CommsIsInputBufferReady
 .text.CommsResetInputBuffer
                0x00003768        0xc .\ARM_GCC_493\Debug\comms.o
                0x00003768                CommsResetInputBuffer
 .text.CommsGetInputBuffer
                0x00003774        0x8 .\ARM_GCC_493\Debug\comms.o
                0x00003774                CommsGetInputBuffer
 .text.CommsSendData
                0x0000377c       0x34 .\ARM_GCC_493\Debug\comms.o
                0x0000377c                CommsSendData
 .text.IntDefaultHandler
                0x000037b0       0x10 .\ARM_GCC_493\Debug\Cm0plusStart.o
                0x000037b0                IntDefaultHandler
 .text.Start_c  0x000037c0       0x48 .\ARM_GCC_493\Debug\Cm0plusStart.o
                0x000037c0                Start_c
 .text.initialize_psoc
                0x00003808       0x58 .\ARM_GCC_493\Debug\Cm0plusStart.o
                0x00003808                initialize_psoc
 .text.SetAnalogRoutingPumps
                0x00003860       0x38 .\ARM_GCC_493\Debug\Slider.a(cyfitter_cfg.o)
                0x00003860                SetAnalogRoutingPumps
 .text.AnalogSetDefault
                0x00003898       0x20 .\ARM_GCC_493\Debug\Slider.a(cyfitter_cfg.o)
 .text.CapSense_Initialize
                0x000038b8       0x28 .\ARM_GCC_493\Debug\Slider.a(CapSense_Control.o)
                0x000038b8                CapSense_Initialize
 .text.CapSense_Start
                0x000038e0       0x5c .\ARM_GCC_493\Debug\Slider.a(CapSense_Control.o)
                0x000038e0                CapSense_Start
 .text.CapSense_ProcessAllWidgets
                0x0000393c       0x6c .\ARM_GCC_493\Debug\Slider.a(CapSense_Control.o)
                0x0000393c                CapSense_ProcessAllWidgets
 .text.CapSense_DpInitialize
                0x000039a8       0x8c .\ARM_GCC_493\Debug\Slider.a(CapSense_Processing.o)
                0x000039a8                CapSense_DpInitialize
 .text.CapSense_DpUpdateThresholds
                0x00003a34       0x34 .\ARM_GCC_493\Debug\Slider.a(CapSense_Processing.o)
                0x00003a34                CapSense_DpUpdateThresholds
 .text.CapSense_DpUpdateDifferences
                0x00003a68       0x14 .\ARM_GCC_493\Debug\Slider.a(CapSense_Processing.o)
                0x00003a68                CapSense_DpUpdateDifferences
 .text.CapSense_DpProcessCsxWidgetRawCounts
                0x00003a7c       0x48 .\ARM_GCC_493\Debug\Slider.a(CapSense_Processing.o)
                0x00003a7c                CapSense_DpProcessCsxWidgetRawCounts
 .text.CapSense_DpProcessCsdWidgetRawCounts
                0x00003ac4       0x90 .\ARM_GCC_493\Debug\Slider.a(CapSense_Processing.o)
                0x00003ac4                CapSense_DpProcessCsdWidgetRawCounts
 .text.CapSense_DpProcessButton
                0x00003b54       0x64 .\ARM_GCC_493\Debug\Slider.a(CapSense_Processing.o)
                0x00003b54                CapSense_DpProcessButton
 .text.CapSense_DpProcessCsxWidgetStatus
                0x00003bb8       0x58 .\ARM_GCC_493\Debug\Slider.a(CapSense_Processing.o)
                0x00003bb8                CapSense_DpProcessCsxWidgetStatus
 .text.CapSense_DpProcessSlider
                0x00003c10       0xdc .\ARM_GCC_493\Debug\Slider.a(CapSense_Processing.o)
                0x00003c10                CapSense_DpProcessSlider
 .text.CapSense_DpProcessCsdWidgetStatus
                0x00003cec       0x6c .\ARM_GCC_493\Debug\Slider.a(CapSense_Processing.o)
                0x00003cec                CapSense_DpProcessCsdWidgetStatus
 .text.CapSense_DsInitialize
                0x00003d58       0x70 .\ARM_GCC_493\Debug\Slider.a(CapSense_Structure.o)
                0x00003d58                CapSense_DsInitialize
 .text.CapSense_IsWidgetActive
                0x00003dc8       0x24 .\ARM_GCC_493\Debug\Slider.a(CapSense_Structure.o)
                0x00003dc8                CapSense_IsWidgetActive
 .text.CapSense_IsSensorActive
                0x00003dec       0x30 .\ARM_GCC_493\Debug\Slider.a(CapSense_Structure.o)
                0x00003dec                CapSense_IsSensorActive
 .text.CapSense_GetCentroidPos
                0x00003e1c       0x34 .\ARM_GCC_493\Debug\Slider.a(CapSense_Structure.o)
                0x00003e1c                CapSense_GetCentroidPos
 .text.CapSense_TuInitialize
                0x00003e50       0x14 .\ARM_GCC_493\Debug\Slider.a(CapSense_Tuner.o)
                0x00003e50                CapSense_TuInitialize
 .text.CapSense_FtInitializeBaselineChannel
                0x00003e64       0x1c .\ARM_GCC_493\Debug\Slider.a(CapSense_Filter.o)
                0x00003e64                CapSense_FtInitializeBaselineChannel
 .text.CapSense_InitializeSensorBaseline
                0x00003e80       0x34 .\ARM_GCC_493\Debug\Slider.a(CapSense_Filter.o)
                0x00003e80                CapSense_InitializeSensorBaseline
 .text.CapSense_InitializeWidgetBaseline
                0x00003eb4       0x28 .\ARM_GCC_493\Debug\Slider.a(CapSense_Filter.o)
                0x00003eb4                CapSense_InitializeWidgetBaseline
 .text.CapSense_InitializeAllBaselines
                0x00003edc       0x18 .\ARM_GCC_493\Debug\Slider.a(CapSense_Filter.o)
                0x00003edc                CapSense_InitializeAllBaselines
 .text.CapSense_InitializeIIRInternal
                0x00003ef4       0x1c .\ARM_GCC_493\Debug\Slider.a(CapSense_Filter.o)
                0x00003ef4                CapSense_InitializeIIRInternal
 .text.CapSense_FtInitialize
                0x00003f10       0x84 .\ARM_GCC_493\Debug\Slider.a(CapSense_Filter.o)
                0x00003f10                CapSense_FtInitialize
 .text.CapSense_FtIIR1stOrder
                0x00003f94       0x14 .\ARM_GCC_493\Debug\Slider.a(CapSense_Filter.o)
                0x00003f94                CapSense_FtIIR1stOrder
 .text.CapSense_FtUpdateBaseline
                0x00003fa8       0x94 .\ARM_GCC_493\Debug\Slider.a(CapSense_Filter.o)
                0x00003fa8                CapSense_FtUpdateBaseline
 .text.CapSense_RunIIRInternal
                0x0000403c       0x38 .\ARM_GCC_493\Debug\Slider.a(CapSense_Filter.o)
                0x0000403c                CapSense_RunIIRInternal
 .text.CapSense_FtRunEnabledFiltersInternal
                0x00004074        0x8 .\ARM_GCC_493\Debug\Slider.a(CapSense_Filter.o)
                0x00004074                CapSense_FtRunEnabledFiltersInternal
 .text.CapSense_SsSetDirectClockMode
                0x0000407c       0x14 .\ARM_GCC_493\Debug\Slider.a(CapSense_Sensing.o)
 .text.CapSense_SsSetWidgetSenseClkSrc
                0x00004090        0x8 .\ARM_GCC_493\Debug\Slider.a(CapSense_Sensing.o)
 .text.CapSense_SsCSDDisableMode
                0x00004098       0x24 .\ARM_GCC_493\Debug\Slider.a(CapSense_Sensing.o)
 .text.CapSense_SsDisableCSXMode
                0x000040bc       0x28 .\ARM_GCC_493\Debug\Slider.a(CapSense_Sensing.o)
 .text.CapSense_SsSetWidgetTxClkSrc
                0x000040e4       0xc0 .\ARM_GCC_493\Debug\Slider.a(CapSense_Sensing.o)
 .text.CapSense_IsBusy
                0x000041a4       0x10 .\ARM_GCC_493\Debug\Slider.a(CapSense_Sensing.o)
                0x000041a4                CapSense_IsBusy
 .text.CapSense_SetupWidget
                0x000041b4       0x68 .\ARM_GCC_493\Debug\Slider.a(CapSense_Sensing.o)
                0x000041b4                CapSense_SetupWidget
 .text.CapSense_Scan
                0x0000421c       0x38 .\ARM_GCC_493\Debug\Slider.a(CapSense_Sensing.o)
                0x0000421c                CapSense_Scan
 .text.CapSense_ScanAllWidgets
                0x00004254       0x48 .\ARM_GCC_493\Debug\Slider.a(CapSense_Sensing.o)
                0x00004254                CapSense_ScanAllWidgets
 .text.CapSense_SetPinState
                0x0000429c       0xc8 .\ARM_GCC_493\Debug\Slider.a(CapSense_Sensing.o)
                0x0000429c                CapSense_SetPinState
 .text.CapSense_SsSwitchSensingMode
                0x00004364       0x50 .\ARM_GCC_493\Debug\Slider.a(CapSense_Sensing.o)
                0x00004364                CapSense_SsSwitchSensingMode
 .text.CapSense_SsSetIOsInDefaultState
                0x000043b4       0x40 .\ARM_GCC_493\Debug\Slider.a(CapSense_Sensing.o)
                0x000043b4                CapSense_SsSetIOsInDefaultState
 .text.CapSense_SsPostAllWidgetsScan
                0x000043f4       0x68 .\ARM_GCC_493\Debug\Slider.a(CapSense_Sensing.o)
                0x000043f4                CapSense_SsPostAllWidgetsScan
 .text.CapSense_SsIsrInitialize
                0x0000445c        0x8 .\ARM_GCC_493\Debug\Slider.a(CapSense_Sensing.o)
                0x0000445c                CapSense_SsIsrInitialize
 .text.CapSense_SsSetModClkClockDivider
                0x00004464       0x30 .\ARM_GCC_493\Debug\Slider.a(CapSense_Sensing.o)
                0x00004464                CapSense_SsSetModClkClockDivider
 .text.CapSense_SsSetSnsClockDivider
                0x00004494       0x14 .\ARM_GCC_493\Debug\Slider.a(CapSense_Sensing.o)
                0x00004494                CapSense_SsSetSnsClockDivider
 .text.CapSense_CalibrateWidget
                0x000044a8       0x3c .\ARM_GCC_493\Debug\Slider.a(CapSense_Sensing.o)
                0x000044a8                CapSense_CalibrateWidget
 .text.CapSense_CalibrateAllWidgets
                0x000044e4       0x1c .\ARM_GCC_493\Debug\Slider.a(CapSense_Sensing.o)
                0x000044e4                CapSense_CalibrateAllWidgets
 .text.CapSense_SsAutoTune
                0x00004500      0x138 .\ARM_GCC_493\Debug\Slider.a(CapSense_Sensing.o)
                0x00004500                CapSense_SsAutoTune
 .text.CapSense_SsInitializeSourceSenseClk
                0x00004638       0x30 .\ARM_GCC_493\Debug\Slider.a(CapSense_Sensing.o)
                0x00004638                CapSense_SsInitializeSourceSenseClk
 .text.CapSense_SsInitialize
                0x00004668       0x14 .\ARM_GCC_493\Debug\Slider.a(CapSense_Sensing.o)
                0x00004668                CapSense_SsInitialize
 .text.CapSense_SsClearCSDSensors
                0x0000467c       0x48 .\ARM_GCC_493\Debug\Slider.a(CapSense_Sensing.o)
                0x0000467c                CapSense_SsClearCSDSensors
 .text.CapSense_SsCSDSetFilterDelay
                0x000046c4       0x50 .\ARM_GCC_493\Debug\Slider.a(CapSense_SensingCSD_LL.o)
 .text.CapSense_SsCSDConfigIDACs
                0x00004714       0x1c .\ARM_GCC_493\Debug\Slider.a(CapSense_SensingCSD_LL.o)
 .text.CapSense_SsCSDRestoreIdacMode
                0x00004730       0x30 .\ARM_GCC_493\Debug\Slider.a(CapSense_SensingCSD_LL.o)
 .text.CapSense_SsCSDCalibrateCheck
                0x00004760       0x44 .\ARM_GCC_493\Debug\Slider.a(CapSense_SensingCSD_LL.o)
 .text.CapSense_SsCSDSetModeSnsClockDivider
                0x000047a4       0x10 .\ARM_GCC_493\Debug\Slider.a(CapSense_SensingCSD_LL.o)
                0x000047a4                CapSense_SsCSDSetModeSnsClockDivider
 .text.CapSense_SsCSDInitialize
                0x000047b4      0x118 .\ARM_GCC_493\Debug\Slider.a(CapSense_SensingCSD_LL.o)
                0x000047b4                CapSense_SsCSDInitialize
 .text.CapSense_SsCSDSetUpIdacs
                0x000048cc       0x44 .\ARM_GCC_493\Debug\Slider.a(CapSense_SensingCSD_LL.o)
                0x000048cc                CapSense_SsCSDSetUpIdacs
 .text.CapSense_SsCSDGetNumberOfConversions
                0x00004910       0x24 .\ARM_GCC_493\Debug\Slider.a(CapSense_SensingCSD_LL.o)
                0x00004910                CapSense_SsCSDGetNumberOfConversions
 .text.CapSense_SsCSDConfigClock
                0x00004934       0x3c .\ARM_GCC_493\Debug\Slider.a(CapSense_SensingCSD_LL.o)
                0x00004934                CapSense_SsCSDConfigClock
 .text.CapSense_SsCSDCalculateScanDuration
                0x00004970       0x1c .\ARM_GCC_493\Debug\Slider.a(CapSense_SensingCSD_LL.o)
                0x00004970                CapSense_SsCSDCalculateScanDuration
 .text.CapSense_SsCSDStartSample
                0x0000498c      0x10c .\ARM_GCC_493\Debug\Slider.a(CapSense_SensingCSD_LL.o)
                0x0000498c                CapSense_SsCSDStartSample
 .text.CapSense_CSDScanExt
                0x00004a98       0x1c .\ARM_GCC_493\Debug\Slider.a(CapSense_SensingCSD_LL.o)
                0x00004a98                CapSense_CSDScanExt
 .text.CapSense_CSDConnectSns
                0x00004ab4       0x34 .\ARM_GCC_493\Debug\Slider.a(CapSense_SensingCSD_LL.o)
                0x00004ab4                CapSense_CSDConnectSns
 .text.CapSense_CSDScan
                0x00004ae8       0x6c .\ARM_GCC_493\Debug\Slider.a(CapSense_SensingCSD_LL.o)
                0x00004ae8                CapSense_CSDScan
 .text.CapSense_SsCSDConnectSensorExt
                0x00004b54       0x24 .\ARM_GCC_493\Debug\Slider.a(CapSense_SensingCSD_LL.o)
                0x00004b54                CapSense_SsCSDConnectSensorExt
 .text.CapSense_CSDDisconnectSns
                0x00004b78       0x40 .\ARM_GCC_493\Debug\Slider.a(CapSense_SensingCSD_LL.o)
                0x00004b78                CapSense_CSDDisconnectSns
 .text.CapSense_SsCSDElectrodeCheck
                0x00004bb8       0x24 .\ARM_GCC_493\Debug\Slider.a(CapSense_SensingCSD_LL.o)
                0x00004bb8                CapSense_SsCSDElectrodeCheck
 .text.CapSense_CSDSetupWidget
                0x00004bdc       0x58 .\ARM_GCC_493\Debug\Slider.a(CapSense_SensingCSD_LL.o)
                0x00004bdc                CapSense_CSDSetupWidget
 .text.CapSense_CSDSetupWidgetExt
                0x00004c34       0x68 .\ARM_GCC_493\Debug\Slider.a(CapSense_SensingCSD_LL.o)
                0x00004c34                CapSense_CSDSetupWidgetExt
 .text.CapSense_SsCSDSetSingleIdacMode
                0x00004c9c       0x2c .\ARM_GCC_493\Debug\Slider.a(CapSense_SensingCSD_LL.o)
                0x00004c9c                CapSense_SsCSDSetSingleIdacMode
 .text.CapSense_SsCSDCalibrateOneSensor
                0x00004cc8       0xe4 .\ARM_GCC_493\Debug\Slider.a(CapSense_SensingCSD_LL.o)
 .text.CapSense_CSDCalibrateWidget
                0x00004dac      0x100 .\ARM_GCC_493\Debug\Slider.a(CapSense_SensingCSD_LL.o)
                0x00004dac                CapSense_CSDCalibrateWidget
 .text.CapSense_DpFindLocalMaxSd
                0x00004eac       0x9c .\ARM_GCC_493\Debug\Slider.a(CapSense_Centroid_LL.o)
                0x00004eac                CapSense_DpFindLocalMaxSd
 .text.CapSense_DpCalcLinearCentroid
                0x00004f48       0x80 .\ARM_GCC_493\Debug\Slider.a(CapSense_Centroid_LL.o)
                0x00004f48                CapSense_DpCalcLinearCentroid
 .text.CapSense_SsCalcCsxScanPeriod
                0x00004fc8        0xc .\ARM_GCC_493\Debug\Slider.a(CapSense_SensingCSX_LL.o)
 .text.CapSense_SsCSXStartSample
                0x00004fd4      0x138 .\ARM_GCC_493\Debug\Slider.a(CapSense_SensingCSX_LL.o)
 .text.CapSense_SsCSXScanISR
                0x0000510c       0x90 .\ARM_GCC_493\Debug\Slider.a(CapSense_SensingCSX_LL.o)
                0x0000510c                CapSense_SsCSXScanISR
 .text.CapSense_CSXInitialize
                0x0000519c      0x1a8 .\ARM_GCC_493\Debug\Slider.a(CapSense_SensingCSX_LL.o)
                0x0000519c                CapSense_CSXInitialize
 .text.CapSense_CSXCalibrateWidget
                0x00005344       0xac .\ARM_GCC_493\Debug\Slider.a(CapSense_SensingCSX_LL.o)
                0x00005344                CapSense_CSXCalibrateWidget
 .text.CapSense_CSXConnectTx
                0x000053f0       0x20 .\ARM_GCC_493\Debug\Slider.a(CapSense_SensingCSX_LL.o)
                0x000053f0                CapSense_CSXConnectTx
 .text.CapSense_CSXConnectRx
                0x00005410       0x20 .\ARM_GCC_493\Debug\Slider.a(CapSense_SensingCSX_LL.o)
                0x00005410                CapSense_CSXConnectRx
 .text.CapSense_CSXScan
                0x00005430       0x5c .\ARM_GCC_493\Debug\Slider.a(CapSense_SensingCSX_LL.o)
                0x00005430                CapSense_CSXScan
 .text.CapSense_CSXDisconnectTx
                0x0000548c        0xc .\ARM_GCC_493\Debug\Slider.a(CapSense_SensingCSX_LL.o)
                0x0000548c                CapSense_CSXDisconnectTx
 .text.CapSense_CSXDisconnectRx
                0x00005498       0x30 .\ARM_GCC_493\Debug\Slider.a(CapSense_SensingCSX_LL.o)
                0x00005498                CapSense_CSXDisconnectRx
 .text.CapSense_SsCSXPostMultiScan
                0x000054c8       0xcc .\ARM_GCC_493\Debug\Slider.a(CapSense_SensingCSX_LL.o)
 .text.CapSense_CSXElectrodeCheck
                0x00005594       0x24 .\ARM_GCC_493\Debug\Slider.a(CapSense_SensingCSX_LL.o)
                0x00005594                CapSense_CSXElectrodeCheck
 .text.CapSense_CSXSetupWidget
                0x000055b8       0x6c .\ARM_GCC_493\Debug\Slider.a(CapSense_SensingCSX_LL.o)
                0x000055b8                CapSense_CSXSetupWidget
 .text.CapSense_SsCSXGetTxClkDivider
                0x00005624       0x14 .\ARM_GCC_493\Debug\Slider.a(CapSense_SensingCSX_LL.o)
                0x00005624                CapSense_SsCSXGetTxClkDivider
 .text.CapSense_ISR_SetVector
                0x00005638        0xc .\ARM_GCC_493\Debug\Slider.a(CapSense_ISR.o)
                0x00005638                CapSense_ISR_SetVector
 .text.CapSense_ISR_SetPriority
                0x00005644       0x24 .\ARM_GCC_493\Debug\Slider.a(CapSense_ISR.o)
                0x00005644                CapSense_ISR_SetPriority
 .text.CapSense_ISR_Enable
                0x00005668       0x10 .\ARM_GCC_493\Debug\Slider.a(CapSense_ISR.o)
                0x00005668                CapSense_ISR_Enable
 .text.CapSense_ISR_Disable
                0x00005678       0x10 .\ARM_GCC_493\Debug\Slider.a(CapSense_ISR.o)
                0x00005678                CapSense_ISR_Disable
 .text.CapSense_ISR_StartEx
                0x00005688       0x1c .\ARM_GCC_493\Debug\Slider.a(CapSense_ISR.o)
                0x00005688                CapSense_ISR_StartEx
 .text.CySysClkImoDisableWcoLock
                0x000056a4       0x14 .\ARM_GCC_493\Debug\Slider.a(CyLib.o)
                0x000056a4                CySysClkImoDisableWcoLock
 .text.CySysClkImoGetWcoLock
                0x000056b8       0x14 .\ARM_GCC_493\Debug\Slider.a(CyLib.o)
                0x000056b8                CySysClkImoGetWcoLock
 .text.CyIntEnable
                0x000056cc       0x14 .\ARM_GCC_493\Debug\Slider.a(CyLib.o)
                0x000056cc                CyIntEnable
 .text.CyIntDisable
                0x000056e0       0x14 .\ARM_GCC_493\Debug\Slider.a(CyLib.o)
                0x000056e0                CyIntDisable
 .text.CyIntClearPending
                0x000056f4       0x14 .\ARM_GCC_493\Debug\Slider.a(CyLib.o)
                0x000056f4                CyIntClearPending
 .text.CyHalt   0x00005708        0x4 .\ARM_GCC_493\Debug\Slider.a(CyLib.o)
                0x00005708                CyHalt
 .text.CyIntSetVector
                0x0000570c       0x24 .\ARM_GCC_493\Debug\Slider.a(CyLib.o)
                0x0000570c                CyIntSetVector
 .text.CyIntSetPriority
                0x00005730       0x4c .\ARM_GCC_493\Debug\Slider.a(CyLib.o)
                0x00005730                CyIntSetPriority
 .text.CyDelay  0x0000577c       0x30 .\ARM_GCC_493\Debug\Slider.a(CyLib.o)
                0x0000577c                CyDelay
 .text.CySysClkImoEnableWcoLock
                0x000057ac       0xcc .\ARM_GCC_493\Debug\Slider.a(CyLib.o)
                0x000057ac                CySysClkImoEnableWcoLock
 .text.CySysClkWriteImoFreq
                0x00005878       0xd8 .\ARM_GCC_493\Debug\Slider.a(CyLib.o)
                0x00005878                CySysClkWriteImoFreq
 .text.CySysPmSleep
                0x00005950       0x1c .\ARM_GCC_493\Debug\Slider.a(cyPm.o)
                0x00005950                CySysPmSleep
 .text.CySysClkWcoEnabled
                0x0000596c       0x14 .\ARM_GCC_493\Debug\Slider.a(CyLFClk.o)
                0x0000596c                CySysClkWcoEnabled
 .text.CySysWdtDisable
                0x00005980       0x10 .\ARM_GCC_493\Debug\Slider.a(CyLFClk.o)
                0x00005980                CySysWdtDisable
 .text.Timer_1_WriteCounter
                0x00005990       0x10 .\ARM_GCC_493\Debug\Slider.a(Timer_1.o)
                0x00005990                Timer_1_WriteCounter
 .text.Timer_1_ReadCounter
                0x000059a0       0x10 .\ARM_GCC_493\Debug\Slider.a(Timer_1.o)
                0x000059a0                Timer_1_ReadCounter
 .text.CAPINT_Write
                0x000059b0       0x18 .\ARM_GCC_493\Debug\Slider.a(CAPINT.o)
                0x000059b0                CAPINT_Write
 .text.I2CS_ScbEnableIntr
                0x000059c8        0xc .\ARM_GCC_493\Debug\Slider.a(I2CS.o)
 .text.I2CS_Init
                0x000059d4        0x8 .\ARM_GCC_493\Debug\Slider.a(I2CS.o)
                0x000059d4                I2CS_Init
 .text.I2CS_Enable
                0x000059dc       0x18 .\ARM_GCC_493\Debug\Slider.a(I2CS.o)
                0x000059dc                I2CS_Enable
 .text.I2CS_Start
                0x000059f4       0x20 .\ARM_GCC_493\Debug\Slider.a(I2CS.o)
                0x000059f4                I2CS_Start
 .text.I2CS_I2CInit
                0x00005a14       0xcc .\ARM_GCC_493\Debug\Slider.a(I2CS_I2C.o)
                0x00005a14                I2CS_I2CInit
 .text.I2CS_I2CSlaveStatus
                0x00005ae0        0xc .\ARM_GCC_493\Debug\Slider.a(I2CS_I2C_SLAVE.o)
                0x00005ae0                I2CS_I2CSlaveStatus
 .text.I2CS_I2CSlaveClearReadStatus
                0x00005aec       0x28 .\ARM_GCC_493\Debug\Slider.a(I2CS_I2C_SLAVE.o)
                0x00005aec                I2CS_I2CSlaveClearReadStatus
 .text.I2CS_I2CSlaveClearWriteStatus
                0x00005b14       0x28 .\ARM_GCC_493\Debug\Slider.a(I2CS_I2C_SLAVE.o)
                0x00005b14                I2CS_I2CSlaveClearWriteStatus
 .text.I2CS_I2CSlaveInitReadBuf
                0x00005b3c       0x3c .\ARM_GCC_493\Debug\Slider.a(I2CS_I2C_SLAVE.o)
                0x00005b3c                I2CS_I2CSlaveInitReadBuf
 .text.I2CS_I2CSlaveInitWriteBuf
                0x00005b78       0x34 .\ARM_GCC_493\Debug\Slider.a(I2CS_I2C_SLAVE.o)
                0x00005b78                I2CS_I2CSlaveInitWriteBuf
 .text.I2CS_I2CSlaveClearReadBuf
                0x00005bac        0xc .\ARM_GCC_493\Debug\Slider.a(I2CS_I2C_SLAVE.o)
                0x00005bac                I2CS_I2CSlaveClearReadBuf
 .text.I2CS_I2CSlaveClearWriteBuf
                0x00005bb8        0xc .\ARM_GCC_493\Debug\Slider.a(I2CS_I2C_SLAVE.o)
                0x00005bb8                I2CS_I2CSlaveClearWriteBuf
 *fill*         0x00005bc4        0x4 
 .text          0x00005bc8       0x20 .\ARM_GCC_493\Debug\Slider.a(CyBootAsmGnu.o)
                0x00005bc8                CyDelayCycles
                0x00005bda                CyEnterCriticalSection
                0x00005be2                CyExitCriticalSection
 .text.CapSense_CSDPostSingleScan
                0x00005be8       0x78 .\ARM_GCC_493\Debug\Slider.a(CapSense_INT.o)
                0x00005be8                CapSense_CSDPostSingleScan
 .text.CapSense_CSDPostMultiScan
                0x00005c60      0x10c .\ARM_GCC_493\Debug\Slider.a(CapSense_INT.o)
                0x00005c60                CapSense_CSDPostMultiScan
 .text.CySysFlashSetWaitCycles
                0x00005d6c       0x54 .\ARM_GCC_493\Debug\Slider.a(CyFlash.o)
                0x00005d6c                CySysFlashSetWaitCycles
 .text.I2CS_I2C_ISR
                0x00005dc0      0x3d4 .\ARM_GCC_493\Debug\Slider.a(I2CS_I2C_INT.o)
                0x00005dc0                I2CS_I2C_ISR
 .text.SmartSense_TunePrescalers
                0x00006194       0x68 C:\Program Files (x86)\Cypress\PSoC Creator\4.0\PSoC Creator\psoc\content\cycomponentlibrary\CyComponentLibrary.cylib\CapSense_P4_v3_10\PSoC4\Library\Capsense_P4Library_GCCp.a(CapSense_SmartSense_LL_v3_10.o)
                0x00006194                SmartSense_TunePrescalers
 .text.SmartSense_TuneSensitivity
                0x000061fc       0x74 C:\Program Files (x86)\Cypress\PSoC Creator\4.0\PSoC Creator\psoc\content\cycomponentlibrary\CyComponentLibrary.cylib\CapSense_P4_v3_10\PSoC4\Library\Capsense_P4Library_GCCp.a(CapSense_SmartSense_LL_v3_10.o)
                0x000061fc                SmartSense_TuneSensitivity
 .text.SmartSense_UpdateThresholds
                0x00006270       0x40 C:\Program Files (x86)\Cypress\PSoC Creator\4.0\PSoC Creator\psoc\content\cycomponentlibrary\CyComponentLibrary.cylib\CapSense_P4_v3_10\PSoC4\Library\Capsense_P4Library_GCCp.a(CapSense_SmartSense_SL_v3_10.o)
                0x00006270                SmartSense_UpdateThresholds
 .text.SmartSense_InitializeNoiseEnvelope
                0x000062b0       0x18 C:\Program Files (x86)\Cypress\PSoC Creator\4.0\PSoC Creator\psoc\content\cycomponentlibrary\CyComponentLibrary.cylib\CapSense_P4_v3_10\PSoC4\Library\Capsense_P4Library_GCCp.a(CapSense_SmartSense_SL_v3_10.o)
                0x000062b0                SmartSense_InitializeNoiseEnvelope
 .text.SmartSense_RunNoiseEnvelope
                0x000062c8       0x8e C:\Program Files (x86)\Cypress\PSoC Creator\4.0\PSoC Creator\psoc\content\cycomponentlibrary\CyComponentLibrary.cylib\CapSense_P4_v3_10\PSoC4\Library\Capsense_P4Library_GCCp.a(CapSense_SmartSense_SL_v3_10.o)
                0x000062c8                SmartSense_RunNoiseEnvelope
 *fill*         0x00006356        0x2 
 .text          0x00006358      0x120 c:/program files (x86)/cypress/psoc creator/4.0/psoc creator/import/gnu/arm/4.9.3/bin/../lib/gcc/arm-none-eabi/4.9.3/armv6-m\libgcc.a(_udivsi3.o)
                0x00006358                __aeabi_uidiv
                0x00006358                __udivsi3
                0x00006464                __aeabi_uidivmod
 .text          0x00006478      0x1e0 c:/program files (x86)/cypress/psoc creator/4.0/psoc creator/import/gnu/arm/4.9.3/bin/../lib/gcc/arm-none-eabi/4.9.3/armv6-m\libgcc.a(_divsi3.o)
                0x00006478                __divsi3
                0x00006478                __aeabi_idiv
                0x00006644                __aeabi_idivmod
 .text          0x00006658        0x4 c:/program files (x86)/cypress/psoc creator/4.0/psoc creator/import/gnu/arm/4.9.3/bin/../lib/gcc/arm-none-eabi/4.9.3/armv6-m\libgcc.a(_dvmd_tls.o)
                0x00006658                __aeabi_idiv0
                0x00006658                __aeabi_ldiv0
 .text          0x0000665c       0x48 c:/program files (x86)/cypress/psoc creator/4.0/psoc creator/import/gnu/arm/4.9.3/bin/../lib/gcc/arm-none-eabi/4.9.3/armv6-m\libgcc.a(_aeabi_ldivmod.o)
                0x0000665c                __aeabi_ldivmod
 .text          0x000066a4       0x6c c:/program files (x86)/cypress/psoc creator/4.0/psoc creator/import/gnu/arm/4.9.3/bin/../lib/gcc/arm-none-eabi/4.9.3/armv6-m\libgcc.a(bpabi.o)
                0x000066a4                __gnu_ldivmod_helper
                0x000066dc                __gnu_uldivmod_helper
 .text          0x00006710       0x54 c:/program files (x86)/cypress/psoc creator/4.0/psoc creator/import/gnu/arm/4.9.3/bin/../lib/gcc/arm-none-eabi/4.9.3/armv6-m\libgcc.a(_muldi3.o)
                0x00006710                __muldi3
                0x00006710                __aeabi_lmul
 .text          0x00006764      0x1f0 c:/program files (x86)/cypress/psoc creator/4.0/psoc creator/import/gnu/arm/4.9.3/bin/../lib/gcc/arm-none-eabi/4.9.3/armv6-m\libgcc.a(_divdi3.o)
                0x00006764                __divdi3
 .text          0x00006954      0x158 c:/program files (x86)/cypress/psoc creator/4.0/psoc creator/import/gnu/arm/4.9.3/bin/../lib/gcc/arm-none-eabi/4.9.3/armv6-m\libgcc.a(_udivdi3.o)
                0x00006954                __udivdi3
 .text          0x00006aac       0x18 c:/program files (x86)/cypress/psoc creator/4.0/psoc creator/import/gnu/arm/4.9.3/bin/../lib/gcc/arm-none-eabi/4.9.3/armv6-m\libgcc.a(_clzdi2.o)
                0x00006aac                __clzdi2
 .text          0x00006ac4       0x3c c:/program files (x86)/cypress/psoc creator/4.0/psoc creator/import/gnu/arm/4.9.3/bin/../lib/gcc/arm-none-eabi/4.9.3/armv6-m\libgcc.a(_clzsi2.o)
                0x00006ac4                __clzsi2
 .text.__errno  0x00006b00        0xc c:/program files (x86)/cypress/psoc creator/4.0/psoc creator/import/gnu/arm/4.9.3/bin/../lib/gcc/arm-none-eabi/4.9.3/../../../../arm-none-eabi/lib/armv6-m\libg_nano.a(lib_a-errno.o)
                0x00006b00                __errno
 .text.__libc_init_array
                0x00006b0c       0x4c c:/program files (x86)/cypress/psoc creator/4.0/psoc creator/import/gnu/arm/4.9.3/bin/../lib/gcc/arm-none-eabi/4.9.3/../../../../arm-none-eabi/lib/armv6-m\libg_nano.a(lib_a-init.o)
                0x00006b0c                __libc_init_array
 .text.memcpy   0x00006b58       0x12 c:/program files (x86)/cypress/psoc creator/4.0/psoc creator/import/gnu/arm/4.9.3/bin/../lib/gcc/arm-none-eabi/4.9.3/../../../../arm-none-eabi/lib/armv6-m\libg_nano.a(lib_a-memcpy.o)
                0x00006b58                memcpy
 .text.memset   0x00006b6a       0x10 c:/program files (x86)/cypress/psoc creator/4.0/psoc creator/import/gnu/arm/4.9.3/bin/../lib/gcc/arm-none-eabi/4.9.3/../../../../arm-none-eabi/lib/armv6-m\libg_nano.a(lib_a-memset.o)
                0x00006b6a                memset
 .text.strcat   0x00006b7a       0x1a c:/program files (x86)/cypress/psoc creator/4.0/psoc creator/import/gnu/arm/4.9.3/bin/../lib/gcc/arm-none-eabi/4.9.3/../../../../arm-none-eabi/lib/armv6-m\libg_nano.a(lib_a-strcat.o)
                0x00006b7a                strcat
 .text.strchr   0x00006b94       0x1c c:/program files (x86)/cypress/psoc creator/4.0/psoc creator/import/gnu/arm/4.9.3/bin/../lib/gcc/arm-none-eabi/4.9.3/../../../../arm-none-eabi/lib/armv6-m\libg_nano.a(lib_a-strchr.o)
                0x00006b94                strchr
 .text.strlen   0x00006bb0        0xe c:/program files (x86)/cypress/psoc creator/4.0/psoc creator/import/gnu/arm/4.9.3/bin/../lib/gcc/arm-none-eabi/4.9.3/../../../../arm-none-eabi/lib/armv6-m\libg_nano.a(lib_a-strlen.o)
                0x00006bb0                strlen
 .text.strstr   0x00006bbe       0x36 c:/program files (x86)/cypress/psoc creator/4.0/psoc creator/import/gnu/arm/4.9.3/bin/../lib/gcc/arm-none-eabi/4.9.3/../../../../arm-none-eabi/lib/armv6-m\libg_nano.a(lib_a-strstr.o)
                0x00006bbe                strstr
 *(.plt)
 *(.gnu.warning)
 *(.glue_7t)
 .glue_7t       0x00000000        0x0 linker stubs
 *(.glue_7)
 .glue_7        0x00000000        0x0 linker stubs
 *(.vfp11_veneer)
 .vfp11_veneer  0x00000000        0x0 linker stubs
 *(.bootloader)
 *(.ARM.extab* .gnu.linkonce.armextab.*)
 *(.gcc_except_table)

.v4_bx          0x00006bf4        0x0
 .v4_bx         0x00000000        0x0 linker stubs

.iplt           0x00006bf4        0x0
 .iplt          0x00000000        0x0 c:/program files (x86)/cypress/psoc creator/4.0/psoc creator/import/gnu/arm/4.9.3/bin/../lib/gcc/arm-none-eabi/4.9.3/armv6-m/crtbegin.o

.eh_frame_hdr
 *(.eh_frame_hdr)

.eh_frame       0x00006bf4        0x4
 *(.eh_frame)
 .eh_frame      0x00006bf4        0x0 c:/program files (x86)/cypress/psoc creator/4.0/psoc creator/import/gnu/arm/4.9.3/bin/../lib/gcc/arm-none-eabi/4.9.3/armv6-m/crtbegin.o
 .eh_frame      0x00006bf4        0x4 c:/program files (x86)/cypress/psoc creator/4.0/psoc creator/import/gnu/arm/4.9.3/bin/../lib/gcc/arm-none-eabi/4.9.3/armv6-m/crtend.o
                0x00006bf8                PROVIDE (__exidx_start, .)

.ARM.exidx      0x00006bf8        0x8
 *(.ARM.exidx* .gnu.linkonce.armexidx.*)
 .ARM.exidx     0x00006bf8        0x8 c:/program files (x86)/cypress/psoc creator/4.0/psoc creator/import/gnu/arm/4.9.3/bin/../lib/gcc/arm-none-eabi/4.9.3/armv6-m\libgcc.a(_divdi3.o)
 .ARM.exidx     0x00006c00        0x0 c:/program files (x86)/cypress/psoc creator/4.0/psoc creator/import/gnu/arm/4.9.3/bin/../lib/gcc/arm-none-eabi/4.9.3/armv6-m\libgcc.a(_udivdi3.o)
                                  0x8 (size before relaxing)
                0x00006c00                __exidx_end = .

.rodata         0x00006c00     0x1180
 *(.rodata .rodata.* .gnu.linkonce.r.*)
 .rodata        0x00006c00       0x18 .\ARM_GCC_493\Debug\main.o
 .rodata.str1.4
                0x00006c18       0x8c .\ARM_GCC_493\Debug\main.o
                                 0x90 (size before relaxing)
 .rodata        0x00006ca4      0x218 .\ARM_GCC_493\Debug\animation.o
 .rodata.str1.4
                0x00006ebc      0x12b .\ARM_GCC_493\Debug\animation.o
                                0x148 (size before relaxing)
 *fill*         0x00006fe7        0x1 
 .rodata        0x00006fe8       0x60 .\ARM_GCC_493\Debug\led.o
 .rodata.str1.4
                0x00007048        0x5 .\ARM_GCC_493\Debug\util.o
                                  0x8 (size before relaxing)
 *fill*         0x0000704d        0x3 
 .rodata        0x00007050      0x19c .\ARM_GCC_493\Debug\command_telemetry.o
 .rodata.str1.4
                0x000071ec      0x760 .\ARM_GCC_493\Debug\command_telemetry.o
                                0x77c (size before relaxing)
 .rodata        0x0000794c      0x3c4 .\ARM_GCC_493\Debug\Slider.a(CapSense_Structure.o)
                0x0000795c                CapSense_dsFlash
                0x00007b50                CapSense_ioList
 .rodata        0x00007d10       0x1c .\ARM_GCC_493\Debug\Slider.a(CapSense_Sensing.o)
                0x00007d28                CapSense_scanFreqIndex
 .rodata        0x00007d2c       0x18 .\ARM_GCC_493\Debug\Slider.a(CyLib.o)
                0x00007d2c                cyImoFreqMhz2DpllOffset
 .rodata.str1.1
                0x00007d44        0x2 c:/program files (x86)/cypress/psoc creator/4.0/psoc creator/import/gnu/arm/4.9.3/bin/../lib/gcc/arm-none-eabi/4.9.3/../../../../arm-none-eabi/lib/armv6-m\libg_nano.a(lib_a-impure.o)
                0x00007d48                . = ALIGN (0x4)
 *fill*         0x00007d46        0x2 
 *(.init)
 .init          0x00007d48        0x4 c:/program files (x86)/cypress/psoc creator/4.0/psoc creator/import/gnu/arm/4.9.3/bin/../lib/gcc/arm-none-eabi/4.9.3/armv6-m/crti.o
                0x00007d48                _init
 .init          0x00007d4c        0x8 c:/program files (x86)/cypress/psoc creator/4.0/psoc creator/import/gnu/arm/4.9.3/bin/../lib/gcc/arm-none-eabi/4.9.3/armv6-m/crtn.o
                0x00007d54                . = ALIGN (0x4)
                0x00007d54                __preinit_array_start = .
 *(.preinit_array)
                0x00007d54                __preinit_array_end = .
                0x00007d54                . = ALIGN (0x4)
                0x00007d54                __init_array_start = .
 *(SORT(.init_array.*))
 *(.init_array)
 .init_array    0x00007d54        0x4 c:/program files (x86)/cypress/psoc creator/4.0/psoc creator/import/gnu/arm/4.9.3/bin/../lib/gcc/arm-none-eabi/4.9.3/armv6-m/crtbegin.o
 .init_array    0x00007d58        0x4 .\ARM_GCC_493\Debug\Cm0plusStart.o
                0x00007d5c                __init_array_end = .
                0x00007d5c                . = ALIGN (0x4)
 *(.fini)
 .fini          0x00007d5c        0x4 c:/program files (x86)/cypress/psoc creator/4.0/psoc creator/import/gnu/arm/4.9.3/bin/../lib/gcc/arm-none-eabi/4.9.3/armv6-m/crti.o
                0x00007d5c                _fini
 .fini          0x00007d60        0x8 c:/program files (x86)/cypress/psoc creator/4.0/psoc creator/import/gnu/arm/4.9.3/bin/../lib/gcc/arm-none-eabi/4.9.3/armv6-m/crtn.o
                0x00007d68                . = ALIGN (0x4)
                0x00007d68                __fini_array_start = .
 *(.fini_array)
 .fini_array    0x00007d68        0x4 c:/program files (x86)/cypress/psoc creator/4.0/psoc creator/import/gnu/arm/4.9.3/bin/../lib/gcc/arm-none-eabi/4.9.3/armv6-m/crtbegin.o
 *(SORT(.fini_array.*))
                0x00007d6c                __fini_array_end = .
                0x00007d6c                . = ALIGN (0x4)
 *crtbegin.o(.ctors)
 *(EXCLUDE_FILE(*crtend.o) .ctors)
 *(SORT(.ctors.*))
 *crtend.o(.ctors)
                0x00007d6c                . = ALIGN (0x4)
 *crtbegin.o(.dtors)
 *(EXCLUDE_FILE(*crtend.o) .dtors)
 *(SORT(.dtors.*))
 *crtend.o(.dtors)
                0x00007d6c                . = ALIGN (0x4)
                0x00007d6c                __cy_regions = .
                0x00007d6c        0x4 LONG 0x7d80 __cy_region_init_ram
                0x00007d70        0x4 LONG 0x20000090 __cy_region_start_data
                0x00007d74        0x4 LONG 0x188 __cy_region_init_size_ram
                0x00007d78        0x4 LONG 0x940 __cy_region_zero_size_ram
                0x00007d7c                __cy_regions_end = .
                0x00007d80                . = ALIGN (0x8)
 *fill*         0x00007d7c        0x4 
                0x00007d80                _etext = .

.ramvectors     0x20000000       0x80
                0x20000000                __cy_region_start_ram = .
 *(.ramvectors)
 .ramvectors    0x20000000       0x80 .\ARM_GCC_493\Debug\Cm0plusStart.o
                0x20000000                CyRamVectors

.btldr_run      0x20000080        0x4
 *(.bootloaderruntype)
 .bootloaderruntype
                0x20000080        0x4 .\ARM_GCC_493\Debug\Cm0plusStart.o
                0x20000080                cyBtldrRunType

.noinit         0x20000088        0x4
 *(.noinit)
 .noinit        0x20000088        0x4 .\ARM_GCC_493\Debug\Cm0plusStart.o

.data           0x20000090      0x188 load address 0x00007d80
                0x20000090                __cy_region_start_data = .
 *(.jcr)
 .jcr           0x20000090        0x0 c:/program files (x86)/cypress/psoc creator/4.0/psoc creator/import/gnu/arm/4.9.3/bin/../lib/gcc/arm-none-eabi/4.9.3/armv6-m/crtbegin.o
 .jcr           0x20000090        0x4 c:/program files (x86)/cypress/psoc creator/4.0/psoc creator/import/gnu/arm/4.9.3/bin/../lib/gcc/arm-none-eabi/4.9.3/armv6-m/crtend.o
 *(.got.plt)
 *(.got)
 *(.shdata)
 *(.data .data.* .gnu.linkonce.d.*)
 .data          0x20000094       0x3c .\ARM_GCC_493\Debug\main.o
                0x20000094                push_button_vec
 .data          0x200000d0       0xbc .\ARM_GCC_493\Debug\animation.o
 .data          0x2000018c        0x1 .\ARM_GCC_493\Debug\util.o
 *fill*         0x2000018d        0x3 
 .data          0x20000190        0x4 .\ARM_GCC_493\Debug\Slider.a(CapSense_SensingCSD_LL.o)
                0x20000190                CapSense_configCsd
 .data          0x20000194        0x8 .\ARM_GCC_493\Debug\Slider.a(CapSense_SensingCSX_LL.o)
                0x20000194                CapSense_CSXPostScanApiPtr
                0x20000198                CapSense_resamplingCyclesCnt
 .data          0x2000019c       0x14 .\ARM_GCC_493\Debug\Slider.a(CyLib.o)
                0x2000019c                CySysClkPumpConfig
                0x200001a0                cydelay32kMs
                0x200001a4                cydelayFreqKhz
                0x200001a8                cydelayFreqMhz
                0x200001ac                cydelayFreqHz
 .data.impure_data
                0x200001b0       0x60 c:/program files (x86)/cypress/psoc creator/4.0/psoc creator/import/gnu/arm/4.9.3/bin/../lib/gcc/arm-none-eabi/4.9.3/../../../../arm-none-eabi/lib/armv6-m\libg_nano.a(lib_a-impure.o)
 .data._impure_ptr
                0x20000210        0x4 c:/program files (x86)/cypress/psoc creator/4.0/psoc creator/import/gnu/arm/4.9.3/bin/../lib/gcc/arm-none-eabi/4.9.3/../../../../arm-none-eabi/lib/armv6-m\libg_nano.a(lib_a-impure.o)
                0x20000210                _impure_ptr
                0x20000218                . = ALIGN (0x8)
 *fill*         0x20000214        0x4 
 *(.ram)
                0x20000218                _edata = .

.igot.plt       0x20000218        0x0 load address 0x00007f08
 .igot.plt      0x00000000        0x0 c:/program files (x86)/cypress/psoc creator/4.0/psoc creator/import/gnu/arm/4.9.3/bin/../lib/gcc/arm-none-eabi/4.9.3/armv6-m/crtbegin.o

.bss            0x20000218      0x940 load address 0x00007f08
                0x20000218                PROVIDE (__bss_start__, .)
 *(.shbss)
 *(.bss .bss.* .gnu.linkonce.b.*)
 .bss           0x20000218       0x1c c:/program files (x86)/cypress/psoc creator/4.0/psoc creator/import/gnu/arm/4.9.3/bin/../lib/gcc/arm-none-eabi/4.9.3/armv6-m/crtbegin.o
 .bss           0x20000234        0x2 .\ARM_GCC_493\Debug\main.o
 .bss           0x20000236       0x1e .\ARM_GCC_493\Debug\animation.o
 *fill*         0x20000254        0x4 
 .bss           0x20000258       0x20 .\ARM_GCC_493\Debug\util.o
 .bss           0x20000278      0x208 .\ARM_GCC_493\Debug\command_telemetry.o
 .bss           0x20000480      0x400 .\ARM_GCC_493\Debug\comms.o
 .bss           0x20000880        0x1 .\ARM_GCC_493\Debug\Slider.a(CapSense_Control.o)
 *fill*         0x20000881        0x3 
 .bss           0x20000884       0xe0 .\ARM_GCC_493\Debug\Slider.a(CapSense_Structure.o)
 .bss           0x20000964        0x4 .\ARM_GCC_493\Debug\Slider.a(CapSense_Tuner.o)
 .bss           0x20000968        0xc .\ARM_GCC_493\Debug\Slider.a(CapSense_Sensing.o)
                0x20000968                CapSense_currentSenseMethod
                0x20000969                CapSense_requestScanAllWidget
                0x2000096a                CapSense_widgetIndex
                0x2000096b                CapSense_prescalersTuningDone
                0x2000096c                CapSense_curFlashWdgtPtr
                0x20000970                CapSense_sensorIndex
 .bss           0x20000974        0x1 .\ARM_GCC_493\Debug\Slider.a(CapSense_SensingCSD_LL.o)
 *fill*         0x20000975        0x3 
 .bss           0x20000978       0x10 .\ARM_GCC_493\Debug\Slider.a(CapSense_Centroid_LL.o)
 .bss           0x20000988       0x14 .\ARM_GCC_493\Debug\Slider.a(CapSense_SensingCSX_LL.o)
                0x20000988                CapSense_csxScanPeriod
                0x2000098a                CapSense_csxRawCount
 .bss           0x2000099c        0x8 .\ARM_GCC_493\Debug\Slider.a(I2CS.o)
                0x2000099c                I2CS_initVar
                0x200009a0                I2CS_customIntrHandler
 *(COMMON)
 COMMON         0x200009a4       0x3c .\ARM_GCC_493\Debug\led.o
                0x200009a4                led_buffer
 COMMON         0x200009e0      0x144 .\ARM_GCC_493\Debug\Slider.a(CapSense_Structure.o)
                0x200009e0                CapSense_dsRam
 COMMON         0x20000b24        0x8 .\ARM_GCC_493\Debug\Slider.a(CapSense_Sensing.o)
                0x20000b24                CapSense_curRamSnsPtr
                0x20000b28                CapSense_curSnsIOPtr
 COMMON         0x20000b2c        0x1 .\ARM_GCC_493\Debug\Slider.a(I2CS_I2C.o)
                0x20000b2c                I2CS_state
 *fill*         0x20000b2d        0x3 
 COMMON         0x20000b30       0x21 .\ARM_GCC_493\Debug\Slider.a(I2CS_I2C_SLAVE.o)
                0x20000b30                I2CS_slRdBufIndex
                0x20000b34                I2CS_slWrBufIndex
                0x20000b38                I2CS_slWrBufSize
                0x20000b3c                I2CS_slRdBufSize
                0x20000b40                I2CS_slRdBufPtr
                0x20000b44                I2CS_slStatus
                0x20000b48                I2CS_slRdBufIndexTmp
                0x20000b4c                I2CS_slWrBufPtr
                0x20000b50                I2CS_slOverFlowCount
                0x20000b58                . = ALIGN (0x8)
 *fill*         0x20000b51        0x7 
 *(.ram.b)
                0x20000b58                _end = .
                0x20000b58                __end = .
                0x20000b58                PROVIDE (end, .)
                0x20000b58                PROVIDE (__bss_end__, .)
                0x00007d80                __cy_region_init_ram = LOADADDR (.data)
                0x00000188                __cy_region_init_size_ram = (_edata - ADDR (.data))
                0x00000940                __cy_region_zero_size_ram = (_end - _edata)

.heap           0x20000b58       0xff load address 0x00007f08
                0x20000b58                . = _end
                0x20000c57                . = (. + 0xff)
 *fill*         0x20000b58       0xff 
                0x20000c57                __cy_heap_limit = .

.stack          0x20000e00      0x200
                0x20000e00                __cy_stack_limit = .
                0x20001000                . = (. + 0x200)
 *fill*         0x20000e00      0x200 
                0x00000001                ASSERT ((__cy_stack_limit >= __cy_heap_limit), region RAM overflowed with stack)

.cy_checksum_exclude
                0x00007f80        0x0
 *(.cy_checksum_exclude)
                0x00000000                cy_checksum_exclude_size = (CY_APPL_LOADABLE == 0x1)?SIZEOF (.cy_checksum_exclude):0x0
                0x00000001                ASSERT ((cy_checksum_exclude_size <= CY_CHECKSUM_EXCLUDE_SIZE), CY_BOOT: Section .cy_checksum_exclude size exceedes specified limit.)
                0xf0000000                cyloadermeta_start = (cy_project_type_bootloader || cy_project_type_app_for_stack_and_copier)?(0x8000 - CY_METADATA_SIZE):0xf0000000

.cyloadermeta   0xf0000000       0x40
 *(.cyloadermeta)
 .cyloadermeta  0xf0000000       0x40 .\ARM_GCC_493\Debug\cybootloader.o
                0xf0000000                cy_meta_loader
                0x00007fc0                cyloadablemeta_start = cy_project_type_app_for_stack_and_copier?((0x8000 - CY_FLASH_ROW_SIZE) - CY_METADATA_SIZE):((0x8000 - (CY_FLASH_ROW_SIZE * (CY_APPL_NUM - 0x1))) - CY_METADATA_SIZE)

.cyloadablemeta
                0x00007fc0       0x40
 *(.cyloadablemeta)
 .cyloadablemeta
                0x00007fc0       0x40 .\ARM_GCC_493\Debug\cymetadata.o
                0x00007fc0                cy_meta_loadable

.cyflashprotect
                0x90400000       0x20
 *(.cyflashprotect)
 .cyflashprotect
                0x90400000       0x20 .\ARM_GCC_493\Debug\cybootloader.o
                0x90400000                cy_meta_flashprotect

.cymeta         0x90500000        0xc
 *(.cymeta)
 .cymeta        0x90500000        0xc .\ARM_GCC_493\Debug\cybootloader.o
                0x90500000                cy_metadata

.cychipprotect  0x90600000        0x4
 *(.cychipprotect)
 .cychipprotect
                0x90600000        0x4 .\ARM_GCC_493\Debug\cybootloader.o
                0x90600000                cy_meta_chipprotect

.rel.dyn        0x00008000        0x0 load address 0x90600004
 .rel.iplt      0x00000000        0x0 c:/program files (x86)/cypress/psoc creator/4.0/psoc creator/import/gnu/arm/4.9.3/bin/../lib/gcc/arm-none-eabi/4.9.3/armv6-m/crtbegin.o

.stab
 *(.stab)

.stabstr
 *(.stabstr)

.debug
 *(.debug)

.line
 *(.line)

.debug_srcinfo
 *(.debug_srcinfo)

.debug_sfnames
 *(.debug_sfnames)

.debug_aranges  0x00000000      0xee8
 *(.debug_aranges)
 .debug_aranges
                0x00000000       0x60 .\ARM_GCC_493\Debug\main.o
 .debug_aranges
                0x00000060       0xe8 .\ARM_GCC_493\Debug\animation.o
 .debug_aranges
                0x00000148       0x60 .\ARM_GCC_493\Debug\led.o
 .debug_aranges
                0x000001a8       0x60 .\ARM_GCC_493\Debug\util.o
 .debug_aranges
                0x00000208       0xc0 .\ARM_GCC_493\Debug\command_telemetry.o
 .debug_aranges
                0x000002c8       0x40 .\ARM_GCC_493\Debug\comms.o
 .debug_aranges
                0x00000308       0x18 .\ARM_GCC_493\Debug\cymetadata.o
 .debug_aranges
                0x00000320       0x48 .\ARM_GCC_493\Debug\Cm0plusStart.o
 .debug_aranges
                0x00000368       0x18 .\ARM_GCC_493\Debug\cybootloader.o
 .debug_aranges
                0x00000380       0x38 .\ARM_GCC_493\Debug\Slider.a(cyfitter_cfg.o)
 .debug_aranges
                0x000003b8       0x68 .\ARM_GCC_493\Debug\Slider.a(CapSense_Control.o)
 .debug_aranges
                0x00000420       0x70 .\ARM_GCC_493\Debug\Slider.a(CapSense_Processing.o)
 .debug_aranges
                0x00000490       0x58 .\ARM_GCC_493\Debug\Slider.a(CapSense_Structure.o)
 .debug_aranges
                0x000004e8       0x28 .\ARM_GCC_493\Debug\Slider.a(CapSense_Tuner.o)
 .debug_aranges
                0x00000510       0xb0 .\ARM_GCC_493\Debug\Slider.a(CapSense_Filter.o)
 .debug_aranges
                0x000005c0       0xd8 .\ARM_GCC_493\Debug\Slider.a(CapSense_Sensing.o)
 .debug_aranges
                0x00000698       0xd0 .\ARM_GCC_493\Debug\Slider.a(CapSense_SensingCSD_LL.o)
 .debug_aranges
                0x00000768       0x28 .\ARM_GCC_493\Debug\Slider.a(CapSense_Centroid_LL.o)
 .debug_aranges
                0x00000790       0xa0 .\ARM_GCC_493\Debug\Slider.a(CapSense_SensingCSX_LL.o)
 .debug_aranges
                0x00000830       0x80 .\ARM_GCC_493\Debug\Slider.a(CapSense_ISR.o)
 .debug_aranges
                0x000008b0      0x190 .\ARM_GCC_493\Debug\Slider.a(CyLib.o)
 .debug_aranges
                0x00000a40       0x30 .\ARM_GCC_493\Debug\Slider.a(cyPm.o)
 .debug_aranges
                0x00000a70       0xd8 .\ARM_GCC_493\Debug\Slider.a(CyLFClk.o)
 .debug_aranges
                0x00000b48      0x158 .\ARM_GCC_493\Debug\Slider.a(Timer_1.o)
 .debug_aranges
                0x00000ca0       0x48 .\ARM_GCC_493\Debug\Slider.a(CAPINT.o)
 .debug_aranges
                0x00000ce8       0x60 .\ARM_GCC_493\Debug\Slider.a(I2CS.o)
 .debug_aranges
                0x00000d48       0x28 .\ARM_GCC_493\Debug\Slider.a(I2CS_I2C.o)
 .debug_aranges
                0x00000d70       0x70 .\ARM_GCC_493\Debug\Slider.a(I2CS_I2C_SLAVE.o)
 .debug_aranges
                0x00000de0       0x20 .\ARM_GCC_493\Debug\Slider.a(CyBootAsmGnu.o)
 .debug_aranges
                0x00000e00       0x28 .\ARM_GCC_493\Debug\Slider.a(CapSense_INT.o)
 .debug_aranges
                0x00000e28       0x48 .\ARM_GCC_493\Debug\Slider.a(CyFlash.o)
 .debug_aranges
                0x00000e70       0x20 .\ARM_GCC_493\Debug\Slider.a(I2CS_I2C_INT.o)
 .debug_aranges
                0x00000e90       0x28 C:\Program Files (x86)\Cypress\PSoC Creator\4.0\PSoC Creator\psoc\content\cycomponentlibrary\CyComponentLibrary.cylib\CapSense_P4_v3_10\PSoC4\Library\Capsense_P4Library_GCCp.a(CapSense_SmartSense_LL_v3_10.o)
 .debug_aranges
                0x00000eb8       0x30 C:\Program Files (x86)\Cypress\PSoC Creator\4.0\PSoC Creator\psoc\content\cycomponentlibrary\CyComponentLibrary.cylib\CapSense_P4_v3_10\PSoC4\Library\Capsense_P4Library_GCCp.a(CapSense_SmartSense_SL_v3_10.o)

.debug_pubnames
 *(.debug_pubnames)

.debug_info     0x00000000    0x11221
 *(.debug_info .gnu.linkonce.wi.*)
 .debug_info    0x00000000      0xfc8 .\ARM_GCC_493\Debug\main.o
 .debug_info    0x00000fc8      0xec1 .\ARM_GCC_493\Debug\animation.o
 .debug_info    0x00001e89      0x4fd .\ARM_GCC_493\Debug\led.o
 .debug_info    0x00002386      0x28a .\ARM_GCC_493\Debug\util.o
 .debug_info    0x00002610     0x28c0 .\ARM_GCC_493\Debug\command_telemetry.o
 .debug_info    0x00004ed0      0x2f0 .\ARM_GCC_493\Debug\comms.o
 .debug_info    0x000051c0       0xb2 .\ARM_GCC_493\Debug\cymetadata.o
 .debug_info    0x00005272      0x3af .\ARM_GCC_493\Debug\Cm0plusStart.o
 .debug_info    0x00005621      0x14e .\ARM_GCC_493\Debug\cybootloader.o
 .debug_info    0x0000576f      0x163 .\ARM_GCC_493\Debug\Slider.a(cyfitter_cfg.o)
 .debug_info    0x000058d2      0xdec .\ARM_GCC_493\Debug\Slider.a(CapSense_Control.o)
 .debug_info    0x000066be     0x12c9 .\ARM_GCC_493\Debug\Slider.a(CapSense_Processing.o)
 .debug_info    0x00007987      0xf4a .\ARM_GCC_493\Debug\Slider.a(CapSense_Structure.o)
 .debug_info    0x000088d1      0x822 .\ARM_GCC_493\Debug\Slider.a(CapSense_Tuner.o)
 .debug_info    0x000090f3      0xd8a .\ARM_GCC_493\Debug\Slider.a(CapSense_Filter.o)
 .debug_info    0x00009e7d     0x1390 .\ARM_GCC_493\Debug\Slider.a(CapSense_Sensing.o)
 .debug_info    0x0000b20d     0x121d .\ARM_GCC_493\Debug\Slider.a(CapSense_SensingCSD_LL.o)
 .debug_info    0x0000c42a      0x2a4 .\ARM_GCC_493\Debug\Slider.a(CapSense_Centroid_LL.o)
 .debug_info    0x0000c6ce      0xf99 .\ARM_GCC_493\Debug\Slider.a(CapSense_SensingCSX_LL.o)
 .debug_info    0x0000d667      0x300 .\ARM_GCC_493\Debug\Slider.a(CapSense_ISR.o)
 .debug_info    0x0000d967      0xbe1 .\ARM_GCC_493\Debug\Slider.a(CyLib.o)
 .debug_info    0x0000e548      0x17b .\ARM_GCC_493\Debug\Slider.a(cyPm.o)
 .debug_info    0x0000e6c3      0x43f .\ARM_GCC_493\Debug\Slider.a(CyLFClk.o)
 .debug_info    0x0000eb02      0x8f1 .\ARM_GCC_493\Debug\Slider.a(Timer_1.o)
 .debug_info    0x0000f3f3      0x19b .\ARM_GCC_493\Debug\Slider.a(CAPINT.o)
 .debug_info    0x0000f58e      0x297 .\ARM_GCC_493\Debug\Slider.a(I2CS.o)
 .debug_info    0x0000f825      0x1a5 .\ARM_GCC_493\Debug\Slider.a(I2CS_I2C.o)
 .debug_info    0x0000f9ca      0x38e .\ARM_GCC_493\Debug\Slider.a(I2CS_I2C_SLAVE.o)
 .debug_info    0x0000fd58       0x7a .\ARM_GCC_493\Debug\Slider.a(CyBootAsmGnu.o)
 .debug_info    0x0000fdd2      0x9f9 .\ARM_GCC_493\Debug\Slider.a(CapSense_INT.o)
 .debug_info    0x000107cb      0x435 .\ARM_GCC_493\Debug\Slider.a(CyFlash.o)
 .debug_info    0x00010c00      0x17c .\ARM_GCC_493\Debug\Slider.a(I2CS_I2C_INT.o)
 .debug_info    0x00010d7c      0x24c C:\Program Files (x86)\Cypress\PSoC Creator\4.0\PSoC Creator\psoc\content\cycomponentlibrary\CyComponentLibrary.cylib\CapSense_P4_v3_10\PSoC4\Library\Capsense_P4Library_GCCp.a(CapSense_SmartSense_LL_v3_10.o)
 .debug_info    0x00010fc8      0x259 C:\Program Files (x86)\Cypress\PSoC Creator\4.0\PSoC Creator\psoc\content\cycomponentlibrary\CyComponentLibrary.cylib\CapSense_P4_v3_10\PSoC4\Library\Capsense_P4Library_GCCp.a(CapSense_SmartSense_SL_v3_10.o)

.debug_abbrev   0x00000000     0x37ca
 *(.debug_abbrev)
 .debug_abbrev  0x00000000      0x300 .\ARM_GCC_493\Debug\main.o
 .debug_abbrev  0x00000300      0x1fb .\ARM_GCC_493\Debug\animation.o
 .debug_abbrev  0x000004fb      0x167 .\ARM_GCC_493\Debug\led.o
 .debug_abbrev  0x00000662      0x14f .\ARM_GCC_493\Debug\util.o
 .debug_abbrev  0x000007b1      0x310 .\ARM_GCC_493\Debug\command_telemetry.o
 .debug_abbrev  0x00000ac1      0x199 .\ARM_GCC_493\Debug\comms.o
 .debug_abbrev  0x00000c5a       0x5d .\ARM_GCC_493\Debug\cymetadata.o
 .debug_abbrev  0x00000cb7      0x1f7 .\ARM_GCC_493\Debug\Cm0plusStart.o
 .debug_abbrev  0x00000eae       0x77 .\ARM_GCC_493\Debug\cybootloader.o
 .debug_abbrev  0x00000f25       0xe2 .\ARM_GCC_493\Debug\Slider.a(cyfitter_cfg.o)
 .debug_abbrev  0x00001007      0x280 .\ARM_GCC_493\Debug\Slider.a(CapSense_Control.o)
 .debug_abbrev  0x00001287      0x295 .\ARM_GCC_493\Debug\Slider.a(CapSense_Processing.o)
 .debug_abbrev  0x0000151c      0x237 .\ARM_GCC_493\Debug\Slider.a(CapSense_Structure.o)
 .debug_abbrev  0x00001753      0x19a .\ARM_GCC_493\Debug\Slider.a(CapSense_Tuner.o)
 .debug_abbrev  0x000018ed      0x2c8 .\ARM_GCC_493\Debug\Slider.a(CapSense_Filter.o)
 .debug_abbrev  0x00001bb5      0x324 .\ARM_GCC_493\Debug\Slider.a(CapSense_Sensing.o)
 .debug_abbrev  0x00001ed9      0x2d5 .\ARM_GCC_493\Debug\Slider.a(CapSense_SensingCSD_LL.o)
 .debug_abbrev  0x000021ae      0x11c .\ARM_GCC_493\Debug\Slider.a(CapSense_Centroid_LL.o)
 .debug_abbrev  0x000022ca      0x311 .\ARM_GCC_493\Debug\Slider.a(CapSense_SensingCSX_LL.o)
 .debug_abbrev  0x000025db      0x1b4 .\ARM_GCC_493\Debug\Slider.a(CapSense_ISR.o)
 .debug_abbrev  0x0000278f      0x236 .\ARM_GCC_493\Debug\Slider.a(CyLib.o)
 .debug_abbrev  0x000029c5       0xc6 .\ARM_GCC_493\Debug\Slider.a(cyPm.o)
 .debug_abbrev  0x00002a8b      0x1b6 .\ARM_GCC_493\Debug\Slider.a(CyLFClk.o)
 .debug_abbrev  0x00002c41      0x133 .\ARM_GCC_493\Debug\Slider.a(Timer_1.o)
 .debug_abbrev  0x00002d74       0xc8 .\ARM_GCC_493\Debug\Slider.a(CAPINT.o)
 .debug_abbrev  0x00002e3c      0x143 .\ARM_GCC_493\Debug\Slider.a(I2CS.o)
 .debug_abbrev  0x00002f7f       0xf3 .\ARM_GCC_493\Debug\Slider.a(I2CS_I2C.o)
 .debug_abbrev  0x00003072      0x170 .\ARM_GCC_493\Debug\Slider.a(I2CS_I2C_SLAVE.o)
 .debug_abbrev  0x000031e2       0x14 .\ARM_GCC_493\Debug\Slider.a(CyBootAsmGnu.o)
 .debug_abbrev  0x000031f6      0x1ad .\ARM_GCC_493\Debug\Slider.a(CapSense_INT.o)
 .debug_abbrev  0x000033a3      0x1dd .\ARM_GCC_493\Debug\Slider.a(CyFlash.o)
 .debug_abbrev  0x00003580       0x88 .\ARM_GCC_493\Debug\Slider.a(I2CS_I2C_INT.o)
 .debug_abbrev  0x00003608      0x112 C:\Program Files (x86)\Cypress\PSoC Creator\4.0\PSoC Creator\psoc\content\cycomponentlibrary\CyComponentLibrary.cylib\CapSense_P4_v3_10\PSoC4\Library\Capsense_P4Library_GCCp.a(CapSense_SmartSense_LL_v3_10.o)
 .debug_abbrev  0x0000371a       0xb0 C:\Program Files (x86)\Cypress\PSoC Creator\4.0\PSoC Creator\psoc\content\cycomponentlibrary\CyComponentLibrary.cylib\CapSense_P4_v3_10\PSoC4\Library\Capsense_P4Library_GCCp.a(CapSense_SmartSense_SL_v3_10.o)

.debug_line     0x00000000     0x461f
 *(.debug_line)
 .debug_line    0x00000000      0x3ad .\ARM_GCC_493\Debug\main.o
 .debug_line    0x000003ad      0x342 .\ARM_GCC_493\Debug\animation.o
 .debug_line    0x000006ef      0x174 .\ARM_GCC_493\Debug\led.o
 .debug_line    0x00000863      0x191 .\ARM_GCC_493\Debug\util.o
 .debug_line    0x000009f4      0x603 .\ARM_GCC_493\Debug\command_telemetry.o
 .debug_line    0x00000ff7      0x1c6 .\ARM_GCC_493\Debug\comms.o
 .debug_line    0x000011bd       0x51 .\ARM_GCC_493\Debug\cymetadata.o
 .debug_line    0x0000120e      0x261 .\ARM_GCC_493\Debug\Cm0plusStart.o
 .debug_line    0x0000146f       0x53 .\ARM_GCC_493\Debug\cybootloader.o
 .debug_line    0x000014c2       0xc2 .\ARM_GCC_493\Debug\Slider.a(cyfitter_cfg.o)
 .debug_line    0x00001584      0x2a3 .\ARM_GCC_493\Debug\Slider.a(CapSense_Control.o)
 .debug_line    0x00001827      0x44e .\ARM_GCC_493\Debug\Slider.a(CapSense_Processing.o)
 .debug_line    0x00001c75      0x1fc .\ARM_GCC_493\Debug\Slider.a(CapSense_Structure.o)
 .debug_line    0x00001e71      0x12f .\ARM_GCC_493\Debug\Slider.a(CapSense_Tuner.o)
 .debug_line    0x00001fa0      0x2db .\ARM_GCC_493\Debug\Slider.a(CapSense_Filter.o)
 .debug_line    0x0000227b      0x4af .\ARM_GCC_493\Debug\Slider.a(CapSense_Sensing.o)
 .debug_line    0x0000272a      0x3df .\ARM_GCC_493\Debug\Slider.a(CapSense_SensingCSD_LL.o)
 .debug_line    0x00002b09      0x121 .\ARM_GCC_493\Debug\Slider.a(CapSense_Centroid_LL.o)
 .debug_line    0x00002c2a      0x339 .\ARM_GCC_493\Debug\Slider.a(CapSense_SensingCSX_LL.o)
 .debug_line    0x00002f63      0x158 .\ARM_GCC_493\Debug\Slider.a(CapSense_ISR.o)
 .debug_line    0x000030bb      0x4c7 .\ARM_GCC_493\Debug\Slider.a(CyLib.o)
 .debug_line    0x00003582       0x98 .\ARM_GCC_493\Debug\Slider.a(cyPm.o)
 .debug_line    0x0000361a      0x284 .\ARM_GCC_493\Debug\Slider.a(CyLFClk.o)
 .debug_line    0x0000389e      0x37b .\ARM_GCC_493\Debug\Slider.a(Timer_1.o)
 .debug_line    0x00003c19       0xbd .\ARM_GCC_493\Debug\Slider.a(CAPINT.o)
 .debug_line    0x00003cd6      0x126 .\ARM_GCC_493\Debug\Slider.a(I2CS.o)
 .debug_line    0x00003dfc       0xa8 .\ARM_GCC_493\Debug\Slider.a(I2CS_I2C.o)
 .debug_line    0x00003ea4      0x13d .\ARM_GCC_493\Debug\Slider.a(I2CS_I2C_SLAVE.o)
 .debug_line    0x00003fe1       0x68 .\ARM_GCC_493\Debug\Slider.a(CyBootAsmGnu.o)
 .debug_line    0x00004049      0x13a .\ARM_GCC_493\Debug\Slider.a(CapSense_INT.o)
 .debug_line    0x00004183      0x1e1 .\ARM_GCC_493\Debug\Slider.a(CyFlash.o)
 .debug_line    0x00004364      0x125 .\ARM_GCC_493\Debug\Slider.a(I2CS_I2C_INT.o)
 .debug_line    0x00004489       0xb2 C:\Program Files (x86)\Cypress\PSoC Creator\4.0\PSoC Creator\psoc\content\cycomponentlibrary\CyComponentLibrary.cylib\CapSense_P4_v3_10\PSoC4\Library\Capsense_P4Library_GCCp.a(CapSense_SmartSense_LL_v3_10.o)
 .debug_line    0x0000453b       0xe4 C:\Program Files (x86)\Cypress\PSoC Creator\4.0\PSoC Creator\psoc\content\cycomponentlibrary\CyComponentLibrary.cylib\CapSense_P4_v3_10\PSoC4\Library\Capsense_P4Library_GCCp.a(CapSense_SmartSense_SL_v3_10.o)

.debug_frame    0x00000000     0x2960
 *(.debug_frame)
 .debug_frame   0x00000000      0x134 .\ARM_GCC_493\Debug\main.o
 .debug_frame   0x00000134      0x2c8 .\ARM_GCC_493\Debug\animation.o
 .debug_frame   0x000003fc       0xfc .\ARM_GCC_493\Debug\led.o
 .debug_frame   0x000004f8       0xc4 .\ARM_GCC_493\Debug\util.o
 .debug_frame   0x000005bc      0x29c .\ARM_GCC_493\Debug\command_telemetry.o
 .debug_frame   0x00000858       0x90 .\ARM_GCC_493\Debug\comms.o
 .debug_frame   0x000008e8       0xbc .\ARM_GCC_493\Debug\Cm0plusStart.o
 .debug_frame   0x000009a4       0x74 .\ARM_GCC_493\Debug\Slider.a(cyfitter_cfg.o)
 .debug_frame   0x00000a18      0x130 .\ARM_GCC_493\Debug\Slider.a(CapSense_Control.o)
 .debug_frame   0x00000b48      0x198 .\ARM_GCC_493\Debug\Slider.a(CapSense_Processing.o)
 .debug_frame   0x00000ce0       0xcc .\ARM_GCC_493\Debug\Slider.a(CapSense_Structure.o)
 .debug_frame   0x00000dac       0x40 .\ARM_GCC_493\Debug\Slider.a(CapSense_Tuner.o)
 .debug_frame   0x00000dec      0x24c .\ARM_GCC_493\Debug\Slider.a(CapSense_Filter.o)
 .debug_frame   0x00001038      0x28c .\ARM_GCC_493\Debug\Slider.a(CapSense_Sensing.o)
 .debug_frame   0x000012c4      0x2b0 .\ARM_GCC_493\Debug\Slider.a(CapSense_SensingCSD_LL.o)
 .debug_frame   0x00001574       0x60 .\ARM_GCC_493\Debug\Slider.a(CapSense_Centroid_LL.o)
 .debug_frame   0x000015d4      0x1d8 .\ARM_GCC_493\Debug\Slider.a(CapSense_SensingCSX_LL.o)
 .debug_frame   0x000017ac      0x110 .\ARM_GCC_493\Debug\Slider.a(CapSense_ISR.o)
 .debug_frame   0x000018bc      0x410 .\ARM_GCC_493\Debug\Slider.a(CyLib.o)
 .debug_frame   0x00001ccc       0x58 .\ARM_GCC_493\Debug\Slider.a(cyPm.o)
 .debug_frame   0x00001d24      0x1dc .\ARM_GCC_493\Debug\Slider.a(CyLFClk.o)
 .debug_frame   0x00001f00      0x390 .\ARM_GCC_493\Debug\Slider.a(Timer_1.o)
 .debug_frame   0x00002290       0x70 .\ARM_GCC_493\Debug\Slider.a(CAPINT.o)
 .debug_frame   0x00002300       0xe8 .\ARM_GCC_493\Debug\Slider.a(I2CS.o)
 .debug_frame   0x000023e8       0x3c .\ARM_GCC_493\Debug\Slider.a(I2CS_I2C.o)
 .debug_frame   0x00002424       0xf8 .\ARM_GCC_493\Debug\Slider.a(I2CS_I2C_SLAVE.o)
 .debug_frame   0x0000251c       0x40 .\ARM_GCC_493\Debug\Slider.a(CapSense_INT.o)
 .debug_frame   0x0000255c       0xa8 .\ARM_GCC_493\Debug\Slider.a(CyFlash.o)
 .debug_frame   0x00002604       0x2c .\ARM_GCC_493\Debug\Slider.a(I2CS_I2C_INT.o)
 .debug_frame   0x00002630       0x50 C:\Program Files (x86)\Cypress\PSoC Creator\4.0\PSoC Creator\psoc\content\cycomponentlibrary\CyComponentLibrary.cylib\CapSense_P4_v3_10\PSoC4\Library\Capsense_P4Library_GCCp.a(CapSense_SmartSense_LL_v3_10.o)
 .debug_frame   0x00002680       0x58 C:\Program Files (x86)\Cypress\PSoC Creator\4.0\PSoC Creator\psoc\content\cycomponentlibrary\CyComponentLibrary.cylib\CapSense_P4_v3_10\PSoC4\Library\Capsense_P4Library_GCCp.a(CapSense_SmartSense_SL_v3_10.o)
 .debug_frame   0x000026d8       0x20 c:/program files (x86)/cypress/psoc creator/4.0/psoc creator/import/gnu/arm/4.9.3/bin/../lib/gcc/arm-none-eabi/4.9.3/armv6-m\libgcc.a(_udivsi3.o)
 .debug_frame   0x000026f8       0x20 c:/program files (x86)/cypress/psoc creator/4.0/psoc creator/import/gnu/arm/4.9.3/bin/../lib/gcc/arm-none-eabi/4.9.3/armv6-m\libgcc.a(_divsi3.o)
 .debug_frame   0x00002718       0x50 c:/program files (x86)/cypress/psoc creator/4.0/psoc creator/import/gnu/arm/4.9.3/bin/../lib/gcc/arm-none-eabi/4.9.3/armv6-m\libgcc.a(bpabi.o)
 .debug_frame   0x00002768       0x34 c:/program files (x86)/cypress/psoc creator/4.0/psoc creator/import/gnu/arm/4.9.3/bin/../lib/gcc/arm-none-eabi/4.9.3/armv6-m\libgcc.a(_muldi3.o)
 .debug_frame   0x0000279c       0x3c c:/program files (x86)/cypress/psoc creator/4.0/psoc creator/import/gnu/arm/4.9.3/bin/../lib/gcc/arm-none-eabi/4.9.3/armv6-m\libgcc.a(_divdi3.o)
 .debug_frame   0x000027d8       0x3c c:/program files (x86)/cypress/psoc creator/4.0/psoc creator/import/gnu/arm/4.9.3/bin/../lib/gcc/arm-none-eabi/4.9.3/armv6-m\libgcc.a(_udivdi3.o)
 .debug_frame   0x00002814       0x20 c:/program files (x86)/cypress/psoc creator/4.0/psoc creator/import/gnu/arm/4.9.3/bin/../lib/gcc/arm-none-eabi/4.9.3/../../../../arm-none-eabi/lib/armv6-m\libg_nano.a(lib_a-errno.o)
 .debug_frame   0x00002834       0x28 c:/program files (x86)/cypress/psoc creator/4.0/psoc creator/import/gnu/arm/4.9.3/bin/../lib/gcc/arm-none-eabi/4.9.3/../../../../arm-none-eabi/lib/armv6-m\libg_nano.a(lib_a-exit.o)
 .debug_frame   0x0000285c       0x2c c:/program files (x86)/cypress/psoc creator/4.0/psoc creator/import/gnu/arm/4.9.3/bin/../lib/gcc/arm-none-eabi/4.9.3/../../../../arm-none-eabi/lib/armv6-m\libg_nano.a(lib_a-init.o)
 .debug_frame   0x00002888       0x28 c:/program files (x86)/cypress/psoc creator/4.0/psoc creator/import/gnu/arm/4.9.3/bin/../lib/gcc/arm-none-eabi/4.9.3/../../../../arm-none-eabi/lib/armv6-m\libg_nano.a(lib_a-memcpy.o)
 .debug_frame   0x000028b0       0x20 c:/program files (x86)/cypress/psoc creator/4.0/psoc creator/import/gnu/arm/4.9.3/bin/../lib/gcc/arm-none-eabi/4.9.3/../../../../arm-none-eabi/lib/armv6-m\libg_nano.a(lib_a-memset.o)
 .debug_frame   0x000028d0       0x28 c:/program files (x86)/cypress/psoc creator/4.0/psoc creator/import/gnu/arm/4.9.3/bin/../lib/gcc/arm-none-eabi/4.9.3/../../../../arm-none-eabi/lib/armv6-m\libg_nano.a(lib_a-strcat.o)
 .debug_frame   0x000028f8       0x20 c:/program files (x86)/cypress/psoc creator/4.0/psoc creator/import/gnu/arm/4.9.3/bin/../lib/gcc/arm-none-eabi/4.9.3/../../../../arm-none-eabi/lib/armv6-m\libg_nano.a(lib_a-strchr.o)
 .debug_frame   0x00002918       0x20 c:/program files (x86)/cypress/psoc creator/4.0/psoc creator/import/gnu/arm/4.9.3/bin/../lib/gcc/arm-none-eabi/4.9.3/../../../../arm-none-eabi/lib/armv6-m\libg_nano.a(lib_a-strlen.o)
 .debug_frame   0x00002938       0x28 c:/program files (x86)/cypress/psoc creator/4.0/psoc creator/import/gnu/arm/4.9.3/bin/../lib/gcc/arm-none-eabi/4.9.3/../../../../arm-none-eabi/lib/armv6-m\libg_nano.a(lib_a-strstr.o)

.debug_str      0x00000000     0x4d2c
 *(.debug_str)
 .debug_str     0x00000000      0x9c2 .\ARM_GCC_493\Debug\main.o
                                0xa95 (size before relaxing)
 .debug_str     0x000009c2      0x4e1 .\ARM_GCC_493\Debug\animation.o
                                0x9af (size before relaxing)
 .debug_str     0x00000ea3      0x11f .\ARM_GCC_493\Debug\led.o
                                0x325 (size before relaxing)
 .debug_str     0x00000fc2       0xba .\ARM_GCC_493\Debug\util.o
                                0x2e7 (size before relaxing)
 .debug_str     0x0000107c      0x93f .\ARM_GCC_493\Debug\command_telemetry.o
                               0x127f (size before relaxing)
 .debug_str     0x000019bb       0xef .\ARM_GCC_493\Debug\comms.o
                                0x2cf (size before relaxing)
 .debug_str     0x00001aaa       0x35 .\ARM_GCC_493\Debug\cymetadata.o
                                0x198 (size before relaxing)
 .debug_str     0x00001adf      0x16a .\ARM_GCC_493\Debug\Cm0plusStart.o
                                0x300 (size before relaxing)
 .debug_str     0x00001c49       0x78 .\ARM_GCC_493\Debug\cybootloader.o
                                0x1db (size before relaxing)
 .debug_str     0x00001cc1       0x84 .\ARM_GCC_493\Debug\Slider.a(cyfitter_cfg.o)
                                0x1fb (size before relaxing)
 .debug_str     0x00001d45      0x496 .\ARM_GCC_493\Debug\Slider.a(CapSense_Control.o)
                                0xa81 (size before relaxing)
 .debug_str     0x000021db      0x29c .\ARM_GCC_493\Debug\Slider.a(CapSense_Processing.o)
                                0xa76 (size before relaxing)
 .debug_str     0x00002477      0x402 .\ARM_GCC_493\Debug\Slider.a(CapSense_Structure.o)
                                0xb98 (size before relaxing)
 .debug_str     0x00002879      0x11b .\ARM_GCC_493\Debug\Slider.a(CapSense_Tuner.o)
                                0x6ec (size before relaxing)
 .debug_str     0x00002994      0x28f .\ARM_GCC_493\Debug\Slider.a(CapSense_Filter.o)
                                0x8f2 (size before relaxing)
 .debug_str     0x00002c23      0x663 .\ARM_GCC_493\Debug\Slider.a(CapSense_Sensing.o)
                                0xdb4 (size before relaxing)
 .debug_str     0x00003286      0x35d .\ARM_GCC_493\Debug\Slider.a(CapSense_SensingCSD_LL.o)
                                0xc55 (size before relaxing)
 .debug_str     0x000035e3       0x91 .\ARM_GCC_493\Debug\Slider.a(CapSense_Centroid_LL.o)
                                0x2db (size before relaxing)
 .debug_str     0x00003674      0x2d7 .\ARM_GCC_493\Debug\Slider.a(CapSense_SensingCSX_LL.o)
                                0xbc3 (size before relaxing)
 .debug_str     0x0000394b      0x122 .\ARM_GCC_493\Debug\Slider.a(CapSense_ISR.o)
                                0x32e (size before relaxing)
 .debug_str     0x00003a6d      0x4c0 .\ARM_GCC_493\Debug\Slider.a(CyLib.o)
                                0x705 (size before relaxing)
 .debug_str     0x00003f2d       0x5f .\ARM_GCC_493\Debug\Slider.a(cyPm.o)
                                0x21f (size before relaxing)
 .debug_str     0x00003f8c      0x2d0 .\ARM_GCC_493\Debug\Slider.a(CyLFClk.o)
                                0x49c (size before relaxing)
 .debug_str     0x0000425c      0x3c0 .\ARM_GCC_493\Debug\Slider.a(Timer_1.o)
                                0x5e7 (size before relaxing)
 .debug_str     0x0000461c       0x9c .\ARM_GCC_493\Debug\Slider.a(CAPINT.o)
                                0x22b (size before relaxing)
 .debug_str     0x000046b8      0x108 .\ARM_GCC_493\Debug\Slider.a(I2CS.o)
                                0x2ae (size before relaxing)
 .debug_str     0x000047c0       0x74 .\ARM_GCC_493\Debug\Slider.a(I2CS_I2C.o)
                                0x238 (size before relaxing)
 .debug_str     0x00004834      0x115 .\ARM_GCC_493\Debug\Slider.a(I2CS_I2C_SLAVE.o)
                                0x3ab (size before relaxing)
 .debug_str     0x00004949       0xa4 .\ARM_GCC_493\Debug\Slider.a(CapSense_INT.o)
                                0x78a (size before relaxing)
 .debug_str     0x000049ed      0x11d .\ARM_GCC_493\Debug\Slider.a(CyFlash.o)
                                0x304 (size before relaxing)
 .debug_str     0x00004b0a       0x49 .\ARM_GCC_493\Debug\Slider.a(I2CS_I2C_INT.o)
                                0x286 (size before relaxing)
 .debug_str     0x00004b53      0x166 C:\Program Files (x86)\Cypress\PSoC Creator\4.0\PSoC Creator\psoc\content\cycomponentlibrary\CyComponentLibrary.cylib\CapSense_P4_v3_10\PSoC4\Library\Capsense_P4Library_GCCp.a(CapSense_SmartSense_LL_v3_10.o)
                                0x2b2 (size before relaxing)
 .debug_str     0x00004cb9       0x73 C:\Program Files (x86)\Cypress\PSoC Creator\4.0\PSoC Creator\psoc\content\cycomponentlibrary\CyComponentLibrary.cylib\CapSense_P4_v3_10\PSoC4\Library\Capsense_P4Library_GCCp.a(CapSense_SmartSense_SL_v3_10.o)
                                0x30e (size before relaxing)

.debug_loc      0x00000000     0x706a
 *(.debug_loc)
 .debug_loc     0x00000000      0x4ba .\ARM_GCC_493\Debug\main.o
 .debug_loc     0x000004ba      0x17b .\ARM_GCC_493\Debug\animation.o
 .debug_loc     0x00000635      0x496 .\ARM_GCC_493\Debug\led.o
 .debug_loc     0x00000acb      0x132 .\ARM_GCC_493\Debug\util.o
 .debug_loc     0x00000bfd      0xfd1 .\ARM_GCC_493\Debug\command_telemetry.o
 .debug_loc     0x00001bce       0x2c .\ARM_GCC_493\Debug\comms.o
 .debug_loc     0x00001bfa      0x14f .\ARM_GCC_493\Debug\Cm0plusStart.o
 .debug_loc     0x00001d49       0x35 .\ARM_GCC_493\Debug\Slider.a(cyfitter_cfg.o)
 .debug_loc     0x00001d7e      0x5f2 .\ARM_GCC_493\Debug\Slider.a(CapSense_Control.o)
 .debug_loc     0x00002370      0xc7c .\ARM_GCC_493\Debug\Slider.a(CapSense_Processing.o)
 .debug_loc     0x00002fec      0x465 .\ARM_GCC_493\Debug\Slider.a(CapSense_Structure.o)
 .debug_loc     0x00003451      0x13d .\ARM_GCC_493\Debug\Slider.a(CapSense_Tuner.o)
 .debug_loc     0x0000358e      0xb92 .\ARM_GCC_493\Debug\Slider.a(CapSense_Filter.o)
 .debug_loc     0x00004120      0x7e9 .\ARM_GCC_493\Debug\Slider.a(CapSense_Sensing.o)
 .debug_loc     0x00004909      0x80f .\ARM_GCC_493\Debug\Slider.a(CapSense_SensingCSD_LL.o)
 .debug_loc     0x00005118      0x1f1 .\ARM_GCC_493\Debug\Slider.a(CapSense_Centroid_LL.o)
 .debug_loc     0x00005309      0x50a .\ARM_GCC_493\Debug\Slider.a(CapSense_SensingCSX_LL.o)
 .debug_loc     0x00005813       0x82 .\ARM_GCC_493\Debug\Slider.a(CapSense_ISR.o)
 .debug_loc     0x00005895      0x5e3 .\ARM_GCC_493\Debug\Slider.a(CyLib.o)
 .debug_loc     0x00005e78       0x47 .\ARM_GCC_493\Debug\Slider.a(cyPm.o)
 .debug_loc     0x00005ebf      0x323 .\ARM_GCC_493\Debug\Slider.a(CyLFClk.o)
 .debug_loc     0x000061e2      0x547 .\ARM_GCC_493\Debug\Slider.a(Timer_1.o)
 .debug_loc     0x00006729       0x81 .\ARM_GCC_493\Debug\Slider.a(CAPINT.o)
 .debug_loc     0x000067aa       0x7e .\ARM_GCC_493\Debug\Slider.a(I2CS.o)
 .debug_loc     0x00006828      0x175 .\ARM_GCC_493\Debug\Slider.a(I2CS_I2C_SLAVE.o)
 .debug_loc     0x0000699d       0xe6 .\ARM_GCC_493\Debug\Slider.a(CapSense_INT.o)
 .debug_loc     0x00006a83      0x1c8 .\ARM_GCC_493\Debug\Slider.a(CyFlash.o)
 .debug_loc     0x00006c4b       0xa2 .\ARM_GCC_493\Debug\Slider.a(I2CS_I2C_INT.o)
 .debug_loc     0x00006ced      0x229 C:\Program Files (x86)\Cypress\PSoC Creator\4.0\PSoC Creator\psoc\content\cycomponentlibrary\CyComponentLibrary.cylib\CapSense_P4_v3_10\PSoC4\Library\Capsense_P4Library_GCCp.a(CapSense_SmartSense_LL_v3_10.o)
 .debug_loc     0x00006f16      0x154 C:\Program Files (x86)\Cypress\PSoC Creator\4.0\PSoC Creator\psoc\content\cycomponentlibrary\CyComponentLibrary.cylib\CapSense_P4_v3_10\PSoC4\Library\Capsense_P4Library_GCCp.a(CapSense_SmartSense_SL_v3_10.o)

.debug_macinfo
 *(.debug_macinfo)

.debug_ranges   0x00000000      0xca8
 *(.debug_ranges)
 .debug_ranges  0x00000000       0x50 .\ARM_GCC_493\Debug\main.o
 .debug_ranges  0x00000050       0xd8 .\ARM_GCC_493\Debug\animation.o
 .debug_ranges  0x00000128       0x50 .\ARM_GCC_493\Debug\led.o
 .debug_ranges  0x00000178       0x50 .\ARM_GCC_493\Debug\util.o
 .debug_ranges  0x000001c8       0xb0 .\ARM_GCC_493\Debug\command_telemetry.o
 .debug_ranges  0x00000278       0x30 .\ARM_GCC_493\Debug\comms.o
 .debug_ranges  0x000002a8       0x38 .\ARM_GCC_493\Debug\Cm0plusStart.o
 .debug_ranges  0x000002e0       0x28 .\ARM_GCC_493\Debug\Slider.a(cyfitter_cfg.o)
 .debug_ranges  0x00000308       0x58 .\ARM_GCC_493\Debug\Slider.a(CapSense_Control.o)
 .debug_ranges  0x00000360       0x60 .\ARM_GCC_493\Debug\Slider.a(CapSense_Processing.o)
 .debug_ranges  0x000003c0       0x48 .\ARM_GCC_493\Debug\Slider.a(CapSense_Structure.o)
 .debug_ranges  0x00000408       0x18 .\ARM_GCC_493\Debug\Slider.a(CapSense_Tuner.o)
 .debug_ranges  0x00000420       0xa0 .\ARM_GCC_493\Debug\Slider.a(CapSense_Filter.o)
 .debug_ranges  0x000004c0       0xc8 .\ARM_GCC_493\Debug\Slider.a(CapSense_Sensing.o)
 .debug_ranges  0x00000588       0xc0 .\ARM_GCC_493\Debug\Slider.a(CapSense_SensingCSD_LL.o)
 .debug_ranges  0x00000648       0x18 .\ARM_GCC_493\Debug\Slider.a(CapSense_Centroid_LL.o)
 .debug_ranges  0x00000660       0x90 .\ARM_GCC_493\Debug\Slider.a(CapSense_SensingCSX_LL.o)
 .debug_ranges  0x000006f0       0x70 .\ARM_GCC_493\Debug\Slider.a(CapSense_ISR.o)
 .debug_ranges  0x00000760      0x180 .\ARM_GCC_493\Debug\Slider.a(CyLib.o)
 .debug_ranges  0x000008e0       0x20 .\ARM_GCC_493\Debug\Slider.a(cyPm.o)
 .debug_ranges  0x00000900       0xc8 .\ARM_GCC_493\Debug\Slider.a(CyLFClk.o)
 .debug_ranges  0x000009c8      0x148 .\ARM_GCC_493\Debug\Slider.a(Timer_1.o)
 .debug_ranges  0x00000b10       0x38 .\ARM_GCC_493\Debug\Slider.a(CAPINT.o)
 .debug_ranges  0x00000b48       0x50 .\ARM_GCC_493\Debug\Slider.a(I2CS.o)
 .debug_ranges  0x00000b98       0x18 .\ARM_GCC_493\Debug\Slider.a(I2CS_I2C.o)
 .debug_ranges  0x00000bb0       0x60 .\ARM_GCC_493\Debug\Slider.a(I2CS_I2C_SLAVE.o)
 .debug_ranges  0x00000c10       0x18 .\ARM_GCC_493\Debug\Slider.a(CapSense_INT.o)
 .debug_ranges  0x00000c28       0x38 .\ARM_GCC_493\Debug\Slider.a(CyFlash.o)
 .debug_ranges  0x00000c60       0x10 .\ARM_GCC_493\Debug\Slider.a(I2CS_I2C_INT.o)
 .debug_ranges  0x00000c70       0x18 C:\Program Files (x86)\Cypress\PSoC Creator\4.0\PSoC Creator\psoc\content\cycomponentlibrary\CyComponentLibrary.cylib\CapSense_P4_v3_10\PSoC4\Library\Capsense_P4Library_GCCp.a(CapSense_SmartSense_LL_v3_10.o)
 .debug_ranges  0x00000c88       0x20 C:\Program Files (x86)\Cypress\PSoC Creator\4.0\PSoC Creator\psoc\content\cycomponentlibrary\CyComponentLibrary.cylib\CapSense_P4_v3_10\PSoC4\Library\Capsense_P4Library_GCCp.a(CapSense_SmartSense_SL_v3_10.o)

.comment        0x00000000       0x70
 .comment       0x00000000       0x70 .\ARM_GCC_493\Debug\main.o
                                 0x71 (size before relaxing)