ARM GAS  C:\Users\MM1005~1\AppData\Local\Temp\ccVgwoxa.s 			page 1


   1              		.cpu cortex-m0plus
   2              		.fpu softvfp
   3              		.eabi_attribute 20, 1
   4              		.eabi_attribute 21, 1
   5              		.eabi_attribute 23, 3
   6              		.eabi_attribute 24, 1
   7              		.eabi_attribute 25, 1
   8              		.eabi_attribute 26, 1
   9              		.eabi_attribute 30, 1
  10              		.eabi_attribute 34, 0
  11              		.eabi_attribute 18, 4
  12              		.code	16
  13              		.file	"cyfitter_cfg.c"
  14              		.text
  15              	.Ltext0:
  16              		.cfi_sections	.debug_frame
  17              		.section	.psocinit,"ax",%progbits
  18              		.align	2
  19              		.code	16
  20              		.thumb_func
  21              		.type	ClockSetup, %function
  22              	ClockSetup:
  23              	.LFB4:
  24              		.file 1 "Generated_Source\\PSoC4\\cyfitter_cfg.c"
   1:Generated_Source\PSoC4/cyfitter_cfg.c **** /*******************************************************************************
   2:Generated_Source\PSoC4/cyfitter_cfg.c **** * File Name: cyfitter_cfg.c
   3:Generated_Source\PSoC4/cyfitter_cfg.c **** * 
   4:Generated_Source\PSoC4/cyfitter_cfg.c **** * PSoC Creator  4.0 Update 1
   5:Generated_Source\PSoC4/cyfitter_cfg.c **** *
   6:Generated_Source\PSoC4/cyfitter_cfg.c **** * Description:
   7:Generated_Source\PSoC4/cyfitter_cfg.c **** * This file contains device initialization code.
   8:Generated_Source\PSoC4/cyfitter_cfg.c **** * Except for the user defined sections in CyClockStartupError(), this file should not be modified.
   9:Generated_Source\PSoC4/cyfitter_cfg.c **** * This file is automatically generated by PSoC Creator.
  10:Generated_Source\PSoC4/cyfitter_cfg.c **** *
  11:Generated_Source\PSoC4/cyfitter_cfg.c **** ********************************************************************************
  12:Generated_Source\PSoC4/cyfitter_cfg.c **** * Copyright (c) 2007-2016 Cypress Semiconductor.  All rights reserved.
  13:Generated_Source\PSoC4/cyfitter_cfg.c **** * You may use this file only in accordance with the license, terms, conditions, 
  14:Generated_Source\PSoC4/cyfitter_cfg.c **** * disclaimers, and limitations in the end user license agreement accompanying 
  15:Generated_Source\PSoC4/cyfitter_cfg.c **** * the software package with which this file was provided.
  16:Generated_Source\PSoC4/cyfitter_cfg.c **** ********************************************************************************/
  17:Generated_Source\PSoC4/cyfitter_cfg.c **** 
  18:Generated_Source\PSoC4/cyfitter_cfg.c **** #include <string.h>
  19:Generated_Source\PSoC4/cyfitter_cfg.c **** #include "cytypes.h"
  20:Generated_Source\PSoC4/cyfitter_cfg.c **** #include "cydevice_trm.h"
  21:Generated_Source\PSoC4/cyfitter_cfg.c **** #include "cyfitter.h"
  22:Generated_Source\PSoC4/cyfitter_cfg.c **** #include "CyLib.h"
  23:Generated_Source\PSoC4/cyfitter_cfg.c **** #include "cyfitter_cfg.h"
  24:Generated_Source\PSoC4/cyfitter_cfg.c **** #include "cyapicallbacks.h"
  25:Generated_Source\PSoC4/cyfitter_cfg.c **** 
  26:Generated_Source\PSoC4/cyfitter_cfg.c **** 
  27:Generated_Source\PSoC4/cyfitter_cfg.c **** #if defined(__GNUC__) || defined(__ARMCC_VERSION)
  28:Generated_Source\PSoC4/cyfitter_cfg.c ****     #define CYPACKED 
  29:Generated_Source\PSoC4/cyfitter_cfg.c ****     #define CYPACKED_ATTR __attribute__ ((packed))
  30:Generated_Source\PSoC4/cyfitter_cfg.c ****     #define CYALIGNED __attribute__ ((aligned))
  31:Generated_Source\PSoC4/cyfitter_cfg.c ****     #define CY_CFG_UNUSED __attribute__ ((unused))
  32:Generated_Source\PSoC4/cyfitter_cfg.c ****     #ifndef CY_CFG_SECTION
  33:Generated_Source\PSoC4/cyfitter_cfg.c ****         #define CY_CFG_SECTION __attribute__ ((section(".psocinit")))
ARM GAS  C:\Users\MM1005~1\AppData\Local\Temp\ccVgwoxa.s 			page 2


  34:Generated_Source\PSoC4/cyfitter_cfg.c ****     #endif
  35:Generated_Source\PSoC4/cyfitter_cfg.c ****     
  36:Generated_Source\PSoC4/cyfitter_cfg.c ****     #if defined(__ARMCC_VERSION)
  37:Generated_Source\PSoC4/cyfitter_cfg.c ****         #define CY_CFG_MEMORY_BARRIER() __memory_changed()
  38:Generated_Source\PSoC4/cyfitter_cfg.c ****     #else
  39:Generated_Source\PSoC4/cyfitter_cfg.c ****         #define CY_CFG_MEMORY_BARRIER() __sync_synchronize()
  40:Generated_Source\PSoC4/cyfitter_cfg.c ****     #endif
  41:Generated_Source\PSoC4/cyfitter_cfg.c ****     
  42:Generated_Source\PSoC4/cyfitter_cfg.c **** #elif defined(__ICCARM__)
  43:Generated_Source\PSoC4/cyfitter_cfg.c ****     #include <intrinsics.h>
  44:Generated_Source\PSoC4/cyfitter_cfg.c **** 
  45:Generated_Source\PSoC4/cyfitter_cfg.c ****     #define CYPACKED __packed
  46:Generated_Source\PSoC4/cyfitter_cfg.c ****     #define CYPACKED_ATTR 
  47:Generated_Source\PSoC4/cyfitter_cfg.c ****     #define CYALIGNED _Pragma("data_alignment=4")
  48:Generated_Source\PSoC4/cyfitter_cfg.c ****     #define CY_CFG_UNUSED _Pragma("diag_suppress=Pe177")
  49:Generated_Source\PSoC4/cyfitter_cfg.c ****     #define CY_CFG_SECTION _Pragma("location=\".psocinit\"")
  50:Generated_Source\PSoC4/cyfitter_cfg.c ****     
  51:Generated_Source\PSoC4/cyfitter_cfg.c ****     #define CY_CFG_MEMORY_BARRIER() __DMB()
  52:Generated_Source\PSoC4/cyfitter_cfg.c ****     
  53:Generated_Source\PSoC4/cyfitter_cfg.c **** #else
  54:Generated_Source\PSoC4/cyfitter_cfg.c ****     #error Unsupported toolchain
  55:Generated_Source\PSoC4/cyfitter_cfg.c **** #endif
  56:Generated_Source\PSoC4/cyfitter_cfg.c **** 
  57:Generated_Source\PSoC4/cyfitter_cfg.c **** 
  58:Generated_Source\PSoC4/cyfitter_cfg.c **** CY_CFG_UNUSED
  59:Generated_Source\PSoC4/cyfitter_cfg.c **** static void CYMEMZERO(void *s, size_t n);
  60:Generated_Source\PSoC4/cyfitter_cfg.c **** CY_CFG_UNUSED
  61:Generated_Source\PSoC4/cyfitter_cfg.c **** static void CYMEMZERO(void *s, size_t n)
  62:Generated_Source\PSoC4/cyfitter_cfg.c **** {
  63:Generated_Source\PSoC4/cyfitter_cfg.c **** 	(void)memset(s, 0, n);
  64:Generated_Source\PSoC4/cyfitter_cfg.c **** }
  65:Generated_Source\PSoC4/cyfitter_cfg.c **** CY_CFG_UNUSED
  66:Generated_Source\PSoC4/cyfitter_cfg.c **** static void CYCONFIGCPY(void *dest, const void *src, size_t n);
  67:Generated_Source\PSoC4/cyfitter_cfg.c **** CY_CFG_UNUSED
  68:Generated_Source\PSoC4/cyfitter_cfg.c **** static void CYCONFIGCPY(void *dest, const void *src, size_t n)
  69:Generated_Source\PSoC4/cyfitter_cfg.c **** {
  70:Generated_Source\PSoC4/cyfitter_cfg.c **** 	(void)memcpy(dest, src, n);
  71:Generated_Source\PSoC4/cyfitter_cfg.c **** }
  72:Generated_Source\PSoC4/cyfitter_cfg.c **** CY_CFG_UNUSED
  73:Generated_Source\PSoC4/cyfitter_cfg.c **** static void CYCONFIGCPYCODE(void *dest, const void *src, size_t n);
  74:Generated_Source\PSoC4/cyfitter_cfg.c **** CY_CFG_UNUSED
  75:Generated_Source\PSoC4/cyfitter_cfg.c **** static void CYCONFIGCPYCODE(void *dest, const void *src, size_t n)
  76:Generated_Source\PSoC4/cyfitter_cfg.c **** {
  77:Generated_Source\PSoC4/cyfitter_cfg.c **** 	(void)memcpy(dest, src, n);
  78:Generated_Source\PSoC4/cyfitter_cfg.c **** }
  79:Generated_Source\PSoC4/cyfitter_cfg.c **** 
  80:Generated_Source\PSoC4/cyfitter_cfg.c **** 
  81:Generated_Source\PSoC4/cyfitter_cfg.c **** 
  82:Generated_Source\PSoC4/cyfitter_cfg.c **** 
  83:Generated_Source\PSoC4/cyfitter_cfg.c **** /* Clock startup error codes                                                   */
  84:Generated_Source\PSoC4/cyfitter_cfg.c **** #define CYCLOCKSTART_NO_ERROR    0u
  85:Generated_Source\PSoC4/cyfitter_cfg.c **** #define CYCLOCKSTART_XTAL_ERROR  1u
  86:Generated_Source\PSoC4/cyfitter_cfg.c **** #define CYCLOCKSTART_32KHZ_ERROR 2u
  87:Generated_Source\PSoC4/cyfitter_cfg.c **** #define CYCLOCKSTART_PLL_ERROR   3u
  88:Generated_Source\PSoC4/cyfitter_cfg.c **** 
  89:Generated_Source\PSoC4/cyfitter_cfg.c **** 
  90:Generated_Source\PSoC4/cyfitter_cfg.c **** #ifdef CY_NEED_CYCLOCKSTARTUPERROR
ARM GAS  C:\Users\MM1005~1\AppData\Local\Temp\ccVgwoxa.s 			page 3


  91:Generated_Source\PSoC4/cyfitter_cfg.c **** /*******************************************************************************
  92:Generated_Source\PSoC4/cyfitter_cfg.c **** * Function Name: CyClockStartupError
  93:Generated_Source\PSoC4/cyfitter_cfg.c **** ********************************************************************************
  94:Generated_Source\PSoC4/cyfitter_cfg.c **** * Summary:
  95:Generated_Source\PSoC4/cyfitter_cfg.c **** *  If an error is encountered during clock configuration (crystal startup error,
  96:Generated_Source\PSoC4/cyfitter_cfg.c **** *  PLL lock error, etc.), the system will end up here.  Unless reimplemented by
  97:Generated_Source\PSoC4/cyfitter_cfg.c **** *  the customer, this function will stop in an infinite loop.
  98:Generated_Source\PSoC4/cyfitter_cfg.c **** *
  99:Generated_Source\PSoC4/cyfitter_cfg.c **** * Parameters:
 100:Generated_Source\PSoC4/cyfitter_cfg.c **** *   void
 101:Generated_Source\PSoC4/cyfitter_cfg.c **** *
 102:Generated_Source\PSoC4/cyfitter_cfg.c **** * Return:
 103:Generated_Source\PSoC4/cyfitter_cfg.c **** *   void
 104:Generated_Source\PSoC4/cyfitter_cfg.c **** *
 105:Generated_Source\PSoC4/cyfitter_cfg.c **** *******************************************************************************/
 106:Generated_Source\PSoC4/cyfitter_cfg.c **** CY_CFG_UNUSED
 107:Generated_Source\PSoC4/cyfitter_cfg.c **** static void CyClockStartupError(uint8 errorCode);
 108:Generated_Source\PSoC4/cyfitter_cfg.c **** CY_CFG_UNUSED
 109:Generated_Source\PSoC4/cyfitter_cfg.c **** static void CyClockStartupError(uint8 errorCode)
 110:Generated_Source\PSoC4/cyfitter_cfg.c **** {
 111:Generated_Source\PSoC4/cyfitter_cfg.c ****     /* To remove the compiler warning if errorCode not used.                */
 112:Generated_Source\PSoC4/cyfitter_cfg.c ****     errorCode = errorCode;
 113:Generated_Source\PSoC4/cyfitter_cfg.c **** 
 114:Generated_Source\PSoC4/cyfitter_cfg.c ****     /* If we have a clock startup error (bad MHz crystal, PLL lock, etc.),  */
 115:Generated_Source\PSoC4/cyfitter_cfg.c ****     /* we will end up here to allow the customer to implement something to  */
 116:Generated_Source\PSoC4/cyfitter_cfg.c ****     /* deal with the clock condition.                                       */
 117:Generated_Source\PSoC4/cyfitter_cfg.c **** 
 118:Generated_Source\PSoC4/cyfitter_cfg.c **** #ifdef CY_CFG_CLOCK_STARTUP_ERROR_CALLBACK
 119:Generated_Source\PSoC4/cyfitter_cfg.c **** 	CY_CFG_Clock_Startup_ErrorCallback();
 120:Generated_Source\PSoC4/cyfitter_cfg.c **** #else
 121:Generated_Source\PSoC4/cyfitter_cfg.c **** 	/*  If not using CY_CFG_CLOCK_STARTUP_ERROR_CALLBACK, place your clock startup code here. */
 122:Generated_Source\PSoC4/cyfitter_cfg.c ****     /* `#START CyClockStartupError` */
 123:Generated_Source\PSoC4/cyfitter_cfg.c **** 
 124:Generated_Source\PSoC4/cyfitter_cfg.c **** 
 125:Generated_Source\PSoC4/cyfitter_cfg.c **** 
 126:Generated_Source\PSoC4/cyfitter_cfg.c ****     /* `#END` */
 127:Generated_Source\PSoC4/cyfitter_cfg.c **** 
 128:Generated_Source\PSoC4/cyfitter_cfg.c ****     /* If nothing else, stop here since the clocks have not started         */
 129:Generated_Source\PSoC4/cyfitter_cfg.c ****     /* correctly.                                                           */
 130:Generated_Source\PSoC4/cyfitter_cfg.c ****     while(1) {}
 131:Generated_Source\PSoC4/cyfitter_cfg.c **** #endif /* CY_CFG_CLOCK_STARTUP_ERROR_CALLBACK */ 
 132:Generated_Source\PSoC4/cyfitter_cfg.c **** }
 133:Generated_Source\PSoC4/cyfitter_cfg.c **** #endif
 134:Generated_Source\PSoC4/cyfitter_cfg.c **** 
 135:Generated_Source\PSoC4/cyfitter_cfg.c **** 
 136:Generated_Source\PSoC4/cyfitter_cfg.c **** 
 137:Generated_Source\PSoC4/cyfitter_cfg.c **** /*******************************************************************************
 138:Generated_Source\PSoC4/cyfitter_cfg.c **** * Function Name: ClockSetup
 139:Generated_Source\PSoC4/cyfitter_cfg.c **** ********************************************************************************
 140:Generated_Source\PSoC4/cyfitter_cfg.c **** *
 141:Generated_Source\PSoC4/cyfitter_cfg.c **** * Summary:
 142:Generated_Source\PSoC4/cyfitter_cfg.c **** *   Performs the initialization of all of the clocks in the device based on the
 143:Generated_Source\PSoC4/cyfitter_cfg.c **** *   settings in the Clock tab of the DWR.  This includes enabling the requested
 144:Generated_Source\PSoC4/cyfitter_cfg.c **** *   clocks and setting the necessary dividers to produce the desired frequency. 
 145:Generated_Source\PSoC4/cyfitter_cfg.c **** *
 146:Generated_Source\PSoC4/cyfitter_cfg.c **** * Parameters:
 147:Generated_Source\PSoC4/cyfitter_cfg.c **** *   void
ARM GAS  C:\Users\MM1005~1\AppData\Local\Temp\ccVgwoxa.s 			page 4


 148:Generated_Source\PSoC4/cyfitter_cfg.c **** *
 149:Generated_Source\PSoC4/cyfitter_cfg.c **** * Return:
 150:Generated_Source\PSoC4/cyfitter_cfg.c **** *   void
 151:Generated_Source\PSoC4/cyfitter_cfg.c **** *
 152:Generated_Source\PSoC4/cyfitter_cfg.c **** *******************************************************************************/
 153:Generated_Source\PSoC4/cyfitter_cfg.c **** static void ClockSetup(void);
 154:Generated_Source\PSoC4/cyfitter_cfg.c **** CY_CFG_SECTION
 155:Generated_Source\PSoC4/cyfitter_cfg.c **** static void ClockSetup(void)
 156:Generated_Source\PSoC4/cyfitter_cfg.c **** {
  25              		.loc 1 156 0
  26              		.cfi_startproc
  27 0000 10B5     		push	{r4, lr}
  28              		.cfi_def_cfa_offset 8
  29              		.cfi_offset 4, -8
  30              		.cfi_offset 14, -4
 157:Generated_Source\PSoC4/cyfitter_cfg.c **** 
 158:Generated_Source\PSoC4/cyfitter_cfg.c **** 	/* Set Flash Cycles based on max possible frequency in case a glitch occurs during ClockSetup(). *
 159:Generated_Source\PSoC4/cyfitter_cfg.c **** 	CY_SET_REG32((void CYXDATA *)(CYREG_CPUSS_FLASH_CTL), (0x0012u));
  31              		.loc 1 159 0
  32 0002 0B4C     		ldr	r4, .L2
  33 0004 1223     		mov	r3, #18
  34 0006 2360     		str	r3, [r4]
 160:Generated_Source\PSoC4/cyfitter_cfg.c **** 	/* Update IMO to new clock speed. */
 161:Generated_Source\PSoC4/cyfitter_cfg.c **** 	CySysClkWriteImoFreq(24u);
  35              		.loc 1 161 0
  36 0008 1820     		mov	r0, #24
  37 000a FFF7FEFF 		bl	CySysClkWriteImoFreq
  38              	.LVL0:
 162:Generated_Source\PSoC4/cyfitter_cfg.c **** 
 163:Generated_Source\PSoC4/cyfitter_cfg.c **** 	/* Setup phase aligned clocks */
 164:Generated_Source\PSoC4/cyfitter_cfg.c **** 	CY_SET_REG32((void *)CYREG_PERI_DIV_16_CTL0, 0x00000600u);
  39              		.loc 1 164 0
  40 000e C022     		mov	r2, #192
  41 0010 D200     		lsl	r2, r2, #3
  42 0012 084B     		ldr	r3, .L2+4
  43 0014 1A60     		str	r2, [r3]
 165:Generated_Source\PSoC4/cyfitter_cfg.c **** 	CY_SET_REG32((void *)CYREG_PERI_DIV_CMD, 0x8000FF40u);
  44              		.loc 1 165 0
  45 0016 084A     		ldr	r2, .L2+8
  46 0018 084B     		ldr	r3, .L2+12
  47 001a 1A60     		str	r2, [r3]
 166:Generated_Source\PSoC4/cyfitter_cfg.c **** 
 167:Generated_Source\PSoC4/cyfitter_cfg.c **** 	/* CYDEV_CLK_SELECT Starting address: CYDEV_CLK_SELECT */
 168:Generated_Source\PSoC4/cyfitter_cfg.c **** 	CY_SET_XTND_REG32((void CYFAR *)(CYREG_CLK_SELECT), 0x00000004u);
  48              		.loc 1 168 0
  49 001c 0422     		mov	r2, #4
  50 001e 084B     		ldr	r3, .L2+16
  51 0020 1A60     		str	r2, [r3]
 169:Generated_Source\PSoC4/cyfitter_cfg.c **** 
 170:Generated_Source\PSoC4/cyfitter_cfg.c **** 	/* CYDEV_PERI_PCLK_CTL0 Starting address: CYDEV_PERI_PCLK_CTL0 */
 171:Generated_Source\PSoC4/cyfitter_cfg.c **** 	CY_SET_XTND_REG32((void CYFAR *)(CYREG_PERI_PCLK_CTL0), 0x00000040u);
  52              		.loc 1 171 0
  53 0022 3C32     		add	r2, r2, #60
  54 0024 074B     		ldr	r3, .L2+20
  55 0026 1A60     		str	r2, [r3]
 172:Generated_Source\PSoC4/cyfitter_cfg.c **** 
 173:Generated_Source\PSoC4/cyfitter_cfg.c **** 	/* Set Flash Cycles based on newly configured 12.00MHz HFCLK. */
ARM GAS  C:\Users\MM1005~1\AppData\Local\Temp\ccVgwoxa.s 			page 5


 174:Generated_Source\PSoC4/cyfitter_cfg.c **** 	CY_SET_REG32((void CYXDATA *)(CYREG_CPUSS_FLASH_CTL), (0x0000u));
  56              		.loc 1 174 0
  57 0028 0023     		mov	r3, #0
  58 002a 2360     		str	r3, [r4]
 175:Generated_Source\PSoC4/cyfitter_cfg.c **** }
  59              		.loc 1 175 0
  60              		@ sp needed
  61 002c 10BD     		pop	{r4, pc}
  62              	.L3:
  63 002e C046     		.align	2
  64              	.L2:
  65 0030 30001040 		.word	1074790448
  66 0034 00030140 		.word	1073808128
  67 0038 40FF0080 		.word	-2147418304
  68 003c 00000140 		.word	1073807360
  69 0040 28000340 		.word	1073938472
  70 0044 00010140 		.word	1073807616
  71              		.cfi_endproc
  72              	.LFE4:
  73              		.size	ClockSetup, .-ClockSetup
  74              		.align	2
  75              		.global	cyfitter_cfg
  76              		.code	16
  77              		.thumb_func
  78              		.type	cyfitter_cfg, %function
  79              	cyfitter_cfg:
  80              	.LFB6:
 176:Generated_Source\PSoC4/cyfitter_cfg.c **** 
 177:Generated_Source\PSoC4/cyfitter_cfg.c **** 
 178:Generated_Source\PSoC4/cyfitter_cfg.c **** /* Analog API Functions */
 179:Generated_Source\PSoC4/cyfitter_cfg.c **** 
 180:Generated_Source\PSoC4/cyfitter_cfg.c **** 
 181:Generated_Source\PSoC4/cyfitter_cfg.c **** /*******************************************************************************
 182:Generated_Source\PSoC4/cyfitter_cfg.c **** * Function Name: AnalogSetDefault
 183:Generated_Source\PSoC4/cyfitter_cfg.c **** ********************************************************************************
 184:Generated_Source\PSoC4/cyfitter_cfg.c **** *
 185:Generated_Source\PSoC4/cyfitter_cfg.c **** * Summary:
 186:Generated_Source\PSoC4/cyfitter_cfg.c **** *  Sets up the analog portions of the chip to default values based on chip
 187:Generated_Source\PSoC4/cyfitter_cfg.c **** *  configuration options from the project.
 188:Generated_Source\PSoC4/cyfitter_cfg.c **** *
 189:Generated_Source\PSoC4/cyfitter_cfg.c **** * Parameters:
 190:Generated_Source\PSoC4/cyfitter_cfg.c **** *  void
 191:Generated_Source\PSoC4/cyfitter_cfg.c **** *
 192:Generated_Source\PSoC4/cyfitter_cfg.c **** * Return:
 193:Generated_Source\PSoC4/cyfitter_cfg.c **** *  void
 194:Generated_Source\PSoC4/cyfitter_cfg.c **** *
 195:Generated_Source\PSoC4/cyfitter_cfg.c **** *******************************************************************************/
 196:Generated_Source\PSoC4/cyfitter_cfg.c **** static void AnalogSetDefault(void);
 197:Generated_Source\PSoC4/cyfitter_cfg.c **** static void AnalogSetDefault(void)
 198:Generated_Source\PSoC4/cyfitter_cfg.c **** {
 199:Generated_Source\PSoC4/cyfitter_cfg.c **** }
 200:Generated_Source\PSoC4/cyfitter_cfg.c **** 
 201:Generated_Source\PSoC4/cyfitter_cfg.c **** #define CY_AMUX_UNUSED CYREG_CM0P_ROM_DWT
 202:Generated_Source\PSoC4/cyfitter_cfg.c **** 
 203:Generated_Source\PSoC4/cyfitter_cfg.c **** 
 204:Generated_Source\PSoC4/cyfitter_cfg.c **** /*******************************************************************************
 205:Generated_Source\PSoC4/cyfitter_cfg.c **** * Function Name: cyfitter_cfg
ARM GAS  C:\Users\MM1005~1\AppData\Local\Temp\ccVgwoxa.s 			page 6


 206:Generated_Source\PSoC4/cyfitter_cfg.c **** ********************************************************************************
 207:Generated_Source\PSoC4/cyfitter_cfg.c **** * Summary:
 208:Generated_Source\PSoC4/cyfitter_cfg.c **** *  This function is called by the start-up code for the selected device. It
 209:Generated_Source\PSoC4/cyfitter_cfg.c **** *  performs all of the necessary device configuration based on the design
 210:Generated_Source\PSoC4/cyfitter_cfg.c **** *  settings.  This includes settings from the Design Wide Resources (DWR) such
 211:Generated_Source\PSoC4/cyfitter_cfg.c **** *  as Clocks and Pins as well as any component configuration that is necessary.
 212:Generated_Source\PSoC4/cyfitter_cfg.c **** *
 213:Generated_Source\PSoC4/cyfitter_cfg.c **** * Parameters:  
 214:Generated_Source\PSoC4/cyfitter_cfg.c **** *   void
 215:Generated_Source\PSoC4/cyfitter_cfg.c **** *
 216:Generated_Source\PSoC4/cyfitter_cfg.c **** * Return:
 217:Generated_Source\PSoC4/cyfitter_cfg.c **** *   void
 218:Generated_Source\PSoC4/cyfitter_cfg.c **** *
 219:Generated_Source\PSoC4/cyfitter_cfg.c **** *******************************************************************************/
 220:Generated_Source\PSoC4/cyfitter_cfg.c **** CY_CFG_SECTION
 221:Generated_Source\PSoC4/cyfitter_cfg.c **** void cyfitter_cfg(void)
 222:Generated_Source\PSoC4/cyfitter_cfg.c **** {
  81              		.loc 1 222 0
  82              		.cfi_startproc
  83 0048 08B5     		push	{r3, lr}
  84              		.cfi_def_cfa_offset 8
  85              		.cfi_offset 3, -8
  86              		.cfi_offset 14, -4
 223:Generated_Source\PSoC4/cyfitter_cfg.c **** 	/* Disable interrupts by default. Let user enable if/when they want. */
 224:Generated_Source\PSoC4/cyfitter_cfg.c **** 	CyGlobalIntDisable;
  87              		.loc 1 224 0
  88              	@ 224 "Generated_Source\PSoC4\cyfitter_cfg.c" 1
  89 004a 72B6     		CPSID   i
  90              	@ 0 "" 2
 225:Generated_Source\PSoC4/cyfitter_cfg.c **** 
 226:Generated_Source\PSoC4/cyfitter_cfg.c **** 	{
 227:Generated_Source\PSoC4/cyfitter_cfg.c **** 		/* HSIOM Starting address: CYDEV_HSIOM_BASE */
 228:Generated_Source\PSoC4/cyfitter_cfg.c **** 		CY_SET_XTND_REG32((void CYFAR *)(CYREG_HSIOM_PORT_SEL1), 0x000000EEu);
  91              		.loc 1 228 0
  92              		.code	16
  93 004c EE22     		mov	r2, #238
  94 004e 0B4B     		ldr	r3, .L5
  95 0050 1A60     		str	r2, [r3]
 229:Generated_Source\PSoC4/cyfitter_cfg.c **** 		CY_SET_XTND_REG32((void CYFAR *)(CYREG_HSIOM_PORT_SEL3), 0x0000EE00u);
  96              		.loc 1 229 0
  97 0052 EE22     		mov	r2, #238
  98 0054 1202     		lsl	r2, r2, #8
  99 0056 0A4B     		ldr	r3, .L5+4
 100 0058 1A60     		str	r2, [r3]
 230:Generated_Source\PSoC4/cyfitter_cfg.c **** 
 231:Generated_Source\PSoC4/cyfitter_cfg.c **** 	}
 232:Generated_Source\PSoC4/cyfitter_cfg.c **** 
 233:Generated_Source\PSoC4/cyfitter_cfg.c **** 	/* Perform second pass device configuration. These items must be configured in specific order afte
 234:Generated_Source\PSoC4/cyfitter_cfg.c **** 	/* IOPINS0_1 Starting address: CYDEV_GPIO_PRT1_BASE */
 235:Generated_Source\PSoC4/cyfitter_cfg.c **** 	CY_SET_XTND_REG32((void CYFAR *)(CYDEV_GPIO_PRT1_BASE), 0x00000003u);
 101              		.loc 1 235 0
 102 005a 0322     		mov	r2, #3
 103 005c 094B     		ldr	r3, .L5+8
 104 005e 1A60     		str	r2, [r3]
 236:Generated_Source\PSoC4/cyfitter_cfg.c **** 	CY_SET_XTND_REG32((void CYFAR *)(CYREG_GPIO_PRT1_PC), 0x00000024u);
 105              		.loc 1 236 0
 106 0060 2132     		add	r2, r2, #33
ARM GAS  C:\Users\MM1005~1\AppData\Local\Temp\ccVgwoxa.s 			page 7


 107 0062 094B     		ldr	r3, .L5+12
 108 0064 1A60     		str	r2, [r3]
 237:Generated_Source\PSoC4/cyfitter_cfg.c **** 
 238:Generated_Source\PSoC4/cyfitter_cfg.c **** 	/* IOPINS0_3 Starting address: CYDEV_GPIO_PRT3_BASE */
 239:Generated_Source\PSoC4/cyfitter_cfg.c **** 	CY_SET_XTND_REG32((void CYFAR *)(CYREG_GPIO_PRT3_PC), 0x00000D80u);
 109              		.loc 1 239 0
 110 0066 D822     		mov	r2, #216
 111 0068 1201     		lsl	r2, r2, #4
 112 006a 084B     		ldr	r3, .L5+16
 113 006c 1A60     		str	r2, [r3]
 240:Generated_Source\PSoC4/cyfitter_cfg.c **** 
 241:Generated_Source\PSoC4/cyfitter_cfg.c **** 	/* IOPINS0_4 Starting address: CYDEV_GPIO_PRT4_BASE */
 242:Generated_Source\PSoC4/cyfitter_cfg.c **** 	CY_SET_XTND_REG32((void CYFAR *)(CYREG_GPIO_PRT4_PC), 0x00000006u);
 114              		.loc 1 242 0
 115 006e 0622     		mov	r2, #6
 116 0070 074B     		ldr	r3, .L5+20
 117 0072 1A60     		str	r2, [r3]
 243:Generated_Source\PSoC4/cyfitter_cfg.c **** 
 244:Generated_Source\PSoC4/cyfitter_cfg.c **** 
 245:Generated_Source\PSoC4/cyfitter_cfg.c **** 	/* Setup clocks based on selections from Clock DWR */
 246:Generated_Source\PSoC4/cyfitter_cfg.c **** 	ClockSetup();
 118              		.loc 1 246 0
 119 0074 FFF7C4FF 		bl	ClockSetup
 120              	.LVL1:
 247:Generated_Source\PSoC4/cyfitter_cfg.c **** 
 248:Generated_Source\PSoC4/cyfitter_cfg.c **** 	/* Perform basic analog initialization to defaults */
 249:Generated_Source\PSoC4/cyfitter_cfg.c **** 	AnalogSetDefault();
 250:Generated_Source\PSoC4/cyfitter_cfg.c **** 
 251:Generated_Source\PSoC4/cyfitter_cfg.c **** }
 121              		.loc 1 251 0
 122              		@ sp needed
 123 0078 08BD     		pop	{r3, pc}
 124              	.L6:
 125 007a C046     		.align	2
 126              	.L5:
 127 007c 00010240 		.word	1073873152
 128 0080 00030240 		.word	1073873664
 129 0084 00010440 		.word	1074004224
 130 0088 08010440 		.word	1074004232
 131 008c 08030440 		.word	1074004744
 132 0090 08040440 		.word	1074005000
 133              		.cfi_endproc
 134              	.LFE6:
 135              		.size	cyfitter_cfg, .-cyfitter_cfg
 136              		.text
 137              	.Letext0:
 138              		.file 2 "Generated_Source\\PSoC4\\cytypes.h"
 139              		.file 3 "Generated_Source\\PSoC4\\CyLib.h"
 140              		.section	.debug_info,"",%progbits
 141              	.Ldebug_info0:
 142 0000 F2000000 		.4byte	0xf2
 143 0004 0400     		.2byte	0x4
 144 0006 00000000 		.4byte	.Ldebug_abbrev0
 145 000a 04       		.byte	0x4
 146 000b 01       		.uleb128 0x1
 147 000c 33010000 		.4byte	.LASF15
 148 0010 01       		.byte	0x1
ARM GAS  C:\Users\MM1005~1\AppData\Local\Temp\ccVgwoxa.s 			page 8


 149 0011 15000000 		.4byte	.LASF16
 150 0015 AF000000 		.4byte	.LASF17
 151 0019 00000000 		.4byte	.Ldebug_ranges0+0
 152 001d 00000000 		.4byte	0
 153 0021 00000000 		.4byte	.Ldebug_line0
 154 0025 02       		.uleb128 0x2
 155 0026 04       		.byte	0x4
 156 0027 05       		.byte	0x5
 157 0028 696E7400 		.ascii	"int\000"
 158 002c 03       		.uleb128 0x3
 159 002d 04       		.byte	0x4
 160 002e 07       		.byte	0x7
 161 002f 3B000000 		.4byte	.LASF0
 162 0033 03       		.uleb128 0x3
 163 0034 01       		.byte	0x1
 164 0035 06       		.byte	0x6
 165 0036 27010000 		.4byte	.LASF1
 166 003a 03       		.uleb128 0x3
 167 003b 01       		.byte	0x1
 168 003c 08       		.byte	0x8
 169 003d 93000000 		.4byte	.LASF2
 170 0041 03       		.uleb128 0x3
 171 0042 02       		.byte	0x2
 172 0043 05       		.byte	0x5
 173 0044 CB010000 		.4byte	.LASF3
 174 0048 03       		.uleb128 0x3
 175 0049 02       		.byte	0x2
 176 004a 07       		.byte	0x7
 177 004b 14010000 		.4byte	.LASF4
 178 004f 03       		.uleb128 0x3
 179 0050 04       		.byte	0x4
 180 0051 05       		.byte	0x5
 181 0052 A6000000 		.4byte	.LASF5
 182 0056 03       		.uleb128 0x3
 183 0057 04       		.byte	0x4
 184 0058 07       		.byte	0x7
 185 0059 5D000000 		.4byte	.LASF6
 186 005d 03       		.uleb128 0x3
 187 005e 08       		.byte	0x8
 188 005f 05       		.byte	0x5
 189 0060 00000000 		.4byte	.LASF7
 190 0064 03       		.uleb128 0x3
 191 0065 08       		.byte	0x8
 192 0066 07       		.byte	0x7
 193 0067 7C000000 		.4byte	.LASF8
 194 006b 03       		.uleb128 0x3
 195 006c 04       		.byte	0x4
 196 006d 07       		.byte	0x7
 197 006e D5010000 		.4byte	.LASF9
 198 0072 03       		.uleb128 0x3
 199 0073 01       		.byte	0x1
 200 0074 08       		.byte	0x8
 201 0075 A1000000 		.4byte	.LASF10
 202 0079 04       		.uleb128 0x4
 203 007a 0E000000 		.4byte	.LASF13
 204 007e 02       		.byte	0x2
 205 007f BB01     		.2byte	0x1bb
ARM GAS  C:\Users\MM1005~1\AppData\Local\Temp\ccVgwoxa.s 			page 9


 206 0081 56000000 		.4byte	0x56
 207 0085 03       		.uleb128 0x3
 208 0086 04       		.byte	0x4
 209 0087 04       		.byte	0x4
 210 0088 C5010000 		.4byte	.LASF11
 211 008c 03       		.uleb128 0x3
 212 008d 08       		.byte	0x8
 213 008e 04       		.byte	0x4
 214 008f 07010000 		.4byte	.LASF12
 215 0093 04       		.uleb128 0x4
 216 0094 0E010000 		.4byte	.LASF14
 217 0098 02       		.byte	0x2
 218 0099 6502     		.2byte	0x265
 219 009b 9F000000 		.4byte	0x9f
 220 009f 05       		.uleb128 0x5
 221 00a0 79000000 		.4byte	0x79
 222 00a4 06       		.uleb128 0x6
 223 00a5 FC000000 		.4byte	.LASF18
 224 00a9 01       		.byte	0x1
 225 00aa 9B       		.byte	0x9b
 226 00ab 00000000 		.4byte	.LFB4
 227 00af 48000000 		.4byte	.LFE4-.LFB4
 228 00b3 01       		.uleb128 0x1
 229 00b4 9C       		.byte	0x9c
 230 00b5 C9000000 		.4byte	0xc9
 231 00b9 07       		.uleb128 0x7
 232 00ba 0E000000 		.4byte	.LVL0
 233 00be E8000000 		.4byte	0xe8
 234 00c2 08       		.uleb128 0x8
 235 00c3 01       		.uleb128 0x1
 236 00c4 50       		.byte	0x50
 237 00c5 01       		.uleb128 0x1
 238 00c6 48       		.byte	0x48
 239 00c7 00       		.byte	0
 240 00c8 00       		.byte	0
 241 00c9 09       		.uleb128 0x9
 242 00ca 6F000000 		.4byte	.LASF19
 243 00ce 01       		.byte	0x1
 244 00cf DD       		.byte	0xdd
 245 00d0 48000000 		.4byte	.LFB6
 246 00d4 4C000000 		.4byte	.LFE6-.LFB6
 247 00d8 01       		.uleb128 0x1
 248 00d9 9C       		.byte	0x9c
 249 00da E8000000 		.4byte	0xe8
 250 00de 0A       		.uleb128 0xa
 251 00df 78000000 		.4byte	.LVL1
 252 00e3 A4000000 		.4byte	0xa4
 253 00e7 00       		.byte	0
 254 00e8 0B       		.uleb128 0xb
 255 00e9 48000000 		.4byte	.LASF20
 256 00ed 03       		.byte	0x3
 257 00ee 6C       		.byte	0x6c
 258 00ef 0C       		.uleb128 0xc
 259 00f0 79000000 		.4byte	0x79
 260 00f4 00       		.byte	0
 261 00f5 00       		.byte	0
 262              		.section	.debug_abbrev,"",%progbits
ARM GAS  C:\Users\MM1005~1\AppData\Local\Temp\ccVgwoxa.s 			page 10


 263              	.Ldebug_abbrev0:
 264 0000 01       		.uleb128 0x1
 265 0001 11       		.uleb128 0x11
 266 0002 01       		.byte	0x1
 267 0003 25       		.uleb128 0x25
 268 0004 0E       		.uleb128 0xe
 269 0005 13       		.uleb128 0x13
 270 0006 0B       		.uleb128 0xb
 271 0007 03       		.uleb128 0x3
 272 0008 0E       		.uleb128 0xe
 273 0009 1B       		.uleb128 0x1b
 274 000a 0E       		.uleb128 0xe
 275 000b 55       		.uleb128 0x55
 276 000c 17       		.uleb128 0x17
 277 000d 11       		.uleb128 0x11
 278 000e 01       		.uleb128 0x1
 279 000f 10       		.uleb128 0x10
 280 0010 17       		.uleb128 0x17
 281 0011 00       		.byte	0
 282 0012 00       		.byte	0
 283 0013 02       		.uleb128 0x2
 284 0014 24       		.uleb128 0x24
 285 0015 00       		.byte	0
 286 0016 0B       		.uleb128 0xb
 287 0017 0B       		.uleb128 0xb
 288 0018 3E       		.uleb128 0x3e
 289 0019 0B       		.uleb128 0xb
 290 001a 03       		.uleb128 0x3
 291 001b 08       		.uleb128 0x8
 292 001c 00       		.byte	0
 293 001d 00       		.byte	0
 294 001e 03       		.uleb128 0x3
 295 001f 24       		.uleb128 0x24
 296 0020 00       		.byte	0
 297 0021 0B       		.uleb128 0xb
 298 0022 0B       		.uleb128 0xb
 299 0023 3E       		.uleb128 0x3e
 300 0024 0B       		.uleb128 0xb
 301 0025 03       		.uleb128 0x3
 302 0026 0E       		.uleb128 0xe
 303 0027 00       		.byte	0
 304 0028 00       		.byte	0
 305 0029 04       		.uleb128 0x4
 306 002a 16       		.uleb128 0x16
 307 002b 00       		.byte	0
 308 002c 03       		.uleb128 0x3
 309 002d 0E       		.uleb128 0xe
 310 002e 3A       		.uleb128 0x3a
 311 002f 0B       		.uleb128 0xb
 312 0030 3B       		.uleb128 0x3b
 313 0031 05       		.uleb128 0x5
 314 0032 49       		.uleb128 0x49
 315 0033 13       		.uleb128 0x13
 316 0034 00       		.byte	0
 317 0035 00       		.byte	0
 318 0036 05       		.uleb128 0x5
 319 0037 35       		.uleb128 0x35
ARM GAS  C:\Users\MM1005~1\AppData\Local\Temp\ccVgwoxa.s 			page 11


 320 0038 00       		.byte	0
 321 0039 49       		.uleb128 0x49
 322 003a 13       		.uleb128 0x13
 323 003b 00       		.byte	0
 324 003c 00       		.byte	0
 325 003d 06       		.uleb128 0x6
 326 003e 2E       		.uleb128 0x2e
 327 003f 01       		.byte	0x1
 328 0040 03       		.uleb128 0x3
 329 0041 0E       		.uleb128 0xe
 330 0042 3A       		.uleb128 0x3a
 331 0043 0B       		.uleb128 0xb
 332 0044 3B       		.uleb128 0x3b
 333 0045 0B       		.uleb128 0xb
 334 0046 27       		.uleb128 0x27
 335 0047 19       		.uleb128 0x19
 336 0048 11       		.uleb128 0x11
 337 0049 01       		.uleb128 0x1
 338 004a 12       		.uleb128 0x12
 339 004b 06       		.uleb128 0x6
 340 004c 40       		.uleb128 0x40
 341 004d 18       		.uleb128 0x18
 342 004e 9742     		.uleb128 0x2117
 343 0050 19       		.uleb128 0x19
 344 0051 01       		.uleb128 0x1
 345 0052 13       		.uleb128 0x13
 346 0053 00       		.byte	0
 347 0054 00       		.byte	0
 348 0055 07       		.uleb128 0x7
 349 0056 898201   		.uleb128 0x4109
 350 0059 01       		.byte	0x1
 351 005a 11       		.uleb128 0x11
 352 005b 01       		.uleb128 0x1
 353 005c 31       		.uleb128 0x31
 354 005d 13       		.uleb128 0x13
 355 005e 00       		.byte	0
 356 005f 00       		.byte	0
 357 0060 08       		.uleb128 0x8
 358 0061 8A8201   		.uleb128 0x410a
 359 0064 00       		.byte	0
 360 0065 02       		.uleb128 0x2
 361 0066 18       		.uleb128 0x18
 362 0067 9142     		.uleb128 0x2111
 363 0069 18       		.uleb128 0x18
 364 006a 00       		.byte	0
 365 006b 00       		.byte	0
 366 006c 09       		.uleb128 0x9
 367 006d 2E       		.uleb128 0x2e
 368 006e 01       		.byte	0x1
 369 006f 3F       		.uleb128 0x3f
 370 0070 19       		.uleb128 0x19
 371 0071 03       		.uleb128 0x3
 372 0072 0E       		.uleb128 0xe
 373 0073 3A       		.uleb128 0x3a
 374 0074 0B       		.uleb128 0xb
 375 0075 3B       		.uleb128 0x3b
 376 0076 0B       		.uleb128 0xb
ARM GAS  C:\Users\MM1005~1\AppData\Local\Temp\ccVgwoxa.s 			page 12


 377 0077 27       		.uleb128 0x27
 378 0078 19       		.uleb128 0x19
 379 0079 11       		.uleb128 0x11
 380 007a 01       		.uleb128 0x1
 381 007b 12       		.uleb128 0x12
 382 007c 06       		.uleb128 0x6
 383 007d 40       		.uleb128 0x40
 384 007e 18       		.uleb128 0x18
 385 007f 9742     		.uleb128 0x2117
 386 0081 19       		.uleb128 0x19
 387 0082 01       		.uleb128 0x1
 388 0083 13       		.uleb128 0x13
 389 0084 00       		.byte	0
 390 0085 00       		.byte	0
 391 0086 0A       		.uleb128 0xa
 392 0087 898201   		.uleb128 0x4109
 393 008a 00       		.byte	0
 394 008b 11       		.uleb128 0x11
 395 008c 01       		.uleb128 0x1
 396 008d 31       		.uleb128 0x31
 397 008e 13       		.uleb128 0x13
 398 008f 00       		.byte	0
 399 0090 00       		.byte	0
 400 0091 0B       		.uleb128 0xb
 401 0092 2E       		.uleb128 0x2e
 402 0093 01       		.byte	0x1
 403 0094 3F       		.uleb128 0x3f
 404 0095 19       		.uleb128 0x19
 405 0096 03       		.uleb128 0x3
 406 0097 0E       		.uleb128 0xe
 407 0098 3A       		.uleb128 0x3a
 408 0099 0B       		.uleb128 0xb
 409 009a 3B       		.uleb128 0x3b
 410 009b 0B       		.uleb128 0xb
 411 009c 27       		.uleb128 0x27
 412 009d 19       		.uleb128 0x19
 413 009e 3C       		.uleb128 0x3c
 414 009f 19       		.uleb128 0x19
 415 00a0 00       		.byte	0
 416 00a1 00       		.byte	0
 417 00a2 0C       		.uleb128 0xc
 418 00a3 05       		.uleb128 0x5
 419 00a4 00       		.byte	0
 420 00a5 49       		.uleb128 0x49
 421 00a6 13       		.uleb128 0x13
 422 00a7 00       		.byte	0
 423 00a8 00       		.byte	0
 424 00a9 00       		.byte	0
 425              		.section	.debug_aranges,"",%progbits
 426 0000 24000000 		.4byte	0x24
 427 0004 0200     		.2byte	0x2
 428 0006 00000000 		.4byte	.Ldebug_info0
 429 000a 04       		.byte	0x4
 430 000b 00       		.byte	0
 431 000c 0000     		.2byte	0
 432 000e 0000     		.2byte	0
 433 0010 00000000 		.4byte	.LFB4
ARM GAS  C:\Users\MM1005~1\AppData\Local\Temp\ccVgwoxa.s 			page 13


 434 0014 48000000 		.4byte	.LFE4-.LFB4
 435 0018 48000000 		.4byte	.LFB6
 436 001c 4C000000 		.4byte	.LFE6-.LFB6
 437 0020 00000000 		.4byte	0
 438 0024 00000000 		.4byte	0
 439              		.section	.debug_ranges,"",%progbits
 440              	.Ldebug_ranges0:
 441 0000 00000000 		.4byte	.LFB4
 442 0004 48000000 		.4byte	.LFE4
 443 0008 48000000 		.4byte	.LFB6
 444 000c 94000000 		.4byte	.LFE6
 445 0010 00000000 		.4byte	0
 446 0014 00000000 		.4byte	0
 447              		.section	.debug_line,"",%progbits
 448              	.Ldebug_line0:
 449 0000 7E000000 		.section	.debug_str,"MS",%progbits,1
 449      02005400 
 449      00000201 
 449      FB0E0D00 
 449      01010101 
 450              	.LASF7:
 451 0000 6C6F6E67 		.ascii	"long long int\000"
 451      206C6F6E 
 451      6720696E 
 451      7400
 452              	.LASF13:
 453 000e 75696E74 		.ascii	"uint32\000"
 453      333200
 454              	.LASF16:
 455 0015 47656E65 		.ascii	"Generated_Source\\PSoC4\\cyfitter_cfg.c\000"
 455      72617465 
 455      645F536F 
 455      75726365 
 455      5C50536F 
 456              	.LASF0:
 457 003b 756E7369 		.ascii	"unsigned int\000"
 457      676E6564 
 457      20696E74 
 457      00
 458              	.LASF20:
 459 0048 43795379 		.ascii	"CySysClkWriteImoFreq\000"
 459      73436C6B 
 459      57726974 
 459      65496D6F 
 459      46726571 
 460              	.LASF6:
 461 005d 6C6F6E67 		.ascii	"long unsigned int\000"
 461      20756E73 
 461      69676E65 
 461      6420696E 
 461      7400
 462              	.LASF19:
 463 006f 63796669 		.ascii	"cyfitter_cfg\000"
 463      74746572 
 463      5F636667 
 463      00
 464              	.LASF8:
ARM GAS  C:\Users\MM1005~1\AppData\Local\Temp\ccVgwoxa.s 			page 14


 465 007c 6C6F6E67 		.ascii	"long long unsigned int\000"
 465      206C6F6E 
 465      6720756E 
 465      7369676E 
 465      65642069 
 466              	.LASF2:
 467 0093 756E7369 		.ascii	"unsigned char\000"
 467      676E6564 
 467      20636861 
 467      7200
 468              	.LASF10:
 469 00a1 63686172 		.ascii	"char\000"
 469      00
 470              	.LASF5:
 471 00a6 6C6F6E67 		.ascii	"long int\000"
 471      20696E74 
 471      00
 472              	.LASF17:
 473 00af 433A5C77 		.ascii	"C:\\work\\Eddie\\capsense\\i2csimple\\SCB_I2cCommSl"
 473      6F726B5C 
 473      45646469 
 473      655C6361 
 473      7073656E 
 474 00dd 61766530 		.ascii	"ave01\\SCB_I2cCommSlave01.cydsn\000"
 474      315C5343 
 474      425F4932 
 474      63436F6D 
 474      6D536C61 
 475              	.LASF18:
 476 00fc 436C6F63 		.ascii	"ClockSetup\000"
 476      6B536574 
 476      757000
 477              	.LASF12:
 478 0107 646F7562 		.ascii	"double\000"
 478      6C6500
 479              	.LASF14:
 480 010e 72656733 		.ascii	"reg32\000"
 480      3200
 481              	.LASF4:
 482 0114 73686F72 		.ascii	"short unsigned int\000"
 482      7420756E 
 482      7369676E 
 482      65642069 
 482      6E7400
 483              	.LASF1:
 484 0127 7369676E 		.ascii	"signed char\000"
 484      65642063 
 484      68617200 
 485              	.LASF15:
 486 0133 474E5520 		.ascii	"GNU C 4.9.3 20150303 (release) [ARM/embedded-4_9-br"
 486      4320342E 
 486      392E3320 
 486      32303135 
 486      30333033 
 487 0166 616E6368 		.ascii	"anch revision 221220] -mcpu=cortex-m0plus -mthumb -"
 487      20726576 
 487      6973696F 
ARM GAS  C:\Users\MM1005~1\AppData\Local\Temp\ccVgwoxa.s 			page 15


 487      6E203232 
 487      31323230 
 488 0199 67202D4F 		.ascii	"g -Og -ffunction-sections -ffat-lto-objects\000"
 488      67202D66 
 488      66756E63 
 488      74696F6E 
 488      2D736563 
 489              	.LASF11:
 490 01c5 666C6F61 		.ascii	"float\000"
 490      7400
 491              	.LASF3:
 492 01cb 73686F72 		.ascii	"short int\000"
 492      7420696E 
 492      7400
 493              	.LASF9:
 494 01d5 73697A65 		.ascii	"sizetype\000"
 494      74797065 
 494      00
 495              		.ident	"GCC: (GNU Tools for ARM Embedded Processors) 4.9.3 20150303 (release) [ARM/embedded-4_9-br
