ARM GAS  C:\Users\BG1026~1\AppData\Local\Temp\cclqddo7.s 			page 1


   1              		.cpu cortex-m0plus
   2              		.fpu softvfp
   3              		.eabi_attribute 20, 1
   4              		.eabi_attribute 21, 1
   5              		.eabi_attribute 23, 3
   6              		.eabi_attribute 24, 1
   7              		.eabi_attribute 25, 1
   8              		.eabi_attribute 26, 1
   9              		.eabi_attribute 30, 1
  10              		.eabi_attribute 34, 0
  11              		.eabi_attribute 18, 4
  12              		.code	16
  13              		.file	"state.c"
  14              		.text
  15              	.Ltext0:
  16              		.cfi_sections	.debug_frame
  17              		.section	.text.get_is_telemetry_enable,"ax",%progbits
  18              		.align	2
  19              		.global	get_is_telemetry_enable
  20              		.code	16
  21              		.thumb_func
  22              		.type	get_is_telemetry_enable, %function
  23              	get_is_telemetry_enable:
  24              	.LFB35:
  25              		.file 1 "state.c"
   1:state.c       **** /* ========================================
   2:state.c       ****  *
   3:state.c       ****  * Copyright YOUR COMPANY, THE YEAR
   4:state.c       ****  * All Rights Reserved
   5:state.c       ****  * UNPUBLISHED, LICENSED SOFTWARE.
   6:state.c       ****  *
   7:state.c       ****  * CONFIDENTIAL AND PROPRIETARY INFORMATION
   8:state.c       ****  * WHICH IS THE PROPERTY OF your company.
   9:state.c       ****  *
  10:state.c       ****  * ========================================
  11:state.c       **** */
  12:state.c       **** #include "state.h"
  13:state.c       **** 
  14:state.c       **** //=============================================================================
  15:state.c       **** //=================================================================== constants
  16:state.c       **** //=============================================================================
  17:state.c       **** #define DEFAULT_NUMBER_OF_BUTTONS 6  // [1..NUMBER_OF_WHITE_LEDS]
  18:state.c       **** 
  19:state.c       **** //=============================================================================
  20:state.c       **** //============================================================ static variables
  21:state.c       **** //=============================================================================
  22:state.c       **** static BOOL             is_telemetry_enable          = FALSE; // enable/disable the telemetry, this
  23:state.c       **** static BOOL             is_sensor_telemetry_enable   = FALSE; // when enable: send the sensors stat
  24:state.c       **** static BOOL             is_auto_anim_rotation_enable = TRUE; // when enable: auto rotation of the l
  25:state.c       **** static BOOL             is_anim_on_button_up_enable  = TRUE; // when anable: start the selected lig
  26:state.c       **** static BOOL             is_tracker_enable            = TRUE;  // when enable: the finger tracker li
  27:state.c       **** static t_enum_animation current_callback_anim        = ANIM_LEFT_RIGHT;
  28:state.c       **** static uint16           number_of_buttons            = DEFAULT_NUMBER_OF_BUTTONS;
  29:state.c       **** static uint_fast64_t    timer_interrrupt_count       = 0;
  30:state.c       **** static const char*      software_version             = "0.07";
  31:state.c       **** 
  32:state.c       **** //=============================================================================
ARM GAS  C:\Users\BG1026~1\AppData\Local\Temp\cclqddo7.s 			page 2


  33:state.c       **** //===================================================== get_is_telemetry_enable
  34:state.c       **** //=============================================================================
  35:state.c       **** BOOL get_is_telemetry_enable()
  36:state.c       **** {
  26              		.loc 1 36 0
  27              		.cfi_startproc
  37:state.c       ****     return is_telemetry_enable;
  28              		.loc 1 37 0
  29 0000 014B     		ldr	r3, .L2
  30 0002 1878     		ldrb	r0, [r3]
  38:state.c       **** }// get_is_telemetry_enable
  31              		.loc 1 38 0
  32              		@ sp needed
  33 0004 7047     		bx	lr
  34              	.L3:
  35 0006 C046     		.align	2
  36              	.L2:
  37 0008 00000000 		.word	.LANCHOR0
  38              		.cfi_endproc
  39              	.LFE35:
  40              		.size	get_is_telemetry_enable, .-get_is_telemetry_enable
  41              		.section	.text.set_is_telemetry_enable,"ax",%progbits
  42              		.align	2
  43              		.global	set_is_telemetry_enable
  44              		.code	16
  45              		.thumb_func
  46              		.type	set_is_telemetry_enable, %function
  47              	set_is_telemetry_enable:
  48              	.LFB36:
  39:state.c       **** 
  40:state.c       **** //=============================================================================
  41:state.c       **** //===================================================== set_is_telemetry_enable
  42:state.c       **** //=============================================================================
  43:state.c       **** void set_is_telemetry_enable(BOOL the_is_telemetry_enable)
  44:state.c       **** {
  49              		.loc 1 44 0
  50              		.cfi_startproc
  51              	.LVL0:
  45:state.c       ****     is_telemetry_enable = the_is_telemetry_enable;
  52              		.loc 1 45 0
  53 0000 014B     		ldr	r3, .L5
  54 0002 1870     		strb	r0, [r3]
  46:state.c       **** }// set_is_telemetry_enable
  55              		.loc 1 46 0
  56              		@ sp needed
  57 0004 7047     		bx	lr
  58              	.L6:
  59 0006 C046     		.align	2
  60              	.L5:
  61 0008 00000000 		.word	.LANCHOR0
  62              		.cfi_endproc
  63              	.LFE36:
  64              		.size	set_is_telemetry_enable, .-set_is_telemetry_enable
  65              		.section	.text.get_is_sensor_telemetry_enable,"ax",%progbits
  66              		.align	2
  67              		.global	get_is_sensor_telemetry_enable
  68              		.code	16
ARM GAS  C:\Users\BG1026~1\AppData\Local\Temp\cclqddo7.s 			page 3


  69              		.thumb_func
  70              		.type	get_is_sensor_telemetry_enable, %function
  71              	get_is_sensor_telemetry_enable:
  72              	.LFB37:
  47:state.c       **** 
  48:state.c       **** //=============================================================================
  49:state.c       **** //============================================== get_is_sensor_telemetry_enable
  50:state.c       **** //=============================================================================
  51:state.c       **** BOOL get_is_sensor_telemetry_enable()
  52:state.c       **** {
  73              		.loc 1 52 0
  74              		.cfi_startproc
  53:state.c       ****     return is_sensor_telemetry_enable;
  75              		.loc 1 53 0
  76 0000 014B     		ldr	r3, .L8
  77 0002 5878     		ldrb	r0, [r3, #1]
  54:state.c       **** }// get_is_sensor_telemetry_enable
  78              		.loc 1 54 0
  79              		@ sp needed
  80 0004 7047     		bx	lr
  81              	.L9:
  82 0006 C046     		.align	2
  83              	.L8:
  84 0008 00000000 		.word	.LANCHOR0
  85              		.cfi_endproc
  86              	.LFE37:
  87              		.size	get_is_sensor_telemetry_enable, .-get_is_sensor_telemetry_enable
  88              		.section	.text.set_is_sensor_telemetry_enable,"ax",%progbits
  89              		.align	2
  90              		.global	set_is_sensor_telemetry_enable
  91              		.code	16
  92              		.thumb_func
  93              		.type	set_is_sensor_telemetry_enable, %function
  94              	set_is_sensor_telemetry_enable:
  95              	.LFB38:
  55:state.c       **** 
  56:state.c       **** //=============================================================================
  57:state.c       **** //============================================== set_is_sensor_telemetry_enable
  58:state.c       **** //=============================================================================
  59:state.c       **** void set_is_sensor_telemetry_enable(BOOL the_is_sensor_telemetry_enable)
  60:state.c       **** {
  96              		.loc 1 60 0
  97              		.cfi_startproc
  98              	.LVL1:
  61:state.c       ****     is_sensor_telemetry_enable = the_is_sensor_telemetry_enable;
  99              		.loc 1 61 0
 100 0000 014B     		ldr	r3, .L11
 101 0002 5870     		strb	r0, [r3, #1]
  62:state.c       **** }// set_is_sensor_telemetry_enable
 102              		.loc 1 62 0
 103              		@ sp needed
 104 0004 7047     		bx	lr
 105              	.L12:
 106 0006 C046     		.align	2
 107              	.L11:
 108 0008 00000000 		.word	.LANCHOR0
 109              		.cfi_endproc
ARM GAS  C:\Users\BG1026~1\AppData\Local\Temp\cclqddo7.s 			page 4


 110              	.LFE38:
 111              		.size	set_is_sensor_telemetry_enable, .-set_is_sensor_telemetry_enable
 112              		.section	.text.get_is_auto_anim_rotation_enable,"ax",%progbits
 113              		.align	2
 114              		.global	get_is_auto_anim_rotation_enable
 115              		.code	16
 116              		.thumb_func
 117              		.type	get_is_auto_anim_rotation_enable, %function
 118              	get_is_auto_anim_rotation_enable:
 119              	.LFB39:
  63:state.c       **** 
  64:state.c       **** //=============================================================================
  65:state.c       **** //============================================ get_is_auto_anim_rotation_enable
  66:state.c       **** //=============================================================================
  67:state.c       **** BOOL get_is_auto_anim_rotation_enable()
  68:state.c       **** {
 120              		.loc 1 68 0
 121              		.cfi_startproc
  69:state.c       ****     return is_auto_anim_rotation_enable;
 122              		.loc 1 69 0
 123 0000 014B     		ldr	r3, .L14
 124 0002 1878     		ldrb	r0, [r3]
  70:state.c       **** }// get_is_auto_anim_rotation_enable
 125              		.loc 1 70 0
 126              		@ sp needed
 127 0004 7047     		bx	lr
 128              	.L15:
 129 0006 C046     		.align	2
 130              	.L14:
 131 0008 00000000 		.word	.LANCHOR1
 132              		.cfi_endproc
 133              	.LFE39:
 134              		.size	get_is_auto_anim_rotation_enable, .-get_is_auto_anim_rotation_enable
 135              		.section	.text.set_is_auto_anim_rotation_enable,"ax",%progbits
 136              		.align	2
 137              		.global	set_is_auto_anim_rotation_enable
 138              		.code	16
 139              		.thumb_func
 140              		.type	set_is_auto_anim_rotation_enable, %function
 141              	set_is_auto_anim_rotation_enable:
 142              	.LFB40:
  71:state.c       **** 
  72:state.c       **** //=============================================================================
  73:state.c       **** //============================================ set_is_auto_anim_rotation_enable
  74:state.c       **** //=============================================================================
  75:state.c       **** void set_is_auto_anim_rotation_enable(BOOL the_is_auto_anim_rotation_enable)
  76:state.c       **** {
 143              		.loc 1 76 0
 144              		.cfi_startproc
 145              	.LVL2:
  77:state.c       ****     is_auto_anim_rotation_enable = the_is_auto_anim_rotation_enable;
 146              		.loc 1 77 0
 147 0000 014B     		ldr	r3, .L17
 148 0002 1870     		strb	r0, [r3]
  78:state.c       **** }// set_is_auto_anim_rotation_enable
 149              		.loc 1 78 0
 150              		@ sp needed
ARM GAS  C:\Users\BG1026~1\AppData\Local\Temp\cclqddo7.s 			page 5


 151 0004 7047     		bx	lr
 152              	.L18:
 153 0006 C046     		.align	2
 154              	.L17:
 155 0008 00000000 		.word	.LANCHOR1
 156              		.cfi_endproc
 157              	.LFE40:
 158              		.size	set_is_auto_anim_rotation_enable, .-set_is_auto_anim_rotation_enable
 159              		.section	.text.get_is_anim_on_button_up_enable,"ax",%progbits
 160              		.align	2
 161              		.global	get_is_anim_on_button_up_enable
 162              		.code	16
 163              		.thumb_func
 164              		.type	get_is_anim_on_button_up_enable, %function
 165              	get_is_anim_on_button_up_enable:
 166              	.LFB41:
  79:state.c       **** 
  80:state.c       **** //=============================================================================
  81:state.c       **** //============================================= get_is_anim_on_button_up_enable
  82:state.c       **** //=============================================================================
  83:state.c       **** BOOL get_is_anim_on_button_up_enable()
  84:state.c       **** {
 167              		.loc 1 84 0
 168              		.cfi_startproc
  85:state.c       ****     return is_anim_on_button_up_enable;
 169              		.loc 1 85 0
 170 0000 014B     		ldr	r3, .L20
 171 0002 5878     		ldrb	r0, [r3, #1]
  86:state.c       **** }// get_is_anim_on_button_up_enable
 172              		.loc 1 86 0
 173              		@ sp needed
 174 0004 7047     		bx	lr
 175              	.L21:
 176 0006 C046     		.align	2
 177              	.L20:
 178 0008 00000000 		.word	.LANCHOR1
 179              		.cfi_endproc
 180              	.LFE41:
 181              		.size	get_is_anim_on_button_up_enable, .-get_is_anim_on_button_up_enable
 182              		.section	.text.set_is_anim_on_button_up_enable,"ax",%progbits
 183              		.align	2
 184              		.global	set_is_anim_on_button_up_enable
 185              		.code	16
 186              		.thumb_func
 187              		.type	set_is_anim_on_button_up_enable, %function
 188              	set_is_anim_on_button_up_enable:
 189              	.LFB42:
  87:state.c       **** 
  88:state.c       **** //=============================================================================
  89:state.c       **** //============================================= set_is_anim_on_button_up_enable
  90:state.c       **** //=============================================================================
  91:state.c       **** void set_is_anim_on_button_up_enable(BOOL the_is_anim_on_button_up_enable)
  92:state.c       **** {
 190              		.loc 1 92 0
 191              		.cfi_startproc
 192              	.LVL3:
  93:state.c       ****     is_anim_on_button_up_enable = the_is_anim_on_button_up_enable;
ARM GAS  C:\Users\BG1026~1\AppData\Local\Temp\cclqddo7.s 			page 6


 193              		.loc 1 93 0
 194 0000 014B     		ldr	r3, .L23
 195 0002 5870     		strb	r0, [r3, #1]
  94:state.c       **** }// set_is_anim_on_button_up_enable
 196              		.loc 1 94 0
 197              		@ sp needed
 198 0004 7047     		bx	lr
 199              	.L24:
 200 0006 C046     		.align	2
 201              	.L23:
 202 0008 00000000 		.word	.LANCHOR1
 203              		.cfi_endproc
 204              	.LFE42:
 205              		.size	set_is_anim_on_button_up_enable, .-set_is_anim_on_button_up_enable
 206              		.section	.text.get_is_tracker_enable,"ax",%progbits
 207              		.align	2
 208              		.global	get_is_tracker_enable
 209              		.code	16
 210              		.thumb_func
 211              		.type	get_is_tracker_enable, %function
 212              	get_is_tracker_enable:
 213              	.LFB43:
  95:state.c       **** 
  96:state.c       **** //=============================================================================
  97:state.c       **** //======================================================= get_is_tracker_enable
  98:state.c       **** //=============================================================================
  99:state.c       **** BOOL get_is_tracker_enable()
 100:state.c       **** {
 214              		.loc 1 100 0
 215              		.cfi_startproc
 101:state.c       ****     return is_tracker_enable;
 216              		.loc 1 101 0
 217 0000 014B     		ldr	r3, .L26
 218 0002 9878     		ldrb	r0, [r3, #2]
 102:state.c       ****     
 103:state.c       **** }// get_is_tracker_enable
 219              		.loc 1 103 0
 220              		@ sp needed
 221 0004 7047     		bx	lr
 222              	.L27:
 223 0006 C046     		.align	2
 224              	.L26:
 225 0008 00000000 		.word	.LANCHOR1
 226              		.cfi_endproc
 227              	.LFE43:
 228              		.size	get_is_tracker_enable, .-get_is_tracker_enable
 229              		.section	.text.set_is_tracker_enable,"ax",%progbits
 230              		.align	2
 231              		.global	set_is_tracker_enable
 232              		.code	16
 233              		.thumb_func
 234              		.type	set_is_tracker_enable, %function
 235              	set_is_tracker_enable:
 236              	.LFB44:
 104:state.c       **** 
 105:state.c       **** //=============================================================================
 106:state.c       **** //======================================================= set_is_tracker_enable
ARM GAS  C:\Users\BG1026~1\AppData\Local\Temp\cclqddo7.s 			page 7


 107:state.c       **** //=============================================================================
 108:state.c       **** void set_is_tracker_enable(BOOL the_is_tracker_enable)
 109:state.c       **** {
 237              		.loc 1 109 0
 238              		.cfi_startproc
 239              	.LVL4:
 110:state.c       ****     is_tracker_enable = the_is_tracker_enable;
 240              		.loc 1 110 0
 241 0000 014B     		ldr	r3, .L29
 242 0002 9870     		strb	r0, [r3, #2]
 111:state.c       **** }// set_is_tracker_enable
 243              		.loc 1 111 0
 244              		@ sp needed
 245 0004 7047     		bx	lr
 246              	.L30:
 247 0006 C046     		.align	2
 248              	.L29:
 249 0008 00000000 		.word	.LANCHOR1
 250              		.cfi_endproc
 251              	.LFE44:
 252              		.size	set_is_tracker_enable, .-set_is_tracker_enable
 253              		.section	.text.get_current_callback_anim,"ax",%progbits
 254              		.align	2
 255              		.global	get_current_callback_anim
 256              		.code	16
 257              		.thumb_func
 258              		.type	get_current_callback_anim, %function
 259              	get_current_callback_anim:
 260              	.LFB45:
 112:state.c       **** 
 113:state.c       **** //=============================================================================
 114:state.c       **** //=================================================== get_current_callback_anim
 115:state.c       **** //=============================================================================
 116:state.c       **** t_enum_animation get_current_callback_anim()
 117:state.c       **** {
 261              		.loc 1 117 0
 262              		.cfi_startproc
 118:state.c       ****     return current_callback_anim;
 263              		.loc 1 118 0
 264 0000 014B     		ldr	r3, .L32
 265 0002 9878     		ldrb	r0, [r3, #2]
 119:state.c       **** }// get_current_callback_anim
 266              		.loc 1 119 0
 267              		@ sp needed
 268 0004 7047     		bx	lr
 269              	.L33:
 270 0006 C046     		.align	2
 271              	.L32:
 272 0008 00000000 		.word	.LANCHOR0
 273              		.cfi_endproc
 274              	.LFE45:
 275              		.size	get_current_callback_anim, .-get_current_callback_anim
 276              		.section	.text.set_current_callback_anim,"ax",%progbits
 277              		.align	2
 278              		.global	set_current_callback_anim
 279              		.code	16
 280              		.thumb_func
ARM GAS  C:\Users\BG1026~1\AppData\Local\Temp\cclqddo7.s 			page 8


 281              		.type	set_current_callback_anim, %function
 282              	set_current_callback_anim:
 283              	.LFB46:
 120:state.c       **** 
 121:state.c       **** //=============================================================================
 122:state.c       **** //=================================================== set_current_callback_anim
 123:state.c       **** //=============================================================================
 124:state.c       **** void set_current_callback_anim(t_enum_animation the_current_callback_anim)
 125:state.c       **** {
 284              		.loc 1 125 0
 285              		.cfi_startproc
 286              	.LVL5:
 126:state.c       ****     current_callback_anim = the_current_callback_anim;
 287              		.loc 1 126 0
 288 0000 014B     		ldr	r3, .L35
 289 0002 9870     		strb	r0, [r3, #2]
 127:state.c       **** }// set_current_callback_anim
 290              		.loc 1 127 0
 291              		@ sp needed
 292 0004 7047     		bx	lr
 293              	.L36:
 294 0006 C046     		.align	2
 295              	.L35:
 296 0008 00000000 		.word	.LANCHOR0
 297              		.cfi_endproc
 298              	.LFE46:
 299              		.size	set_current_callback_anim, .-set_current_callback_anim
 300              		.section	.text.get_number_of_buttons,"ax",%progbits
 301              		.align	2
 302              		.global	get_number_of_buttons
 303              		.code	16
 304              		.thumb_func
 305              		.type	get_number_of_buttons, %function
 306              	get_number_of_buttons:
 307              	.LFB47:
 128:state.c       **** 
 129:state.c       **** //=============================================================================
 130:state.c       **** //======================================================= get_number_of_buttons
 131:state.c       **** //=============================================================================
 132:state.c       **** uint16 get_number_of_buttons()
 133:state.c       **** {
 308              		.loc 1 133 0
 309              		.cfi_startproc
 134:state.c       ****     return number_of_buttons;
 135:state.c       **** }// get_number_of_buttons
 310              		.loc 1 135 0
 311 0000 0620     		mov	r0, #6
 312              		@ sp needed
 313 0002 7047     		bx	lr
 314              		.cfi_endproc
 315              	.LFE47:
 316              		.size	get_number_of_buttons, .-get_number_of_buttons
 317              		.section	.text.set_number_of_buttons,"ax",%progbits
 318              		.align	2
 319              		.global	set_number_of_buttons
 320              		.code	16
 321              		.thumb_func
ARM GAS  C:\Users\BG1026~1\AppData\Local\Temp\cclqddo7.s 			page 9


 322              		.type	set_number_of_buttons, %function
 323              	set_number_of_buttons:
 324              	.LFB48:
 136:state.c       **** 
 137:state.c       **** //=============================================================================
 138:state.c       **** //======================================================= set_number_of_buttons 
 139:state.c       **** //=============================================================================
 140:state.c       **** void set_number_of_buttons(uint16 the_number_of_buttons)
 141:state.c       **** {
 325              		.loc 1 141 0
 326              		.cfi_startproc
 327              	.LVL6:
 142:state.c       ****     the_number_of_buttons = number_of_buttons;
 143:state.c       **** }// set_number_of_buttons
 328              		.loc 1 143 0
 329              		@ sp needed
 330 0000 7047     		bx	lr
 331              		.cfi_endproc
 332              	.LFE48:
 333              		.size	set_number_of_buttons, .-set_number_of_buttons
 334 0002 C046     		.section	.text.get_timer_interrrupt_count,"ax",%progbits
 335              		.align	2
 336              		.global	get_timer_interrrupt_count
 337              		.code	16
 338              		.thumb_func
 339              		.type	get_timer_interrrupt_count, %function
 340              	get_timer_interrrupt_count:
 341              	.LFB49:
 144:state.c       **** 
 145:state.c       **** //=============================================================================
 146:state.c       **** //================================================== get_timer_interrrupt_count
 147:state.c       **** //=============================================================================
 148:state.c       **** uint_fast64_t get_timer_interrrupt_count()
 149:state.c       **** {
 342              		.loc 1 149 0
 343              		.cfi_startproc
 150:state.c       ****     return timer_interrrupt_count;
 344              		.loc 1 150 0
 345 0000 014B     		ldr	r3, .L40
 346 0002 9868     		ldr	r0, [r3, #8]
 347 0004 D968     		ldr	r1, [r3, #12]
 151:state.c       **** }// get_timer_interrrupt_count
 348              		.loc 1 151 0
 349              		@ sp needed
 350 0006 7047     		bx	lr
 351              	.L41:
 352              		.align	2
 353              	.L40:
 354 0008 00000000 		.word	.LANCHOR0
 355              		.cfi_endproc
 356              	.LFE49:
 357              		.size	get_timer_interrrupt_count, .-get_timer_interrrupt_count
 358              		.section	.text.set_timer_interrrupt_count,"ax",%progbits
 359              		.align	2
 360              		.global	set_timer_interrrupt_count
 361              		.code	16
 362              		.thumb_func
ARM GAS  C:\Users\BG1026~1\AppData\Local\Temp\cclqddo7.s 			page 10


 363              		.type	set_timer_interrrupt_count, %function
 364              	set_timer_interrrupt_count:
 365              	.LFB50:
 152:state.c       **** 
 153:state.c       **** //=============================================================================
 154:state.c       **** //================================================== set_timer_interrrupt_count
 155:state.c       **** //=============================================================================
 156:state.c       **** void set_timer_interrrupt_count(uint_fast64_t the_timer_interrrupt_count)
 157:state.c       **** {
 366              		.loc 1 157 0
 367              		.cfi_startproc
 368              	.LVL7:
 158:state.c       ****     timer_interrrupt_count = the_timer_interrrupt_count;
 369              		.loc 1 158 0
 370 0000 014B     		ldr	r3, .L43
 371 0002 9860     		str	r0, [r3, #8]
 372 0004 D960     		str	r1, [r3, #12]
 159:state.c       **** }// set_timer_interrrupt_count
 373              		.loc 1 159 0
 374              		@ sp needed
 375 0006 7047     		bx	lr
 376              	.L44:
 377              		.align	2
 378              	.L43:
 379 0008 00000000 		.word	.LANCHOR0
 380              		.cfi_endproc
 381              	.LFE50:
 382              		.size	set_timer_interrrupt_count, .-set_timer_interrrupt_count
 383              		.section	.text.get_software_version,"ax",%progbits
 384              		.align	2
 385              		.global	get_software_version
 386              		.code	16
 387              		.thumb_func
 388              		.type	get_software_version, %function
 389              	get_software_version:
 390              	.LFB51:
 160:state.c       **** 
 161:state.c       **** //=============================================================================
 162:state.c       **** //======================================================== get_software_version
 163:state.c       **** //=============================================================================
 164:state.c       **** const char* get_software_version()
 165:state.c       **** {
 391              		.loc 1 165 0
 392              		.cfi_startproc
 166:state.c       ****     return software_version;    
 167:state.c       **** }// get_software_version
 393              		.loc 1 167 0
 394 0000 0048     		ldr	r0, .L46
 395              		@ sp needed
 396 0002 7047     		bx	lr
 397              	.L47:
 398              		.align	2
 399              	.L46:
 400 0004 00000000 		.word	.LC14
 401              		.cfi_endproc
 402              	.LFE51:
 403              		.size	get_software_version, .-get_software_version
ARM GAS  C:\Users\BG1026~1\AppData\Local\Temp\cclqddo7.s 			page 11


 404              		.data
 405              		.set	.LANCHOR1,. + 0
 406              		.type	is_auto_anim_rotation_enable, %object
 407              		.size	is_auto_anim_rotation_enable, 1
 408              	is_auto_anim_rotation_enable:
 409 0000 01       		.byte	1
 410              		.type	is_anim_on_button_up_enable, %object
 411              		.size	is_anim_on_button_up_enable, 1
 412              	is_anim_on_button_up_enable:
 413 0001 01       		.byte	1
 414              		.type	is_tracker_enable, %object
 415              		.size	is_tracker_enable, 1
 416              	is_tracker_enable:
 417 0002 01       		.byte	1
 418              		.section	.rodata.str1.4,"aMS",%progbits,1
 419              		.align	2
 420              	.LC14:
 421 0000 302E3037 		.ascii	"0.07\000"
 421      00
 422 0005 000000   		.bss
 423              		.align	3
 424              		.set	.LANCHOR0,. + 0
 425              		.type	is_telemetry_enable, %object
 426              		.size	is_telemetry_enable, 1
 427              	is_telemetry_enable:
 428 0000 00       		.space	1
 429              		.type	is_sensor_telemetry_enable, %object
 430              		.size	is_sensor_telemetry_enable, 1
 431              	is_sensor_telemetry_enable:
 432 0001 00       		.space	1
 433              		.type	current_callback_anim, %object
 434              		.size	current_callback_anim, 1
 435              	current_callback_anim:
 436 0002 00       		.space	1
 437 0003 00000000 		.space	5
 437      00
 438              		.type	timer_interrrupt_count, %object
 439              		.size	timer_interrrupt_count, 8
 440              	timer_interrrupt_count:
 441 0008 00000000 		.space	8
 441      00000000 
 442              		.text
 443              	.Letext0:
 444              		.file 2 "c:\\program files (x86)\\cypress\\psoc creator\\4.0\\psoc creator\\import\\gnu\\arm\\4.9.
 445              		.file 3 "Generated_Source\\PSoC4/cytypes.h"
 446              		.file 4 "animation.h"
 447              		.section	.debug_info,"",%progbits
 448              	.Ldebug_info0:
 449 0000 8A030000 		.4byte	0x38a
 450 0004 0400     		.2byte	0x4
 451 0006 00000000 		.4byte	.Ldebug_abbrev0
 452 000a 04       		.byte	0x4
 453 000b 01       		.uleb128 0x1
 454 000c 54000000 		.4byte	.LASF61
 455 0010 01       		.byte	0x1
 456 0011 6B010000 		.4byte	.LASF62
 457 0015 3B010000 		.4byte	.LASF63
ARM GAS  C:\Users\BG1026~1\AppData\Local\Temp\cclqddo7.s 			page 12


 458 0019 00000000 		.4byte	.Ldebug_ranges0+0
 459 001d 00000000 		.4byte	0
 460 0021 00000000 		.4byte	.Ldebug_line0
 461 0025 02       		.uleb128 0x2
 462 0026 01       		.byte	0x1
 463 0027 06       		.byte	0x6
 464 0028 0C030000 		.4byte	.LASF0
 465 002c 02       		.uleb128 0x2
 466 002d 01       		.byte	0x1
 467 002e 08       		.byte	0x8
 468 002f C9020000 		.4byte	.LASF1
 469 0033 02       		.uleb128 0x2
 470 0034 02       		.byte	0x2
 471 0035 05       		.byte	0x5
 472 0036 32000000 		.4byte	.LASF2
 473 003a 02       		.uleb128 0x2
 474 003b 02       		.byte	0x2
 475 003c 07       		.byte	0x7
 476 003d AC030000 		.4byte	.LASF3
 477 0041 02       		.uleb128 0x2
 478 0042 04       		.byte	0x4
 479 0043 05       		.byte	0x5
 480 0044 39020000 		.4byte	.LASF4
 481 0048 02       		.uleb128 0x2
 482 0049 04       		.byte	0x4
 483 004a 07       		.byte	0x7
 484 004b 3D040000 		.4byte	.LASF5
 485 004f 02       		.uleb128 0x2
 486 0050 08       		.byte	0x8
 487 0051 05       		.byte	0x5
 488 0052 2B020000 		.4byte	.LASF6
 489 0056 02       		.uleb128 0x2
 490 0057 08       		.byte	0x8
 491 0058 07       		.byte	0x7
 492 0059 18030000 		.4byte	.LASF7
 493 005d 03       		.uleb128 0x3
 494 005e 04       		.byte	0x4
 495 005f 05       		.byte	0x5
 496 0060 696E7400 		.ascii	"int\000"
 497 0064 02       		.uleb128 0x2
 498 0065 04       		.byte	0x4
 499 0066 07       		.byte	0x7
 500 0067 2F030000 		.4byte	.LASF8
 501 006b 04       		.uleb128 0x4
 502 006c 8B010000 		.4byte	.LASF9
 503 0070 02       		.byte	0x2
 504 0071 69       		.byte	0x69
 505 0072 56000000 		.4byte	0x56
 506 0076 05       		.uleb128 0x5
 507 0077 A0010000 		.4byte	.LASF10
 508 007b 03       		.byte	0x3
 509 007c B901     		.2byte	0x1b9
 510 007e 2C000000 		.4byte	0x2c
 511 0082 05       		.uleb128 0x5
 512 0083 99010000 		.4byte	.LASF11
 513 0087 03       		.byte	0x3
 514 0088 BA01     		.2byte	0x1ba
ARM GAS  C:\Users\BG1026~1\AppData\Local\Temp\cclqddo7.s 			page 13


 515 008a 3A000000 		.4byte	0x3a
 516 008e 02       		.uleb128 0x2
 517 008f 04       		.byte	0x4
 518 0090 04       		.byte	0x4
 519 0091 EA010000 		.4byte	.LASF12
 520 0095 02       		.uleb128 0x2
 521 0096 08       		.byte	0x8
 522 0097 04       		.byte	0x4
 523 0098 59050000 		.4byte	.LASF13
 524 009c 02       		.uleb128 0x2
 525 009d 01       		.byte	0x1
 526 009e 08       		.byte	0x8
 527 009f BF030000 		.4byte	.LASF14
 528 00a3 02       		.uleb128 0x2
 529 00a4 04       		.byte	0x4
 530 00a5 07       		.byte	0x7
 531 00a6 05050000 		.4byte	.LASF15
 532 00aa 06       		.uleb128 0x6
 533 00ab 04       		.byte	0x4
 534 00ac B0000000 		.4byte	0xb0
 535 00b0 07       		.uleb128 0x7
 536 00b1 9C000000 		.4byte	0x9c
 537 00b5 08       		.uleb128 0x8
 538 00b6 F6040000 		.4byte	.LASF64
 539 00ba 01       		.byte	0x1
 540 00bb 04       		.byte	0x4
 541 00bc 15       		.byte	0x15
 542 00bd FE000000 		.4byte	0xfe
 543 00c1 09       		.uleb128 0x9
 544 00c2 89050000 		.4byte	.LASF16
 545 00c6 00       		.sleb128 0
 546 00c7 09       		.uleb128 0x9
 547 00c8 2F050000 		.4byte	.LASF17
 548 00cc 01       		.sleb128 1
 549 00cd 09       		.uleb128 0x9
 550 00ce AF050000 		.4byte	.LASF18
 551 00d2 02       		.sleb128 2
 552 00d3 09       		.uleb128 0x9
 553 00d4 76050000 		.4byte	.LASF19
 554 00d8 03       		.sleb128 3
 555 00d9 09       		.uleb128 0x9
 556 00da E6000000 		.4byte	.LASF20
 557 00de 04       		.sleb128 4
 558 00df 09       		.uleb128 0x9
 559 00e0 D6030000 		.4byte	.LASF21
 560 00e4 05       		.sleb128 5
 561 00e5 09       		.uleb128 0x9
 562 00e6 4F040000 		.4byte	.LASF22
 563 00ea 06       		.sleb128 6
 564 00eb 09       		.uleb128 0x9
 565 00ec 0C010000 		.4byte	.LASF23
 566 00f0 07       		.sleb128 7
 567 00f1 09       		.uleb128 0x9
 568 00f2 C5010000 		.4byte	.LASF24
 569 00f6 08       		.sleb128 8
 570 00f7 09       		.uleb128 0x9
 571 00f8 EA030000 		.4byte	.LASF25
ARM GAS  C:\Users\BG1026~1\AppData\Local\Temp\cclqddo7.s 			page 14


 572 00fc 09       		.sleb128 9
 573 00fd 00       		.byte	0
 574 00fe 04       		.uleb128 0x4
 575 00ff 21000000 		.4byte	.LASF26
 576 0103 04       		.byte	0x4
 577 0104 21       		.byte	0x21
 578 0105 B5000000 		.4byte	0xb5
 579 0109 0A       		.uleb128 0xa
 580 010a B0040000 		.4byte	.LASF27
 581 010e 01       		.byte	0x1
 582 010f 23       		.byte	0x23
 583 0110 76000000 		.4byte	0x76
 584 0114 00000000 		.4byte	.LFB35
 585 0118 0C000000 		.4byte	.LFE35-.LFB35
 586 011c 01       		.uleb128 0x1
 587 011d 9C       		.byte	0x9c
 588 011e 0B       		.uleb128 0xb
 589 011f 3C000000 		.4byte	.LASF29
 590 0123 01       		.byte	0x1
 591 0124 2B       		.byte	0x2b
 592 0125 00000000 		.4byte	.LFB36
 593 0129 0C000000 		.4byte	.LFE36-.LFB36
 594 012d 01       		.uleb128 0x1
 595 012e 9C       		.byte	0x9c
 596 012f 41010000 		.4byte	0x141
 597 0133 0C       		.uleb128 0xc
 598 0134 73010000 		.4byte	.LASF31
 599 0138 01       		.byte	0x1
 600 0139 2B       		.byte	0x2b
 601 013a 76000000 		.4byte	0x76
 602 013e 01       		.uleb128 0x1
 603 013f 50       		.byte	0x50
 604 0140 00       		.byte	0
 605 0141 0A       		.uleb128 0xa
 606 0142 8A020000 		.4byte	.LASF28
 607 0146 01       		.byte	0x1
 608 0147 33       		.byte	0x33
 609 0148 76000000 		.4byte	0x76
 610 014c 00000000 		.4byte	.LFB37
 611 0150 0C000000 		.4byte	.LFE37-.LFB37
 612 0154 01       		.uleb128 0x1
 613 0155 9C       		.byte	0x9c
 614 0156 0B       		.uleb128 0xb
 615 0157 A6010000 		.4byte	.LASF30
 616 015b 01       		.byte	0x1
 617 015c 3B       		.byte	0x3b
 618 015d 00000000 		.4byte	.LFB38
 619 0161 0C000000 		.4byte	.LFE38-.LFB38
 620 0165 01       		.uleb128 0x1
 621 0166 9C       		.byte	0x9c
 622 0167 79010000 		.4byte	0x179
 623 016b 0C       		.uleb128 0xc
 624 016c 59030000 		.4byte	.LASF32
 625 0170 01       		.byte	0x1
 626 0171 3B       		.byte	0x3b
 627 0172 76000000 		.4byte	0x76
 628 0176 01       		.uleb128 0x1
ARM GAS  C:\Users\BG1026~1\AppData\Local\Temp\cclqddo7.s 			page 15


 629 0177 50       		.byte	0x50
 630 0178 00       		.byte	0
 631 0179 0A       		.uleb128 0xa
 632 017a 00000000 		.4byte	.LASF33
 633 017e 01       		.byte	0x1
 634 017f 43       		.byte	0x43
 635 0180 76000000 		.4byte	0x76
 636 0184 00000000 		.4byte	.LFB39
 637 0188 0C000000 		.4byte	.LFE39-.LFB39
 638 018c 01       		.uleb128 0x1
 639 018d 9C       		.byte	0x9c
 640 018e 0B       		.uleb128 0xb
 641 018f 0E050000 		.4byte	.LASF34
 642 0193 01       		.byte	0x1
 643 0194 4B       		.byte	0x4b
 644 0195 00000000 		.4byte	.LFB40
 645 0199 0C000000 		.4byte	.LFE40-.LFB40
 646 019d 01       		.uleb128 0x1
 647 019e 9C       		.byte	0x9c
 648 019f B1010000 		.4byte	0x1b1
 649 01a3 0C       		.uleb128 0xc
 650 01a4 F0010000 		.4byte	.LASF35
 651 01a8 01       		.byte	0x1
 652 01a9 4B       		.byte	0x4b
 653 01aa 76000000 		.4byte	0x76
 654 01ae 01       		.uleb128 0x1
 655 01af 50       		.byte	0x50
 656 01b0 00       		.byte	0
 657 01b1 0A       		.uleb128 0xa
 658 01b2 78030000 		.4byte	.LASF36
 659 01b6 01       		.byte	0x1
 660 01b7 53       		.byte	0x53
 661 01b8 76000000 		.4byte	0x76
 662 01bc 00000000 		.4byte	.LFB41
 663 01c0 0C000000 		.4byte	.LFE41-.LFB41
 664 01c4 01       		.uleb128 0x1
 665 01c5 9C       		.byte	0x9c
 666 01c6 0B       		.uleb128 0xb
 667 01c7 A9020000 		.4byte	.LASF37
 668 01cb 01       		.byte	0x1
 669 01cc 5B       		.byte	0x5b
 670 01cd 00000000 		.4byte	.LFB42
 671 01d1 0C000000 		.4byte	.LFE42-.LFB42
 672 01d5 01       		.uleb128 0x1
 673 01d6 9C       		.byte	0x9c
 674 01d7 E9010000 		.4byte	0x1e9
 675 01db 0C       		.uleb128 0xc
 676 01dc 90040000 		.4byte	.LASF38
 677 01e0 01       		.byte	0x1
 678 01e1 5B       		.byte	0x5b
 679 01e2 76000000 		.4byte	0x76
 680 01e6 01       		.uleb128 0x1
 681 01e7 50       		.byte	0x50
 682 01e8 00       		.byte	0
 683 01e9 0A       		.uleb128 0xa
 684 01ea 74020000 		.4byte	.LASF39
 685 01ee 01       		.byte	0x1
ARM GAS  C:\Users\BG1026~1\AppData\Local\Temp\cclqddo7.s 			page 16


 686 01ef 63       		.byte	0x63
 687 01f0 76000000 		.4byte	0x76
 688 01f4 00000000 		.4byte	.LFB43
 689 01f8 0C000000 		.4byte	.LFE43-.LFB43
 690 01fc 01       		.uleb128 0x1
 691 01fd 9C       		.byte	0x9c
 692 01fe 0B       		.uleb128 0xb
 693 01ff 60050000 		.4byte	.LASF40
 694 0203 01       		.byte	0x1
 695 0204 6C       		.byte	0x6c
 696 0205 00000000 		.4byte	.LFB44
 697 0209 0C000000 		.4byte	.LFE44-.LFB44
 698 020d 01       		.uleb128 0x1
 699 020e 9C       		.byte	0x9c
 700 020f 21020000 		.4byte	0x221
 701 0213 0C       		.uleb128 0xc
 702 0214 99050000 		.4byte	.LASF41
 703 0218 01       		.byte	0x1
 704 0219 6C       		.byte	0x6c
 705 021a 76000000 		.4byte	0x76
 706 021e 01       		.uleb128 0x1
 707 021f 50       		.byte	0x50
 708 0220 00       		.byte	0
 709 0221 0A       		.uleb128 0xa
 710 0222 D7020000 		.4byte	.LASF42
 711 0226 01       		.byte	0x1
 712 0227 74       		.byte	0x74
 713 0228 FE000000 		.4byte	0xfe
 714 022c 00000000 		.4byte	.LFB45
 715 0230 0C000000 		.4byte	.LFE45-.LFB45
 716 0234 01       		.uleb128 0x1
 717 0235 9C       		.byte	0x9c
 718 0236 0B       		.uleb128 0xb
 719 0237 F7030000 		.4byte	.LASF43
 720 023b 01       		.byte	0x1
 721 023c 7C       		.byte	0x7c
 722 023d 00000000 		.4byte	.LFB46
 723 0241 0C000000 		.4byte	.LFE46-.LFB46
 724 0245 01       		.uleb128 0x1
 725 0246 9C       		.byte	0x9c
 726 0247 59020000 		.4byte	0x259
 727 024b 0C       		.uleb128 0xc
 728 024c 11020000 		.4byte	.LASF44
 729 0250 01       		.byte	0x1
 730 0251 7C       		.byte	0x7c
 731 0252 FE000000 		.4byte	0xfe
 732 0256 01       		.uleb128 0x1
 733 0257 50       		.byte	0x50
 734 0258 00       		.byte	0
 735 0259 0A       		.uleb128 0xa
 736 025a 27040000 		.4byte	.LASF45
 737 025e 01       		.byte	0x1
 738 025f 84       		.byte	0x84
 739 0260 82000000 		.4byte	0x82
 740 0264 00000000 		.4byte	.LFB47
 741 0268 04000000 		.4byte	.LFE47-.LFB47
 742 026c 01       		.uleb128 0x1
ARM GAS  C:\Users\BG1026~1\AppData\Local\Temp\cclqddo7.s 			page 17


 743 026d 9C       		.byte	0x9c
 744 026e 0B       		.uleb128 0xb
 745 026f 11040000 		.4byte	.LASF46
 746 0273 01       		.byte	0x1
 747 0274 8C       		.byte	0x8c
 748 0275 00000000 		.4byte	.LFB48
 749 0279 02000000 		.4byte	.LFE48-.LFB48
 750 027d 01       		.uleb128 0x1
 751 027e 9C       		.byte	0x9c
 752 027f 93020000 		.4byte	0x293
 753 0283 0D       		.uleb128 0xd
 754 0284 7A040000 		.4byte	.LASF47
 755 0288 01       		.byte	0x1
 756 0289 8C       		.byte	0x8c
 757 028a 82000000 		.4byte	0x82
 758 028e 00000000 		.4byte	.LLST0
 759 0292 00       		.byte	0
 760 0293 0A       		.uleb128 0xa
 761 0294 3E050000 		.4byte	.LASF48
 762 0298 01       		.byte	0x1
 763 0299 94       		.byte	0x94
 764 029a 6B000000 		.4byte	0x6b
 765 029e 00000000 		.4byte	.LFB49
 766 02a2 0C000000 		.4byte	.LFE49-.LFB49
 767 02a6 01       		.uleb128 0x1
 768 02a7 9C       		.byte	0x9c
 769 02a8 0B       		.uleb128 0xb
 770 02a9 59020000 		.4byte	.LASF49
 771 02ad 01       		.byte	0x1
 772 02ae 9C       		.byte	0x9c
 773 02af 00000000 		.4byte	.LFB50
 774 02b3 0C000000 		.4byte	.LFE50-.LFB50
 775 02b7 01       		.uleb128 0x1
 776 02b8 9C       		.byte	0x9c
 777 02b9 D0020000 		.4byte	0x2d0
 778 02bd 0C       		.uleb128 0xc
 779 02be F1020000 		.4byte	.LASF50
 780 02c2 01       		.byte	0x1
 781 02c3 9C       		.byte	0x9c
 782 02c4 6B000000 		.4byte	0x6b
 783 02c8 06       		.uleb128 0x6
 784 02c9 50       		.byte	0x50
 785 02ca 93       		.byte	0x93
 786 02cb 04       		.uleb128 0x4
 787 02cc 51       		.byte	0x51
 788 02cd 93       		.byte	0x93
 789 02ce 04       		.uleb128 0x4
 790 02cf 00       		.byte	0
 791 02d0 0A       		.uleb128 0xa
 792 02d1 65040000 		.4byte	.LASF51
 793 02d5 01       		.byte	0x1
 794 02d6 A4       		.byte	0xa4
 795 02d7 AA000000 		.4byte	0xaa
 796 02db 00000000 		.4byte	.LFB51
 797 02df 08000000 		.4byte	.LFE51-.LFB51
 798 02e3 01       		.uleb128 0x1
 799 02e4 9C       		.byte	0x9c
ARM GAS  C:\Users\BG1026~1\AppData\Local\Temp\cclqddo7.s 			page 18


 800 02e5 0E       		.uleb128 0xe
 801 02e6 98030000 		.4byte	.LASF52
 802 02ea 01       		.byte	0x1
 803 02eb 16       		.byte	0x16
 804 02ec 76000000 		.4byte	0x76
 805 02f0 05       		.uleb128 0x5
 806 02f1 03       		.byte	0x3
 807 02f2 00000000 		.4byte	is_telemetry_enable
 808 02f6 0E       		.uleb128 0xe
 809 02f7 20010000 		.4byte	.LASF53
 810 02fb 01       		.byte	0x1
 811 02fc 17       		.byte	0x17
 812 02fd 76000000 		.4byte	0x76
 813 0301 05       		.uleb128 0x5
 814 0302 03       		.byte	0x3
 815 0303 01000000 		.4byte	is_sensor_telemetry_enable
 816 0307 0E       		.uleb128 0xe
 817 0308 3C030000 		.4byte	.LASF54
 818 030c 01       		.byte	0x1
 819 030d 18       		.byte	0x18
 820 030e 76000000 		.4byte	0x76
 821 0312 05       		.uleb128 0x5
 822 0313 03       		.byte	0x3
 823 0314 00000000 		.4byte	is_auto_anim_rotation_enable
 824 0318 0E       		.uleb128 0xe
 825 0319 C8040000 		.4byte	.LASF55
 826 031d 01       		.byte	0x1
 827 031e 19       		.byte	0x19
 828 031f 76000000 		.4byte	0x76
 829 0323 05       		.uleb128 0x5
 830 0324 03       		.byte	0x3
 831 0325 01000000 		.4byte	is_anim_on_button_up_enable
 832 0329 0E       		.uleb128 0xe
 833 032a E4040000 		.4byte	.LASF56
 834 032e 01       		.byte	0x1
 835 032f 1A       		.byte	0x1a
 836 0330 76000000 		.4byte	0x76
 837 0334 05       		.uleb128 0x5
 838 0335 03       		.byte	0x3
 839 0336 02000000 		.4byte	is_tracker_enable
 840 033a 0E       		.uleb128 0xe
 841 033b D4010000 		.4byte	.LASF57
 842 033f 01       		.byte	0x1
 843 0340 1B       		.byte	0x1b
 844 0341 FE000000 		.4byte	0xfe
 845 0345 05       		.uleb128 0x5
 846 0346 03       		.byte	0x3
 847 0347 02000000 		.4byte	current_callback_anim
 848 034b 0F       		.uleb128 0xf
 849 034c C4030000 		.4byte	.LASF58
 850 0350 01       		.byte	0x1
 851 0351 1C       		.byte	0x1c
 852 0352 57030000 		.4byte	0x357
 853 0356 06       		.byte	0x6
 854 0357 07       		.uleb128 0x7
 855 0358 82000000 		.4byte	0x82
 856 035c 0E       		.uleb128 0xe
ARM GAS  C:\Users\BG1026~1\AppData\Local\Temp\cclqddo7.s 			page 19


 857 035d 42020000 		.4byte	.LASF59
 858 0361 01       		.byte	0x1
 859 0362 1D       		.byte	0x1d
 860 0363 6B000000 		.4byte	0x6b
 861 0367 05       		.uleb128 0x5
 862 0368 03       		.byte	0x3
 863 0369 08000000 		.4byte	timer_interrrupt_count
 864 036d 0E       		.uleb128 0xe
 865 036e FB000000 		.4byte	.LASF60
 866 0372 01       		.byte	0x1
 867 0373 1E       		.byte	0x1e
 868 0374 7F030000 		.4byte	0x37f
 869 0378 06       		.uleb128 0x6
 870 0379 F2       		.byte	0xf2
 871 037a 84030000 		.4byte	.Ldebug_info0+900
 872 037e 00       		.sleb128 0
 873 037f 07       		.uleb128 0x7
 874 0380 AA000000 		.4byte	0xaa
 875 0384 10       		.uleb128 0x10
 876 0385 07       		.uleb128 0x7
 877 0386 9E       		.byte	0x9e
 878 0387 05       		.uleb128 0x5
 879 0388 30       		.byte	0x30
 880 0389 2E       		.byte	0x2e
 881 038a 30       		.byte	0x30
 882 038b 37       		.byte	0x37
 883 038c 00       		.byte	0
 884 038d 00       		.byte	0
 885              		.section	.debug_abbrev,"",%progbits
 886              	.Ldebug_abbrev0:
 887 0000 01       		.uleb128 0x1
 888 0001 11       		.uleb128 0x11
 889 0002 01       		.byte	0x1
 890 0003 25       		.uleb128 0x25
 891 0004 0E       		.uleb128 0xe
 892 0005 13       		.uleb128 0x13
 893 0006 0B       		.uleb128 0xb
 894 0007 03       		.uleb128 0x3
 895 0008 0E       		.uleb128 0xe
 896 0009 1B       		.uleb128 0x1b
 897 000a 0E       		.uleb128 0xe
 898 000b 55       		.uleb128 0x55
 899 000c 17       		.uleb128 0x17
 900 000d 11       		.uleb128 0x11
 901 000e 01       		.uleb128 0x1
 902 000f 10       		.uleb128 0x10
 903 0010 17       		.uleb128 0x17
 904 0011 00       		.byte	0
 905 0012 00       		.byte	0
 906 0013 02       		.uleb128 0x2
 907 0014 24       		.uleb128 0x24
 908 0015 00       		.byte	0
 909 0016 0B       		.uleb128 0xb
 910 0017 0B       		.uleb128 0xb
 911 0018 3E       		.uleb128 0x3e
 912 0019 0B       		.uleb128 0xb
 913 001a 03       		.uleb128 0x3
ARM GAS  C:\Users\BG1026~1\AppData\Local\Temp\cclqddo7.s 			page 20


 914 001b 0E       		.uleb128 0xe
 915 001c 00       		.byte	0
 916 001d 00       		.byte	0
 917 001e 03       		.uleb128 0x3
 918 001f 24       		.uleb128 0x24
 919 0020 00       		.byte	0
 920 0021 0B       		.uleb128 0xb
 921 0022 0B       		.uleb128 0xb
 922 0023 3E       		.uleb128 0x3e
 923 0024 0B       		.uleb128 0xb
 924 0025 03       		.uleb128 0x3
 925 0026 08       		.uleb128 0x8
 926 0027 00       		.byte	0
 927 0028 00       		.byte	0
 928 0029 04       		.uleb128 0x4
 929 002a 16       		.uleb128 0x16
 930 002b 00       		.byte	0
 931 002c 03       		.uleb128 0x3
 932 002d 0E       		.uleb128 0xe
 933 002e 3A       		.uleb128 0x3a
 934 002f 0B       		.uleb128 0xb
 935 0030 3B       		.uleb128 0x3b
 936 0031 0B       		.uleb128 0xb
 937 0032 49       		.uleb128 0x49
 938 0033 13       		.uleb128 0x13
 939 0034 00       		.byte	0
 940 0035 00       		.byte	0
 941 0036 05       		.uleb128 0x5
 942 0037 16       		.uleb128 0x16
 943 0038 00       		.byte	0
 944 0039 03       		.uleb128 0x3
 945 003a 0E       		.uleb128 0xe
 946 003b 3A       		.uleb128 0x3a
 947 003c 0B       		.uleb128 0xb
 948 003d 3B       		.uleb128 0x3b
 949 003e 05       		.uleb128 0x5
 950 003f 49       		.uleb128 0x49
 951 0040 13       		.uleb128 0x13
 952 0041 00       		.byte	0
 953 0042 00       		.byte	0
 954 0043 06       		.uleb128 0x6
 955 0044 0F       		.uleb128 0xf
 956 0045 00       		.byte	0
 957 0046 0B       		.uleb128 0xb
 958 0047 0B       		.uleb128 0xb
 959 0048 49       		.uleb128 0x49
 960 0049 13       		.uleb128 0x13
 961 004a 00       		.byte	0
 962 004b 00       		.byte	0
 963 004c 07       		.uleb128 0x7
 964 004d 26       		.uleb128 0x26
 965 004e 00       		.byte	0
 966 004f 49       		.uleb128 0x49
 967 0050 13       		.uleb128 0x13
 968 0051 00       		.byte	0
 969 0052 00       		.byte	0
 970 0053 08       		.uleb128 0x8
ARM GAS  C:\Users\BG1026~1\AppData\Local\Temp\cclqddo7.s 			page 21


 971 0054 04       		.uleb128 0x4
 972 0055 01       		.byte	0x1
 973 0056 03       		.uleb128 0x3
 974 0057 0E       		.uleb128 0xe
 975 0058 0B       		.uleb128 0xb
 976 0059 0B       		.uleb128 0xb
 977 005a 3A       		.uleb128 0x3a
 978 005b 0B       		.uleb128 0xb
 979 005c 3B       		.uleb128 0x3b
 980 005d 0B       		.uleb128 0xb
 981 005e 01       		.uleb128 0x1
 982 005f 13       		.uleb128 0x13
 983 0060 00       		.byte	0
 984 0061 00       		.byte	0
 985 0062 09       		.uleb128 0x9
 986 0063 28       		.uleb128 0x28
 987 0064 00       		.byte	0
 988 0065 03       		.uleb128 0x3
 989 0066 0E       		.uleb128 0xe
 990 0067 1C       		.uleb128 0x1c
 991 0068 0D       		.uleb128 0xd
 992 0069 00       		.byte	0
 993 006a 00       		.byte	0
 994 006b 0A       		.uleb128 0xa
 995 006c 2E       		.uleb128 0x2e
 996 006d 00       		.byte	0
 997 006e 3F       		.uleb128 0x3f
 998 006f 19       		.uleb128 0x19
 999 0070 03       		.uleb128 0x3
 1000 0071 0E       		.uleb128 0xe
 1001 0072 3A       		.uleb128 0x3a
 1002 0073 0B       		.uleb128 0xb
 1003 0074 3B       		.uleb128 0x3b
 1004 0075 0B       		.uleb128 0xb
 1005 0076 49       		.uleb128 0x49
 1006 0077 13       		.uleb128 0x13
 1007 0078 11       		.uleb128 0x11
 1008 0079 01       		.uleb128 0x1
 1009 007a 12       		.uleb128 0x12
 1010 007b 06       		.uleb128 0x6
 1011 007c 40       		.uleb128 0x40
 1012 007d 18       		.uleb128 0x18
 1013 007e 9742     		.uleb128 0x2117
 1014 0080 19       		.uleb128 0x19
 1015 0081 00       		.byte	0
 1016 0082 00       		.byte	0
 1017 0083 0B       		.uleb128 0xb
 1018 0084 2E       		.uleb128 0x2e
 1019 0085 01       		.byte	0x1
 1020 0086 3F       		.uleb128 0x3f
 1021 0087 19       		.uleb128 0x19
 1022 0088 03       		.uleb128 0x3
 1023 0089 0E       		.uleb128 0xe
 1024 008a 3A       		.uleb128 0x3a
 1025 008b 0B       		.uleb128 0xb
 1026 008c 3B       		.uleb128 0x3b
 1027 008d 0B       		.uleb128 0xb
ARM GAS  C:\Users\BG1026~1\AppData\Local\Temp\cclqddo7.s 			page 22


 1028 008e 27       		.uleb128 0x27
 1029 008f 19       		.uleb128 0x19
 1030 0090 11       		.uleb128 0x11
 1031 0091 01       		.uleb128 0x1
 1032 0092 12       		.uleb128 0x12
 1033 0093 06       		.uleb128 0x6
 1034 0094 40       		.uleb128 0x40
 1035 0095 18       		.uleb128 0x18
 1036 0096 9742     		.uleb128 0x2117
 1037 0098 19       		.uleb128 0x19
 1038 0099 01       		.uleb128 0x1
 1039 009a 13       		.uleb128 0x13
 1040 009b 00       		.byte	0
 1041 009c 00       		.byte	0
 1042 009d 0C       		.uleb128 0xc
 1043 009e 05       		.uleb128 0x5
 1044 009f 00       		.byte	0
 1045 00a0 03       		.uleb128 0x3
 1046 00a1 0E       		.uleb128 0xe
 1047 00a2 3A       		.uleb128 0x3a
 1048 00a3 0B       		.uleb128 0xb
 1049 00a4 3B       		.uleb128 0x3b
 1050 00a5 0B       		.uleb128 0xb
 1051 00a6 49       		.uleb128 0x49
 1052 00a7 13       		.uleb128 0x13
 1053 00a8 02       		.uleb128 0x2
 1054 00a9 18       		.uleb128 0x18
 1055 00aa 00       		.byte	0
 1056 00ab 00       		.byte	0
 1057 00ac 0D       		.uleb128 0xd
 1058 00ad 05       		.uleb128 0x5
 1059 00ae 00       		.byte	0
 1060 00af 03       		.uleb128 0x3
 1061 00b0 0E       		.uleb128 0xe
 1062 00b1 3A       		.uleb128 0x3a
 1063 00b2 0B       		.uleb128 0xb
 1064 00b3 3B       		.uleb128 0x3b
 1065 00b4 0B       		.uleb128 0xb
 1066 00b5 49       		.uleb128 0x49
 1067 00b6 13       		.uleb128 0x13
 1068 00b7 02       		.uleb128 0x2
 1069 00b8 17       		.uleb128 0x17
 1070 00b9 00       		.byte	0
 1071 00ba 00       		.byte	0
 1072 00bb 0E       		.uleb128 0xe
 1073 00bc 34       		.uleb128 0x34
 1074 00bd 00       		.byte	0
 1075 00be 03       		.uleb128 0x3
 1076 00bf 0E       		.uleb128 0xe
 1077 00c0 3A       		.uleb128 0x3a
 1078 00c1 0B       		.uleb128 0xb
 1079 00c2 3B       		.uleb128 0x3b
 1080 00c3 0B       		.uleb128 0xb
 1081 00c4 49       		.uleb128 0x49
 1082 00c5 13       		.uleb128 0x13
 1083 00c6 02       		.uleb128 0x2
 1084 00c7 18       		.uleb128 0x18
ARM GAS  C:\Users\BG1026~1\AppData\Local\Temp\cclqddo7.s 			page 23


 1085 00c8 00       		.byte	0
 1086 00c9 00       		.byte	0
 1087 00ca 0F       		.uleb128 0xf
 1088 00cb 34       		.uleb128 0x34
 1089 00cc 00       		.byte	0
 1090 00cd 03       		.uleb128 0x3
 1091 00ce 0E       		.uleb128 0xe
 1092 00cf 3A       		.uleb128 0x3a
 1093 00d0 0B       		.uleb128 0xb
 1094 00d1 3B       		.uleb128 0x3b
 1095 00d2 0B       		.uleb128 0xb
 1096 00d3 49       		.uleb128 0x49
 1097 00d4 13       		.uleb128 0x13
 1098 00d5 1C       		.uleb128 0x1c
 1099 00d6 0B       		.uleb128 0xb
 1100 00d7 00       		.byte	0
 1101 00d8 00       		.byte	0
 1102 00d9 10       		.uleb128 0x10
 1103 00da 36       		.uleb128 0x36
 1104 00db 00       		.byte	0
 1105 00dc 02       		.uleb128 0x2
 1106 00dd 18       		.uleb128 0x18
 1107 00de 00       		.byte	0
 1108 00df 00       		.byte	0
 1109 00e0 00       		.byte	0
 1110              		.section	.debug_loc,"",%progbits
 1111              	.Ldebug_loc0:
 1112              	.LLST0:
 1113 0000 00000000 		.4byte	.LVL6
 1114 0004 00000000 		.4byte	.LVL6
 1115 0008 0100     		.2byte	0x1
 1116 000a 50       		.byte	0x50
 1117 000b 00000000 		.4byte	0
 1118 000f 00000000 		.4byte	0
 1119              		.section	.debug_aranges,"",%progbits
 1120 0000 9C000000 		.4byte	0x9c
 1121 0004 0200     		.2byte	0x2
 1122 0006 00000000 		.4byte	.Ldebug_info0
 1123 000a 04       		.byte	0x4
 1124 000b 00       		.byte	0
 1125 000c 0000     		.2byte	0
 1126 000e 0000     		.2byte	0
 1127 0010 00000000 		.4byte	.LFB35
 1128 0014 0C000000 		.4byte	.LFE35-.LFB35
 1129 0018 00000000 		.4byte	.LFB36
 1130 001c 0C000000 		.4byte	.LFE36-.LFB36
 1131 0020 00000000 		.4byte	.LFB37
 1132 0024 0C000000 		.4byte	.LFE37-.LFB37
 1133 0028 00000000 		.4byte	.LFB38
 1134 002c 0C000000 		.4byte	.LFE38-.LFB38
 1135 0030 00000000 		.4byte	.LFB39
 1136 0034 0C000000 		.4byte	.LFE39-.LFB39
 1137 0038 00000000 		.4byte	.LFB40
 1138 003c 0C000000 		.4byte	.LFE40-.LFB40
 1139 0040 00000000 		.4byte	.LFB41
 1140 0044 0C000000 		.4byte	.LFE41-.LFB41
 1141 0048 00000000 		.4byte	.LFB42
ARM GAS  C:\Users\BG1026~1\AppData\Local\Temp\cclqddo7.s 			page 24


 1142 004c 0C000000 		.4byte	.LFE42-.LFB42
 1143 0050 00000000 		.4byte	.LFB43
 1144 0054 0C000000 		.4byte	.LFE43-.LFB43
 1145 0058 00000000 		.4byte	.LFB44
 1146 005c 0C000000 		.4byte	.LFE44-.LFB44
 1147 0060 00000000 		.4byte	.LFB45
 1148 0064 0C000000 		.4byte	.LFE45-.LFB45
 1149 0068 00000000 		.4byte	.LFB46
 1150 006c 0C000000 		.4byte	.LFE46-.LFB46
 1151 0070 00000000 		.4byte	.LFB47
 1152 0074 04000000 		.4byte	.LFE47-.LFB47
 1153 0078 00000000 		.4byte	.LFB48
 1154 007c 02000000 		.4byte	.LFE48-.LFB48
 1155 0080 00000000 		.4byte	.LFB49
 1156 0084 0C000000 		.4byte	.LFE49-.LFB49
 1157 0088 00000000 		.4byte	.LFB50
 1158 008c 0C000000 		.4byte	.LFE50-.LFB50
 1159 0090 00000000 		.4byte	.LFB51
 1160 0094 08000000 		.4byte	.LFE51-.LFB51
 1161 0098 00000000 		.4byte	0
 1162 009c 00000000 		.4byte	0
 1163              		.section	.debug_ranges,"",%progbits
 1164              	.Ldebug_ranges0:
 1165 0000 00000000 		.4byte	.LFB35
 1166 0004 0C000000 		.4byte	.LFE35
 1167 0008 00000000 		.4byte	.LFB36
 1168 000c 0C000000 		.4byte	.LFE36
 1169 0010 00000000 		.4byte	.LFB37
 1170 0014 0C000000 		.4byte	.LFE37
 1171 0018 00000000 		.4byte	.LFB38
 1172 001c 0C000000 		.4byte	.LFE38
 1173 0020 00000000 		.4byte	.LFB39
 1174 0024 0C000000 		.4byte	.LFE39
 1175 0028 00000000 		.4byte	.LFB40
 1176 002c 0C000000 		.4byte	.LFE40
 1177 0030 00000000 		.4byte	.LFB41
 1178 0034 0C000000 		.4byte	.LFE41
 1179 0038 00000000 		.4byte	.LFB42
 1180 003c 0C000000 		.4byte	.LFE42
 1181 0040 00000000 		.4byte	.LFB43
 1182 0044 0C000000 		.4byte	.LFE43
 1183 0048 00000000 		.4byte	.LFB44
 1184 004c 0C000000 		.4byte	.LFE44
 1185 0050 00000000 		.4byte	.LFB45
 1186 0054 0C000000 		.4byte	.LFE45
 1187 0058 00000000 		.4byte	.LFB46
 1188 005c 0C000000 		.4byte	.LFE46
 1189 0060 00000000 		.4byte	.LFB47
 1190 0064 04000000 		.4byte	.LFE47
 1191 0068 00000000 		.4byte	.LFB48
 1192 006c 02000000 		.4byte	.LFE48
 1193 0070 00000000 		.4byte	.LFB49
 1194 0074 0C000000 		.4byte	.LFE49
 1195 0078 00000000 		.4byte	.LFB50
 1196 007c 0C000000 		.4byte	.LFE50
 1197 0080 00000000 		.4byte	.LFB51
 1198 0084 08000000 		.4byte	.LFE51
ARM GAS  C:\Users\BG1026~1\AppData\Local\Temp\cclqddo7.s 			page 25


 1199 0088 00000000 		.4byte	0
 1200 008c 00000000 		.4byte	0
 1201              		.section	.debug_line,"",%progbits
 1202              	.Ldebug_line0:
 1203 0000 F6010000 		.section	.debug_str,"MS",%progbits,1
 1203      0200C500 
 1203      00000201 
 1203      FB0E0D00 
 1203      01010101 
 1204              	.LASF33:
 1205 0000 6765745F 		.ascii	"get_is_auto_anim_rotation_enable\000"
 1205      69735F61 
 1205      75746F5F 
 1205      616E696D 
 1205      5F726F74 
 1206              	.LASF26:
 1207 0021 745F656E 		.ascii	"t_enum_animation\000"
 1207      756D5F61 
 1207      6E696D61 
 1207      74696F6E 
 1207      00
 1208              	.LASF2:
 1209 0032 73686F72 		.ascii	"short int\000"
 1209      7420696E 
 1209      7400
 1210              	.LASF29:
 1211 003c 7365745F 		.ascii	"set_is_telemetry_enable\000"
 1211      69735F74 
 1211      656C656D 
 1211      65747279 
 1211      5F656E61 
 1212              	.LASF61:
 1213 0054 474E5520 		.ascii	"GNU C 4.9.3 20150303 (release) [ARM/embedded-4_9-br"
 1213      4320342E 
 1213      392E3320 
 1213      32303135 
 1213      30333033 
 1214 0087 616E6368 		.ascii	"anch revision 221220] -mcpu=cortex-m0plus -mthumb -"
 1214      20726576 
 1214      6973696F 
 1214      6E203232 
 1214      31323230 
 1215 00ba 67202D4F 		.ascii	"g -Og -ffunction-sections -ffat-lto-objects\000"
 1215      67202D66 
 1215      66756E63 
 1215      74696F6E 
 1215      2D736563 
 1216              	.LASF20:
 1217 00e6 414E494D 		.ascii	"ANIM_GREEN_INTENSITY\000"
 1217      5F475245 
 1217      454E5F49 
 1217      4E54454E 
 1217      53495459 
 1218              	.LASF60:
 1219 00fb 736F6674 		.ascii	"software_version\000"
 1219      77617265 
 1219      5F766572 
ARM GAS  C:\Users\BG1026~1\AppData\Local\Temp\cclqddo7.s 			page 26


 1219      73696F6E 
 1219      00
 1220              	.LASF23:
 1221 010c 414E494D 		.ascii	"ANIM_RAINBOW_COLORS\000"
 1221      5F524149 
 1221      4E424F57 
 1221      5F434F4C 
 1221      4F525300 
 1222              	.LASF53:
 1223 0120 69735F73 		.ascii	"is_sensor_telemetry_enable\000"
 1223      656E736F 
 1223      725F7465 
 1223      6C656D65 
 1223      7472795F 
 1224              	.LASF63:
 1225 013b 433A5C42 		.ascii	"C:\\Bruno\\Slider_WS.Bundle05\\Slider\\Slider.cydsn"
 1225      72756E6F 
 1225      5C536C69 
 1225      6465725F 
 1225      57532E42 
 1226 016a 00       		.ascii	"\000"
 1227              	.LASF62:
 1228 016b 73746174 		.ascii	"state.c\000"
 1228      652E6300 
 1229              	.LASF31:
 1230 0173 7468655F 		.ascii	"the_is_telemetry_enable\000"
 1230      69735F74 
 1230      656C656D 
 1230      65747279 
 1230      5F656E61 
 1231              	.LASF9:
 1232 018b 75696E74 		.ascii	"uint_fast64_t\000"
 1232      5F666173 
 1232      7436345F 
 1232      7400
 1233              	.LASF11:
 1234 0199 75696E74 		.ascii	"uint16\000"
 1234      313600
 1235              	.LASF10:
 1236 01a0 75696E74 		.ascii	"uint8\000"
 1236      3800
 1237              	.LASF30:
 1238 01a6 7365745F 		.ascii	"set_is_sensor_telemetry_enable\000"
 1238      69735F73 
 1238      656E736F 
 1238      725F7465 
 1238      6C656D65 
 1239              	.LASF24:
 1240 01c5 414E494D 		.ascii	"ANIM_FIX_WHITE\000"
 1240      5F464958 
 1240      5F574849 
 1240      544500
 1241              	.LASF57:
 1242 01d4 63757272 		.ascii	"current_callback_anim\000"
 1242      656E745F 
 1242      63616C6C 
 1242      6261636B 
ARM GAS  C:\Users\BG1026~1\AppData\Local\Temp\cclqddo7.s 			page 27


 1242      5F616E69 
 1243              	.LASF12:
 1244 01ea 666C6F61 		.ascii	"float\000"
 1244      7400
 1245              	.LASF35:
 1246 01f0 7468655F 		.ascii	"the_is_auto_anim_rotation_enable\000"
 1246      69735F61 
 1246      75746F5F 
 1246      616E696D 
 1246      5F726F74 
 1247              	.LASF44:
 1248 0211 7468655F 		.ascii	"the_current_callback_anim\000"
 1248      63757272 
 1248      656E745F 
 1248      63616C6C 
 1248      6261636B 
 1249              	.LASF6:
 1250 022b 6C6F6E67 		.ascii	"long long int\000"
 1250      206C6F6E 
 1250      6720696E 
 1250      7400
 1251              	.LASF4:
 1252 0239 6C6F6E67 		.ascii	"long int\000"
 1252      20696E74 
 1252      00
 1253              	.LASF59:
 1254 0242 74696D65 		.ascii	"timer_interrrupt_count\000"
 1254      725F696E 
 1254      74657272 
 1254      72757074 
 1254      5F636F75 
 1255              	.LASF49:
 1256 0259 7365745F 		.ascii	"set_timer_interrrupt_count\000"
 1256      74696D65 
 1256      725F696E 
 1256      74657272 
 1256      72757074 
 1257              	.LASF39:
 1258 0274 6765745F 		.ascii	"get_is_tracker_enable\000"
 1258      69735F74 
 1258      7261636B 
 1258      65725F65 
 1258      6E61626C 
 1259              	.LASF28:
 1260 028a 6765745F 		.ascii	"get_is_sensor_telemetry_enable\000"
 1260      69735F73 
 1260      656E736F 
 1260      725F7465 
 1260      6C656D65 
 1261              	.LASF37:
 1262 02a9 7365745F 		.ascii	"set_is_anim_on_button_up_enable\000"
 1262      69735F61 
 1262      6E696D5F 
 1262      6F6E5F62 
 1262      7574746F 
 1263              	.LASF1:
 1264 02c9 756E7369 		.ascii	"unsigned char\000"
ARM GAS  C:\Users\BG1026~1\AppData\Local\Temp\cclqddo7.s 			page 28


 1264      676E6564 
 1264      20636861 
 1264      7200
 1265              	.LASF42:
 1266 02d7 6765745F 		.ascii	"get_current_callback_anim\000"
 1266      63757272 
 1266      656E745F 
 1266      63616C6C 
 1266      6261636B 
 1267              	.LASF50:
 1268 02f1 7468655F 		.ascii	"the_timer_interrrupt_count\000"
 1268      74696D65 
 1268      725F696E 
 1268      74657272 
 1268      72757074 
 1269              	.LASF0:
 1270 030c 7369676E 		.ascii	"signed char\000"
 1270      65642063 
 1270      68617200 
 1271              	.LASF7:
 1272 0318 6C6F6E67 		.ascii	"long long unsigned int\000"
 1272      206C6F6E 
 1272      6720756E 
 1272      7369676E 
 1272      65642069 
 1273              	.LASF8:
 1274 032f 756E7369 		.ascii	"unsigned int\000"
 1274      676E6564 
 1274      20696E74 
 1274      00
 1275              	.LASF54:
 1276 033c 69735F61 		.ascii	"is_auto_anim_rotation_enable\000"
 1276      75746F5F 
 1276      616E696D 
 1276      5F726F74 
 1276      6174696F 
 1277              	.LASF32:
 1278 0359 7468655F 		.ascii	"the_is_sensor_telemetry_enable\000"
 1278      69735F73 
 1278      656E736F 
 1278      725F7465 
 1278      6C656D65 
 1279              	.LASF36:
 1280 0378 6765745F 		.ascii	"get_is_anim_on_button_up_enable\000"
 1280      69735F61 
 1280      6E696D5F 
 1280      6F6E5F62 
 1280      7574746F 
 1281              	.LASF52:
 1282 0398 69735F74 		.ascii	"is_telemetry_enable\000"
 1282      656C656D 
 1282      65747279 
 1282      5F656E61 
 1282      626C6500 
 1283              	.LASF3:
 1284 03ac 73686F72 		.ascii	"short unsigned int\000"
 1284      7420756E 
ARM GAS  C:\Users\BG1026~1\AppData\Local\Temp\cclqddo7.s 			page 29


 1284      7369676E 
 1284      65642069 
 1284      6E7400
 1285              	.LASF14:
 1286 03bf 63686172 		.ascii	"char\000"
 1286      00
 1287              	.LASF58:
 1288 03c4 6E756D62 		.ascii	"number_of_buttons\000"
 1288      65725F6F 
 1288      665F6275 
 1288      74746F6E 
 1288      7300
 1289              	.LASF21:
 1290 03d6 414E494D 		.ascii	"ANIM_BLUE_INTENSITY\000"
 1290      5F424C55 
 1290      455F494E 
 1290      54454E53 
 1290      49545900 
 1291              	.LASF25:
 1292 03ea 414E494D 		.ascii	"ANIM_UNKNOWN\000"
 1292      5F554E4B 
 1292      4E4F574E 
 1292      00
 1293              	.LASF43:
 1294 03f7 7365745F 		.ascii	"set_current_callback_anim\000"
 1294      63757272 
 1294      656E745F 
 1294      63616C6C 
 1294      6261636B 
 1295              	.LASF46:
 1296 0411 7365745F 		.ascii	"set_number_of_buttons\000"
 1296      6E756D62 
 1296      65725F6F 
 1296      665F6275 
 1296      74746F6E 
 1297              	.LASF45:
 1298 0427 6765745F 		.ascii	"get_number_of_buttons\000"
 1298      6E756D62 
 1298      65725F6F 
 1298      665F6275 
 1298      74746F6E 
 1299              	.LASF5:
 1300 043d 6C6F6E67 		.ascii	"long unsigned int\000"
 1300      20756E73 
 1300      69676E65 
 1300      6420696E 
 1300      7400
 1301              	.LASF22:
 1302 044f 414E494D 		.ascii	"ANIM_COLORS_INTENSITY\000"
 1302      5F434F4C 
 1302      4F52535F 
 1302      494E5445 
 1302      4E534954 
 1303              	.LASF51:
 1304 0465 6765745F 		.ascii	"get_software_version\000"
 1304      736F6674 
 1304      77617265 
ARM GAS  C:\Users\BG1026~1\AppData\Local\Temp\cclqddo7.s 			page 30


 1304      5F766572 
 1304      73696F6E 
 1305              	.LASF47:
 1306 047a 7468655F 		.ascii	"the_number_of_buttons\000"
 1306      6E756D62 
 1306      65725F6F 
 1306      665F6275 
 1306      74746F6E 
 1307              	.LASF38:
 1308 0490 7468655F 		.ascii	"the_is_anim_on_button_up_enable\000"
 1308      69735F61 
 1308      6E696D5F 
 1308      6F6E5F62 
 1308      7574746F 
 1309              	.LASF27:
 1310 04b0 6765745F 		.ascii	"get_is_telemetry_enable\000"
 1310      69735F74 
 1310      656C656D 
 1310      65747279 
 1310      5F656E61 
 1311              	.LASF55:
 1312 04c8 69735F61 		.ascii	"is_anim_on_button_up_enable\000"
 1312      6E696D5F 
 1312      6F6E5F62 
 1312      7574746F 
 1312      6E5F7570 
 1313              	.LASF56:
 1314 04e4 69735F74 		.ascii	"is_tracker_enable\000"
 1314      7261636B 
 1314      65725F65 
 1314      6E61626C 
 1314      6500
 1315              	.LASF64:
 1316 04f6 656E756D 		.ascii	"enum_animation\000"
 1316      5F616E69 
 1316      6D617469 
 1316      6F6E00
 1317              	.LASF15:
 1318 0505 73697A65 		.ascii	"sizetype\000"
 1318      74797065 
 1318      00
 1319              	.LASF34:
 1320 050e 7365745F 		.ascii	"set_is_auto_anim_rotation_enable\000"
 1320      69735F61 
 1320      75746F5F 
 1320      616E696D 
 1320      5F726F74 
 1321              	.LASF17:
 1322 052f 414E494D 		.ascii	"ANIM_INTENSITY\000"
 1322      5F494E54 
 1322      454E5349 
 1322      545900
 1323              	.LASF48:
 1324 053e 6765745F 		.ascii	"get_timer_interrrupt_count\000"
 1324      74696D65 
 1324      725F696E 
 1324      74657272 
ARM GAS  C:\Users\BG1026~1\AppData\Local\Temp\cclqddo7.s 			page 31


 1324      72757074 
 1325              	.LASF13:
 1326 0559 646F7562 		.ascii	"double\000"
 1326      6C6500
 1327              	.LASF40:
 1328 0560 7365745F 		.ascii	"set_is_tracker_enable\000"
 1328      69735F74 
 1328      7261636B 
 1328      65725F65 
 1328      6E61626C 
 1329              	.LASF19:
 1330 0576 414E494D 		.ascii	"ANIM_RED_INTENSITY\000"
 1330      5F524544 
 1330      5F494E54 
 1330      454E5349 
 1330      545900
 1331              	.LASF16:
 1332 0589 414E494D 		.ascii	"ANIM_LEFT_RIGHT\000"
 1332      5F4C4546 
 1332      545F5249 
 1332      47485400 
 1333              	.LASF41:
 1334 0599 7468655F 		.ascii	"the_is_tracker_enable\000"
 1334      69735F74 
 1334      7261636B 
 1334      65725F65 
 1334      6E61626C 
 1335              	.LASF18:
 1336 05af 414E494D 		.ascii	"ANIM_2_LEDS\000"
 1336      5F325F4C 
 1336      45445300 
 1337              		.ident	"GCC: (GNU Tools for ARM Embedded Processors) 4.9.3 20150303 (release) [ARM/embedded-4_9-br
