Archive member included because of file (symbol)

.\CortexM0\ARM_GCC_493\Debug\psoc-lpm-bootloader.a(cyfitter_cfg.o)
                              .\CortexM0\ARM_GCC_493\Debug\Cm0Start.o (cyfitter_cfg)
.\CortexM0\ARM_GCC_493\Debug\psoc-lpm-bootloader.a(CyLib.o)
                              .\CortexM0\ARM_GCC_493\Debug\psoc-lpm-bootloader.a(cyfitter_cfg.o) (CyIntEnable)
.\CortexM0\ARM_GCC_493\Debug\psoc-lpm-bootloader.a(CyLFClk.o)
                              .\CortexM0\ARM_GCC_493\Debug\psoc-lpm-bootloader.a(cyfitter_cfg.o) (CySysWdtIsr)
.\CortexM0\ARM_GCC_493\Debug\psoc-lpm-bootloader.a(I2CS.o)
                              .\CortexM0\ARM_GCC_493\Debug\main.o (I2CS_Start)
.\CortexM0\ARM_GCC_493\Debug\psoc-lpm-bootloader.a(I2CS_I2C.o)
                              .\CortexM0\ARM_GCC_493\Debug\psoc-lpm-bootloader.a(I2CS.o) (I2CS_I2CInit)
.\CortexM0\ARM_GCC_493\Debug\psoc-lpm-bootloader.a(I2CS_I2C_SLAVE.o)
                              .\CortexM0\ARM_GCC_493\Debug\main.o (I2CS_I2CSlaveStatus)
.\CortexM0\ARM_GCC_493\Debug\psoc-lpm-bootloader.a(CyBootAsmGnu.o)
                              .\CortexM0\ARM_GCC_493\Debug\psoc-lpm-bootloader.a(CyLib.o) (CyDelayCycles)
.\CortexM0\ARM_GCC_493\Debug\psoc-lpm-bootloader.a(I2CS_I2C_INT.o)
                              .\CortexM0\ARM_GCC_493\Debug\psoc-lpm-bootloader.a(I2CS_I2C.o) (I2CS_I2C_ISR)
c:/program files (x86)/cypress/psoc creator/4.0/psoc creator/import/gnu/arm/4.9.3/bin/../lib/gcc/arm-none-eabi/4.9.3/armv6-m\libgcc.a(_udivsi3.o)
                              .\CortexM0\ARM_GCC_493\Debug\psoc-lpm-bootloader.a(CyLib.o) (__aeabi_uidiv)
c:/program files (x86)/cypress/psoc creator/4.0/psoc creator/import/gnu/arm/4.9.3/bin/../lib/gcc/arm-none-eabi/4.9.3/armv6-m\libgcc.a(_dvmd_tls.o)
                              c:/program files (x86)/cypress/psoc creator/4.0/psoc creator/import/gnu/arm/4.9.3/bin/../lib/gcc/arm-none-eabi/4.9.3/armv6-m\libgcc.a(_udivsi3.o) (__aeabi_idiv0)
c:/program files (x86)/cypress/psoc creator/4.0/psoc creator/import/gnu/arm/4.9.3/bin/../lib/gcc/arm-none-eabi/4.9.3/../../../../arm-none-eabi/lib/armv6-m\libg_nano.a(lib_a-errno.o)
                              .\CortexM0\ARM_GCC_493\Debug\Cm0Start.o (__errno)
c:/program files (x86)/cypress/psoc creator/4.0/psoc creator/import/gnu/arm/4.9.3/bin/../lib/gcc/arm-none-eabi/4.9.3/../../../../arm-none-eabi/lib/armv6-m\libg_nano.a(lib_a-exit.o)
                              c:/program files (x86)/cypress/psoc creator/4.0/psoc creator/import/gnu/arm/4.9.3/bin/../lib/gcc/arm-none-eabi/4.9.3/../../../../arm-none-eabi/lib/armv6-m/crt0.o (exit)
c:/program files (x86)/cypress/psoc creator/4.0/psoc creator/import/gnu/arm/4.9.3/bin/../lib/gcc/arm-none-eabi/4.9.3/../../../../arm-none-eabi/lib/armv6-m\libg_nano.a(lib_a-impure.o)
                              c:/program files (x86)/cypress/psoc creator/4.0/psoc creator/import/gnu/arm/4.9.3/bin/../lib/gcc/arm-none-eabi/4.9.3/../../../../arm-none-eabi/lib/armv6-m\libg_nano.a(lib_a-exit.o) (_global_impure_ptr)
c:/program files (x86)/cypress/psoc creator/4.0/psoc creator/import/gnu/arm/4.9.3/bin/../lib/gcc/arm-none-eabi/4.9.3/../../../../arm-none-eabi/lib/armv6-m\libg_nano.a(lib_a-init.o)
                              c:/program files (x86)/cypress/psoc creator/4.0/psoc creator/import/gnu/arm/4.9.3/bin/../lib/gcc/arm-none-eabi/4.9.3/../../../../arm-none-eabi/lib/armv6-m/crt0.o (__libc_init_array)
c:/program files (x86)/cypress/psoc creator/4.0/psoc creator/import/gnu/arm/4.9.3/bin/../lib/gcc/arm-none-eabi/4.9.3/../../../../arm-none-eabi/lib/armv6-m\libg_nano.a(lib_a-memcpy.o)
                              .\CortexM0\ARM_GCC_493\Debug\main.o (memcpy)
c:/program files (x86)/cypress/psoc creator/4.0/psoc creator/import/gnu/arm/4.9.3/bin/../lib/gcc/arm-none-eabi/4.9.3/../../../../arm-none-eabi/lib/armv6-m\libg_nano.a(lib_a-memset.o)
                              c:/program files (x86)/cypress/psoc creator/4.0/psoc creator/import/gnu/arm/4.9.3/bin/../lib/gcc/arm-none-eabi/4.9.3/../../../../arm-none-eabi/lib/armv6-m/crt0.o (memset)

Allocating common symbols
Common symbol       size              file

I2CS_state          0x1               .\CortexM0\ARM_GCC_493\Debug\psoc-lpm-bootloader.a(I2CS_I2C.o)
I2CS_slRdBufIndex   0x4               .\CortexM0\ARM_GCC_493\Debug\psoc-lpm-bootloader.a(I2CS_I2C_SLAVE.o)
I2CS_slWrBufIndex   0x4               .\CortexM0\ARM_GCC_493\Debug\psoc-lpm-bootloader.a(I2CS_I2C_SLAVE.o)
I2CS_slWrBufSize    0x4               .\CortexM0\ARM_GCC_493\Debug\psoc-lpm-bootloader.a(I2CS_I2C_SLAVE.o)
I2CS_slRdBufSize    0x4               .\CortexM0\ARM_GCC_493\Debug\psoc-lpm-bootloader.a(I2CS_I2C_SLAVE.o)
I2CS_slRdBufPtr     0x4               .\CortexM0\ARM_GCC_493\Debug\psoc-lpm-bootloader.a(I2CS_I2C_SLAVE.o)
I2CS_slStatus       0x1               .\CortexM0\ARM_GCC_493\Debug\psoc-lpm-bootloader.a(I2CS_I2C_SLAVE.o)
I2CS_slRdBufIndexTmp
                    0x4               .\CortexM0\ARM_GCC_493\Debug\psoc-lpm-bootloader.a(I2CS_I2C_SLAVE.o)
I2CS_slWrBufPtr     0x4               .\CortexM0\ARM_GCC_493\Debug\psoc-lpm-bootloader.a(I2CS_I2C_SLAVE.o)
I2CS_slOverFlowCount
                    0x1               .\CortexM0\ARM_GCC_493\Debug\psoc-lpm-bootloader.a(I2CS_I2C_SLAVE.o)

Discarded input sections

 .text          0x00000000        0x0 c:/program files (x86)/cypress/psoc creator/4.0/psoc creator/import/gnu/arm/4.9.3/bin/../lib/gcc/arm-none-eabi/4.9.3/armv6-m/crti.o
 .data          0x00000000        0x0 c:/program files (x86)/cypress/psoc creator/4.0/psoc creator/import/gnu/arm/4.9.3/bin/../lib/gcc/arm-none-eabi/4.9.3/armv6-m/crti.o
 .bss           0x00000000        0x0 c:/program files (x86)/cypress/psoc creator/4.0/psoc creator/import/gnu/arm/4.9.3/bin/../lib/gcc/arm-none-eabi/4.9.3/armv6-m/crti.o
 .data          0x00000000        0x4 c:/program files (x86)/cypress/psoc creator/4.0/psoc creator/import/gnu/arm/4.9.3/bin/../lib/gcc/arm-none-eabi/4.9.3/armv6-m/crtbegin.o
 .text          0x00000000       0x78 c:/program files (x86)/cypress/psoc creator/4.0/psoc creator/import/gnu/arm/4.9.3/bin/../lib/gcc/arm-none-eabi/4.9.3/../../../../arm-none-eabi/lib/armv6-m/crt0.o
 .data          0x00000000        0x0 c:/program files (x86)/cypress/psoc creator/4.0/psoc creator/import/gnu/arm/4.9.3/bin/../lib/gcc/arm-none-eabi/4.9.3/../../../../arm-none-eabi/lib/armv6-m/crt0.o
 .bss           0x00000000        0x0 c:/program files (x86)/cypress/psoc creator/4.0/psoc creator/import/gnu/arm/4.9.3/bin/../lib/gcc/arm-none-eabi/4.9.3/../../../../arm-none-eabi/lib/armv6-m/crt0.o
 .ARM.extab     0x00000000        0x0 c:/program files (x86)/cypress/psoc creator/4.0/psoc creator/import/gnu/arm/4.9.3/bin/../lib/gcc/arm-none-eabi/4.9.3/../../../../arm-none-eabi/lib/armv6-m/crt0.o
 .ARM.exidx     0x00000000        0x8 c:/program files (x86)/cypress/psoc creator/4.0/psoc creator/import/gnu/arm/4.9.3/bin/../lib/gcc/arm-none-eabi/4.9.3/../../../../arm-none-eabi/lib/armv6-m/crt0.o
 .text          0x00000000        0x0 .\CortexM0\ARM_GCC_493\Debug\main.o
 .data          0x00000000        0x0 .\CortexM0\ARM_GCC_493\Debug\main.o
 .text          0x00000000        0x0 .\CortexM0\ARM_GCC_493\Debug\cybootloader.o
 .data          0x00000000        0x0 .\CortexM0\ARM_GCC_493\Debug\cybootloader.o
 .bss           0x00000000        0x0 .\CortexM0\ARM_GCC_493\Debug\cybootloader.o
 .text          0x00000000        0x0 .\CortexM0\ARM_GCC_493\Debug\cymetadata.o
 .data          0x00000000        0x0 .\CortexM0\ARM_GCC_493\Debug\cymetadata.o
 .bss           0x00000000        0x0 .\CortexM0\ARM_GCC_493\Debug\cymetadata.o
 .text          0x00000000        0x0 .\CortexM0\ARM_GCC_493\Debug\Cm0Start.o
 .data          0x00000000        0x4 .\CortexM0\ARM_GCC_493\Debug\Cm0Start.o
 .bss           0x00000000        0x0 .\CortexM0\ARM_GCC_493\Debug\Cm0Start.o
 .text._exit    0x00000000        0xc .\CortexM0\ARM_GCC_493\Debug\Cm0Start.o
 .text._sbrk    0x00000000       0x30 .\CortexM0\ARM_GCC_493\Debug\Cm0Start.o
 .text          0x00000000        0x0 .\CortexM0\ARM_GCC_493\Debug\psoc-lpm-bootloader.a(cyfitter_cfg.o)
 .data          0x00000000        0x0 .\CortexM0\ARM_GCC_493\Debug\psoc-lpm-bootloader.a(cyfitter_cfg.o)
 .bss           0x00000000        0x0 .\CortexM0\ARM_GCC_493\Debug\psoc-lpm-bootloader.a(cyfitter_cfg.o)
 .text          0x00000000        0x0 .\CortexM0\ARM_GCC_493\Debug\psoc-lpm-bootloader.a(CyLib.o)
 .bss           0x00000000       0x18 .\CortexM0\ARM_GCC_493\Debug\psoc-lpm-bootloader.a(CyLib.o)
 .text.CySysClkImoStart
                0x00000000       0x14 .\CortexM0\ARM_GCC_493\Debug\psoc-lpm-bootloader.a(CyLib.o)
 .text.CySysClkImoStop
                0x00000000       0x10 .\CortexM0\ARM_GCC_493\Debug\psoc-lpm-bootloader.a(CyLib.o)
 .text.CySysClkWriteHfclkDirect
                0x00000000       0x20 .\CortexM0\ARM_GCC_493\Debug\psoc-lpm-bootloader.a(CyLib.o)
 .text.CySysEnablePumpClock
                0x00000000       0x38 .\CortexM0\ARM_GCC_493\Debug\psoc-lpm-bootloader.a(CyLib.o)
 .text.CySysClkGetSysclkSource
                0x00000000       0x1c .\CortexM0\ARM_GCC_493\Debug\psoc-lpm-bootloader.a(CyLib.o)
 .text.CySysClkWriteSysclkDiv
                0x00000000       0x28 .\CortexM0\ARM_GCC_493\Debug\psoc-lpm-bootloader.a(CyLib.o)
 .text.CySysLvdDisable
                0x00000000       0x20 .\CortexM0\ARM_GCC_493\Debug\psoc-lpm-bootloader.a(CyLib.o)
 .text.CySysLvdGetInterruptSource
                0x00000000       0x10 .\CortexM0\ARM_GCC_493\Debug\psoc-lpm-bootloader.a(CyLib.o)
 .text.CySysLvdClearInterrupt
                0x00000000        0xc .\CortexM0\ARM_GCC_493\Debug\psoc-lpm-bootloader.a(CyLib.o)
 .text.CySysGetResetReason
                0x00000000       0x14 .\CortexM0\ARM_GCC_493\Debug\psoc-lpm-bootloader.a(CyLib.o)
 .text.CyDisableInts
                0x00000000       0x10 .\CortexM0\ARM_GCC_493\Debug\psoc-lpm-bootloader.a(CyLib.o)
 .text.CyEnableInts
                0x00000000        0xc .\CortexM0\ARM_GCC_493\Debug\psoc-lpm-bootloader.a(CyLib.o)
 .text.CyIntGetState
                0x00000000       0x18 .\CortexM0\ARM_GCC_493\Debug\psoc-lpm-bootloader.a(CyLib.o)
 .text.CyIntSetPending
                0x00000000       0x14 .\CortexM0\ARM_GCC_493\Debug\psoc-lpm-bootloader.a(CyLib.o)
 .text.CyIntClearPending
                0x00000000       0x14 .\CortexM0\ARM_GCC_493\Debug\psoc-lpm-bootloader.a(CyLib.o)
 .text.CyIntSetSysVector
                0x00000000       0x20 .\CortexM0\ARM_GCC_493\Debug\psoc-lpm-bootloader.a(CyLib.o)
 .text.CyIntGetSysVector
                0x00000000       0x1c .\CortexM0\ARM_GCC_493\Debug\psoc-lpm-bootloader.a(CyLib.o)
 .text.CyIntGetVector
                0x00000000       0x20 .\CortexM0\ARM_GCC_493\Debug\psoc-lpm-bootloader.a(CyLib.o)
 .text.CyIntGetPriority
                0x00000000       0x2c .\CortexM0\ARM_GCC_493\Debug\psoc-lpm-bootloader.a(CyLib.o)
 .text.CySoftwareReset
                0x00000000       0x18 .\CortexM0\ARM_GCC_493\Debug\psoc-lpm-bootloader.a(CyLib.o)
 .text.CyDelay  0x00000000       0x30 .\CortexM0\ARM_GCC_493\Debug\psoc-lpm-bootloader.a(CyLib.o)
 .text.CySysLvdEnable
                0x00000000       0x44 .\CortexM0\ARM_GCC_493\Debug\psoc-lpm-bootloader.a(CyLib.o)
 .text.CyDelayFreq
                0x00000000       0x4c .\CortexM0\ARM_GCC_493\Debug\psoc-lpm-bootloader.a(CyLib.o)
 .text.CySysTickStop
                0x00000000       0x10 .\CortexM0\ARM_GCC_493\Debug\psoc-lpm-bootloader.a(CyLib.o)
 .text.CySysTickEnableInterrupt
                0x00000000       0x10 .\CortexM0\ARM_GCC_493\Debug\psoc-lpm-bootloader.a(CyLib.o)
 .text.CySysTickEnable
                0x00000000       0x18 .\CortexM0\ARM_GCC_493\Debug\psoc-lpm-bootloader.a(CyLib.o)
 .text.CySysTickDisableInterrupt
                0x00000000       0x10 .\CortexM0\ARM_GCC_493\Debug\psoc-lpm-bootloader.a(CyLib.o)
 .text.CySysTickSetReload
                0x00000000       0x10 .\CortexM0\ARM_GCC_493\Debug\psoc-lpm-bootloader.a(CyLib.o)
 .text.CySysTickGetReload
                0x00000000       0x10 .\CortexM0\ARM_GCC_493\Debug\psoc-lpm-bootloader.a(CyLib.o)
 .text.CySysTickGetValue
                0x00000000       0x10 .\CortexM0\ARM_GCC_493\Debug\psoc-lpm-bootloader.a(CyLib.o)
 .text.CySysTickGetCountFlag
                0x00000000       0x10 .\CortexM0\ARM_GCC_493\Debug\psoc-lpm-bootloader.a(CyLib.o)
 .text.CySysTickServiceCallbacks
                0x00000000       0x28 .\CortexM0\ARM_GCC_493\Debug\psoc-lpm-bootloader.a(CyLib.o)
 .text.CySysTickClear
                0x00000000        0xc .\CortexM0\ARM_GCC_493\Debug\psoc-lpm-bootloader.a(CyLib.o)
 .text.CySysTickInit
                0x00000000       0x44 .\CortexM0\ARM_GCC_493\Debug\psoc-lpm-bootloader.a(CyLib.o)
 .text.CySysTickStart
                0x00000000       0x20 .\CortexM0\ARM_GCC_493\Debug\psoc-lpm-bootloader.a(CyLib.o)
 .text.CySysTickSetCallback
                0x00000000       0x10 .\CortexM0\ARM_GCC_493\Debug\psoc-lpm-bootloader.a(CyLib.o)
 .text.CySysTickGetCallback
                0x00000000        0xc .\CortexM0\ARM_GCC_493\Debug\psoc-lpm-bootloader.a(CyLib.o)
 .text.CyGetUniqueId
                0x00000000       0x70 .\CortexM0\ARM_GCC_493\Debug\psoc-lpm-bootloader.a(CyLib.o)
 .text          0x00000000        0x0 .\CortexM0\ARM_GCC_493\Debug\psoc-lpm-bootloader.a(CyLFClk.o)
 .text.CySysClkIloEnabled
                0x00000000       0x14 .\CortexM0\ARM_GCC_493\Debug\psoc-lpm-bootloader.a(CyLFClk.o)
 .text.CySysClkIloStart
                0x00000000       0x14 .\CortexM0\ARM_GCC_493\Debug\psoc-lpm-bootloader.a(CyLFClk.o)
 .text.CySysClkIloStartMeasurement
                0x00000000       0x34 .\CortexM0\ARM_GCC_493\Debug\psoc-lpm-bootloader.a(CyLFClk.o)
 .text.CySysClkIloStopMeasurement
                0x00000000       0x14 .\CortexM0\ARM_GCC_493\Debug\psoc-lpm-bootloader.a(CyLFClk.o)
 .text.CySysClkIloCompensate
                0x00000000      0x108 .\CortexM0\ARM_GCC_493\Debug\psoc-lpm-bootloader.a(CyLFClk.o)
 .text.CySysWdtGetEnabledStatus
                0x00000000       0x24 .\CortexM0\ARM_GCC_493\Debug\psoc-lpm-bootloader.a(CyLFClk.o)
 .text.CySysWdtSetMode
                0x00000000       0x38 .\CortexM0\ARM_GCC_493\Debug\psoc-lpm-bootloader.a(CyLFClk.o)
 .text.CySysClkLfclkPosedgeRestore
                0x00000000       0x2c .\CortexM0\ARM_GCC_493\Debug\psoc-lpm-bootloader.a(CyLFClk.o)
 .text.CySysWdtGetMode
                0x00000000       0x14 .\CortexM0\ARM_GCC_493\Debug\psoc-lpm-bootloader.a(CyLFClk.o)
 .text.CySysWdtSetClearOnMatch
                0x00000000       0x38 .\CortexM0\ARM_GCC_493\Debug\psoc-lpm-bootloader.a(CyLFClk.o)
 .text.CySysWdtGetClearOnMatch
                0x00000000       0x24 .\CortexM0\ARM_GCC_493\Debug\psoc-lpm-bootloader.a(CyLFClk.o)
 .text.CySysWdtEnable
                0x00000000       0x40 .\CortexM0\ARM_GCC_493\Debug\psoc-lpm-bootloader.a(CyLFClk.o)
 .text.CySysWdtDisable
                0x00000000       0x44 .\CortexM0\ARM_GCC_493\Debug\psoc-lpm-bootloader.a(CyLFClk.o)
 .text.CySysWdtSetCascade
                0x00000000       0x34 .\CortexM0\ARM_GCC_493\Debug\psoc-lpm-bootloader.a(CyLFClk.o)
 .text.CySysWdtGetCascade
                0x00000000       0x14 .\CortexM0\ARM_GCC_493\Debug\psoc-lpm-bootloader.a(CyLFClk.o)
 .text.CySysWdtSetMatch
                0x00000000       0x3c .\CortexM0\ARM_GCC_493\Debug\psoc-lpm-bootloader.a(CyLFClk.o)
 .text.CySysWdtSetToggleBit
                0x00000000       0x2c .\CortexM0\ARM_GCC_493\Debug\psoc-lpm-bootloader.a(CyLFClk.o)
 .text.CySysWdtGetToggleBit
                0x00000000       0x10 .\CortexM0\ARM_GCC_493\Debug\psoc-lpm-bootloader.a(CyLFClk.o)
 .text.CySysWdtGetMatch
                0x00000000       0x20 .\CortexM0\ARM_GCC_493\Debug\psoc-lpm-bootloader.a(CyLFClk.o)
 .text.CySysWdtGetCount
                0x00000000       0x3c .\CortexM0\ARM_GCC_493\Debug\psoc-lpm-bootloader.a(CyLFClk.o)
 .text.CySysClkLfclkPosedgeCatch
                0x00000000       0x74 .\CortexM0\ARM_GCC_493\Debug\psoc-lpm-bootloader.a(CyLFClk.o)
 .text.CySysClkIloStop
                0x00000000       0x38 .\CortexM0\ARM_GCC_493\Debug\psoc-lpm-bootloader.a(CyLFClk.o)
 .text.CySysWdtGetInterruptSource
                0x00000000       0x14 .\CortexM0\ARM_GCC_493\Debug\psoc-lpm-bootloader.a(CyLFClk.o)
 .text.CySysWdtResetCounters
                0x00000000       0x20 .\CortexM0\ARM_GCC_493\Debug\psoc-lpm-bootloader.a(CyLFClk.o)
 .text.CySysWdtSetInterruptCallback
                0x00000000       0x20 .\CortexM0\ARM_GCC_493\Debug\psoc-lpm-bootloader.a(CyLFClk.o)
 .text.CySysWdtGetInterruptCallback
                0x00000000       0x20 .\CortexM0\ARM_GCC_493\Debug\psoc-lpm-bootloader.a(CyLFClk.o)
 .text.CySysWdtEnableCounterIsr
                0x00000000       0x34 .\CortexM0\ARM_GCC_493\Debug\psoc-lpm-bootloader.a(CyLFClk.o)
 .text.CySysWdtDisableCounterIsr
                0x00000000       0x28 .\CortexM0\ARM_GCC_493\Debug\psoc-lpm-bootloader.a(CyLFClk.o)
 .text.CySysWatchdogFeed
                0x00000000       0x60 .\CortexM0\ARM_GCC_493\Debug\psoc-lpm-bootloader.a(CyLFClk.o)
 .text.CySysTimerDelayUntilMatch
                0x00000000       0x6c .\CortexM0\ARM_GCC_493\Debug\psoc-lpm-bootloader.a(CyLFClk.o)
 .text.CySysTimerDelay
                0x00000000       0x3c .\CortexM0\ARM_GCC_493\Debug\psoc-lpm-bootloader.a(CyLFClk.o)
 .rodata        0x00000000        0xc .\CortexM0\ARM_GCC_493\Debug\psoc-lpm-bootloader.a(CyLFClk.o)
 .text          0x00000000        0x0 .\CortexM0\ARM_GCC_493\Debug\psoc-lpm-bootloader.a(I2CS.o)
 .data          0x00000000        0x0 .\CortexM0\ARM_GCC_493\Debug\psoc-lpm-bootloader.a(I2CS.o)
 .text.I2CS_ScbModeStop
                0x00000000        0x8 .\CortexM0\ARM_GCC_493\Debug\psoc-lpm-bootloader.a(I2CS.o)
 .text.I2CS_Stop
                0x00000000       0x2c .\CortexM0\ARM_GCC_493\Debug\psoc-lpm-bootloader.a(I2CS.o)
 .text.I2CS_SetRxFifoLevel
                0x00000000       0x14 .\CortexM0\ARM_GCC_493\Debug\psoc-lpm-bootloader.a(I2CS.o)
 .text.I2CS_SetTxFifoLevel
                0x00000000       0x14 .\CortexM0\ARM_GCC_493\Debug\psoc-lpm-bootloader.a(I2CS.o)
 .text.I2CS_SetCustomInterruptHandler
                0x00000000        0xc .\CortexM0\ARM_GCC_493\Debug\psoc-lpm-bootloader.a(I2CS.o)
 .text          0x00000000        0x0 .\CortexM0\ARM_GCC_493\Debug\psoc-lpm-bootloader.a(I2CS_I2C.o)
 .data          0x00000000        0x0 .\CortexM0\ARM_GCC_493\Debug\psoc-lpm-bootloader.a(I2CS_I2C.o)
 .bss           0x00000000        0x0 .\CortexM0\ARM_GCC_493\Debug\psoc-lpm-bootloader.a(I2CS_I2C.o)
 .text.I2CS_I2CStop
                0x00000000        0xc .\CortexM0\ARM_GCC_493\Debug\psoc-lpm-bootloader.a(I2CS_I2C.o)
 .text          0x00000000        0x0 .\CortexM0\ARM_GCC_493\Debug\psoc-lpm-bootloader.a(I2CS_I2C_SLAVE.o)
 .data          0x00000000        0x0 .\CortexM0\ARM_GCC_493\Debug\psoc-lpm-bootloader.a(I2CS_I2C_SLAVE.o)
 .bss           0x00000000        0x0 .\CortexM0\ARM_GCC_493\Debug\psoc-lpm-bootloader.a(I2CS_I2C_SLAVE.o)
 .text.I2CS_I2CSlaveSetAddress
                0x00000000       0x18 .\CortexM0\ARM_GCC_493\Debug\psoc-lpm-bootloader.a(I2CS_I2C_SLAVE.o)
 .text.I2CS_I2CSlaveSetAddressMask
                0x00000000       0x18 .\CortexM0\ARM_GCC_493\Debug\psoc-lpm-bootloader.a(I2CS_I2C_SLAVE.o)
 .text.I2CS_I2CSlaveGetReadBufSize
                0x00000000        0xc .\CortexM0\ARM_GCC_493\Debug\psoc-lpm-bootloader.a(I2CS_I2C_SLAVE.o)
 .text.I2CS_I2CSlaveGetWriteBufSize
                0x00000000        0xc .\CortexM0\ARM_GCC_493\Debug\psoc-lpm-bootloader.a(I2CS_I2C_SLAVE.o)
 .data          0x00000000        0x0 .\CortexM0\ARM_GCC_493\Debug\psoc-lpm-bootloader.a(CyBootAsmGnu.o)
 .bss           0x00000000        0x0 .\CortexM0\ARM_GCC_493\Debug\psoc-lpm-bootloader.a(CyBootAsmGnu.o)
 .text          0x00000000        0x0 .\CortexM0\ARM_GCC_493\Debug\psoc-lpm-bootloader.a(I2CS_I2C_INT.o)
 .data          0x00000000        0x0 .\CortexM0\ARM_GCC_493\Debug\psoc-lpm-bootloader.a(I2CS_I2C_INT.o)
 .bss           0x00000000        0x0 .\CortexM0\ARM_GCC_493\Debug\psoc-lpm-bootloader.a(I2CS_I2C_INT.o)
 .text          0x00000000      0x120 c:/program files (x86)/cypress/psoc creator/4.0/psoc creator/import/gnu/arm/4.9.3/bin/../lib/gcc/arm-none-eabi/4.9.3/armv6-m\libgcc.a(_udivsi3.o)
 .data          0x00000000        0x0 c:/program files (x86)/cypress/psoc creator/4.0/psoc creator/import/gnu/arm/4.9.3/bin/../lib/gcc/arm-none-eabi/4.9.3/armv6-m\libgcc.a(_udivsi3.o)
 .bss           0x00000000        0x0 c:/program files (x86)/cypress/psoc creator/4.0/psoc creator/import/gnu/arm/4.9.3/bin/../lib/gcc/arm-none-eabi/4.9.3/armv6-m\libgcc.a(_udivsi3.o)
 .text          0x00000000        0x4 c:/program files (x86)/cypress/psoc creator/4.0/psoc creator/import/gnu/arm/4.9.3/bin/../lib/gcc/arm-none-eabi/4.9.3/armv6-m\libgcc.a(_dvmd_tls.o)
 .data          0x00000000        0x0 c:/program files (x86)/cypress/psoc creator/4.0/psoc creator/import/gnu/arm/4.9.3/bin/../lib/gcc/arm-none-eabi/4.9.3/armv6-m\libgcc.a(_dvmd_tls.o)
 .bss           0x00000000        0x0 c:/program files (x86)/cypress/psoc creator/4.0/psoc creator/import/gnu/arm/4.9.3/bin/../lib/gcc/arm-none-eabi/4.9.3/armv6-m\libgcc.a(_dvmd_tls.o)
 .text          0x00000000        0x0 c:/program files (x86)/cypress/psoc creator/4.0/psoc creator/import/gnu/arm/4.9.3/bin/../lib/gcc/arm-none-eabi/4.9.3/../../../../arm-none-eabi/lib/armv6-m\libg_nano.a(lib_a-errno.o)
 .data          0x00000000        0x0 c:/program files (x86)/cypress/psoc creator/4.0/psoc creator/import/gnu/arm/4.9.3/bin/../lib/gcc/arm-none-eabi/4.9.3/../../../../arm-none-eabi/lib/armv6-m\libg_nano.a(lib_a-errno.o)
 .bss           0x00000000        0x0 c:/program files (x86)/cypress/psoc creator/4.0/psoc creator/import/gnu/arm/4.9.3/bin/../lib/gcc/arm-none-eabi/4.9.3/../../../../arm-none-eabi/lib/armv6-m\libg_nano.a(lib_a-errno.o)
 .text          0x00000000        0x0 c:/program files (x86)/cypress/psoc creator/4.0/psoc creator/import/gnu/arm/4.9.3/bin/../lib/gcc/arm-none-eabi/4.9.3/../../../../arm-none-eabi/lib/armv6-m\libg_nano.a(lib_a-exit.o)
 .data          0x00000000        0x0 c:/program files (x86)/cypress/psoc creator/4.0/psoc creator/import/gnu/arm/4.9.3/bin/../lib/gcc/arm-none-eabi/4.9.3/../../../../arm-none-eabi/lib/armv6-m\libg_nano.a(lib_a-exit.o)
 .bss           0x00000000        0x0 c:/program files (x86)/cypress/psoc creator/4.0/psoc creator/import/gnu/arm/4.9.3/bin/../lib/gcc/arm-none-eabi/4.9.3/../../../../arm-none-eabi/lib/armv6-m\libg_nano.a(lib_a-exit.o)
 .text.exit     0x00000000       0x2c c:/program files (x86)/cypress/psoc creator/4.0/psoc creator/import/gnu/arm/4.9.3/bin/../lib/gcc/arm-none-eabi/4.9.3/../../../../arm-none-eabi/lib/armv6-m\libg_nano.a(lib_a-exit.o)
 .text          0x00000000        0x0 c:/program files (x86)/cypress/psoc creator/4.0/psoc creator/import/gnu/arm/4.9.3/bin/../lib/gcc/arm-none-eabi/4.9.3/../../../../arm-none-eabi/lib/armv6-m\libg_nano.a(lib_a-impure.o)
 .data          0x00000000        0x0 c:/program files (x86)/cypress/psoc creator/4.0/psoc creator/import/gnu/arm/4.9.3/bin/../lib/gcc/arm-none-eabi/4.9.3/../../../../arm-none-eabi/lib/armv6-m\libg_nano.a(lib_a-impure.o)
 .bss           0x00000000        0x0 c:/program files (x86)/cypress/psoc creator/4.0/psoc creator/import/gnu/arm/4.9.3/bin/../lib/gcc/arm-none-eabi/4.9.3/../../../../arm-none-eabi/lib/armv6-m\libg_nano.a(lib_a-impure.o)
 .rodata._global_impure_ptr
                0x00000000        0x4 c:/program files (x86)/cypress/psoc creator/4.0/psoc creator/import/gnu/arm/4.9.3/bin/../lib/gcc/arm-none-eabi/4.9.3/../../../../arm-none-eabi/lib/armv6-m\libg_nano.a(lib_a-impure.o)
 .text          0x00000000        0x0 c:/program files (x86)/cypress/psoc creator/4.0/psoc creator/import/gnu/arm/4.9.3/bin/../lib/gcc/arm-none-eabi/4.9.3/../../../../arm-none-eabi/lib/armv6-m\libg_nano.a(lib_a-init.o)
 .data          0x00000000        0x0 c:/program files (x86)/cypress/psoc creator/4.0/psoc creator/import/gnu/arm/4.9.3/bin/../lib/gcc/arm-none-eabi/4.9.3/../../../../arm-none-eabi/lib/armv6-m\libg_nano.a(lib_a-init.o)
 .bss           0x00000000        0x0 c:/program files (x86)/cypress/psoc creator/4.0/psoc creator/import/gnu/arm/4.9.3/bin/../lib/gcc/arm-none-eabi/4.9.3/../../../../arm-none-eabi/lib/armv6-m\libg_nano.a(lib_a-init.o)
 .text          0x00000000        0x0 c:/program files (x86)/cypress/psoc creator/4.0/psoc creator/import/gnu/arm/4.9.3/bin/../lib/gcc/arm-none-eabi/4.9.3/../../../../arm-none-eabi/lib/armv6-m\libg_nano.a(lib_a-memcpy.o)
 .data          0x00000000        0x0 c:/program files (x86)/cypress/psoc creator/4.0/psoc creator/import/gnu/arm/4.9.3/bin/../lib/gcc/arm-none-eabi/4.9.3/../../../../arm-none-eabi/lib/armv6-m\libg_nano.a(lib_a-memcpy.o)
 .bss           0x00000000        0x0 c:/program files (x86)/cypress/psoc creator/4.0/psoc creator/import/gnu/arm/4.9.3/bin/../lib/gcc/arm-none-eabi/4.9.3/../../../../arm-none-eabi/lib/armv6-m\libg_nano.a(lib_a-memcpy.o)
 .text          0x00000000        0x0 c:/program files (x86)/cypress/psoc creator/4.0/psoc creator/import/gnu/arm/4.9.3/bin/../lib/gcc/arm-none-eabi/4.9.3/../../../../arm-none-eabi/lib/armv6-m\libg_nano.a(lib_a-memset.o)
 .data          0x00000000        0x0 c:/program files (x86)/cypress/psoc creator/4.0/psoc creator/import/gnu/arm/4.9.3/bin/../lib/gcc/arm-none-eabi/4.9.3/../../../../arm-none-eabi/lib/armv6-m\libg_nano.a(lib_a-memset.o)
 .bss           0x00000000        0x0 c:/program files (x86)/cypress/psoc creator/4.0/psoc creator/import/gnu/arm/4.9.3/bin/../lib/gcc/arm-none-eabi/4.9.3/../../../../arm-none-eabi/lib/armv6-m\libg_nano.a(lib_a-memset.o)
 .text          0x00000000        0x0 c:/program files (x86)/cypress/psoc creator/4.0/psoc creator/import/gnu/arm/4.9.3/bin/../lib/gcc/arm-none-eabi/4.9.3/armv6-m/crtend.o
 .data          0x00000000        0x0 c:/program files (x86)/cypress/psoc creator/4.0/psoc creator/import/gnu/arm/4.9.3/bin/../lib/gcc/arm-none-eabi/4.9.3/armv6-m/crtend.o
 .bss           0x00000000        0x0 c:/program files (x86)/cypress/psoc creator/4.0/psoc creator/import/gnu/arm/4.9.3/bin/../lib/gcc/arm-none-eabi/4.9.3/armv6-m/crtend.o
 .text          0x00000000        0x0 c:/program files (x86)/cypress/psoc creator/4.0/psoc creator/import/gnu/arm/4.9.3/bin/../lib/gcc/arm-none-eabi/4.9.3/armv6-m/crtn.o
 .data          0x00000000        0x0 c:/program files (x86)/cypress/psoc creator/4.0/psoc creator/import/gnu/arm/4.9.3/bin/../lib/gcc/arm-none-eabi/4.9.3/armv6-m/crtn.o
 .bss           0x00000000        0x0 c:/program files (x86)/cypress/psoc creator/4.0/psoc creator/import/gnu/arm/4.9.3/bin/../lib/gcc/arm-none-eabi/4.9.3/armv6-m/crtn.o

Memory Configuration

Name             Origin             Length             Attributes
rom              0x00000000         0x00008000         xr
ram              0x20000000         0x00001000         xrw
*default*        0x00000000         0xffffffff

Linker script and memory map

LOAD c:/program files (x86)/cypress/psoc creator/4.0/psoc creator/import/gnu/arm/4.9.3/bin/../lib/gcc/arm-none-eabi/4.9.3/armv6-m/crti.o
LOAD c:/program files (x86)/cypress/psoc creator/4.0/psoc creator/import/gnu/arm/4.9.3/bin/../lib/gcc/arm-none-eabi/4.9.3/armv6-m/crtbegin.o
LOAD c:/program files (x86)/cypress/psoc creator/4.0/psoc creator/import/gnu/arm/4.9.3/bin/../lib/gcc/arm-none-eabi/4.9.3/../../../../arm-none-eabi/lib/armv6-m/crt0.o
START GROUP
LOAD .\CortexM0\ARM_GCC_493\Debug\main.o
LOAD .\CortexM0\ARM_GCC_493\Debug\cybootloader.o
LOAD .\CortexM0\ARM_GCC_493\Debug\cymetadata.o
LOAD .\CortexM0\ARM_GCC_493\Debug\Cm0Start.o
LOAD .\CortexM0\ARM_GCC_493\Debug\psoc-lpm-bootloader.a
LOAD C:\Program Files (x86)\Cypress\PSoC Creator\4.0\PSoC Creator\psoc\content\cycomponentlibrary\CyComponentLibrary.cylib\CortexM0\ARM_GCC_493\Debug\CyComponentLibrary.a
END GROUP
START GROUP
LOAD c:/program files (x86)/cypress/psoc creator/4.0/psoc creator/import/gnu/arm/4.9.3/bin/../lib/gcc/arm-none-eabi/4.9.3/armv6-m\libgcc.a
LOAD c:/program files (x86)/cypress/psoc creator/4.0/psoc creator/import/gnu/arm/4.9.3/bin/../lib/gcc/arm-none-eabi/4.9.3/../../../../arm-none-eabi/lib/armv6-m\libg_nano.a
LOAD c:/program files (x86)/cypress/psoc creator/4.0/psoc creator/import/gnu/arm/4.9.3/bin/../lib/gcc/arm-none-eabi/4.9.3/../../../../arm-none-eabi/lib/armv6-m\libc_nano.a
END GROUP
START GROUP
LOAD c:/program files (x86)/cypress/psoc creator/4.0/psoc creator/import/gnu/arm/4.9.3/bin/../lib/gcc/arm-none-eabi/4.9.3/armv6-m\libgcc.a
LOAD c:/program files (x86)/cypress/psoc creator/4.0/psoc creator/import/gnu/arm/4.9.3/bin/../lib/gcc/arm-none-eabi/4.9.3/../../../../arm-none-eabi/lib/armv6-m\libc_nano.a
END GROUP
LOAD c:/program files (x86)/cypress/psoc creator/4.0/psoc creator/import/gnu/arm/4.9.3/bin/../lib/gcc/arm-none-eabi/4.9.3/armv6-m/crtend.o
LOAD c:/program files (x86)/cypress/psoc creator/4.0/psoc creator/import/gnu/arm/4.9.3/bin/../lib/gcc/arm-none-eabi/4.9.3/armv6-m/crtn.o
START GROUP
LOAD c:/program files (x86)/cypress/psoc creator/4.0/psoc creator/import/gnu/arm/4.9.3/bin/../lib/gcc/arm-none-eabi/4.9.3/armv6-m\libgcc.a
LOAD c:/program files (x86)/cypress/psoc creator/4.0/psoc creator/import/gnu/arm/4.9.3/bin/../lib/gcc/arm-none-eabi/4.9.3/../../../../arm-none-eabi/lib/armv6-m\libc.a
LOAD c:/program files (x86)/cypress/psoc creator/4.0/psoc creator/import/gnu/arm/4.9.3/bin/../lib/gcc/arm-none-eabi/4.9.3/../../../../arm-none-eabi/lib/armv6-m\libnosys.a
END GROUP
                0x00000000                CY_APPL_ORIGIN = 0x0
                0x00000080                CY_FLASH_ROW_SIZE = 0x80
                0x00000001                CY_APPL_NUM = 0x1
                0x00000001                CY_APPL_MAX = 0x1
                0x00000040                CY_METADATA_SIZE = 0x40
                0x00000001                CY_APPL_LOADABLE = 0x1
                0x00000000                CY_CHECKSUM_EXCLUDE_SIZE = ALIGN (0x0, CY_FLASH_ROW_SIZE)
                0x00000000                CY_APP_FOR_STACK_AND_COPIER = 0x0
                0x200002c0                PROVIDE (__cy_heap_start, _end)
                0x00000001                PROVIDE (__cy_region_num, ((__cy_regions_end - __cy_regions) / 0x10))
                0x20001000                PROVIDE (__cy_stack, (ORIGIN (ram) + 0x1000))
                0x20000c00                PROVIDE (__cy_heap_end, (__cy_stack - 0x400))

.cybootloader   0x00000000     0x1980
 *(.cybootloader)
 .cybootloader  0x00000000     0x1980 .\CortexM0\ARM_GCC_493\Debug\cybootloader.o
                0x00000000                cy_bootloader
                0x00001980                appl1_start = CY_APPL_ORIGIN?CY_APPL_ORIGIN:ALIGN (CY_FLASH_ROW_SIZE)
                0x00004c80                appl2_start = (appl1_start + ALIGN ((((0x8000 - appl1_start) - (0x2 * CY_FLASH_ROW_SIZE)) / 0x2), CY_FLASH_ROW_SIZE))
                0x00001980                appl_start = (CY_APPL_NUM == 0x1)?appl1_start:appl2_start
                0x00000000                cy_project_type_bootloader = (appl_start == 0x0)?0x1:0x0
                0x00000000                cy_project_type_app_for_stack_and_copier = (CY_APP_FOR_STACK_AND_COPIER == 0x1)?0x1:0x0

.text           0x00001980      0xd0a
 CREATE_OBJECT_SYMBOLS
                0x00001980                PROVIDE (__cy_interrupt_vector, RomVectors)
 *(.romvectors)
 .romvectors    0x00001980       0x10 .\CortexM0\ARM_GCC_493\Debug\Cm0Start.o
                0x00001980                RomVectors
                0x00000001                ASSERT ((. != __cy_interrupt_vector), No interrupt vector)
                0x00000001                ASSERT (CY_APPL_ORIGIN?(SIZEOF (.cybootloader) <= CY_APPL_ORIGIN):0x1, Wrong image location)
                0x00001990                PROVIDE (__cy_reset, Reset)
 *(.text.Reset)
 .text.Reset    0x00001990       0x10 .\CortexM0\ARM_GCC_493\Debug\Cm0Start.o
                0x00001990                Reset
                0x00000001                ASSERT ((. != __cy_reset), No reset code)
 *(.psocinit)
 .psocinit      0x000019a0      0x11c .\CortexM0\ARM_GCC_493\Debug\psoc-lpm-bootloader.a(cyfitter_cfg.o)
                0x00001a18                cyfitter_cfg
                0x00001abc                . = MAX (., 0x100)
 *(.text .text.* .gnu.linkonce.t.*)
 .text          0x00001abc       0x60 c:/program files (x86)/cypress/psoc creator/4.0/psoc creator/import/gnu/arm/4.9.3/bin/../lib/gcc/arm-none-eabi/4.9.3/armv6-m/crtbegin.o
 .text.main     0x00001b1c       0x4c .\CortexM0\ARM_GCC_493\Debug\main.o
                0x00001b1c                main
 .text.IntDefaultHandler
                0x00001b68       0x10 .\CortexM0\ARM_GCC_493\Debug\Cm0Start.o
                0x00001b68                IntDefaultHandler
 .text.Start_c  0x00001b78       0x48 .\CortexM0\ARM_GCC_493\Debug\Cm0Start.o
                0x00001b78                Start_c
 .text.initialize_psoc
                0x00001bc0       0x58 .\CortexM0\ARM_GCC_493\Debug\Cm0Start.o
                0x00001bc0                initialize_psoc
 .text.CYMEMZERO
                0x00001c18        0xc .\CortexM0\ARM_GCC_493\Debug\psoc-lpm-bootloader.a(cyfitter_cfg.o)
 .text.CyIntEnable
                0x00001c24       0x14 .\CortexM0\ARM_GCC_493\Debug\psoc-lpm-bootloader.a(CyLib.o)
                0x00001c24                CyIntEnable
 .text.CyIntDisable
                0x00001c38       0x14 .\CortexM0\ARM_GCC_493\Debug\psoc-lpm-bootloader.a(CyLib.o)
                0x00001c38                CyIntDisable
 .text.CyHalt   0x00001c4c        0x4 .\CortexM0\ARM_GCC_493\Debug\psoc-lpm-bootloader.a(CyLib.o)
                0x00001c4c                CyHalt
 .text.CyIntSetVector
                0x00001c50       0x24 .\CortexM0\ARM_GCC_493\Debug\psoc-lpm-bootloader.a(CyLib.o)
                0x00001c50                CyIntSetVector
 .text.CyIntSetPriority
                0x00001c74       0x4c .\CortexM0\ARM_GCC_493\Debug\psoc-lpm-bootloader.a(CyLib.o)
                0x00001c74                CyIntSetPriority
 .text.CyDelayUs
                0x00001cc0       0x14 .\CortexM0\ARM_GCC_493\Debug\psoc-lpm-bootloader.a(CyLib.o)
                0x00001cc0                CyDelayUs
 .text.CySysClkWriteImoFreq
                0x00001cd4      0x164 .\CortexM0\ARM_GCC_493\Debug\psoc-lpm-bootloader.a(CyLib.o)
                0x00001cd4                CySysClkWriteImoFreq
 .text.CySysWdtLocked
                0x00001e38       0x14 .\CortexM0\ARM_GCC_493\Debug\psoc-lpm-bootloader.a(CyLFClk.o)
 .text.CySysWdtLock
                0x00001e4c       0x1c .\CortexM0\ARM_GCC_493\Debug\psoc-lpm-bootloader.a(CyLFClk.o)
                0x00001e4c                CySysWdtLock
 .text.CySysWdtUnlock
                0x00001e68       0x30 .\CortexM0\ARM_GCC_493\Debug\psoc-lpm-bootloader.a(CyLFClk.o)
                0x00001e68                CySysWdtUnlock
 .text.CySysWdtClearInterrupt
                0x00001e98       0x4c .\CortexM0\ARM_GCC_493\Debug\psoc-lpm-bootloader.a(CyLFClk.o)
                0x00001e98                CySysWdtClearInterrupt
 .text.CySysWdtIsr
                0x00001ee4       0xa4 .\CortexM0\ARM_GCC_493\Debug\psoc-lpm-bootloader.a(CyLFClk.o)
                0x00001ee4                CySysWdtIsr
 .text.I2CS_ScbEnableIntr
                0x00001f88        0xc .\CortexM0\ARM_GCC_493\Debug\psoc-lpm-bootloader.a(I2CS.o)
 .text.I2CS_Init
                0x00001f94        0x8 .\CortexM0\ARM_GCC_493\Debug\psoc-lpm-bootloader.a(I2CS.o)
                0x00001f94                I2CS_Init
 .text.I2CS_Enable
                0x00001f9c       0x18 .\CortexM0\ARM_GCC_493\Debug\psoc-lpm-bootloader.a(I2CS.o)
                0x00001f9c                I2CS_Enable
 .text.I2CS_Start
                0x00001fb4       0x20 .\CortexM0\ARM_GCC_493\Debug\psoc-lpm-bootloader.a(I2CS.o)
                0x00001fb4                I2CS_Start
 .text.I2CS_I2CSlaveNackGeneration
                0x00001fd4       0x3c .\CortexM0\ARM_GCC_493\Debug\psoc-lpm-bootloader.a(I2CS.o)
                0x00001fd4                I2CS_I2CSlaveNackGeneration
 .text.I2CS_I2CInit
                0x00002010       0xd8 .\CortexM0\ARM_GCC_493\Debug\psoc-lpm-bootloader.a(I2CS_I2C.o)
                0x00002010                I2CS_I2CInit
 .text.I2CS_I2CSlaveStatus
                0x000020e8        0xc .\CortexM0\ARM_GCC_493\Debug\psoc-lpm-bootloader.a(I2CS_I2C_SLAVE.o)
                0x000020e8                I2CS_I2CSlaveStatus
 .text.I2CS_I2CSlaveClearReadStatus
                0x000020f4       0x28 .\CortexM0\ARM_GCC_493\Debug\psoc-lpm-bootloader.a(I2CS_I2C_SLAVE.o)
                0x000020f4                I2CS_I2CSlaveClearReadStatus
 .text.I2CS_I2CSlaveClearWriteStatus
                0x0000211c       0x28 .\CortexM0\ARM_GCC_493\Debug\psoc-lpm-bootloader.a(I2CS_I2C_SLAVE.o)
                0x0000211c                I2CS_I2CSlaveClearWriteStatus
 .text.I2CS_I2CSlaveInitReadBuf
                0x00002144       0x3c .\CortexM0\ARM_GCC_493\Debug\psoc-lpm-bootloader.a(I2CS_I2C_SLAVE.o)
                0x00002144                I2CS_I2CSlaveInitReadBuf
 .text.I2CS_I2CSlaveInitWriteBuf
                0x00002180       0x34 .\CortexM0\ARM_GCC_493\Debug\psoc-lpm-bootloader.a(I2CS_I2C_SLAVE.o)
                0x00002180                I2CS_I2CSlaveInitWriteBuf
 .text.I2CS_I2CSlaveClearReadBuf
                0x000021b4        0xc .\CortexM0\ARM_GCC_493\Debug\psoc-lpm-bootloader.a(I2CS_I2C_SLAVE.o)
                0x000021b4                I2CS_I2CSlaveClearReadBuf
 .text.I2CS_I2CSlaveClearWriteBuf
                0x000021c0        0xc .\CortexM0\ARM_GCC_493\Debug\psoc-lpm-bootloader.a(I2CS_I2C_SLAVE.o)
                0x000021c0                I2CS_I2CSlaveClearWriteBuf
 *fill*         0x000021cc        0x4 
 .text          0x000021d0       0x28 .\CortexM0\ARM_GCC_493\Debug\psoc-lpm-bootloader.a(CyBootAsmGnu.o)
                0x000021d0                CyDelayCycles
                0x000021e4                CyEnterCriticalSection
                0x000021ec                CyExitCriticalSection
 .text.I2CS_I2C_ISR
                0x000021f8      0x418 .\CortexM0\ARM_GCC_493\Debug\psoc-lpm-bootloader.a(I2CS_I2C_INT.o)
                0x000021f8                I2CS_I2C_ISR
 .text.__errno  0x00002610        0xc c:/program files (x86)/cypress/psoc creator/4.0/psoc creator/import/gnu/arm/4.9.3/bin/../lib/gcc/arm-none-eabi/4.9.3/../../../../arm-none-eabi/lib/armv6-m\libg_nano.a(lib_a-errno.o)
                0x00002610                __errno
 .text.__libc_init_array
                0x0000261c       0x4c c:/program files (x86)/cypress/psoc creator/4.0/psoc creator/import/gnu/arm/4.9.3/bin/../lib/gcc/arm-none-eabi/4.9.3/../../../../arm-none-eabi/lib/armv6-m\libg_nano.a(lib_a-init.o)
                0x0000261c                __libc_init_array
 .text.memcpy   0x00002668       0x12 c:/program files (x86)/cypress/psoc creator/4.0/psoc creator/import/gnu/arm/4.9.3/bin/../lib/gcc/arm-none-eabi/4.9.3/../../../../arm-none-eabi/lib/armv6-m\libg_nano.a(lib_a-memcpy.o)
                0x00002668                memcpy
 .text.memset   0x0000267a       0x10 c:/program files (x86)/cypress/psoc creator/4.0/psoc creator/import/gnu/arm/4.9.3/bin/../lib/gcc/arm-none-eabi/4.9.3/../../../../arm-none-eabi/lib/armv6-m\libg_nano.a(lib_a-memset.o)
                0x0000267a                memset
 *(.plt)
 *(.gnu.warning)
 *(.glue_7t)
 .glue_7t       0x00000000        0x0 linker stubs
 *(.glue_7)
 .glue_7        0x00000000        0x0 linker stubs
 *(.vfp11_veneer)
 .vfp11_veneer  0x00000000        0x0 linker stubs
 *(.bootloader)
 *(.ARM.extab* .gnu.linkonce.armextab.*)
 *(.gcc_except_table)

.v4_bx          0x0000268c        0x0
 .v4_bx         0x00000000        0x0 linker stubs

.iplt           0x0000268c        0x0
 .iplt          0x00000000        0x0 c:/program files (x86)/cypress/psoc creator/4.0/psoc creator/import/gnu/arm/4.9.3/bin/../lib/gcc/arm-none-eabi/4.9.3/armv6-m/crtbegin.o

.eh_frame_hdr
 *(.eh_frame_hdr)

.eh_frame       0x0000268c        0x4
 *(.eh_frame)
 .eh_frame      0x0000268c        0x0 c:/program files (x86)/cypress/psoc creator/4.0/psoc creator/import/gnu/arm/4.9.3/bin/../lib/gcc/arm-none-eabi/4.9.3/armv6-m/crtbegin.o
 .eh_frame      0x0000268c        0x4 c:/program files (x86)/cypress/psoc creator/4.0/psoc creator/import/gnu/arm/4.9.3/bin/../lib/gcc/arm-none-eabi/4.9.3/armv6-m/crtend.o
                0x00002690                PROVIDE (__exidx_start, .)

.ARM.exidx
 *(.ARM.exidx* .gnu.linkonce.armexidx.*)
                0x00002690                __exidx_end = .

.rodata         0x00002690       0x78
 *(.rodata .rodata.* .gnu.linkonce.r.*)
 .rodata        0x00002690        0xc .\CortexM0\ARM_GCC_493\Debug\psoc-lpm-bootloader.a(cyfitter_cfg.o)
 .rodata        0x0000269c       0x30 .\CortexM0\ARM_GCC_493\Debug\psoc-lpm-bootloader.a(CyLib.o)
                0x0000269c                cyImoFreqMhz2Reg
 .rodata.str1.1
                0x000026cc        0x2 c:/program files (x86)/cypress/psoc creator/4.0/psoc creator/import/gnu/arm/4.9.3/bin/../lib/gcc/arm-none-eabi/4.9.3/../../../../arm-none-eabi/lib/armv6-m\libg_nano.a(lib_a-impure.o)
                0x000026d0                . = ALIGN (0x4)
 *fill*         0x000026ce        0x2 
 *(.init)
 .init          0x000026d0        0x4 c:/program files (x86)/cypress/psoc creator/4.0/psoc creator/import/gnu/arm/4.9.3/bin/../lib/gcc/arm-none-eabi/4.9.3/armv6-m/crti.o
                0x000026d0                _init
 .init          0x000026d4        0x8 c:/program files (x86)/cypress/psoc creator/4.0/psoc creator/import/gnu/arm/4.9.3/bin/../lib/gcc/arm-none-eabi/4.9.3/armv6-m/crtn.o
                0x000026dc                . = ALIGN (0x4)
                0x000026dc                __preinit_array_start = .
 *(.preinit_array)
                0x000026dc                __preinit_array_end = .
                0x000026dc                . = ALIGN (0x4)
                0x000026dc                __init_array_start = .
 *(SORT(.init_array.*))
 *(.init_array)
 .init_array    0x000026dc        0x4 c:/program files (x86)/cypress/psoc creator/4.0/psoc creator/import/gnu/arm/4.9.3/bin/../lib/gcc/arm-none-eabi/4.9.3/armv6-m/crtbegin.o
 .init_array    0x000026e0        0x4 .\CortexM0\ARM_GCC_493\Debug\Cm0Start.o
                0x000026e4                __init_array_end = .
                0x000026e4                . = ALIGN (0x4)
 *(.fini)
 .fini          0x000026e4        0x4 c:/program files (x86)/cypress/psoc creator/4.0/psoc creator/import/gnu/arm/4.9.3/bin/../lib/gcc/arm-none-eabi/4.9.3/armv6-m/crti.o
                0x000026e4                _fini
 .fini          0x000026e8        0x8 c:/program files (x86)/cypress/psoc creator/4.0/psoc creator/import/gnu/arm/4.9.3/bin/../lib/gcc/arm-none-eabi/4.9.3/armv6-m/crtn.o
                0x000026f0                . = ALIGN (0x4)
                0x000026f0                __fini_array_start = .
 *(.fini_array)
 .fini_array    0x000026f0        0x4 c:/program files (x86)/cypress/psoc creator/4.0/psoc creator/import/gnu/arm/4.9.3/bin/../lib/gcc/arm-none-eabi/4.9.3/armv6-m/crtbegin.o
 *(SORT(.fini_array.*))
                0x000026f4                __fini_array_end = .
                0x000026f4                . = ALIGN (0x4)
 *crtbegin.o(.ctors)
 *(EXCLUDE_FILE(*crtend.o) .ctors)
 *(SORT(.ctors.*))
 *crtend.o(.ctors)
                0x000026f4                . = ALIGN (0x4)
 *crtbegin.o(.dtors)
 *(EXCLUDE_FILE(*crtend.o) .dtors)
 *(SORT(.dtors.*))
 *crtend.o(.dtors)
                0x000026f4                . = ALIGN (0x4)
                0x000026f4                __cy_regions = .
                0x000026f4        0x4 LONG 0x2708 __cy_region_init_ram
                0x000026f8        0x4 LONG 0x200000d0 __cy_region_start_data
                0x000026fc        0x4 LONG 0x80 __cy_region_init_size_ram
                0x00002700        0x4 LONG 0x170 __cy_region_zero_size_ram
                0x00002704                __cy_regions_end = .
                0x00002708                . = ALIGN (0x8)
 *fill*         0x00002704        0x4 
                0x00002708                _etext = .

.ramvectors     0x20000000       0xc0
                0x20000000                __cy_region_start_ram = .
 *(.ramvectors)
 .ramvectors    0x20000000       0xc0 .\CortexM0\ARM_GCC_493\Debug\Cm0Start.o
                0x20000000                CyRamVectors

.btldr_run      0x200000c0        0x4
 *(.bootloaderruntype)
 .bootloaderruntype
                0x200000c0        0x4 .\CortexM0\ARM_GCC_493\Debug\Cm0Start.o
                0x200000c0                cyBtldrRunType

.noinit         0x200000c8        0x4
 *(.noinit)
 .noinit        0x200000c8        0x4 .\CortexM0\ARM_GCC_493\Debug\Cm0Start.o

.data           0x200000d0       0x80 load address 0x00002708
                0x200000d0                __cy_region_start_data = .
 *(.jcr)
 .jcr           0x200000d0        0x0 c:/program files (x86)/cypress/psoc creator/4.0/psoc creator/import/gnu/arm/4.9.3/bin/../lib/gcc/arm-none-eabi/4.9.3/armv6-m/crtbegin.o
 .jcr           0x200000d0        0x4 c:/program files (x86)/cypress/psoc creator/4.0/psoc creator/import/gnu/arm/4.9.3/bin/../lib/gcc/arm-none-eabi/4.9.3/armv6-m/crtend.o
 *(.got.plt)
 *(.got)
 *(.shdata)
 *(.data .data.* .gnu.linkonce.d.*)
 .data          0x200000d4       0x14 .\CortexM0\ARM_GCC_493\Debug\psoc-lpm-bootloader.a(CyLib.o)
                0x200000d4                CySysClkPumpConfig
                0x200000d8                cydelay32kMs
                0x200000dc                cydelayFreqKhz
                0x200000e0                cydelayFreqMhz
                0x200000e4                cydelayFreqHz
 .data          0x200000e8        0x4 .\CortexM0\ARM_GCC_493\Debug\psoc-lpm-bootloader.a(CyLFClk.o)
 .data.impure_data
                0x200000ec       0x60 c:/program files (x86)/cypress/psoc creator/4.0/psoc creator/import/gnu/arm/4.9.3/bin/../lib/gcc/arm-none-eabi/4.9.3/../../../../arm-none-eabi/lib/armv6-m\libg_nano.a(lib_a-impure.o)
 .data._impure_ptr
                0x2000014c        0x4 c:/program files (x86)/cypress/psoc creator/4.0/psoc creator/import/gnu/arm/4.9.3/bin/../lib/gcc/arm-none-eabi/4.9.3/../../../../arm-none-eabi/lib/armv6-m\libg_nano.a(lib_a-impure.o)
                0x2000014c                _impure_ptr
                0x20000150                . = ALIGN (0x8)
 *(.ram)
                0x20000150                _edata = .

.igot.plt       0x20000150        0x0 load address 0x00002788
 .igot.plt      0x00000000        0x0 c:/program files (x86)/cypress/psoc creator/4.0/psoc creator/import/gnu/arm/4.9.3/bin/../lib/gcc/arm-none-eabi/4.9.3/armv6-m/crtbegin.o

.bss            0x20000150      0x170 load address 0x00002788
                0x20000150                PROVIDE (__bss_start__, .)
 *(.shbss)
 *(.bss .bss.* .gnu.linkonce.b.*)
 .bss           0x20000150       0x1c c:/program files (x86)/cypress/psoc creator/4.0/psoc creator/import/gnu/arm/4.9.3/bin/../lib/gcc/arm-none-eabi/4.9.3/armv6-m/crtbegin.o
 .bss           0x2000016c      0x100 .\CortexM0\ARM_GCC_493\Debug\main.o
 .bss           0x2000026c       0x20 .\CortexM0\ARM_GCC_493\Debug\psoc-lpm-bootloader.a(CyLFClk.o)
 .bss           0x2000028c        0x8 .\CortexM0\ARM_GCC_493\Debug\psoc-lpm-bootloader.a(I2CS.o)
                0x2000028c                I2CS_initVar
                0x20000290                I2CS_customIntrHandler
 *(COMMON)
 COMMON         0x20000294        0x1 .\CortexM0\ARM_GCC_493\Debug\psoc-lpm-bootloader.a(I2CS_I2C.o)
                0x20000294                I2CS_state
 *fill*         0x20000295        0x3 
 COMMON         0x20000298       0x21 .\CortexM0\ARM_GCC_493\Debug\psoc-lpm-bootloader.a(I2CS_I2C_SLAVE.o)
                0x20000298                I2CS_slRdBufIndex
                0x2000029c                I2CS_slWrBufIndex
                0x200002a0                I2CS_slWrBufSize
                0x200002a4                I2CS_slRdBufSize
                0x200002a8                I2CS_slRdBufPtr
                0x200002ac                I2CS_slStatus
                0x200002b0                I2CS_slRdBufIndexTmp
                0x200002b4                I2CS_slWrBufPtr
                0x200002b8                I2CS_slOverFlowCount
                0x200002c0                . = ALIGN (0x8)
 *fill*         0x200002b9        0x7 
 *(.ram.b)
                0x200002c0                _end = .
                0x200002c0                __end = .
                0x200002c0                PROVIDE (end, .)
                0x200002c0                PROVIDE (__bss_end__, .)
                0x00002708                __cy_region_init_ram = LOADADDR (.data)
                0x00000080                __cy_region_init_size_ram = (_edata - ADDR (.data))
                0x00000170                __cy_region_zero_size_ram = (_end - _edata)

.heap           0x200002c0       0x80 load address 0x00002788
                0x200002c0                . = _end
                0x20000340                . = (. + 0x80)
 *fill*         0x200002c0       0x80 
                0x20000340                __cy_heap_limit = .

.stack          0x20000c00      0x400
                0x20000c00                __cy_stack_limit = .
                0x20001000                . = (. + 0x400)
 *fill*         0x20000c00      0x400 
                0x00000001                ASSERT ((__cy_stack_limit >= __cy_heap_limit), region RAM overflowed with stack)

.cy_checksum_exclude
                0x00007f80        0x0
 *(.cy_checksum_exclude)
                0x00000000                cy_checksum_exclude_size = (CY_APPL_LOADABLE == 0x1)?SIZEOF (.cy_checksum_exclude):0x0
                0x00000001                ASSERT ((cy_checksum_exclude_size <= CY_CHECKSUM_EXCLUDE_SIZE), CY_BOOT: Section .cy_checksum_exclude size exceedes specified limit.)
                0xf0000000                cyloadermeta_start = (cy_project_type_bootloader || cy_project_type_app_for_stack_and_copier)?(0x8000 - CY_METADATA_SIZE):0xf0000000

.cyloadermeta   0xf0000000       0x40
 *(.cyloadermeta)
 .cyloadermeta  0xf0000000       0x40 .\CortexM0\ARM_GCC_493\Debug\cybootloader.o
                0xf0000000                cy_meta_loader
                0x00007fc0                cyloadablemeta_start = cy_project_type_app_for_stack_and_copier?((0x8000 - CY_FLASH_ROW_SIZE) - CY_METADATA_SIZE):((0x8000 - (CY_FLASH_ROW_SIZE * (CY_APPL_NUM - 0x1))) - CY_METADATA_SIZE)

.cyloadablemeta
                0x00007fc0       0x40
 *(.cyloadablemeta)
 .cyloadablemeta
                0x00007fc0       0x40 .\CortexM0\ARM_GCC_493\Debug\cymetadata.o
                0x00007fc0                cy_meta_loadable

.cyflashprotect
                0x90400000       0x20
 *(.cyflashprotect)
 .cyflashprotect
                0x90400000       0x20 .\CortexM0\ARM_GCC_493\Debug\cybootloader.o
                0x90400000                cy_meta_flashprotect

.cymeta         0x90500000        0xc
 *(.cymeta)
 .cymeta        0x90500000        0xc .\CortexM0\ARM_GCC_493\Debug\cybootloader.o
                0x90500000                cy_metadata

.cychipprotect  0x90600000        0x4
 *(.cychipprotect)
 .cychipprotect
                0x90600000        0x4 .\CortexM0\ARM_GCC_493\Debug\cybootloader.o
                0x90600000                cy_meta_chipprotect

.rel.dyn        0x00008000        0x0 load address 0x90600004
 .rel.iplt      0x00000000        0x0 c:/program files (x86)/cypress/psoc creator/4.0/psoc creator/import/gnu/arm/4.9.3/bin/../lib/gcc/arm-none-eabi/4.9.3/armv6-m/crtbegin.o

.stab
 *(.stab)

.stabstr
 *(.stabstr)

.debug
 *(.debug)

.line
 *(.line)

.debug_srcinfo
 *(.debug_srcinfo)

.debug_sfnames
 *(.debug_sfnames)

.debug_aranges  0x00000000      0x4c0
 *(.debug_aranges)
 .debug_aranges
                0x00000000       0x20 .\CortexM0\ARM_GCC_493\Debug\main.o
 .debug_aranges
                0x00000020       0x18 .\CortexM0\ARM_GCC_493\Debug\cybootloader.o
 .debug_aranges
                0x00000038       0x18 .\CortexM0\ARM_GCC_493\Debug\cymetadata.o
 .debug_aranges
                0x00000050       0x48 .\CortexM0\ARM_GCC_493\Debug\Cm0Start.o
 .debug_aranges
                0x00000098       0x30 .\CortexM0\ARM_GCC_493\Debug\psoc-lpm-bootloader.a(cyfitter_cfg.o)
 .debug_aranges
                0x000000c8      0x180 .\CortexM0\ARM_GCC_493\Debug\psoc-lpm-bootloader.a(CyLib.o)
 .debug_aranges
                0x00000248      0x138 .\CortexM0\ARM_GCC_493\Debug\psoc-lpm-bootloader.a(CyLFClk.o)
 .debug_aranges
                0x00000380       0x68 .\CortexM0\ARM_GCC_493\Debug\psoc-lpm-bootloader.a(I2CS.o)
 .debug_aranges
                0x000003e8       0x28 .\CortexM0\ARM_GCC_493\Debug\psoc-lpm-bootloader.a(I2CS_I2C.o)
 .debug_aranges
                0x00000410       0x70 .\CortexM0\ARM_GCC_493\Debug\psoc-lpm-bootloader.a(I2CS_I2C_SLAVE.o)
 .debug_aranges
                0x00000480       0x20 .\CortexM0\ARM_GCC_493\Debug\psoc-lpm-bootloader.a(CyBootAsmGnu.o)
 .debug_aranges
                0x000004a0       0x20 .\CortexM0\ARM_GCC_493\Debug\psoc-lpm-bootloader.a(I2CS_I2C_INT.o)

.debug_pubnames
 *(.debug_pubnames)

.debug_info     0x00000000     0x2c6b
 *(.debug_info .gnu.linkonce.wi.*)
 .debug_info    0x00000000      0x220 .\CortexM0\ARM_GCC_493\Debug\main.o
 .debug_info    0x00000220      0x14e .\CortexM0\ARM_GCC_493\Debug\cybootloader.o
 .debug_info    0x0000036e       0xb2 .\CortexM0\ARM_GCC_493\Debug\cymetadata.o
 .debug_info    0x00000420      0x3ab .\CortexM0\ARM_GCC_493\Debug\Cm0Start.o
 .debug_info    0x000007cb      0x293 .\CortexM0\ARM_GCC_493\Debug\psoc-lpm-bootloader.a(cyfitter_cfg.o)
 .debug_info    0x00000a5e      0xb07 .\CortexM0\ARM_GCC_493\Debug\psoc-lpm-bootloader.a(CyLib.o)
 .debug_info    0x00001565      0xcfc .\CortexM0\ARM_GCC_493\Debug\psoc-lpm-bootloader.a(CyLFClk.o)
 .debug_info    0x00002261      0x2a9 .\CortexM0\ARM_GCC_493\Debug\psoc-lpm-bootloader.a(I2CS.o)
 .debug_info    0x0000250a      0x1a5 .\CortexM0\ARM_GCC_493\Debug\psoc-lpm-bootloader.a(I2CS_I2C.o)
 .debug_info    0x000026af      0x38e .\CortexM0\ARM_GCC_493\Debug\psoc-lpm-bootloader.a(I2CS_I2C_SLAVE.o)
 .debug_info    0x00002a3d       0xa1 .\CortexM0\ARM_GCC_493\Debug\psoc-lpm-bootloader.a(CyBootAsmGnu.o)
 .debug_info    0x00002ade      0x18d .\CortexM0\ARM_GCC_493\Debug\psoc-lpm-bootloader.a(I2CS_I2C_INT.o)

.debug_abbrev   0x00000000      0xe24
 *(.debug_abbrev)
 .debug_abbrev  0x00000000      0x10f .\CortexM0\ARM_GCC_493\Debug\main.o
 .debug_abbrev  0x0000010f       0x77 .\CortexM0\ARM_GCC_493\Debug\cybootloader.o
 .debug_abbrev  0x00000186       0x5d .\CortexM0\ARM_GCC_493\Debug\cymetadata.o
 .debug_abbrev  0x000001e3      0x1f7 .\CortexM0\ARM_GCC_493\Debug\Cm0Start.o
 .debug_abbrev  0x000003da      0x18c .\CortexM0\ARM_GCC_493\Debug\psoc-lpm-bootloader.a(cyfitter_cfg.o)
 .debug_abbrev  0x00000566      0x20d .\CortexM0\ARM_GCC_493\Debug\psoc-lpm-bootloader.a(CyLib.o)
 .debug_abbrev  0x00000773      0x23b .\CortexM0\ARM_GCC_493\Debug\psoc-lpm-bootloader.a(CyLFClk.o)
 .debug_abbrev  0x000009ae      0x15b .\CortexM0\ARM_GCC_493\Debug\psoc-lpm-bootloader.a(I2CS.o)
 .debug_abbrev  0x00000b09       0xf3 .\CortexM0\ARM_GCC_493\Debug\psoc-lpm-bootloader.a(I2CS_I2C.o)
 .debug_abbrev  0x00000bfc      0x170 .\CortexM0\ARM_GCC_493\Debug\psoc-lpm-bootloader.a(I2CS_I2C_SLAVE.o)
 .debug_abbrev  0x00000d6c       0x14 .\CortexM0\ARM_GCC_493\Debug\psoc-lpm-bootloader.a(CyBootAsmGnu.o)
 .debug_abbrev  0x00000d80       0xa4 .\CortexM0\ARM_GCC_493\Debug\psoc-lpm-bootloader.a(I2CS_I2C_INT.o)

.debug_line     0x00000000     0x1237
 *(.debug_line)
 .debug_line    0x00000000       0x86 .\CortexM0\ARM_GCC_493\Debug\main.o
 .debug_line    0x00000086       0x53 .\CortexM0\ARM_GCC_493\Debug\cybootloader.o
 .debug_line    0x000000d9       0x51 .\CortexM0\ARM_GCC_493\Debug\cymetadata.o
 .debug_line    0x0000012a      0x24f .\CortexM0\ARM_GCC_493\Debug\Cm0Start.o
 .debug_line    0x00000379      0x131 .\CortexM0\ARM_GCC_493\Debug\psoc-lpm-bootloader.a(cyfitter_cfg.o)
 .debug_line    0x000004aa      0x460 .\CortexM0\ARM_GCC_493\Debug\psoc-lpm-bootloader.a(CyLib.o)
 .debug_line    0x0000090a      0x467 .\CortexM0\ARM_GCC_493\Debug\psoc-lpm-bootloader.a(CyLFClk.o)
 .debug_line    0x00000d71      0x145 .\CortexM0\ARM_GCC_493\Debug\psoc-lpm-bootloader.a(I2CS.o)
 .debug_line    0x00000eb6       0xa7 .\CortexM0\ARM_GCC_493\Debug\psoc-lpm-bootloader.a(I2CS_I2C.o)
 .debug_line    0x00000f5d      0x13d .\CortexM0\ARM_GCC_493\Debug\psoc-lpm-bootloader.a(I2CS_I2C_SLAVE.o)
 .debug_line    0x0000109a       0x69 .\CortexM0\ARM_GCC_493\Debug\psoc-lpm-bootloader.a(CyBootAsmGnu.o)
 .debug_line    0x00001103      0x134 .\CortexM0\ARM_GCC_493\Debug\psoc-lpm-bootloader.a(I2CS_I2C_INT.o)

.debug_frame    0x00000000      0xc0c
 *(.debug_frame)
 .debug_frame   0x00000000       0x2c .\CortexM0\ARM_GCC_493\Debug\main.o
 .debug_frame   0x0000002c       0xbc .\CortexM0\ARM_GCC_493\Debug\Cm0Start.o
 .debug_frame   0x000000e8       0x68 .\CortexM0\ARM_GCC_493\Debug\psoc-lpm-bootloader.a(cyfitter_cfg.o)
 .debug_frame   0x00000150      0x3e0 .\CortexM0\ARM_GCC_493\Debug\psoc-lpm-bootloader.a(CyLib.o)
 .debug_frame   0x00000530      0x3a8 .\CortexM0\ARM_GCC_493\Debug\psoc-lpm-bootloader.a(CyLFClk.o)
 .debug_frame   0x000008d8       0xf8 .\CortexM0\ARM_GCC_493\Debug\psoc-lpm-bootloader.a(I2CS.o)
 .debug_frame   0x000009d0       0x3c .\CortexM0\ARM_GCC_493\Debug\psoc-lpm-bootloader.a(I2CS_I2C.o)
 .debug_frame   0x00000a0c       0xf8 .\CortexM0\ARM_GCC_493\Debug\psoc-lpm-bootloader.a(I2CS_I2C_SLAVE.o)
 .debug_frame   0x00000b04       0x2c .\CortexM0\ARM_GCC_493\Debug\psoc-lpm-bootloader.a(I2CS_I2C_INT.o)
 .debug_frame   0x00000b30       0x20 c:/program files (x86)/cypress/psoc creator/4.0/psoc creator/import/gnu/arm/4.9.3/bin/../lib/gcc/arm-none-eabi/4.9.3/armv6-m\libgcc.a(_udivsi3.o)
 .debug_frame   0x00000b50       0x20 c:/program files (x86)/cypress/psoc creator/4.0/psoc creator/import/gnu/arm/4.9.3/bin/../lib/gcc/arm-none-eabi/4.9.3/../../../../arm-none-eabi/lib/armv6-m\libg_nano.a(lib_a-errno.o)
 .debug_frame   0x00000b70       0x28 c:/program files (x86)/cypress/psoc creator/4.0/psoc creator/import/gnu/arm/4.9.3/bin/../lib/gcc/arm-none-eabi/4.9.3/../../../../arm-none-eabi/lib/armv6-m\libg_nano.a(lib_a-exit.o)
 .debug_frame   0x00000b98       0x2c c:/program files (x86)/cypress/psoc creator/4.0/psoc creator/import/gnu/arm/4.9.3/bin/../lib/gcc/arm-none-eabi/4.9.3/../../../../arm-none-eabi/lib/armv6-m\libg_nano.a(lib_a-init.o)
 .debug_frame   0x00000bc4       0x28 c:/program files (x86)/cypress/psoc creator/4.0/psoc creator/import/gnu/arm/4.9.3/bin/../lib/gcc/arm-none-eabi/4.9.3/../../../../arm-none-eabi/lib/armv6-m\libg_nano.a(lib_a-memcpy.o)
 .debug_frame   0x00000bec       0x20 c:/program files (x86)/cypress/psoc creator/4.0/psoc creator/import/gnu/arm/4.9.3/bin/../lib/gcc/arm-none-eabi/4.9.3/../../../../arm-none-eabi/lib/armv6-m\libg_nano.a(lib_a-memset.o)

.debug_str      0x00000000     0x11f6
 *(.debug_str)
 .debug_str     0x00000000      0x241 .\CortexM0\ARM_GCC_493\Debug\main.o
                                0x27a (size before relaxing)
 .debug_str     0x00000241       0x78 .\CortexM0\ARM_GCC_493\Debug\cybootloader.o
                                0x1fe (size before relaxing)
 .debug_str     0x000002b9       0x35 .\CortexM0\ARM_GCC_493\Debug\cymetadata.o
                                0x1bb (size before relaxing)
 .debug_str     0x000002ee      0x169 .\CortexM0\ARM_GCC_493\Debug\Cm0Start.o
                                0x315 (size before relaxing)
 .debug_str     0x00000457       0x9b .\CortexM0\ARM_GCC_493\Debug\psoc-lpm-bootloader.a(cyfitter_cfg.o)
                                0x25c (size before relaxing)
 .debug_str     0x000004f2      0x4de .\CortexM0\ARM_GCC_493\Debug\psoc-lpm-bootloader.a(CyLib.o)
                                0x6c9 (size before relaxing)
 .debug_str     0x000009d0      0x530 .\CortexM0\ARM_GCC_493\Debug\psoc-lpm-bootloader.a(CyLFClk.o)
                                0x742 (size before relaxing)
 .debug_str     0x00000f00      0x124 .\CortexM0\ARM_GCC_493\Debug\psoc-lpm-bootloader.a(I2CS.o)
                                0x2ed (size before relaxing)
 .debug_str     0x00001024       0x74 .\CortexM0\ARM_GCC_493\Debug\psoc-lpm-bootloader.a(I2CS_I2C.o)
                                0x25b (size before relaxing)
 .debug_str     0x00001098      0x115 .\CortexM0\ARM_GCC_493\Debug\psoc-lpm-bootloader.a(I2CS_I2C_SLAVE.o)
                                0x3ce (size before relaxing)
 .debug_str     0x000011ad       0x49 .\CortexM0\ARM_GCC_493\Debug\psoc-lpm-bootloader.a(I2CS_I2C_INT.o)
                                0x2c5 (size before relaxing)

.debug_loc      0x00000000     0x1417
 *(.debug_loc)
 .debug_loc     0x00000000      0x14f .\CortexM0\ARM_GCC_493\Debug\Cm0Start.o
 .debug_loc     0x0000014f       0xa9 .\CortexM0\ARM_GCC_493\Debug\psoc-lpm-bootloader.a(cyfitter_cfg.o)
 .debug_loc     0x000001f8      0x5b5 .\CortexM0\ARM_GCC_493\Debug\psoc-lpm-bootloader.a(CyLib.o)
 .debug_loc     0x000007ad      0x9d5 .\CortexM0\ARM_GCC_493\Debug\psoc-lpm-bootloader.a(CyLFClk.o)
 .debug_loc     0x00001182       0x7e .\CortexM0\ARM_GCC_493\Debug\psoc-lpm-bootloader.a(I2CS.o)
 .debug_loc     0x00001200      0x175 .\CortexM0\ARM_GCC_493\Debug\psoc-lpm-bootloader.a(I2CS_I2C_SLAVE.o)
 .debug_loc     0x00001375       0xa2 .\CortexM0\ARM_GCC_493\Debug\psoc-lpm-bootloader.a(I2CS_I2C_INT.o)

.debug_macinfo
 *(.debug_macinfo)

.debug_ranges   0x00000000      0x3e0
 *(.debug_ranges)
 .debug_ranges  0x00000000       0x10 .\CortexM0\ARM_GCC_493\Debug\main.o
 .debug_ranges  0x00000010       0x38 .\CortexM0\ARM_GCC_493\Debug\Cm0Start.o
 .debug_ranges  0x00000048       0x20 .\CortexM0\ARM_GCC_493\Debug\psoc-lpm-bootloader.a(cyfitter_cfg.o)
 .debug_ranges  0x00000068      0x170 .\CortexM0\ARM_GCC_493\Debug\psoc-lpm-bootloader.a(CyLib.o)
 .debug_ranges  0x000001d8      0x128 .\CortexM0\ARM_GCC_493\Debug\psoc-lpm-bootloader.a(CyLFClk.o)
 .debug_ranges  0x00000300       0x58 .\CortexM0\ARM_GCC_493\Debug\psoc-lpm-bootloader.a(I2CS.o)
 .debug_ranges  0x00000358       0x18 .\CortexM0\ARM_GCC_493\Debug\psoc-lpm-bootloader.a(I2CS_I2C.o)
 .debug_ranges  0x00000370       0x60 .\CortexM0\ARM_GCC_493\Debug\psoc-lpm-bootloader.a(I2CS_I2C_SLAVE.o)
 .debug_ranges  0x000003d0       0x10 .\CortexM0\ARM_GCC_493\Debug\psoc-lpm-bootloader.a(I2CS_I2C_INT.o)

.comment        0x00000000       0x70
 .comment       0x00000000       0x70 .\CortexM0\ARM_GCC_493\Debug\main.o
                                 0x71 (size before relaxing)
 .comment       0x00000000       0x71 .\CortexM0\ARM_GCC_493\Debug\cybootloader.o
 .comment       0x00000000       0x71 .\CortexM0\ARM_GCC_493\Debug\cymetadata.o
 .comment       0x00000000       0x71 .\CortexM0\ARM_GCC_493\Debug\Cm0Start.o
 .comment       0x00000000       0x71 .\CortexM0\ARM_GCC_493\Debug\psoc-lpm-bootloader.a(cyfitter_cfg.o)
 .comment       0x00000000       0x71 .\CortexM0\ARM_GCC_493\Debug\psoc-lpm-bootloader.a(CyLib.o)
 .comment       0x00000000       0x71 .\CortexM0\ARM_GCC_493\Debug\psoc-lpm-bootloader.a(CyLFClk.o)
 .comment       0x00000000       0x71 .\CortexM0\ARM_GCC_493\Debug\psoc-lpm-bootloader.a(I2CS.o)
 .comment       0x00000000       0x71 .\CortexM0\ARM_GCC_493\Debug\psoc-lpm-bootloader.a(I2CS_I2C.o)
 .comment       0x00000000       0x71 .\CortexM0\ARM_GCC_493\Debug\psoc-lpm-bootloader.a(I2CS_I2C_SLAVE.o)
 .comment       0x00000000       0x71 .\CortexM0\ARM_GCC_493\Debug\psoc-lpm-bootloader.a(I2CS_I2C_INT.o)

.debug_weaknames
 *(.debug_weaknames)

.debug_funcnames
 *(.debug_funcnames)

.debug_typenames
 *(.debug_typenames)

.debug_varnames
 *(.debug_varnames)

.note.gnu.arm.ident
 *(.note.gnu.arm.ident)

.ARM.attributes
                0x00000000       0x28
 *(.ARM.attributes)
 .ARM.attributes
                0x00000000       0x1e c:/program files (x86)/cypress/psoc creator/4.0/psoc creator/import/gnu/arm/4.9.3/bin/../lib/gcc/arm-none-eabi/4.9.3/armv6-m/crti.o
 .ARM.attributes
                0x0000001e       0x2c c:/program files (x86)/cypress/psoc creator/4.0/psoc creator/import/gnu/arm/4.9.3/bin/../lib/gcc/arm-none-eabi/4.9.3/armv6-m/crtbegin.o
 .ARM.attributes
                0x0000004a       0x1b c:/program files (x86)/cypress/psoc creator/4.0/psoc creator/import/gnu/arm/4.9.3/bin/../lib/gcc/arm-none-eabi/4.9.3/../../../../arm-none-eabi/lib/armv6-m/crt0.o
 .ARM.attributes
                0x00000065       0x31 .\CortexM0\ARM_GCC_493\Debug\main.o
 .ARM.attributes
                0x00000096       0x31 .\CortexM0\ARM_GCC_493\Debug\cybootloader.o
 .ARM.attributes
                0x000000c7       0x31 .\CortexM0\ARM_GCC_493\Debug\cymetadata.o
 .ARM.attributes
                0x000000f8       0x31 .\CortexM0\ARM_GCC_493\Debug\Cm0Start.o
 .ARM.attributes
                0x00000129       0x31 .\CortexM0\ARM_GCC_493\Debug\psoc-lpm-bootloader.a(cyfitter_cfg.o)
 .ARM.attributes
                0x0000015a       0x31 .\CortexM0\ARM_GCC_493\Debug\psoc-lpm-bootloader.a(CyLib.o)
 .ARM.attributes
                0x0000018b       0x31 .\CortexM0\ARM_GCC_493\Debug\psoc-lpm-bootloader.a(CyLFClk.o)
 .ARM.attributes
                0x000001bc       0x31 .\CortexM0\ARM_GCC_493\Debug\psoc-lpm-bootloader.a(I2CS.o)
 .ARM.attributes
                0x000001ed       0x31 .\CortexM0\ARM_GCC_493\Debug\psoc-lpm-bootloader.a(I2CS_I2C.o)
 .ARM.attributes
                0x0000021e       0x31 .\CortexM0\ARM_GCC_493\Debug\psoc-lpm-bootloader.a(I2CS_I2C_SLAVE.o)
 .ARM.attributes
                0x0000024f       0x21 .\CortexM0\ARM_GCC_493\Debug\psoc-lpm-bootloader.a(CyBootAsmGnu.o)
 .ARM.attributes
                0x00000270       0x31 .\CortexM0\ARM_GCC_493\Debug\psoc-lpm-bootloader.a(I2CS_I2C_INT.o)
 .ARM.attributes
                0x000002a1       0x1e c:/program files (x86)/cypress/psoc creator/4.0/psoc creator/import/gnu/arm/4.9.3/bin/../lib/gcc/arm-none-eabi/4.9.3/armv6-m\libgcc.a(_udivsi3.o)
 .ARM.attributes
                0x000002bf       0x1e c:/program files (x86)/cypress/psoc creator/4.0/psoc creator/import/gnu/arm/4.9.3/bin/../lib/gcc/arm-none-eabi/4.9.3/armv6-m\libgcc.a(_dvmd_tls.o)
 .ARM.attributes
                0x000002dd       0x2c c:/program files (x86)/cypress/psoc creator/4.0/psoc creator/import/gnu/arm/4.9.3/bin/../lib/gcc/arm-none-eabi/4.9.3/../../../../arm-none-eabi/lib/armv6-m\libg_nano.a(lib_a-errno.o)
 .ARM.attributes
                0x00000309       0x2c c:/program files (x86)/cypress/psoc creator/4.0/psoc creator/import/gnu/arm/4.9.3/bin/../lib/gcc/arm-none-eabi/4.9.3/../../../../arm-none-eabi/lib/armv6-m\libg_nano.a(lib_a-exit.o)
 .ARM.attributes
                0x00000335       0x2c c:/program files (x86)/cypress/psoc creator/4.0/psoc creator/import/gnu/arm/4.9.3/bin/../lib/gcc/arm-none-eabi/4.9.3/../../../../arm-none-eabi/lib/armv6-m\libg_nano.a(lib_a-impure.o)
 .ARM.attributes
                0x00000361       0x2c c:/program files (x86)/cypress/psoc creator/4.0/psoc creator/import/gnu/arm/4.9.3/bin/../lib/gcc/arm-none-eabi/4.9.3/../../../../arm-none-eabi/lib/armv6-m\libg_nano.a(lib_a-init.o)
 .ARM.attributes
                0x0000038d       0x2c c:/program files (x86)/cypress/psoc creator/4.0/psoc creator/import/gnu/arm/4.9.3/bin/../lib/gcc/arm-none-eabi/4.9.3/../../../../arm-none-eabi/lib/armv6-m\libg_nano.a(lib_a-memcpy.o)
 .ARM.attributes
                0x000003b9       0x2c c:/program files (x86)/cypress/psoc creator/4.0/psoc creator/import/gnu/arm/4.9.3/bin/../lib/gcc/arm-none-eabi/4.9.3/../../../../arm-none-eabi/lib/armv6-m\libg_nano.a(lib_a-memset.o)
 .ARM.attributes
                0x000003e5       0x2c c:/program files (x86)/cypress/psoc creator/4.0/psoc creator/import/gnu/arm/4.9.3/bin/../lib/gcc/arm-none-eabi/4.9.3/armv6-m/crtend.o
 .ARM.attributes
                0x00000411       0x1e c:/program files (x86)/cypress/psoc creator/4.0/psoc creator/import/gnu/arm/4.9.3/bin/../lib/gcc/arm-none-eabi/4.9.3/armv6-m/crtn.o

/DISCARD/
 *(.note.GNU-stack)
OUTPUT(.\CortexM0\ARM_GCC_493\Debug\psoc-lpm-bootloader.elf elf32-littlearm)
